
===========================================================================
report_checks -path_delay max (Setup)
============================================================================
======================= nom_ss_100C_1v60 Corner ===================================

Startpoint: opcode[1] (input port clocked by __VIRTUAL_CLK__)
Endpoint: zero (output port clocked by __VIRTUAL_CLK__)
Path Group: __VIRTUAL_CLK__
Path Type: max

Fanout         Cap        Slew       Delay        Time   Description
---------------------------------------------------------------------------------------------
                      0.000000    0.000000    0.000000   clock __VIRTUAL_CLK__ (rise edge)
                                  0.000000    0.000000   clock network delay (ideal)
                                  2.000000    2.000000 v input external delay
    17    0.044176    0.191779    0.142159    2.142159 v opcode[1] (in)
                                                         opcode[1] (net)
                      0.191779    0.000000    2.142159 v _097_/B (sky130_fd_sc_hd__or3b_2)
     8    0.060730    0.442274    1.542823    3.684982 v _097_/X (sky130_fd_sc_hd__or3b_2)
                                                         _032_ (net)
                      0.442274    0.000000    3.684982 v _116_/B (sky130_fd_sc_hd__xor2_2)
     2    0.010010    0.265589    0.441063    4.126045 ^ _116_/X (sky130_fd_sc_hd__xor2_2)
                                                         _051_ (net)
                      0.265589    0.000000    4.126045 ^ _117_/A_N (sky130_fd_sc_hd__and2b_2)
     1    0.002258    0.066857    0.532429    4.658474 v _117_/X (sky130_fd_sc_hd__and2b_2)
                                                         _052_ (net)
                      0.066857    0.000000    4.658474 v _121_/B1 (sky130_fd_sc_hd__a21o_2)
     4    0.013916    0.108996    0.417586    5.076060 v _121_/X (sky130_fd_sc_hd__a21o_2)
                                                         _056_ (net)
                      0.108996    0.000000    5.076060 v _125_/A2 (sky130_fd_sc_hd__a31o_2)
     3    0.007842    0.088995    0.487800    5.563859 v _125_/X (sky130_fd_sc_hd__a31o_2)
                                                         _060_ (net)
                      0.088995    0.000000    5.563859 v _127_/A2 (sky130_fd_sc_hd__a2111o_2)
     2    0.003711    0.115379    0.934384    6.498243 v _127_/X (sky130_fd_sc_hd__a2111o_2)
                                                         _062_ (net)
                      0.115379    0.000000    6.498243 v _141_/B (sky130_fd_sc_hd__and3_2)
     1    0.001350    0.064252    0.425808    6.924051 v _141_/X (sky130_fd_sc_hd__and3_2)
                                                         _076_ (net)
                      0.064252    0.000000    6.924051 v _142_/C (sky130_fd_sc_hd__or4b_2)
     3    0.008841    0.268193    1.608729    8.532780 v _142_/X (sky130_fd_sc_hd__or4b_2)
                                                         _077_ (net)
                      0.268193    0.000000    8.532780 v _144_/B1 (sky130_fd_sc_hd__o21a_2)
     2    0.037508    0.205948    0.468420    9.001200 v _144_/X (sky130_fd_sc_hd__o21a_2)
                                                         result[7] (net)
                      0.205948    0.000000    9.001200 v _193_/C1 (sky130_fd_sc_hd__a211oi_2)
     1    0.033442    1.012342    0.911836    9.913036 ^ _193_/Y (sky130_fd_sc_hd__a211oi_2)
                                                         zero (net)
                      1.012342    0.000000    9.913036 ^ zero (out)
                                              9.913036   data arrival time

                      0.000000   10.000000   10.000000   clock __VIRTUAL_CLK__ (rise edge)
                                  0.000000   10.000000   clock network delay (ideal)
                                 -0.250000    9.750000   clock uncertainty
                                  0.000000    9.750000   clock reconvergence pessimism
                                 -2.000000    7.750000   output external delay
                                              7.750000   data required time
---------------------------------------------------------------------------------------------
                                              7.750000   data required time
                                             -9.913036   data arrival time
---------------------------------------------------------------------------------------------
                                             -2.163036   slack (VIOLATED)


Startpoint: opcode[1] (input port clocked by __VIRTUAL_CLK__)
Endpoint: overflow (output port clocked by __VIRTUAL_CLK__)
Path Group: __VIRTUAL_CLK__
Path Type: max

Fanout         Cap        Slew       Delay        Time   Description
---------------------------------------------------------------------------------------------
                      0.000000    0.000000    0.000000   clock __VIRTUAL_CLK__ (rise edge)
                                  0.000000    0.000000   clock network delay (ideal)
                                  2.000000    2.000000 v input external delay
    17    0.044176    0.191779    0.142159    2.142159 v opcode[1] (in)
                                                         opcode[1] (net)
                      0.191779    0.000000    2.142159 v _097_/B (sky130_fd_sc_hd__or3b_2)
     8    0.060730    0.442274    1.542823    3.684982 v _097_/X (sky130_fd_sc_hd__or3b_2)
                                                         _032_ (net)
                      0.442274    0.000000    3.684982 v _116_/B (sky130_fd_sc_hd__xor2_2)
     2    0.010010    0.265589    0.441063    4.126045 ^ _116_/X (sky130_fd_sc_hd__xor2_2)
                                                         _051_ (net)
                      0.265589    0.000000    4.126045 ^ _117_/A_N (sky130_fd_sc_hd__and2b_2)
     1    0.002258    0.066857    0.532429    4.658474 v _117_/X (sky130_fd_sc_hd__and2b_2)
                                                         _052_ (net)
                      0.066857    0.000000    4.658474 v _121_/B1 (sky130_fd_sc_hd__a21o_2)
     4    0.013916    0.108996    0.417586    5.076060 v _121_/X (sky130_fd_sc_hd__a21o_2)
                                                         _056_ (net)
                      0.108996    0.000000    5.076060 v _125_/A2 (sky130_fd_sc_hd__a31o_2)
     3    0.007842    0.088995    0.487800    5.563859 v _125_/X (sky130_fd_sc_hd__a31o_2)
                                                         _060_ (net)
                      0.088995    0.000000    5.563859 v _127_/A2 (sky130_fd_sc_hd__a2111o_2)
     2    0.003711    0.115379    0.934384    6.498243 v _127_/X (sky130_fd_sc_hd__a2111o_2)
                                                         _062_ (net)
                      0.115379    0.000000    6.498243 v _141_/B (sky130_fd_sc_hd__and3_2)
     1    0.001350    0.064252    0.425808    6.924051 v _141_/X (sky130_fd_sc_hd__and3_2)
                                                         _076_ (net)
                      0.064252    0.000000    6.924051 v _142_/C (sky130_fd_sc_hd__or4b_2)
     3    0.008841    0.268193    1.608729    8.532780 v _142_/X (sky130_fd_sc_hd__or4b_2)
                                                         _077_ (net)
                      0.268193    0.000000    8.532780 v _145_/A2 (sky130_fd_sc_hd__a21o_2)
     1    0.001404    0.050445    0.463246    8.996026 v _145_/X (sky130_fd_sc_hd__a21o_2)
                                                         _079_ (net)
                      0.050445    0.000000    8.996026 v _146_/C (sky130_fd_sc_hd__and3_2)
     1    0.033442    0.199748    0.599483    9.595510 v _146_/X (sky130_fd_sc_hd__and3_2)
                                                         overflow (net)
                      0.199748    0.000000    9.595510 v overflow (out)
                                              9.595510   data arrival time

                      0.000000   10.000000   10.000000   clock __VIRTUAL_CLK__ (rise edge)
                                  0.000000   10.000000   clock network delay (ideal)
                                 -0.250000    9.750000   clock uncertainty
                                  0.000000    9.750000   clock reconvergence pessimism
                                 -2.000000    7.750000   output external delay
                                              7.750000   data required time
---------------------------------------------------------------------------------------------
                                              7.750000   data required time
                                             -9.595510   data arrival time
---------------------------------------------------------------------------------------------
                                             -1.845510   slack (VIOLATED)


Startpoint: opcode[1] (input port clocked by __VIRTUAL_CLK__)
Endpoint: result[7] (output port clocked by __VIRTUAL_CLK__)
Path Group: __VIRTUAL_CLK__
Path Type: max

Fanout         Cap        Slew       Delay        Time   Description
---------------------------------------------------------------------------------------------
                      0.000000    0.000000    0.000000   clock __VIRTUAL_CLK__ (rise edge)
                                  0.000000    0.000000   clock network delay (ideal)
                                  2.000000    2.000000 v input external delay
    17    0.044176    0.191779    0.142159    2.142159 v opcode[1] (in)
                                                         opcode[1] (net)
                      0.191779    0.000000    2.142159 v _097_/B (sky130_fd_sc_hd__or3b_2)
     8    0.060730    0.442274    1.542823    3.684982 v _097_/X (sky130_fd_sc_hd__or3b_2)
                                                         _032_ (net)
                      0.442274    0.000000    3.684982 v _116_/B (sky130_fd_sc_hd__xor2_2)
     2    0.010010    0.265589    0.441063    4.126045 ^ _116_/X (sky130_fd_sc_hd__xor2_2)
                                                         _051_ (net)
                      0.265589    0.000000    4.126045 ^ _117_/A_N (sky130_fd_sc_hd__and2b_2)
     1    0.002258    0.066857    0.532429    4.658474 v _117_/X (sky130_fd_sc_hd__and2b_2)
                                                         _052_ (net)
                      0.066857    0.000000    4.658474 v _121_/B1 (sky130_fd_sc_hd__a21o_2)
     4    0.013916    0.108996    0.417586    5.076060 v _121_/X (sky130_fd_sc_hd__a21o_2)
                                                         _056_ (net)
                      0.108996    0.000000    5.076060 v _125_/A2 (sky130_fd_sc_hd__a31o_2)
     3    0.007842    0.088995    0.487800    5.563859 v _125_/X (sky130_fd_sc_hd__a31o_2)
                                                         _060_ (net)
                      0.088995    0.000000    5.563859 v _127_/A2 (sky130_fd_sc_hd__a2111o_2)
     2    0.003711    0.115379    0.934384    6.498243 v _127_/X (sky130_fd_sc_hd__a2111o_2)
                                                         _062_ (net)
                      0.115379    0.000000    6.498243 v _141_/B (sky130_fd_sc_hd__and3_2)
     1    0.001350    0.064252    0.425808    6.924051 v _141_/X (sky130_fd_sc_hd__and3_2)
                                                         _076_ (net)
                      0.064252    0.000000    6.924051 v _142_/C (sky130_fd_sc_hd__or4b_2)
     3    0.008841    0.268193    1.608729    8.532780 v _142_/X (sky130_fd_sc_hd__or4b_2)
                                                         _077_ (net)
                      0.268193    0.000000    8.532780 v _144_/B1 (sky130_fd_sc_hd__o21a_2)
     2    0.037508    0.205948    0.468420    9.001200 v _144_/X (sky130_fd_sc_hd__o21a_2)
                                                         result[7] (net)
                      0.205948    0.000000    9.001200 v result[7] (out)
                                              9.001200   data arrival time

                      0.000000   10.000000   10.000000   clock __VIRTUAL_CLK__ (rise edge)
                                  0.000000   10.000000   clock network delay (ideal)
                                 -0.250000    9.750000   clock uncertainty
                                  0.000000    9.750000   clock reconvergence pessimism
                                 -2.000000    7.750000   output external delay
                                              7.750000   data required time
---------------------------------------------------------------------------------------------
                                              7.750000   data required time
                                             -9.001200   data arrival time
---------------------------------------------------------------------------------------------
                                             -1.251200   slack (VIOLATED)


Startpoint: opcode[1] (input port clocked by __VIRTUAL_CLK__)
Endpoint: result[5] (output port clocked by __VIRTUAL_CLK__)
Path Group: __VIRTUAL_CLK__
Path Type: max

Fanout         Cap        Slew       Delay        Time   Description
---------------------------------------------------------------------------------------------
                      0.000000    0.000000    0.000000   clock __VIRTUAL_CLK__ (rise edge)
                                  0.000000    0.000000   clock network delay (ideal)
                                  2.000000    2.000000 v input external delay
    17    0.044176    0.191779    0.142159    2.142159 v opcode[1] (in)
                                                         opcode[1] (net)
                      0.191779    0.000000    2.142159 v _097_/B (sky130_fd_sc_hd__or3b_2)
     8    0.060730    0.442274    1.542823    3.684982 v _097_/X (sky130_fd_sc_hd__or3b_2)
                                                         _032_ (net)
                      0.442274    0.000000    3.684982 v _116_/B (sky130_fd_sc_hd__xor2_2)
     2    0.010010    0.265589    0.441063    4.126045 ^ _116_/X (sky130_fd_sc_hd__xor2_2)
                                                         _051_ (net)
                      0.265589    0.000000    4.126045 ^ _117_/A_N (sky130_fd_sc_hd__and2b_2)
     1    0.002258    0.066857    0.532429    4.658474 v _117_/X (sky130_fd_sc_hd__and2b_2)
                                                         _052_ (net)
                      0.066857    0.000000    4.658474 v _121_/B1 (sky130_fd_sc_hd__a21o_2)
     4    0.013916    0.108996    0.417586    5.076060 v _121_/X (sky130_fd_sc_hd__a21o_2)
                                                         _056_ (net)
                      0.108996    0.000000    5.076060 v _125_/A2 (sky130_fd_sc_hd__a31o_2)
     3    0.007842    0.088995    0.487800    5.563859 v _125_/X (sky130_fd_sc_hd__a31o_2)
                                                         _060_ (net)
                      0.088995    0.000000    5.563859 v _126_/B (sky130_fd_sc_hd__and2_2)
     3    0.010652    0.106439    0.470068    6.033928 v _126_/X (sky130_fd_sc_hd__and2_2)
                                                         _061_ (net)
                      0.106439    0.000000    6.033928 v _176_/A2 (sky130_fd_sc_hd__o31a_2)
     1    0.002241    0.085386    0.649750    6.683678 v _176_/X (sky130_fd_sc_hd__o31a_2)
                                                         _012_ (net)
                      0.085386    0.000000    6.683678 v _179_/A2 (sky130_fd_sc_hd__a21o_2)
     2    0.003675    0.063232    0.404575    7.088253 v _179_/X (sky130_fd_sc_hd__a21o_2)
                                                         _015_ (net)
                      0.063232    0.000000    7.088253 v _180_/B (sky130_fd_sc_hd__and2_2)
     1    0.033442    0.193693    0.556037    7.644289 v _180_/X (sky130_fd_sc_hd__and2_2)
                                                         result[5] (net)
                      0.193693    0.000000    7.644289 v result[5] (out)
                                              7.644289   data arrival time

                      0.000000   10.000000   10.000000   clock __VIRTUAL_CLK__ (rise edge)
                                  0.000000   10.000000   clock network delay (ideal)
                                 -0.250000    9.750000   clock uncertainty
                                  0.000000    9.750000   clock reconvergence pessimism
                                 -2.000000    7.750000   output external delay
                                              7.750000   data required time
---------------------------------------------------------------------------------------------
                                              7.750000   data required time
                                             -7.644289   data arrival time
---------------------------------------------------------------------------------------------
                                              0.105711   slack (MET)


Startpoint: opcode[1] (input port clocked by __VIRTUAL_CLK__)
Endpoint: result[6] (output port clocked by __VIRTUAL_CLK__)
Path Group: __VIRTUAL_CLK__
Path Type: max

Fanout         Cap        Slew       Delay        Time   Description
---------------------------------------------------------------------------------------------
                      0.000000    0.000000    0.000000   clock __VIRTUAL_CLK__ (rise edge)
                                  0.000000    0.000000   clock network delay (ideal)
                                  2.000000    2.000000 v input external delay
    17    0.044176    0.191779    0.142159    2.142159 v opcode[1] (in)
                                                         opcode[1] (net)
                      0.191779    0.000000    2.142159 v _097_/B (sky130_fd_sc_hd__or3b_2)
     8    0.060730    0.442274    1.542823    3.684982 v _097_/X (sky130_fd_sc_hd__or3b_2)
                                                         _032_ (net)
                      0.442274    0.000000    3.684982 v _116_/B (sky130_fd_sc_hd__xor2_2)
     2    0.010010    0.265589    0.441063    4.126045 ^ _116_/X (sky130_fd_sc_hd__xor2_2)
                                                         _051_ (net)
                      0.265589    0.000000    4.126045 ^ _117_/A_N (sky130_fd_sc_hd__and2b_2)
     1    0.002258    0.066857    0.532429    4.658474 v _117_/X (sky130_fd_sc_hd__and2b_2)
                                                         _052_ (net)
                      0.066857    0.000000    4.658474 v _121_/B1 (sky130_fd_sc_hd__a21o_2)
     4    0.013916    0.108996    0.417586    5.076060 v _121_/X (sky130_fd_sc_hd__a21o_2)
                                                         _056_ (net)
                      0.108996    0.000000    5.076060 v _125_/A2 (sky130_fd_sc_hd__a31o_2)
     3    0.007842    0.088995    0.487800    5.563859 v _125_/X (sky130_fd_sc_hd__a31o_2)
                                                         _060_ (net)
                      0.088995    0.000000    5.563859 v _126_/B (sky130_fd_sc_hd__and2_2)
     3    0.010652    0.106439    0.470068    6.033928 v _126_/X (sky130_fd_sc_hd__and2_2)
                                                         _061_ (net)
                      0.106439    0.000000    6.033928 v _175_/A2 (sky130_fd_sc_hd__o21ai_2)
     3    0.009507    0.251852    0.283301    6.317229 ^ _175_/Y (sky130_fd_sc_hd__o21ai_2)
                                                         _011_ (net)
                      0.251852    0.000000    6.317229 ^ _185_/B (sky130_fd_sc_hd__nand3_2)
     1    0.002283    0.092059    0.198262    6.515491 v _185_/Y (sky130_fd_sc_hd__nand3_2)
                                                         _020_ (net)
                      0.092059    0.000000    6.515491 v _189_/A3 (sky130_fd_sc_hd__a31o_2)
     2    0.005586    0.079024    0.490873    7.006364 v _189_/X (sky130_fd_sc_hd__a31o_2)
                                                         _024_ (net)
                      0.079024    0.000000    7.006364 v _190_/B (sky130_fd_sc_hd__and2_2)
     1    0.033442    0.193567    0.563715    7.570080 v _190_/X (sky130_fd_sc_hd__and2_2)
                                                         result[6] (net)
                      0.193567    0.000000    7.570080 v result[6] (out)
                                              7.570080   data arrival time

                      0.000000   10.000000   10.000000   clock __VIRTUAL_CLK__ (rise edge)
                                  0.000000   10.000000   clock network delay (ideal)
                                 -0.250000    9.750000   clock uncertainty
                                  0.000000    9.750000   clock reconvergence pessimism
                                 -2.000000    7.750000   output external delay
                                              7.750000   data required time
---------------------------------------------------------------------------------------------
                                              7.750000   data required time
                                             -7.570080   data arrival time
---------------------------------------------------------------------------------------------
                                              0.179920   slack (MET)


Startpoint: opcode[1] (input port clocked by __VIRTUAL_CLK__)
Endpoint: result[3] (output port clocked by __VIRTUAL_CLK__)
Path Group: __VIRTUAL_CLK__
Path Type: max

Fanout         Cap        Slew       Delay        Time   Description
---------------------------------------------------------------------------------------------
                      0.000000    0.000000    0.000000   clock __VIRTUAL_CLK__ (rise edge)
                                  0.000000    0.000000   clock network delay (ideal)
                                  2.000000    2.000000 v input external delay
    17    0.044176    0.191779    0.142159    2.142159 v opcode[1] (in)
                                                         opcode[1] (net)
                      0.191779    0.000000    2.142159 v _097_/B (sky130_fd_sc_hd__or3b_2)
     8    0.060730    0.442274    1.542823    3.684982 v _097_/X (sky130_fd_sc_hd__or3b_2)
                                                         _032_ (net)
                      0.442274    0.000000    3.684982 v _111_/B (sky130_fd_sc_hd__xor2_2)
     3    0.007881    0.179410    0.448361    4.133343 v _111_/X (sky130_fd_sc_hd__xor2_2)
                                                         _046_ (net)
                      0.179410    0.000000    4.133343 v _114_/B (sky130_fd_sc_hd__and2_2)
     1    0.004181    0.078446    0.477449    4.610792 v _114_/X (sky130_fd_sc_hd__and2_2)
                                                         _049_ (net)
                      0.078446    0.000000    4.610792 v _115_/B (sky130_fd_sc_hd__nor2_2)
     5    0.015901    0.318992    0.299831    4.910623 ^ _115_/Y (sky130_fd_sc_hd__nor2_2)
                                                         _050_ (net)
                      0.318992    0.000000    4.910623 ^ _162_/A1 (sky130_fd_sc_hd__a21oi_2)
     2    0.005918    0.111038    0.211834    5.122457 v _162_/Y (sky130_fd_sc_hd__a21oi_2)
                                                         _000_ (net)
                      0.111038    0.000000    5.122457 v _164_/C (sky130_fd_sc_hd__or3_2)
     1    0.001671    0.153078    0.998872    6.121328 v _164_/X (sky130_fd_sc_hd__or3_2)
                                                         _002_ (net)
                      0.153078    0.000000    6.121328 v _167_/A2_N (sky130_fd_sc_hd__o2bb2a_2)
     2    0.036067    0.323647    0.740935    6.862263 ^ _167_/X (sky130_fd_sc_hd__o2bb2a_2)
                                                         result[3] (net)
                      0.323647    0.000000    6.862263 ^ result[3] (out)
                                              6.862263   data arrival time

                      0.000000   10.000000   10.000000   clock __VIRTUAL_CLK__ (rise edge)
                                  0.000000   10.000000   clock network delay (ideal)
                                 -0.250000    9.750000   clock uncertainty
                                  0.000000    9.750000   clock reconvergence pessimism
                                 -2.000000    7.750000   output external delay
                                              7.750000   data required time
---------------------------------------------------------------------------------------------
                                              7.750000   data required time
                                             -6.862263   data arrival time
---------------------------------------------------------------------------------------------
                                              0.887737   slack (MET)


Startpoint: opcode[1] (input port clocked by __VIRTUAL_CLK__)
Endpoint: result[4] (output port clocked by __VIRTUAL_CLK__)
Path Group: __VIRTUAL_CLK__
Path Type: max

Fanout         Cap        Slew       Delay        Time   Description
---------------------------------------------------------------------------------------------
                      0.000000    0.000000    0.000000   clock __VIRTUAL_CLK__ (rise edge)
                                  0.000000    0.000000   clock network delay (ideal)
                                  2.000000    2.000000 v input external delay
    17    0.044176    0.191779    0.142159    2.142159 v opcode[1] (in)
                                                         opcode[1] (net)
                      0.191779    0.000000    2.142159 v _097_/B (sky130_fd_sc_hd__or3b_2)
     8    0.060730    0.442274    1.542823    3.684982 v _097_/X (sky130_fd_sc_hd__or3b_2)
                                                         _032_ (net)
                      0.442274    0.000000    3.684982 v _116_/B (sky130_fd_sc_hd__xor2_2)
     2    0.010010    0.265589    0.441063    4.126045 ^ _116_/X (sky130_fd_sc_hd__xor2_2)
                                                         _051_ (net)
                      0.265589    0.000000    4.126045 ^ _117_/A_N (sky130_fd_sc_hd__and2b_2)
     1    0.002258    0.066857    0.532429    4.658474 v _117_/X (sky130_fd_sc_hd__and2b_2)
                                                         _052_ (net)
                      0.066857    0.000000    4.658474 v _121_/B1 (sky130_fd_sc_hd__a21o_2)
     4    0.013916    0.108996    0.417586    5.076060 v _121_/X (sky130_fd_sc_hd__a21o_2)
                                                         _056_ (net)
                      0.108996    0.000000    5.076060 v _125_/A2 (sky130_fd_sc_hd__a31o_2)
     3    0.007842    0.088995    0.487800    5.563859 v _125_/X (sky130_fd_sc_hd__a31o_2)
                                                         _060_ (net)
                      0.088995    0.000000    5.563859 v _168_/A2 (sky130_fd_sc_hd__o21ai_2)
     1    0.004682    0.169605    0.209880    5.773739 ^ _168_/Y (sky130_fd_sc_hd__o21ai_2)
                                                         _005_ (net)
                      0.169605    0.000000    5.773739 ^ _169_/B (sky130_fd_sc_hd__nor2_2)
     1    0.002263    0.041578    0.090363    5.864102 v _169_/Y (sky130_fd_sc_hd__nor2_2)
                                                         _006_ (net)
                      0.041578    0.000000    5.864102 v _172_/A1 (sky130_fd_sc_hd__o32a_2)
     2    0.035771    0.266475    0.947872    6.811974 v _172_/X (sky130_fd_sc_hd__o32a_2)
                                                         result[4] (net)
                      0.266475    0.000000    6.811974 v result[4] (out)
                                              6.811974   data arrival time

                      0.000000   10.000000   10.000000   clock __VIRTUAL_CLK__ (rise edge)
                                  0.000000   10.000000   clock network delay (ideal)
                                 -0.250000    9.750000   clock uncertainty
                                  0.000000    9.750000   clock reconvergence pessimism
                                 -2.000000    7.750000   output external delay
                                              7.750000   data required time
---------------------------------------------------------------------------------------------
                                              7.750000   data required time
                                             -6.811974   data arrival time
---------------------------------------------------------------------------------------------
                                              0.938027   slack (MET)


Startpoint: opcode[1] (input port clocked by __VIRTUAL_CLK__)
Endpoint: result[2] (output port clocked by __VIRTUAL_CLK__)
Path Group: __VIRTUAL_CLK__
Path Type: max

Fanout         Cap        Slew       Delay        Time   Description
---------------------------------------------------------------------------------------------
                      0.000000    0.000000    0.000000   clock __VIRTUAL_CLK__ (rise edge)
                                  0.000000    0.000000   clock network delay (ideal)
                                  2.000000    2.000000 v input external delay
    17    0.044176    0.191779    0.142159    2.142159 v opcode[1] (in)
                                                         opcode[1] (net)
                      0.191779    0.000000    2.142159 v _097_/B (sky130_fd_sc_hd__or3b_2)
     8    0.060730    0.442274    1.542823    3.684982 v _097_/X (sky130_fd_sc_hd__or3b_2)
                                                         _032_ (net)
                      0.442274    0.000000    3.684982 v _116_/B (sky130_fd_sc_hd__xor2_2)
     2    0.010010    0.265589    0.441063    4.126045 ^ _116_/X (sky130_fd_sc_hd__xor2_2)
                                                         _051_ (net)
                      0.265589    0.000000    4.126045 ^ _117_/A_N (sky130_fd_sc_hd__and2b_2)
     1    0.002258    0.066857    0.532429    4.658474 v _117_/X (sky130_fd_sc_hd__and2b_2)
                                                         _052_ (net)
                      0.066857    0.000000    4.658474 v _121_/B1 (sky130_fd_sc_hd__a21o_2)
     4    0.013916    0.108996    0.417586    5.076060 v _121_/X (sky130_fd_sc_hd__a21o_2)
                                                         _056_ (net)
                      0.108996    0.000000    5.076060 v _158_/A2 (sky130_fd_sc_hd__o21a_2)
     1    0.002263    0.056436    0.381953    5.458013 v _158_/X (sky130_fd_sc_hd__o21a_2)
                                                         _089_ (net)
                      0.056436    0.000000    5.458013 v _161_/A1 (sky130_fd_sc_hd__o32a_2)
     2    0.034690    0.262346    0.949051    6.407063 v _161_/X (sky130_fd_sc_hd__o32a_2)
                                                         result[2] (net)
                      0.262346    0.000000    6.407063 v result[2] (out)
                                              6.407063   data arrival time

                      0.000000   10.000000   10.000000   clock __VIRTUAL_CLK__ (rise edge)
                                  0.000000   10.000000   clock network delay (ideal)
                                 -0.250000    9.750000   clock uncertainty
                                  0.000000    9.750000   clock reconvergence pessimism
                                 -2.000000    7.750000   output external delay
                                              7.750000   data required time
---------------------------------------------------------------------------------------------
                                              7.750000   data required time
                                             -6.407063   data arrival time
---------------------------------------------------------------------------------------------
                                              1.342937   slack (MET)


Startpoint: opcode[1] (input port clocked by __VIRTUAL_CLK__)
Endpoint: result[1] (output port clocked by __VIRTUAL_CLK__)
Path Group: __VIRTUAL_CLK__
Path Type: max

Fanout         Cap        Slew       Delay        Time   Description
---------------------------------------------------------------------------------------------
                      0.000000    0.000000    0.000000   clock __VIRTUAL_CLK__ (rise edge)
                                  0.000000    0.000000   clock network delay (ideal)
                                  2.000000    2.000000 v input external delay
    17    0.044176    0.191779    0.142159    2.142159 v opcode[1] (in)
                                                         opcode[1] (net)
                      0.191779    0.000000    2.142159 v _097_/B (sky130_fd_sc_hd__or3b_2)
     8    0.060730    0.442274    1.542823    3.684982 v _097_/X (sky130_fd_sc_hd__or3b_2)
                                                         _032_ (net)
                      0.442274    0.000000    3.684982 v _116_/B (sky130_fd_sc_hd__xor2_2)
     2    0.009648    0.192882    0.458277    4.143259 v _116_/X (sky130_fd_sc_hd__xor2_2)
                                                         _051_ (net)
                      0.192882    0.000000    4.143259 v _118_/B (sky130_fd_sc_hd__xnor2_2)
     4    0.010634    0.149200    0.345001    4.488260 v _118_/Y (sky130_fd_sc_hd__xnor2_2)
                                                         _053_ (net)
                      0.149200    0.000000    4.488260 v _153_/A1 (sky130_fd_sc_hd__o21a_2)
     1    0.001413    0.051620    0.419598    4.907858 v _153_/X (sky130_fd_sc_hd__o21a_2)
                                                         _085_ (net)
                      0.051620    0.000000    4.907858 v _156_/A (sky130_fd_sc_hd__or3_2)
     2    0.034938    0.334141    1.419352    6.327210 v _156_/X (sky130_fd_sc_hd__or3_2)
                                                         result[1] (net)
                      0.334141    0.000000    6.327210 v result[1] (out)
                                              6.327210   data arrival time

                      0.000000   10.000000   10.000000   clock __VIRTUAL_CLK__ (rise edge)
                                  0.000000   10.000000   clock network delay (ideal)
                                 -0.250000    9.750000   clock uncertainty
                                  0.000000    9.750000   clock reconvergence pessimism
                                 -2.000000    7.750000   output external delay
                                              7.750000   data required time
---------------------------------------------------------------------------------------------
                                              7.750000   data required time
                                             -6.327210   data arrival time
---------------------------------------------------------------------------------------------
                                              1.422789   slack (MET)


Startpoint: opcode[2] (input port clocked by __VIRTUAL_CLK__)
Endpoint: result[0] (output port clocked by __VIRTUAL_CLK__)
Path Group: __VIRTUAL_CLK__
Path Type: max

Fanout         Cap        Slew       Delay        Time   Description
---------------------------------------------------------------------------------------------
                      0.000000    0.000000    0.000000   clock __VIRTUAL_CLK__ (rise edge)
                                  0.000000    0.000000   clock network delay (ideal)
                                  2.000000    2.000000 ^ input external delay
    10    0.028976    0.215292    0.153561    2.153560 ^ opcode[2] (in)
                                                         opcode[2] (net)
                      0.215292    0.000000    2.153560 ^ _135_/A_N (sky130_fd_sc_hd__and3b_2)
     2    0.004605    0.082706    0.514685    2.668246 v _135_/X (sky130_fd_sc_hd__and3b_2)
                                                         _070_ (net)
                      0.082706    0.000000    2.668246 v _148_/B1 (sky130_fd_sc_hd__o22a_2)
     1    0.002263    0.066524    0.396370    3.064616 v _148_/X (sky130_fd_sc_hd__o22a_2)
                                                         _081_ (net)
                      0.066524    0.000000    3.064616 v _151_/A1 (sky130_fd_sc_hd__o32a_2)
     2    0.034855    0.263055    0.954481    4.019097 v _151_/X (sky130_fd_sc_hd__o32a_2)
                                                         result[0] (net)
                      0.263055    0.000000    4.019097 v result[0] (out)
                                              4.019097   data arrival time

                      0.000000   10.000000   10.000000   clock __VIRTUAL_CLK__ (rise edge)
                                  0.000000   10.000000   clock network delay (ideal)
                                 -0.250000    9.750000   clock uncertainty
                                  0.000000    9.750000   clock reconvergence pessimism
                                 -2.000000    7.750000   output external delay
                                              7.750000   data required time
---------------------------------------------------------------------------------------------
                                              7.750000   data required time
                                             -4.019097   data arrival time
---------------------------------------------------------------------------------------------
                                              3.730903   slack (MET)



