+ define_corners nom_ss_100C_1v60
Reading timing models for corner nom_ss_100C_1v60…
Reading cell library for the 'nom_ss_100C_1v60' corner at '/home/thaituroblox/.ciel/ciel/ciel/sky130/versions/8afc8346a57fe1ab7934ba5a6056ea8b43078e71/sky130A/libs.ref/sky130_fd_sc_hd/lib/sky130_fd_sc_hd__ss_100C_1v60.lib'…
Reading top-level netlist at '/home/thaituroblox/Desktop/8_BIT_COUNTER/Counter-8-Bit-/alu_project/runs/RUN_2026-09-26_04-41-42/06-yosys-synthesis/alu_8bit.nl.v'…
Linking design 'alu_8bit' from netlist…
Reading design constraints file at '/nix/store/8y4m6wgn5kqlbig1qwnwbxijqqp0jwib-python3-3.13.9-env/lib/python3.13/site-packages/librelane/scripts/base.sdc'…
[WARNING] No CLOCK_PORT found. A dummy clock will be used.
Warning: base.sdc line 15, port '__VIRTUAL_CLK__' not found.
[INFO] Using clock __VIRTUAL_CLK__…
[INFO] Setting output delay to: 2.0
[INFO] Setting input delay to: 2.0
Warning: base.sdc line 32, port '__VIRTUAL_CLK__' not found.
[INFO] Setting load to: 0.033442
[INFO] Setting clock uncertainty to: 0.25
[INFO] Setting clock transition to: 0.1499999999999999944488848768742172978818416595458984375
Warning: base.sdc line 69, transition time can not be specified for virtual clocks.
[INFO] Setting timing derate to: 5.0%
%OL_CREATE_REPORT min.rpt

===========================================================================
report_checks -path_delay min (Hold)
============================================================================
======================= nom_ss_100C_1v60 Corner ===================================

Startpoint: a[4] (input port clocked by __VIRTUAL_CLK__)
Endpoint: result[4] (output port clocked by __VIRTUAL_CLK__)
Path Group: __VIRTUAL_CLK__
Path Type: min

Fanout         Cap        Slew       Delay        Time   Description
---------------------------------------------------------------------------------------------
                      0.000000    0.000000    0.000000   clock __VIRTUAL_CLK__ (rise edge)
                                  0.000000    0.000000   clock network delay (ideal)
                                  2.000000    2.000000 ^ input external delay
     5    0.009686    0.081260    0.048239    2.048239 ^ a[4] (in)
                                                         a[4] (net)
                      0.081260    0.000000    2.048239 ^ _172_/B2 (sky130_fd_sc_hd__o32a_2)
     2    0.036067    0.313545    0.432015    2.480254 ^ _172_/X (sky130_fd_sc_hd__o32a_2)
                                                         result[4] (net)
                      0.313545    0.000000    2.480254 ^ result[4] (out)
                                              2.480254   data arrival time

                      0.000000    0.000000    0.000000   clock __VIRTUAL_CLK__ (rise edge)
                                  0.000000    0.000000   clock network delay (ideal)
                                  0.250000    0.250000   clock uncertainty
                                  0.000000    0.250000   clock reconvergence pessimism
                                 -2.000000   -1.750000   output external delay
                                             -1.750000   data required time
---------------------------------------------------------------------------------------------
                                             -1.750000   data required time
                                             -2.480254   data arrival time
---------------------------------------------------------------------------------------------
                                              4.230254   slack (MET)


Startpoint: a[2] (input port clocked by __VIRTUAL_CLK__)
Endpoint: result[2] (output port clocked by __VIRTUAL_CLK__)
Path Group: __VIRTUAL_CLK__
Path Type: min

Fanout         Cap        Slew       Delay        Time   Description
---------------------------------------------------------------------------------------------
                      0.000000    0.000000    0.000000   clock __VIRTUAL_CLK__ (rise edge)
                                  0.000000    0.000000   clock network delay (ideal)
                                  2.000000    2.000000 ^ input external delay
     4    0.011173    0.091497    0.055245    2.055245 ^ a[2] (in)
                                                         a[2] (net)
                      0.091497    0.000000    2.055245 ^ _161_/B2 (sky130_fd_sc_hd__o32a_2)
     2    0.034837    0.304011    0.429293    2.484538 ^ _161_/X (sky130_fd_sc_hd__o32a_2)
                                                         result[2] (net)
                      0.304011    0.000000    2.484538 ^ result[2] (out)
                                              2.484538   data arrival time

                      0.000000    0.000000    0.000000   clock __VIRTUAL_CLK__ (rise edge)
                                  0.000000    0.000000   clock network delay (ideal)
                                  0.250000    0.250000   clock uncertainty
                                  0.000000    0.250000   clock reconvergence pessimism
                                 -2.000000   -1.750000   output external delay
                                             -1.750000   data required time
---------------------------------------------------------------------------------------------
                                             -1.750000   data required time
                                             -2.484538   data arrival time
---------------------------------------------------------------------------------------------
                                              4.234538   slack (MET)


Startpoint: a[0] (input port clocked by __VIRTUAL_CLK__)
Endpoint: result[0] (output port clocked by __VIRTUAL_CLK__)
Path Group: __VIRTUAL_CLK__
Path Type: min

Fanout         Cap        Slew       Delay        Time   Description
---------------------------------------------------------------------------------------------
                      0.000000    0.000000    0.000000   clock __VIRTUAL_CLK__ (rise edge)
                                  0.000000    0.000000   clock network delay (ideal)
                                  2.000000    2.000000 v input external delay
     6    0.019753    0.088296    0.057726    2.057726 v a[0] (in)
                                                         a[0] (net)
                      0.088296    0.000000    2.057726 v _151_/B2 (sky130_fd_sc_hd__o32a_2)
     2    0.034855    0.225454    0.490704    2.548430 v _151_/X (sky130_fd_sc_hd__o32a_2)
                                                         result[0] (net)
                      0.225454    0.000000    2.548430 v result[0] (out)
                                              2.548430   data arrival time

                      0.000000    0.000000    0.000000   clock __VIRTUAL_CLK__ (rise edge)
                                  0.000000    0.000000   clock network delay (ideal)
                                  0.250000    0.250000   clock uncertainty
                                  0.000000    0.250000   clock reconvergence pessimism
                                 -2.000000   -1.750000   output external delay
                                             -1.750000   data required time
---------------------------------------------------------------------------------------------
                                             -1.750000   data required time
                                             -2.548430   data arrival time
---------------------------------------------------------------------------------------------
                                              4.298430   slack (MET)


Startpoint: a[3] (input port clocked by __VIRTUAL_CLK__)
Endpoint: result[3] (output port clocked by __VIRTUAL_CLK__)
Path Group: __VIRTUAL_CLK__
Path Type: min

Fanout         Cap        Slew       Delay        Time   Description
---------------------------------------------------------------------------------------------
                      0.000000    0.000000    0.000000   clock __VIRTUAL_CLK__ (rise edge)
                                  0.000000    0.000000   clock network delay (ideal)
                                  2.000000    2.000000 ^ input external delay
     4    0.013586    0.108108    0.066613    2.066613 ^ a[3] (in)
                                                         a[3] (net)
                      0.108108    0.000000    2.066613 ^ _167_/B2 (sky130_fd_sc_hd__o2bb2a_2)
     2    0.036067    0.320215    0.496704    2.563317 ^ _167_/X (sky130_fd_sc_hd__o2bb2a_2)
                                                         result[3] (net)
                      0.320215    0.000000    2.563317 ^ result[3] (out)
                                              2.563317   data arrival time

                      0.000000    0.000000    0.000000   clock __VIRTUAL_CLK__ (rise edge)
                                  0.000000    0.000000   clock network delay (ideal)
                                  0.250000    0.250000   clock uncertainty
                                  0.000000    0.250000   clock reconvergence pessimism
                                 -2.000000   -1.750000   output external delay
                                             -1.750000   data required time
---------------------------------------------------------------------------------------------
                                             -1.750000   data required time
                                             -2.563317   data arrival time
---------------------------------------------------------------------------------------------
                                              4.313317   slack (MET)


Startpoint: a[7] (input port clocked by __VIRTUAL_CLK__)
Endpoint: result[7] (output port clocked by __VIRTUAL_CLK__)
Path Group: __VIRTUAL_CLK__
Path Type: min

Fanout         Cap        Slew       Delay        Time   Description
---------------------------------------------------------------------------------------------
                      0.000000    0.000000    0.000000   clock __VIRTUAL_CLK__ (rise edge)
                                  0.000000    0.000000   clock network delay (ideal)
                                  2.000000    2.000000 v input external delay
     6    0.021131    0.094135    0.061726    2.061726 v a[7] (in)
                                                         a[7] (net)
                      0.094135    0.000000    2.061726 v _144_/A1 (sky130_fd_sc_hd__o21a_2)
     2    0.037508    0.191810    0.520891    2.582617 v _144_/X (sky130_fd_sc_hd__o21a_2)
                                                         result[7] (net)
                      0.191810    0.000000    2.582617 v result[7] (out)
                                              2.582617   data arrival time

                      0.000000    0.000000    0.000000   clock __VIRTUAL_CLK__ (rise edge)
                                  0.000000    0.000000   clock network delay (ideal)
                                  0.250000    0.250000   clock uncertainty
                                  0.000000    0.250000   clock reconvergence pessimism
                                 -2.000000   -1.750000   output external delay
                                             -1.750000   data required time
---------------------------------------------------------------------------------------------
                                             -1.750000   data required time
                                             -2.582617   data arrival time
---------------------------------------------------------------------------------------------
                                              4.332617   slack (MET)


Startpoint: a[6] (input port clocked by __VIRTUAL_CLK__)
Endpoint: zero (output port clocked by __VIRTUAL_CLK__)
Path Group: __VIRTUAL_CLK__
Path Type: min

Fanout         Cap        Slew       Delay        Time   Description
---------------------------------------------------------------------------------------------
                      0.000000    0.000000    0.000000   clock __VIRTUAL_CLK__ (rise edge)
                                  0.000000    0.000000   clock network delay (ideal)
                                  2.000000    2.000000 ^ input external delay
     4    0.020707    0.157364    0.100127    2.100127 ^ a[6] (in)
                                                         a[6] (net)
                      0.157364    0.000000    2.100127 ^ _092_/A (sky130_fd_sc_hd__inv_2)
     3    0.012908    0.073247    0.117603    2.217731 v _092_/Y (sky130_fd_sc_hd__inv_2)
                                                         _027_ (net)
                      0.073247    0.000000    2.217731 v _181_/A (sky130_fd_sc_hd__nand2_2)
     2    0.005921    0.069532    0.092657    2.310387 ^ _181_/Y (sky130_fd_sc_hd__nand2_2)
                                                         _016_ (net)
                      0.069532    0.000000    2.310387 ^ _193_/A1 (sky130_fd_sc_hd__a211oi_2)
     1    0.033442    0.173260    0.291923    2.602311 v _193_/Y (sky130_fd_sc_hd__a211oi_2)
                                                         zero (net)
                      0.173260    0.000000    2.602311 v zero (out)
                                              2.602311   data arrival time

                      0.000000    0.000000    0.000000   clock __VIRTUAL_CLK__ (rise edge)
                                  0.000000    0.000000   clock network delay (ideal)
                                  0.250000    0.250000   clock uncertainty
                                  0.000000    0.250000   clock reconvergence pessimism
                                 -2.000000   -1.750000   output external delay
                                             -1.750000   data required time
---------------------------------------------------------------------------------------------
                                             -1.750000   data required time
                                             -2.602311   data arrival time
---------------------------------------------------------------------------------------------
                                              4.352311   slack (MET)


Startpoint: a[5] (input port clocked by __VIRTUAL_CLK__)
Endpoint: result[5] (output port clocked by __VIRTUAL_CLK__)
Path Group: __VIRTUAL_CLK__
Path Type: min

Fanout         Cap        Slew       Delay        Time   Description
---------------------------------------------------------------------------------------------
                      0.000000    0.000000    0.000000   clock __VIRTUAL_CLK__ (rise edge)
                                  0.000000    0.000000   clock network delay (ideal)
                                  2.000000    2.000000 ^ input external delay
     5    0.008698    0.074459    0.043584    2.043585 ^ a[5] (in)
                                                         a[5] (net)
                      0.074459    0.000000    2.043585 ^ _173_/A (sky130_fd_sc_hd__or2_2)
     2    0.003978    0.058682    0.174732    2.218317 ^ _173_/X (sky130_fd_sc_hd__or2_2)
                                                         _009_ (net)
                      0.058682    0.000000    2.218317 ^ _180_/A (sky130_fd_sc_hd__and2_2)
     1    0.033442    0.295045    0.414036    2.632352 ^ _180_/X (sky130_fd_sc_hd__and2_2)
                                                         result[5] (net)
                      0.295045    0.000000    2.632352 ^ result[5] (out)
                                              2.632352   data arrival time

                      0.000000    0.000000    0.000000   clock __VIRTUAL_CLK__ (rise edge)
                                  0.000000    0.000000   clock network delay (ideal)
                                  0.250000    0.250000   clock uncertainty
                                  0.000000    0.250000   clock reconvergence pessimism
                                 -2.000000   -1.750000   output external delay
                                             -1.750000   data required time
---------------------------------------------------------------------------------------------
                                             -1.750000   data required time
                                             -2.632352   data arrival time
---------------------------------------------------------------------------------------------
                                              4.382352   slack (MET)


Startpoint: a[7] (input port clocked by __VIRTUAL_CLK__)
Endpoint: overflow (output port clocked by __VIRTUAL_CLK__)
Path Group: __VIRTUAL_CLK__
Path Type: min

Fanout         Cap        Slew       Delay        Time   Description
---------------------------------------------------------------------------------------------
                      0.000000    0.000000    0.000000   clock __VIRTUAL_CLK__ (rise edge)
                                  0.000000    0.000000   clock network delay (ideal)
                                  2.000000    2.000000 v input external delay
     6    0.021131    0.094135    0.061726    2.061726 v a[7] (in)
                                                         a[7] (net)
                      0.094135    0.000000    2.061726 v _143_/A (sky130_fd_sc_hd__nand2_2)
     1    0.001472    0.040119    0.075755    2.137481 ^ _143_/Y (sky130_fd_sc_hd__nand2_2)
                                                         _078_ (net)
                      0.040119    0.000000    2.137481 ^ _146_/B (sky130_fd_sc_hd__and3_2)
     1    0.033442    0.301668    0.511083    2.648563 ^ _146_/X (sky130_fd_sc_hd__and3_2)
                                                         overflow (net)
                      0.301668    0.000000    2.648563 ^ overflow (out)
                                              2.648563   data arrival time

                      0.000000    0.000000    0.000000   clock __VIRTUAL_CLK__ (rise edge)
                                  0.000000    0.000000   clock network delay (ideal)
                                  0.250000    0.250000   clock uncertainty
                                  0.000000    0.250000   clock reconvergence pessimism
                                 -2.000000   -1.750000   output external delay
                                             -1.750000   data required time
---------------------------------------------------------------------------------------------
                                             -1.750000   data required time
                                             -2.648563   data arrival time
---------------------------------------------------------------------------------------------
                                              4.398563   slack (MET)


Startpoint: b[1] (input port clocked by __VIRTUAL_CLK__)
Endpoint: result[1] (output port clocked by __VIRTUAL_CLK__)
Path Group: __VIRTUAL_CLK__
Path Type: min

Fanout         Cap        Slew       Delay        Time   Description
---------------------------------------------------------------------------------------------
                      0.000000    0.000000    0.000000   clock __VIRTUAL_CLK__ (rise edge)
                                  0.000000    0.000000   clock network delay (ideal)
                                  2.000000    2.000000 ^ input external delay
     2    0.011868    0.096281    0.058519    2.058519 ^ b[1] (in)
                                                         b[1] (net)
                      0.096281    0.000000    2.058519 ^ _154_/A2 (sky130_fd_sc_hd__o211a_2)
     1    0.001631    0.068240    0.324914    2.383433 ^ _154_/X (sky130_fd_sc_hd__o211a_2)
                                                         _086_ (net)
                      0.068240    0.000000    2.383433 ^ _156_/B (sky130_fd_sc_hd__or3_2)
     2    0.035073    0.287238    0.344735    2.728168 ^ _156_/X (sky130_fd_sc_hd__or3_2)
                                                         result[1] (net)
                      0.287238    0.000000    2.728168 ^ result[1] (out)
                                              2.728168   data arrival time

                      0.000000    0.000000    0.000000   clock __VIRTUAL_CLK__ (rise edge)
                                  0.000000    0.000000   clock network delay (ideal)
                                  0.250000    0.250000   clock uncertainty
                                  0.000000    0.250000   clock reconvergence pessimism
                                 -2.000000   -1.750000   output external delay
                                             -1.750000   data required time
---------------------------------------------------------------------------------------------
                                             -1.750000   data required time
                                             -2.728168   data arrival time
---------------------------------------------------------------------------------------------
                                              4.478168   slack (MET)


Startpoint: a[6] (input port clocked by __VIRTUAL_CLK__)
Endpoint: result[6] (output port clocked by __VIRTUAL_CLK__)
Path Group: __VIRTUAL_CLK__
Path Type: min

Fanout         Cap        Slew       Delay        Time   Description
---------------------------------------------------------------------------------------------
                      0.000000    0.000000    0.000000   clock __VIRTUAL_CLK__ (rise edge)
                                  0.000000    0.000000   clock network delay (ideal)
                                  2.000000    2.000000 ^ input external delay
     4    0.020707    0.157364    0.100127    2.100127 ^ a[6] (in)
                                                         a[6] (net)
                      0.157364    0.000000    2.100127 ^ _092_/A (sky130_fd_sc_hd__inv_2)
     3    0.012908    0.073247    0.117603    2.217731 v _092_/Y (sky130_fd_sc_hd__inv_2)
                                                         _027_ (net)
                      0.073247    0.000000    2.217731 v _181_/A (sky130_fd_sc_hd__nand2_2)
     2    0.005921    0.069532    0.092657    2.310387 ^ _181_/Y (sky130_fd_sc_hd__nand2_2)
                                                         _016_ (net)
                      0.069532    0.000000    2.310387 ^ _190_/A (sky130_fd_sc_hd__and2_2)
     1    0.033442    0.295299    0.418489    2.728877 ^ _190_/X (sky130_fd_sc_hd__and2_2)
                                                         result[6] (net)
                      0.295299    0.000000    2.728877 ^ result[6] (out)
                                              2.728877   data arrival time

                      0.000000    0.000000    0.000000   clock __VIRTUAL_CLK__ (rise edge)
                                  0.000000    0.000000   clock network delay (ideal)
                                  0.250000    0.250000   clock uncertainty
                                  0.000000    0.250000   clock reconvergence pessimism
                                 -2.000000   -1.750000   output external delay
                                             -1.750000   data required time
---------------------------------------------------------------------------------------------
                                             -1.750000   data required time
                                             -2.728877   data arrival time
---------------------------------------------------------------------------------------------
                                              4.478877   slack (MET)



%OL_END_REPORT
%OL_CREATE_REPORT max.rpt

===========================================================================
report_checks -path_delay max (Setup)
============================================================================
======================= nom_ss_100C_1v60 Corner ===================================

Startpoint: opcode[1] (input port clocked by __VIRTUAL_CLK__)
Endpoint: zero (output port clocked by __VIRTUAL_CLK__)
Path Group: __VIRTUAL_CLK__
Path Type: max

Fanout         Cap        Slew       Delay        Time   Description
---------------------------------------------------------------------------------------------
                      0.000000    0.000000    0.000000   clock __VIRTUAL_CLK__ (rise edge)
                                  0.000000    0.000000   clock network delay (ideal)
                                  2.000000    2.000000 v input external delay
    17    0.044176    0.191779    0.142159    2.142159 v opcode[1] (in)
                                                         opcode[1] (net)
                      0.191779    0.000000    2.142159 v _097_/B (sky130_fd_sc_hd__or3b_2)
     8    0.060730    0.442274    1.542823    3.684982 v _097_/X (sky130_fd_sc_hd__or3b_2)
                                                         _032_ (net)
                      0.442274    0.000000    3.684982 v _116_/B (sky130_fd_sc_hd__xor2_2)
     2    0.010010    0.265589    0.441063    4.126045 ^ _116_/X (sky130_fd_sc_hd__xor2_2)
                                                         _051_ (net)
                      0.265589    0.000000    4.126045 ^ _117_/A_N (sky130_fd_sc_hd__and2b_2)
     1    0.002258    0.066857    0.532429    4.658474 v _117_/X (sky130_fd_sc_hd__and2b_2)
                                                         _052_ (net)
                      0.066857    0.000000    4.658474 v _121_/B1 (sky130_fd_sc_hd__a21o_2)
     4    0.013916    0.108996    0.417586    5.076060 v _121_/X (sky130_fd_sc_hd__a21o_2)
                                                         _056_ (net)
                      0.108996    0.000000    5.076060 v _125_/A2 (sky130_fd_sc_hd__a31o_2)
     3    0.007842    0.088995    0.487800    5.563859 v _125_/X (sky130_fd_sc_hd__a31o_2)
                                                         _060_ (net)
                      0.088995    0.000000    5.563859 v _127_/A2 (sky130_fd_sc_hd__a2111o_2)
     2    0.003711    0.115379    0.934384    6.498243 v _127_/X (sky130_fd_sc_hd__a2111o_2)
                                                         _062_ (net)
                      0.115379    0.000000    6.498243 v _141_/B (sky130_fd_sc_hd__and3_2)
     1    0.001350    0.064252    0.425808    6.924051 v _141_/X (sky130_fd_sc_hd__and3_2)
                                                         _076_ (net)
                      0.064252    0.000000    6.924051 v _142_/C (sky130_fd_sc_hd__or4b_2)
     3    0.008841    0.268193    1.608729    8.532780 v _142_/X (sky130_fd_sc_hd__or4b_2)
                                                         _077_ (net)
                      0.268193    0.000000    8.532780 v _144_/B1 (sky130_fd_sc_hd__o21a_2)
     2    0.037508    0.205948    0.468420    9.001200 v _144_/X (sky130_fd_sc_hd__o21a_2)
                                                         result[7] (net)
                      0.205948    0.000000    9.001200 v _193_/C1 (sky130_fd_sc_hd__a211oi_2)
     1    0.033442    1.012342    0.911836    9.913036 ^ _193_/Y (sky130_fd_sc_hd__a211oi_2)
                                                         zero (net)
                      1.012342    0.000000    9.913036 ^ zero (out)
                                              9.913036   data arrival time

                      0.000000   10.000000   10.000000   clock __VIRTUAL_CLK__ (rise edge)
                                  0.000000   10.000000   clock network delay (ideal)
                                 -0.250000    9.750000   clock uncertainty
                                  0.000000    9.750000   clock reconvergence pessimism
                                 -2.000000    7.750000   output external delay
                                              7.750000   data required time
---------------------------------------------------------------------------------------------
                                              7.750000   data required time
                                             -9.913036   data arrival time
---------------------------------------------------------------------------------------------
                                             -2.163036   slack (VIOLATED)


Startpoint: opcode[1] (input port clocked by __VIRTUAL_CLK__)
Endpoint: overflow (output port clocked by __VIRTUAL_CLK__)
Path Group: __VIRTUAL_CLK__
Path Type: max

Fanout         Cap        Slew       Delay        Time   Description
---------------------------------------------------------------------------------------------
                      0.000000    0.000000    0.000000   clock __VIRTUAL_CLK__ (rise edge)
                                  0.000000    0.000000   clock network delay (ideal)
                                  2.000000    2.000000 v input external delay
    17    0.044176    0.191779    0.142159    2.142159 v opcode[1] (in)
                                                         opcode[1] (net)
                      0.191779    0.000000    2.142159 v _097_/B (sky130_fd_sc_hd__or3b_2)
     8    0.060730    0.442274    1.542823    3.684982 v _097_/X (sky130_fd_sc_hd__or3b_2)
                                                         _032_ (net)
                      0.442274    0.000000    3.684982 v _116_/B (sky130_fd_sc_hd__xor2_2)
     2    0.010010    0.265589    0.441063    4.126045 ^ _116_/X (sky130_fd_sc_hd__xor2_2)
                                                         _051_ (net)
                      0.265589    0.000000    4.126045 ^ _117_/A_N (sky130_fd_sc_hd__and2b_2)
     1    0.002258    0.066857    0.532429    4.658474 v _117_/X (sky130_fd_sc_hd__and2b_2)
                                                         _052_ (net)
                      0.066857    0.000000    4.658474 v _121_/B1 (sky130_fd_sc_hd__a21o_2)
     4    0.013916    0.108996    0.417586    5.076060 v _121_/X (sky130_fd_sc_hd__a21o_2)
                                                         _056_ (net)
                      0.108996    0.000000    5.076060 v _125_/A2 (sky130_fd_sc_hd__a31o_2)
     3    0.007842    0.088995    0.487800    5.563859 v _125_/X (sky130_fd_sc_hd__a31o_2)
                                                         _060_ (net)
                      0.088995    0.000000    5.563859 v _127_/A2 (sky130_fd_sc_hd__a2111o_2)
     2    0.003711    0.115379    0.934384    6.498243 v _127_/X (sky130_fd_sc_hd__a2111o_2)
                                                         _062_ (net)
                      0.115379    0.000000    6.498243 v _141_/B (sky130_fd_sc_hd__and3_2)
     1    0.001350    0.064252    0.425808    6.924051 v _141_/X (sky130_fd_sc_hd__and3_2)
                                                         _076_ (net)
                      0.064252    0.000000    6.924051 v _142_/C (sky130_fd_sc_hd__or4b_2)
     3    0.008841    0.268193    1.608729    8.532780 v _142_/X (sky130_fd_sc_hd__or4b_2)
                                                         _077_ (net)
                      0.268193    0.000000    8.532780 v _145_/A2 (sky130_fd_sc_hd__a21o_2)
     1    0.001404    0.050445    0.463246    8.996026 v _145_/X (sky130_fd_sc_hd__a21o_2)
                                                         _079_ (net)
                      0.050445    0.000000    8.996026 v _146_/C (sky130_fd_sc_hd__and3_2)
     1    0.033442    0.199748    0.599483    9.595510 v _146_/X (sky130_fd_sc_hd__and3_2)
                                                         overflow (net)
                      0.199748    0.000000    9.595510 v overflow (out)
                                              9.595510   data arrival time

                      0.000000   10.000000   10.000000   clock __VIRTUAL_CLK__ (rise edge)
                                  0.000000   10.000000   clock network delay (ideal)
                                 -0.250000    9.750000   clock uncertainty
                                  0.000000    9.750000   clock reconvergence pessimism
                                 -2.000000    7.750000   output external delay
                                              7.750000   data required time
---------------------------------------------------------------------------------------------
                                              7.750000   data required time
                                             -9.595510   data arrival time
---------------------------------------------------------------------------------------------
                                             -1.845510   slack (VIOLATED)


Startpoint: opcode[1] (input port clocked by __VIRTUAL_CLK__)
Endpoint: result[7] (output port clocked by __VIRTUAL_CLK__)
Path Group: __VIRTUAL_CLK__
Path Type: max

Fanout         Cap        Slew       Delay        Time   Description
---------------------------------------------------------------------------------------------
                      0.000000    0.000000    0.000000   clock __VIRTUAL_CLK__ (rise edge)
                                  0.000000    0.000000   clock network delay (ideal)
                                  2.000000    2.000000 v input external delay
    17    0.044176    0.191779    0.142159    2.142159 v opcode[1] (in)
                                                         opcode[1] (net)
                      0.191779    0.000000    2.142159 v _097_/B (sky130_fd_sc_hd__or3b_2)
     8    0.060730    0.442274    1.542823    3.684982 v _097_/X (sky130_fd_sc_hd__or3b_2)
                                                         _032_ (net)
                      0.442274    0.000000    3.684982 v _116_/B (sky130_fd_sc_hd__xor2_2)
     2    0.010010    0.265589    0.441063    4.126045 ^ _116_/X (sky130_fd_sc_hd__xor2_2)
                                                         _051_ (net)
                      0.265589    0.000000    4.126045 ^ _117_/A_N (sky130_fd_sc_hd__and2b_2)
     1    0.002258    0.066857    0.532429    4.658474 v _117_/X (sky130_fd_sc_hd__and2b_2)
                                                         _052_ (net)
                      0.066857    0.000000    4.658474 v _121_/B1 (sky130_fd_sc_hd__a21o_2)
     4    0.013916    0.108996    0.417586    5.076060 v _121_/X (sky130_fd_sc_hd__a21o_2)
                                                         _056_ (net)
                      0.108996    0.000000    5.076060 v _125_/A2 (sky130_fd_sc_hd__a31o_2)
     3    0.007842    0.088995    0.487800    5.563859 v _125_/X (sky130_fd_sc_hd__a31o_2)
                                                         _060_ (net)
                      0.088995    0.000000    5.563859 v _127_/A2 (sky130_fd_sc_hd__a2111o_2)
     2    0.003711    0.115379    0.934384    6.498243 v _127_/X (sky130_fd_sc_hd__a2111o_2)
                                                         _062_ (net)
                      0.115379    0.000000    6.498243 v _141_/B (sky130_fd_sc_hd__and3_2)
     1    0.001350    0.064252    0.425808    6.924051 v _141_/X (sky130_fd_sc_hd__and3_2)
                                                         _076_ (net)
                      0.064252    0.000000    6.924051 v _142_/C (sky130_fd_sc_hd__or4b_2)
     3    0.008841    0.268193    1.608729    8.532780 v _142_/X (sky130_fd_sc_hd__or4b_2)
                                                         _077_ (net)
                      0.268193    0.000000    8.532780 v _144_/B1 (sky130_fd_sc_hd__o21a_2)
     2    0.037508    0.205948    0.468420    9.001200 v _144_/X (sky130_fd_sc_hd__o21a_2)
                                                         result[7] (net)
                      0.205948    0.000000    9.001200 v result[7] (out)
                                              9.001200   data arrival time

                      0.000000   10.000000   10.000000   clock __VIRTUAL_CLK__ (rise edge)
                                  0.000000   10.000000   clock network delay (ideal)
                                 -0.250000    9.750000   clock uncertainty
                                  0.000000    9.750000   clock reconvergence pessimism
                                 -2.000000    7.750000   output external delay
                                              7.750000   data required time
---------------------------------------------------------------------------------------------
                                              7.750000   data required time
                                             -9.001200   data arrival time
---------------------------------------------------------------------------------------------
                                             -1.251200   slack (VIOLATED)


Startpoint: opcode[1] (input port clocked by __VIRTUAL_CLK__)
Endpoint: result[5] (output port clocked by __VIRTUAL_CLK__)
Path Group: __VIRTUAL_CLK__
Path Type: max

Fanout         Cap        Slew       Delay        Time   Description
---------------------------------------------------------------------------------------------
                      0.000000    0.000000    0.000000   clock __VIRTUAL_CLK__ (rise edge)
                                  0.000000    0.000000   clock network delay (ideal)
                                  2.000000    2.000000 v input external delay
    17    0.044176    0.191779    0.142159    2.142159 v opcode[1] (in)
                                                         opcode[1] (net)
                      0.191779    0.000000    2.142159 v _097_/B (sky130_fd_sc_hd__or3b_2)
     8    0.060730    0.442274    1.542823    3.684982 v _097_/X (sky130_fd_sc_hd__or3b_2)
                                                         _032_ (net)
                      0.442274    0.000000    3.684982 v _116_/B (sky130_fd_sc_hd__xor2_2)
     2    0.010010    0.265589    0.441063    4.126045 ^ _116_/X (sky130_fd_sc_hd__xor2_2)
                                                         _051_ (net)
                      0.265589    0.000000    4.126045 ^ _117_/A_N (sky130_fd_sc_hd__and2b_2)
     1    0.002258    0.066857    0.532429    4.658474 v _117_/X (sky130_fd_sc_hd__and2b_2)
                                                         _052_ (net)
                      0.066857    0.000000    4.658474 v _121_/B1 (sky130_fd_sc_hd__a21o_2)
     4    0.013916    0.108996    0.417586    5.076060 v _121_/X (sky130_fd_sc_hd__a21o_2)
                                                         _056_ (net)
                      0.108996    0.000000    5.076060 v _125_/A2 (sky130_fd_sc_hd__a31o_2)
     3    0.007842    0.088995    0.487800    5.563859 v _125_/X (sky130_fd_sc_hd__a31o_2)
                                                         _060_ (net)
                      0.088995    0.000000    5.563859 v _126_/B (sky130_fd_sc_hd__and2_2)
     3    0.010652    0.106439    0.470068    6.033928 v _126_/X (sky130_fd_sc_hd__and2_2)
                                                         _061_ (net)
                      0.106439    0.000000    6.033928 v _176_/A2 (sky130_fd_sc_hd__o31a_2)
     1    0.002241    0.085386    0.649750    6.683678 v _176_/X (sky130_fd_sc_hd__o31a_2)
                                                         _012_ (net)
                      0.085386    0.000000    6.683678 v _179_/A2 (sky130_fd_sc_hd__a21o_2)
     2    0.003675    0.063232    0.404575    7.088253 v _179_/X (sky130_fd_sc_hd__a21o_2)
                                                         _015_ (net)
                      0.063232    0.000000    7.088253 v _180_/B (sky130_fd_sc_hd__and2_2)
     1    0.033442    0.193693    0.556037    7.644289 v _180_/X (sky130_fd_sc_hd__and2_2)
                                                         result[5] (net)
                      0.193693    0.000000    7.644289 v result[5] (out)
                                              7.644289   data arrival time

                      0.000000   10.000000   10.000000   clock __VIRTUAL_CLK__ (rise edge)
                                  0.000000   10.000000   clock network delay (ideal)
                                 -0.250000    9.750000   clock uncertainty
                                  0.000000    9.750000   clock reconvergence pessimism
                                 -2.000000    7.750000   output external delay
                                              7.750000   data required time
---------------------------------------------------------------------------------------------
                                              7.750000   data required time
                                             -7.644289   data arrival time
---------------------------------------------------------------------------------------------
                                              0.105711   slack (MET)


Startpoint: opcode[1] (input port clocked by __VIRTUAL_CLK__)
Endpoint: result[6] (output port clocked by __VIRTUAL_CLK__)
Path Group: __VIRTUAL_CLK__
Path Type: max

Fanout         Cap        Slew       Delay        Time   Description
---------------------------------------------------------------------------------------------
                      0.000000    0.000000    0.000000   clock __VIRTUAL_CLK__ (rise edge)
                                  0.000000    0.000000   clock network delay (ideal)
                                  2.000000    2.000000 v input external delay
    17    0.044176    0.191779    0.142159    2.142159 v opcode[1] (in)
                                                         opcode[1] (net)
                      0.191779    0.000000    2.142159 v _097_/B (sky130_fd_sc_hd__or3b_2)
     8    0.060730    0.442274    1.542823    3.684982 v _097_/X (sky130_fd_sc_hd__or3b_2)
                                                         _032_ (net)
                      0.442274    0.000000    3.684982 v _116_/B (sky130_fd_sc_hd__xor2_2)
     2    0.010010    0.265589    0.441063    4.126045 ^ _116_/X (sky130_fd_sc_hd__xor2_2)
                                                         _051_ (net)
                      0.265589    0.000000    4.126045 ^ _117_/A_N (sky130_fd_sc_hd__and2b_2)
     1    0.002258    0.066857    0.532429    4.658474 v _117_/X (sky130_fd_sc_hd__and2b_2)
                                                         _052_ (net)
                      0.066857    0.000000    4.658474 v _121_/B1 (sky130_fd_sc_hd__a21o_2)
     4    0.013916    0.108996    0.417586    5.076060 v _121_/X (sky130_fd_sc_hd__a21o_2)
                                                         _056_ (net)
                      0.108996    0.000000    5.076060 v _125_/A2 (sky130_fd_sc_hd__a31o_2)
     3    0.007842    0.088995    0.487800    5.563859 v _125_/X (sky130_fd_sc_hd__a31o_2)
                                                         _060_ (net)
                      0.088995    0.000000    5.563859 v _126_/B (sky130_fd_sc_hd__and2_2)
     3    0.010652    0.106439    0.470068    6.033928 v _126_/X (sky130_fd_sc_hd__and2_2)
                                                         _061_ (net)
                      0.106439    0.000000    6.033928 v _175_/A2 (sky130_fd_sc_hd__o21ai_2)
     3    0.009507    0.251852    0.283301    6.317229 ^ _175_/Y (sky130_fd_sc_hd__o21ai_2)
                                                         _011_ (net)
                      0.251852    0.000000    6.317229 ^ _185_/B (sky130_fd_sc_hd__nand3_2)
     1    0.002283    0.092059    0.198262    6.515491 v _185_/Y (sky130_fd_sc_hd__nand3_2)
                                                         _020_ (net)
                      0.092059    0.000000    6.515491 v _189_/A3 (sky130_fd_sc_hd__a31o_2)
     2    0.005586    0.079024    0.490873    7.006364 v _189_/X (sky130_fd_sc_hd__a31o_2)
                                                         _024_ (net)
                      0.079024    0.000000    7.006364 v _190_/B (sky130_fd_sc_hd__and2_2)
     1    0.033442    0.193567    0.563715    7.570080 v _190_/X (sky130_fd_sc_hd__and2_2)
                                                         result[6] (net)
                      0.193567    0.000000    7.570080 v result[6] (out)
                                              7.570080   data arrival time

                      0.000000   10.000000   10.000000   clock __VIRTUAL_CLK__ (rise edge)
                                  0.000000   10.000000   clock network delay (ideal)
                                 -0.250000    9.750000   clock uncertainty
                                  0.000000    9.750000   clock reconvergence pessimism
                                 -2.000000    7.750000   output external delay
                                              7.750000   data required time
---------------------------------------------------------------------------------------------
                                              7.750000   data required time
                                             -7.570080   data arrival time
---------------------------------------------------------------------------------------------
                                              0.179920   slack (MET)


Startpoint: opcode[1] (input port clocked by __VIRTUAL_CLK__)
Endpoint: result[3] (output port clocked by __VIRTUAL_CLK__)
Path Group: __VIRTUAL_CLK__
Path Type: max

Fanout         Cap        Slew       Delay        Time   Description
---------------------------------------------------------------------------------------------
                      0.000000    0.000000    0.000000   clock __VIRTUAL_CLK__ (rise edge)
                                  0.000000    0.000000   clock network delay (ideal)
                                  2.000000    2.000000 v input external delay
    17    0.044176    0.191779    0.142159    2.142159 v opcode[1] (in)
                                                         opcode[1] (net)
                      0.191779    0.000000    2.142159 v _097_/B (sky130_fd_sc_hd__or3b_2)
     8    0.060730    0.442274    1.542823    3.684982 v _097_/X (sky130_fd_sc_hd__or3b_2)
                                                         _032_ (net)
                      0.442274    0.000000    3.684982 v _111_/B (sky130_fd_sc_hd__xor2_2)
     3    0.007881    0.179410    0.448361    4.133343 v _111_/X (sky130_fd_sc_hd__xor2_2)
                                                         _046_ (net)
                      0.179410    0.000000    4.133343 v _114_/B (sky130_fd_sc_hd__and2_2)
     1    0.004181    0.078446    0.477449    4.610792 v _114_/X (sky130_fd_sc_hd__and2_2)
                                                         _049_ (net)
                      0.078446    0.000000    4.610792 v _115_/B (sky130_fd_sc_hd__nor2_2)
     5    0.015901    0.318992    0.299831    4.910623 ^ _115_/Y (sky130_fd_sc_hd__nor2_2)
                                                         _050_ (net)
                      0.318992    0.000000    4.910623 ^ _162_/A1 (sky130_fd_sc_hd__a21oi_2)
     2    0.005918    0.111038    0.211834    5.122457 v _162_/Y (sky130_fd_sc_hd__a21oi_2)
                                                         _000_ (net)
                      0.111038    0.000000    5.122457 v _164_/C (sky130_fd_sc_hd__or3_2)
     1    0.001671    0.153078    0.998872    6.121328 v _164_/X (sky130_fd_sc_hd__or3_2)
                                                         _002_ (net)
                      0.153078    0.000000    6.121328 v _167_/A2_N (sky130_fd_sc_hd__o2bb2a_2)
     2    0.036067    0.323647    0.740935    6.862263 ^ _167_/X (sky130_fd_sc_hd__o2bb2a_2)
                                                         result[3] (net)
                      0.323647    0.000000    6.862263 ^ result[3] (out)
                                              6.862263   data arrival time

                      0.000000   10.000000   10.000000   clock __VIRTUAL_CLK__ (rise edge)
                                  0.000000   10.000000   clock network delay (ideal)
                                 -0.250000    9.750000   clock uncertainty
                                  0.000000    9.750000   clock reconvergence pessimism
                                 -2.000000    7.750000   output external delay
                                              7.750000   data required time
---------------------------------------------------------------------------------------------
                                              7.750000   data required time
                                             -6.862263   data arrival time
---------------------------------------------------------------------------------------------
                                              0.887737   slack (MET)


Startpoint: opcode[1] (input port clocked by __VIRTUAL_CLK__)
Endpoint: result[4] (output port clocked by __VIRTUAL_CLK__)
Path Group: __VIRTUAL_CLK__
Path Type: max

Fanout         Cap        Slew       Delay        Time   Description
---------------------------------------------------------------------------------------------
                      0.000000    0.000000    0.000000   clock __VIRTUAL_CLK__ (rise edge)
                                  0.000000    0.000000   clock network delay (ideal)
                                  2.000000    2.000000 v input external delay
    17    0.044176    0.191779    0.142159    2.142159 v opcode[1] (in)
                                                         opcode[1] (net)
                      0.191779    0.000000    2.142159 v _097_/B (sky130_fd_sc_hd__or3b_2)
     8    0.060730    0.442274    1.542823    3.684982 v _097_/X (sky130_fd_sc_hd__or3b_2)
                                                         _032_ (net)
                      0.442274    0.000000    3.684982 v _116_/B (sky130_fd_sc_hd__xor2_2)
     2    0.010010    0.265589    0.441063    4.126045 ^ _116_/X (sky130_fd_sc_hd__xor2_2)
                                                         _051_ (net)
                      0.265589    0.000000    4.126045 ^ _117_/A_N (sky130_fd_sc_hd__and2b_2)
     1    0.002258    0.066857    0.532429    4.658474 v _117_/X (sky130_fd_sc_hd__and2b_2)
                                                         _052_ (net)
                      0.066857    0.000000    4.658474 v _121_/B1 (sky130_fd_sc_hd__a21o_2)
     4    0.013916    0.108996    0.417586    5.076060 v _121_/X (sky130_fd_sc_hd__a21o_2)
                                                         _056_ (net)
                      0.108996    0.000000    5.076060 v _125_/A2 (sky130_fd_sc_hd__a31o_2)
     3    0.007842    0.088995    0.487800    5.563859 v _125_/X (sky130_fd_sc_hd__a31o_2)
                                                         _060_ (net)
                      0.088995    0.000000    5.563859 v _168_/A2 (sky130_fd_sc_hd__o21ai_2)
     1    0.004682    0.169605    0.209880    5.773739 ^ _168_/Y (sky130_fd_sc_hd__o21ai_2)
                                                         _005_ (net)
                      0.169605    0.000000    5.773739 ^ _169_/B (sky130_fd_sc_hd__nor2_2)
     1    0.002263    0.041578    0.090363    5.864102 v _169_/Y (sky130_fd_sc_hd__nor2_2)
                                                         _006_ (net)
                      0.041578    0.000000    5.864102 v _172_/A1 (sky130_fd_sc_hd__o32a_2)
     2    0.035771    0.266475    0.947872    6.811974 v _172_/X (sky130_fd_sc_hd__o32a_2)
                                                         result[4] (net)
                      0.266475    0.000000    6.811974 v result[4] (out)
                                              6.811974   data arrival time

                      0.000000   10.000000   10.000000   clock __VIRTUAL_CLK__ (rise edge)
                                  0.000000   10.000000   clock network delay (ideal)
                                 -0.250000    9.750000   clock uncertainty
                                  0.000000    9.750000   clock reconvergence pessimism
                                 -2.000000    7.750000   output external delay
                                              7.750000   data required time
---------------------------------------------------------------------------------------------
                                              7.750000   data required time
                                             -6.811974   data arrival time
---------------------------------------------------------------------------------------------
                                              0.938027   slack (MET)


Startpoint: opcode[1] (input port clocked by __VIRTUAL_CLK__)
Endpoint: result[2] (output port clocked by __VIRTUAL_CLK__)
Path Group: __VIRTUAL_CLK__
Path Type: max

Fanout         Cap        Slew       Delay        Time   Description
---------------------------------------------------------------------------------------------
                      0.000000    0.000000    0.000000   clock __VIRTUAL_CLK__ (rise edge)
                                  0.000000    0.000000   clock network delay (ideal)
                                  2.000000    2.000000 v input external delay
    17    0.044176    0.191779    0.142159    2.142159 v opcode[1] (in)
                                                         opcode[1] (net)
                      0.191779    0.000000    2.142159 v _097_/B (sky130_fd_sc_hd__or3b_2)
     8    0.060730    0.442274    1.542823    3.684982 v _097_/X (sky130_fd_sc_hd__or3b_2)
                                                         _032_ (net)
                      0.442274    0.000000    3.684982 v _116_/B (sky130_fd_sc_hd__xor2_2)
     2    0.010010    0.265589    0.441063    4.126045 ^ _116_/X (sky130_fd_sc_hd__xor2_2)
                                                         _051_ (net)
                      0.265589    0.000000    4.126045 ^ _117_/A_N (sky130_fd_sc_hd__and2b_2)
     1    0.002258    0.066857    0.532429    4.658474 v _117_/X (sky130_fd_sc_hd__and2b_2)
                                                         _052_ (net)
                      0.066857    0.000000    4.658474 v _121_/B1 (sky130_fd_sc_hd__a21o_2)
     4    0.013916    0.108996    0.417586    5.076060 v _121_/X (sky130_fd_sc_hd__a21o_2)
                                                         _056_ (net)
                      0.108996    0.000000    5.076060 v _158_/A2 (sky130_fd_sc_hd__o21a_2)
     1    0.002263    0.056436    0.381953    5.458013 v _158_/X (sky130_fd_sc_hd__o21a_2)
                                                         _089_ (net)
                      0.056436    0.000000    5.458013 v _161_/A1 (sky130_fd_sc_hd__o32a_2)
     2    0.034690    0.262346    0.949051    6.407063 v _161_/X (sky130_fd_sc_hd__o32a_2)
                                                         result[2] (net)
                      0.262346    0.000000    6.407063 v result[2] (out)
                                              6.407063   data arrival time

                      0.000000   10.000000   10.000000   clock __VIRTUAL_CLK__ (rise edge)
                                  0.000000   10.000000   clock network delay (ideal)
                                 -0.250000    9.750000   clock uncertainty
                                  0.000000    9.750000   clock reconvergence pessimism
                                 -2.000000    7.750000   output external delay
                                              7.750000   data required time
---------------------------------------------------------------------------------------------
                                              7.750000   data required time
                                             -6.407063   data arrival time
---------------------------------------------------------------------------------------------
                                              1.342937   slack (MET)


Startpoint: opcode[1] (input port clocked by __VIRTUAL_CLK__)
Endpoint: result[1] (output port clocked by __VIRTUAL_CLK__)
Path Group: __VIRTUAL_CLK__
Path Type: max

Fanout         Cap        Slew       Delay        Time   Description
---------------------------------------------------------------------------------------------
                      0.000000    0.000000    0.000000   clock __VIRTUAL_CLK__ (rise edge)
                                  0.000000    0.000000   clock network delay (ideal)
                                  2.000000    2.000000 v input external delay
    17    0.044176    0.191779    0.142159    2.142159 v opcode[1] (in)
                                                         opcode[1] (net)
                      0.191779    0.000000    2.142159 v _097_/B (sky130_fd_sc_hd__or3b_2)
     8    0.060730    0.442274    1.542823    3.684982 v _097_/X (sky130_fd_sc_hd__or3b_2)
                                                         _032_ (net)
                      0.442274    0.000000    3.684982 v _116_/B (sky130_fd_sc_hd__xor2_2)
     2    0.009648    0.192882    0.458277    4.143259 v _116_/X (sky130_fd_sc_hd__xor2_2)
                                                         _051_ (net)
                      0.192882    0.000000    4.143259 v _118_/B (sky130_fd_sc_hd__xnor2_2)
     4    0.010634    0.149200    0.345001    4.488260 v _118_/Y (sky130_fd_sc_hd__xnor2_2)
                                                         _053_ (net)
                      0.149200    0.000000    4.488260 v _153_/A1 (sky130_fd_sc_hd__o21a_2)
     1    0.001413    0.051620    0.419598    4.907858 v _153_/X (sky130_fd_sc_hd__o21a_2)
                                                         _085_ (net)
                      0.051620    0.000000    4.907858 v _156_/A (sky130_fd_sc_hd__or3_2)
     2    0.034938    0.334141    1.419352    6.327210 v _156_/X (sky130_fd_sc_hd__or3_2)
                                                         result[1] (net)
                      0.334141    0.000000    6.327210 v result[1] (out)
                                              6.327210   data arrival time

                      0.000000   10.000000   10.000000   clock __VIRTUAL_CLK__ (rise edge)
                                  0.000000   10.000000   clock network delay (ideal)
                                 -0.250000    9.750000   clock uncertainty
                                  0.000000    9.750000   clock reconvergence pessimism
                                 -2.000000    7.750000   output external delay
                                              7.750000   data required time
---------------------------------------------------------------------------------------------
                                              7.750000   data required time
                                             -6.327210   data arrival time
---------------------------------------------------------------------------------------------
                                              1.422789   slack (MET)


Startpoint: opcode[2] (input port clocked by __VIRTUAL_CLK__)
Endpoint: result[0] (output port clocked by __VIRTUAL_CLK__)
Path Group: __VIRTUAL_CLK__
Path Type: max

Fanout         Cap        Slew       Delay        Time   Description
---------------------------------------------------------------------------------------------
                      0.000000    0.000000    0.000000   clock __VIRTUAL_CLK__ (rise edge)
                                  0.000000    0.000000   clock network delay (ideal)
                                  2.000000    2.000000 ^ input external delay
    10    0.028976    0.215292    0.153561    2.153560 ^ opcode[2] (in)
                                                         opcode[2] (net)
                      0.215292    0.000000    2.153560 ^ _135_/A_N (sky130_fd_sc_hd__and3b_2)
     2    0.004605    0.082706    0.514685    2.668246 v _135_/X (sky130_fd_sc_hd__and3b_2)
                                                         _070_ (net)
                      0.082706    0.000000    2.668246 v _148_/B1 (sky130_fd_sc_hd__o22a_2)
     1    0.002263    0.066524    0.396370    3.064616 v _148_/X (sky130_fd_sc_hd__o22a_2)
                                                         _081_ (net)
                      0.066524    0.000000    3.064616 v _151_/A1 (sky130_fd_sc_hd__o32a_2)
     2    0.034855    0.263055    0.954481    4.019097 v _151_/X (sky130_fd_sc_hd__o32a_2)
                                                         result[0] (net)
                      0.263055    0.000000    4.019097 v result[0] (out)
                                              4.019097   data arrival time

                      0.000000   10.000000   10.000000   clock __VIRTUAL_CLK__ (rise edge)
                                  0.000000   10.000000   clock network delay (ideal)
                                 -0.250000    9.750000   clock uncertainty
                                  0.000000    9.750000   clock reconvergence pessimism
                                 -2.000000    7.750000   output external delay
                                              7.750000   data required time
---------------------------------------------------------------------------------------------
                                              7.750000   data required time
                                             -4.019097   data arrival time
---------------------------------------------------------------------------------------------
                                              3.730903   slack (MET)



%OL_END_REPORT
%OL_CREATE_REPORT checks.rpt

===========================================================================
report_checks -unconstrained
===========================================================================
======================= nom_ss_100C_1v60 Corner ===================================

Startpoint: opcode[1] (input port clocked by __VIRTUAL_CLK__)
Endpoint: zero (output port clocked by __VIRTUAL_CLK__)
Path Group: __VIRTUAL_CLK__
Path Type: max

Fanout         Cap        Slew       Delay        Time   Description
---------------------------------------------------------------------------------------------
                      0.000000    0.000000    0.000000   clock __VIRTUAL_CLK__ (rise edge)
                                  0.000000    0.000000   clock network delay (ideal)
                                  2.000000    2.000000 v input external delay
    17    0.044176    0.191779    0.142159    2.142159 v opcode[1] (in)
                                                         opcode[1] (net)
                      0.191779    0.000000    2.142159 v _097_/B (sky130_fd_sc_hd__or3b_2)
     8    0.060730    0.442274    1.542823    3.684982 v _097_/X (sky130_fd_sc_hd__or3b_2)
                                                         _032_ (net)
                      0.442274    0.000000    3.684982 v _116_/B (sky130_fd_sc_hd__xor2_2)
     2    0.010010    0.265589    0.441063    4.126045 ^ _116_/X (sky130_fd_sc_hd__xor2_2)
                                                         _051_ (net)
                      0.265589    0.000000    4.126045 ^ _117_/A_N (sky130_fd_sc_hd__and2b_2)
     1    0.002258    0.066857    0.532429    4.658474 v _117_/X (sky130_fd_sc_hd__and2b_2)
                                                         _052_ (net)
                      0.066857    0.000000    4.658474 v _121_/B1 (sky130_fd_sc_hd__a21o_2)
     4    0.013916    0.108996    0.417586    5.076060 v _121_/X (sky130_fd_sc_hd__a21o_2)
                                                         _056_ (net)
                      0.108996    0.000000    5.076060 v _125_/A2 (sky130_fd_sc_hd__a31o_2)
     3    0.007842    0.088995    0.487800    5.563859 v _125_/X (sky130_fd_sc_hd__a31o_2)
                                                         _060_ (net)
                      0.088995    0.000000    5.563859 v _127_/A2 (sky130_fd_sc_hd__a2111o_2)
     2    0.003711    0.115379    0.934384    6.498243 v _127_/X (sky130_fd_sc_hd__a2111o_2)
                                                         _062_ (net)
                      0.115379    0.000000    6.498243 v _141_/B (sky130_fd_sc_hd__and3_2)
     1    0.001350    0.064252    0.425808    6.924051 v _141_/X (sky130_fd_sc_hd__and3_2)
                                                         _076_ (net)
                      0.064252    0.000000    6.924051 v _142_/C (sky130_fd_sc_hd__or4b_2)
     3    0.008841    0.268193    1.608729    8.532780 v _142_/X (sky130_fd_sc_hd__or4b_2)
                                                         _077_ (net)
                      0.268193    0.000000    8.532780 v _144_/B1 (sky130_fd_sc_hd__o21a_2)
     2    0.037508    0.205948    0.468420    9.001200 v _144_/X (sky130_fd_sc_hd__o21a_2)
                                                         result[7] (net)
                      0.205948    0.000000    9.001200 v _193_/C1 (sky130_fd_sc_hd__a211oi_2)
     1    0.033442    1.012342    0.911836    9.913036 ^ _193_/Y (sky130_fd_sc_hd__a211oi_2)
                                                         zero (net)
                      1.012342    0.000000    9.913036 ^ zero (out)
                                              9.913036   data arrival time

                      0.000000   10.000000   10.000000   clock __VIRTUAL_CLK__ (rise edge)
                                  0.000000   10.000000   clock network delay (ideal)
                                 -0.250000    9.750000   clock uncertainty
                                  0.000000    9.750000   clock reconvergence pessimism
                                 -2.000000    7.750000   output external delay
                                              7.750000   data required time
---------------------------------------------------------------------------------------------
                                              7.750000   data required time
                                             -9.913036   data arrival time
---------------------------------------------------------------------------------------------
                                             -2.163036   slack (VIOLATED)




===========================================================================
report_checks --slack_max -0.01
============================================================================
======================= nom_ss_100C_1v60 Corner ===================================

Startpoint: opcode[1] (input port clocked by __VIRTUAL_CLK__)
Endpoint: zero (output port clocked by __VIRTUAL_CLK__)
Path Group: __VIRTUAL_CLK__
Path Type: max

Fanout         Cap        Slew       Delay        Time   Description
---------------------------------------------------------------------------------------------
                      0.000000    0.000000    0.000000   clock __VIRTUAL_CLK__ (rise edge)
                                  0.000000    0.000000   clock network delay (ideal)
                                  2.000000    2.000000 v input external delay
    17    0.044176    0.191779    0.142159    2.142159 v opcode[1] (in)
                                                         opcode[1] (net)
                      0.191779    0.000000    2.142159 v _097_/B (sky130_fd_sc_hd__or3b_2)
     8    0.060730    0.442274    1.542823    3.684982 v _097_/X (sky130_fd_sc_hd__or3b_2)
                                                         _032_ (net)
                      0.442274    0.000000    3.684982 v _116_/B (sky130_fd_sc_hd__xor2_2)
     2    0.010010    0.265589    0.441063    4.126045 ^ _116_/X (sky130_fd_sc_hd__xor2_2)
                                                         _051_ (net)
                      0.265589    0.000000    4.126045 ^ _117_/A_N (sky130_fd_sc_hd__and2b_2)
     1    0.002258    0.066857    0.532429    4.658474 v _117_/X (sky130_fd_sc_hd__and2b_2)
                                                         _052_ (net)
                      0.066857    0.000000    4.658474 v _121_/B1 (sky130_fd_sc_hd__a21o_2)
     4    0.013916    0.108996    0.417586    5.076060 v _121_/X (sky130_fd_sc_hd__a21o_2)
                                                         _056_ (net)
                      0.108996    0.000000    5.076060 v _125_/A2 (sky130_fd_sc_hd__a31o_2)
     3    0.007842    0.088995    0.487800    5.563859 v _125_/X (sky130_fd_sc_hd__a31o_2)
                                                         _060_ (net)
                      0.088995    0.000000    5.563859 v _127_/A2 (sky130_fd_sc_hd__a2111o_2)
     2    0.003711    0.115379    0.934384    6.498243 v _127_/X (sky130_fd_sc_hd__a2111o_2)
                                                         _062_ (net)
                      0.115379    0.000000    6.498243 v _141_/B (sky130_fd_sc_hd__and3_2)
     1    0.001350    0.064252    0.425808    6.924051 v _141_/X (sky130_fd_sc_hd__and3_2)
                                                         _076_ (net)
                      0.064252    0.000000    6.924051 v _142_/C (sky130_fd_sc_hd__or4b_2)
     3    0.008841    0.268193    1.608729    8.532780 v _142_/X (sky130_fd_sc_hd__or4b_2)
                                                         _077_ (net)
                      0.268193    0.000000    8.532780 v _144_/B1 (sky130_fd_sc_hd__o21a_2)
     2    0.037508    0.205948    0.468420    9.001200 v _144_/X (sky130_fd_sc_hd__o21a_2)
                                                         result[7] (net)
                      0.205948    0.000000    9.001200 v _193_/C1 (sky130_fd_sc_hd__a211oi_2)
     1    0.033442    1.012342    0.911836    9.913036 ^ _193_/Y (sky130_fd_sc_hd__a211oi_2)
                                                         zero (net)
                      1.012342    0.000000    9.913036 ^ zero (out)
                                              9.913036   data arrival time

                      0.000000   10.000000   10.000000   clock __VIRTUAL_CLK__ (rise edge)
                                  0.000000   10.000000   clock network delay (ideal)
                                 -0.250000    9.750000   clock uncertainty
                                  0.000000    9.750000   clock reconvergence pessimism
                                 -2.000000    7.750000   output external delay
                                              7.750000   data required time
---------------------------------------------------------------------------------------------
                                              7.750000   data required time
                                             -9.913036   data arrival time
---------------------------------------------------------------------------------------------
                                             -2.163036   slack (VIOLATED)




===========================================================================
 report_check_types -max_slew -max_cap -max_fanout -violators
============================================================================
======================= nom_ss_100C_1v60 Corner ===================================

max slew

Pin                                        Limit        Slew       Slack
------------------------------------------------------------------------
zero                                    0.750000    1.012342   -0.262342 (VIOLATED)
_193_/Y                                 0.750000    1.012342   -0.262342 (VIOLATED)

max fanout

Pin                                   Limit Fanout  Slack
---------------------------------------------------------
opcode[1]                                10     17     -7 (VIOLATED)



===========================================================================
report_parasitic_annotation -report_unannotated
============================================================================
Found 121 unannotated drivers.
 a[0]
 a[1]
 a[2]
 a[3]
 a[4]
 a[5]
 a[6]
 a[7]
 b[0]
 b[1]
 b[2]
 b[3]
 b[4]
 b[5]
 b[6]
 b[7]
 opcode[0]
 opcode[1]
 opcode[2]
 _092_/Y
 _093_/Y
 _094_/Y
 _095_/X
 _096_/Y
 _097_/X
 _098_/X
 _099_/Y
 _100_/X
 _101_/X
 _102_/Y
 _103_/Y
 _104_/X
 _105_/Y
 _106_/X
 _107_/X
 _108_/X
 _109_/Y
 _110_/X
 _111_/X
 _112_/Y
 _113_/X
 _114_/X
 _115_/Y
 _116_/X
 _117_/X
 _118_/Y
 _119_/Y
 _120_/Y
 _121_/X
 _122_/Y
 _123_/Y
 _124_/Y
 _125_/X
 _126_/X
 _127_/X
 _128_/Y
 _129_/Y
 _130_/Y
 _131_/Y
 _132_/Y
 _133_/X
 _134_/X
 _135_/X
 _136_/X
 _137_/X
 _138_/Y
 _139_/X
 _140_/Y
 _141_/X
 _142_/X
 _143_/Y
 _144_/X
 _145_/X
 _146_/X
 _147_/Y
 _148_/X
 _149_/Y
 _150_/X
 _151_/X
 _152_/Y
 _153_/X
 _154_/X
 _155_/X
 _156_/X
 _157_/Y
 _158_/X
 _159_/X
 _160_/X
 _161_/X
 _162_/Y
 _163_/Y
 _164_/X
 _165_/Y
 _166_/X
 _167_/X
 _168_/Y
 _169_/Y
 _170_/X
 _171_/X
 _172_/X
 _173_/X
 _174_/Y
 _175_/Y
 _176_/X
 _177_/X
 _178_/X
 _179_/X
 _180_/X
 _181_/Y
 _182_/Y
 _183_/Y
 _184_/X
 _185_/Y
 _186_/X
 _187_/Y
 _188_/X
 _189_/X
 _190_/X
 _191_/X
 _192_/X
 _193_/Y
Found 0 partially unannotated drivers.

===========================================================================
max slew violation count 2
%OL_METRIC_I design__max_slew_violation__count__corner:nom_ss_100C_1v60 2
max fanout violation count 1
%OL_METRIC_I design__max_fanout_violation__count__corner:nom_ss_100C_1v60 1
max cap violation count 0
%OL_METRIC_I design__max_cap_violation__count__corner:nom_ss_100C_1v60 0
============================================================================

===========================================================================
check_setup -verbose -unconstrained_endpoints -multiple_clock -no_clock -no_input_delay -loops -generated_clocks
===========================================================================
%OL_END_REPORT
%OL_CREATE_REPORT power.rpt

===========================================================================
 report_power
============================================================================
======================= nom_ss_100C_1v60 Corner ===================================

Group                    Internal    Switching      Leakage        Total
                            Power        Power        Power        Power (Watts)
------------------------------------------------------------------------
Sequential           0.000000e+00 0.000000e+00 0.000000e+00 0.000000e+00   0.0%
Combinational        2.271929e-05 2.345561e-05 5.150227e-07 4.668992e-05 100.0%
Clock                0.000000e+00 0.000000e+00 0.000000e+00 0.000000e+00   0.0%
Macro                0.000000e+00 0.000000e+00 0.000000e+00 0.000000e+00   0.0%
Pad                  0.000000e+00 0.000000e+00 0.000000e+00 0.000000e+00   0.0%
------------------------------------------------------------------------
Total                2.271929e-05 2.345561e-05 5.150227e-07 4.668992e-05 100.0%
                            48.7%        50.2%         1.1%
%OL_METRIC_F power__internal__total 2.2719288608641364e-5
%OL_METRIC_F power__switching__total 2.345561188121792e-5
%OL_METRIC_F power__leakage__total 5.150226911609934e-7
%OL_METRIC_F power__total 4.668992187362164e-5

%OL_END_REPORT
%OL_CREATE_REPORT skew.min.rpt

===========================================================================
Clock Skew (Hold)
============================================================================
%OL_METRIC_F clock__skew__worst_hold__corner:nom_ss_100C_1v60 0.0
======================= nom_ss_100C_1v60 Corner ===================================

Clock __VIRTUAL_CLK__
No launch/capture paths found.

%OL_END_REPORT
%OL_CREATE_REPORT skew.max.rpt

===========================================================================
Clock Skew (Setup)
============================================================================
%OL_METRIC_F clock__skew__worst_setup__corner:nom_ss_100C_1v60 0.0
======================= nom_ss_100C_1v60 Corner ===================================

Clock __VIRTUAL_CLK__
No launch/capture paths found.

%OL_END_REPORT
%OL_CREATE_REPORT ws.min.rpt

===========================================================================
Worst Slack (Hold)
============================================================================
%OL_METRIC_F timing__hold__ws__corner:nom_ss_100C_1v60 4.230253600481126
nom_ss_100C_1v60: 4.230253600481126
%OL_END_REPORT
%OL_CREATE_REPORT ws.max.rpt

===========================================================================
Worst Slack (Setup)
============================================================================
%OL_METRIC_F timing__setup__ws__corner:nom_ss_100C_1v60 -2.163036033732573
nom_ss_100C_1v60: -2.163036033732573
%OL_END_REPORT
%OL_CREATE_REPORT tns.min.rpt

===========================================================================
Total Negative Slack (Hold)
============================================================================
%OL_METRIC_F timing__hold__tns__corner:nom_ss_100C_1v60 0.0
nom_ss_100C_1v60: 0.0
%OL_END_REPORT
%OL_CREATE_REPORT tns.max.rpt

===========================================================================
Total Negative Slack (Setup)
============================================================================
%OL_METRIC_F timing__setup__tns__corner:nom_ss_100C_1v60 -5.259745676763664
nom_ss_100C_1v60: -5.259745676763664
%OL_END_REPORT
%OL_CREATE_REPORT wns.min.rpt

===========================================================================
Worst Negative Slack (Hold)
============================================================================
%OL_METRIC_F timing__hold__wns__corner:nom_ss_100C_1v60 0
nom_ss_100C_1v60: 0
%OL_END_REPORT
%OL_CREATE_REPORT wns.max.rpt

===========================================================================
Worst Negative Slack (Setup)
============================================================================
%OL_METRIC_F timing__setup__wns__corner:nom_ss_100C_1v60 -2.163036033732573
nom_ss_100C_1v60: -2.163036033732573
%OL_END_REPORT
%OL_CREATE_REPORT violator_list.rpt

===========================================================================
Violator List
============================================================================
[setup in-out] opcode[1] -> zero : -2.163036
[setup in-out] opcode[1] -> overflow : -1.845510
[setup in-out] opcode[1] -> result[7] : -1.251200
%OL_METRIC_I timing__hold_vio__count__corner:nom_ss_100C_1v60 0
%OL_METRIC_F timing__hold_r2r__ws__corner:nom_ss_100C_1v60 inf
%OL_METRIC_I timing__hold_r2r_vio__count__corner:nom_ss_100C_1v60 0
%OL_METRIC_I timing__setup_vio__count__corner:nom_ss_100C_1v60 3
%OL_METRIC_F timing__setup_r2r__ws__corner:nom_ss_100C_1v60 inf
%OL_METRIC_I timing__setup_r2r_vio__count__corner:nom_ss_100C_1v60 0
%OL_END_REPORT
%OL_CREATE_REPORT unpropagated.rpt
__VIRTUAL_CLK__
%OL_END_REPORT
%OL_CREATE_REPORT clock.rpt
Clock: __VIRTUAL_CLK__
Sources: 
Generated: no
Virtual: yes
Propagated: no
Period: 10.000000

===========================================================================
report_clock_properties
============================================================================
Clock                   Period          Waveform
----------------------------------------------------
__VIRTUAL_CLK__      10.000000    0.000000  5.000000

===========================================================================
report_clock_latency
============================================================================
Clock __VIRTUAL_CLK__


===========================================================================
report_clock_min_period
============================================================================
__VIRTUAL_CLK__ period_min = 0.00 fmax = inf
%OL_END_REPORT
Writing SDF files for all corners…
