
===========================================================================
report_checks -unconstrained
===========================================================================
======================= min_ff_n40C_1v95 Corner ===================================

Startpoint: opcode[1] (input port clocked by __VIRTUAL_CLK__)
Endpoint: overflow (output port clocked by __VIRTUAL_CLK__)
Path Group: __VIRTUAL_CLK__
Path Type: max

Fanout         Cap        Slew       Delay        Time   Description
---------------------------------------------------------------------------------------------
                      0.000000    0.000000    0.000000   clock __VIRTUAL_CLK__ (rise edge)
                                  0.000000    0.000000   clock network delay (ideal)
                                  2.000000    2.000000 v input external delay
     1    0.006011    0.009854    0.005648    2.005648 v opcode[1] (in)
                                                         opcode[1] (net)
                      0.009854    0.000000    2.005648 v input18/A (sky130_fd_sc_hd__buf_6)
     2    0.009088    0.018436    0.068992    2.074640 v input18/X (sky130_fd_sc_hd__buf_6)
                                                         net18 (net)
                      0.018436    0.000052    2.074692 v fanout31/A (sky130_fd_sc_hd__buf_6)
     2    0.009747    0.018830    0.072910    2.147602 v fanout31/X (sky130_fd_sc_hd__buf_6)
                                                         net31 (net)
                      0.018830    0.000305    2.147907 v _097_/A (sky130_fd_sc_hd__or3b_4)
     2    0.009025    0.052445    0.252448    2.400355 v _097_/X (sky130_fd_sc_hd__or3b_4)
                                                         _032_ (net)
                      0.052445    0.000079    2.400434 v max_cap30/A (sky130_fd_sc_hd__buf_8)
     3    0.016342    0.021504    0.092927    2.493361 v max_cap30/X (sky130_fd_sc_hd__buf_8)
                                                         net30 (net)
                      0.021504    0.000300    2.493661 v _116_/B (sky130_fd_sc_hd__xor2_2)
     2    0.013101    0.148898    0.138576    2.632237 ^ _116_/X (sky130_fd_sc_hd__xor2_2)
                                                         _051_ (net)
                      0.148898    0.000129    2.632366 ^ _117_/A_N (sky130_fd_sc_hd__and2b_2)
     1    0.006823    0.033259    0.155959    2.788325 v _117_/X (sky130_fd_sc_hd__and2b_2)
                                                         _052_ (net)
                      0.033259    0.000155    2.788480 v _121_/B1 (sky130_fd_sc_hd__a21o_4)
     4    0.016615    0.036372    0.103049    2.891529 v _121_/X (sky130_fd_sc_hd__a21o_4)
                                                         _056_ (net)
                      0.036373    0.000305    2.891834 v _125_/A3 (sky130_fd_sc_hd__a31o_4)
     3    0.011875    0.034063    0.169591    3.061424 v _125_/X (sky130_fd_sc_hd__a31o_4)
                                                         _060_ (net)
                      0.034085    0.000237    3.061662 v _127_/A1 (sky130_fd_sc_hd__a2111o_2)
     2    0.006928    0.052003    0.273015    3.334677 v _127_/X (sky130_fd_sc_hd__a2111o_2)
                                                         _062_ (net)
                      0.052003    0.000117    3.334794 v _141_/B (sky130_fd_sc_hd__and3_4)
     1    0.002682    0.023011    0.114902    3.449696 v _141_/X (sky130_fd_sc_hd__and3_4)
                                                         _076_ (net)
                      0.023011    0.000015    3.449711 v _142_/B (sky130_fd_sc_hd__or4b_4)
     3    0.014248    0.070335    0.337232    3.786943 v _142_/X (sky130_fd_sc_hd__or4b_4)
                                                         _077_ (net)
                      0.070335    0.000225    3.787168 v _145_/A1 (sky130_fd_sc_hd__a21o_2)
     1    0.004592    0.028511    0.139539    3.926707 v _145_/X (sky130_fd_sc_hd__a21o_2)
                                                         _079_ (net)
                      0.028511    0.000084    3.926790 v _146_/C (sky130_fd_sc_hd__and3_4)
     1    0.007517    0.028250    0.120406    4.047196 v _146_/X (sky130_fd_sc_hd__and3_4)
                                                         net20 (net)
                      0.028250    0.000102    4.047298 v output20/A (sky130_fd_sc_hd__buf_8)
     1    0.034762    0.029892    0.092369    4.139668 v output20/X (sky130_fd_sc_hd__buf_8)
                                                         overflow (net)
                      0.029894    0.000251    4.139919 v overflow (out)
                                              4.139919   data arrival time

                      0.000000   10.000000   10.000000   clock __VIRTUAL_CLK__ (rise edge)
                                  0.000000   10.000000   clock network delay (ideal)
                                 -0.250000    9.750000   clock uncertainty
                                  0.000000    9.750000   clock reconvergence pessimism
                                 -2.000000    7.750000   output external delay
                                              7.750000   data required time
---------------------------------------------------------------------------------------------
                                              7.750000   data required time
                                             -4.139919   data arrival time
---------------------------------------------------------------------------------------------
                                              3.610081   slack (MET)




===========================================================================
report_checks --slack_max -0.01
============================================================================
======================= min_ff_n40C_1v95 Corner ===================================

No paths found.


===========================================================================
 report_check_types -max_slew -max_cap -max_fanout -violators
============================================================================
======================= min_ff_n40C_1v95 Corner ===================================



===========================================================================
report_parasitic_annotation -report_unannotated
============================================================================
Found 0 unannotated drivers.
Found 0 partially unannotated drivers.

===========================================================================
max slew violation count 0
max fanout violation count 0
max cap violation count 0
============================================================================

===========================================================================
check_setup -verbose -unconstrained_endpoints -multiple_clock -no_clock -no_input_delay -loops -generated_clocks
===========================================================================
