
===========================================================================
report_checks -path_delay max (Setup)
============================================================================
======================= nom_tt_025C_1v80 Corner ===================================

Startpoint: opcode[1] (input port clocked by __VIRTUAL_CLK__)
Endpoint: zero (output port clocked by __VIRTUAL_CLK__)
Path Group: __VIRTUAL_CLK__
Path Type: max

Fanout         Cap        Slew       Delay        Time   Description
---------------------------------------------------------------------------------------------
                      0.000000    0.000000    0.000000   clock __VIRTUAL_CLK__ (rise edge)
                                  0.000000    0.000000   clock network delay (ideal)
                                  2.000000    2.000000 v input external delay
     1    0.005521    0.014738    0.009369    2.009369 v opcode[1] (in)
                                                         opcode[1] (net)
                      0.014743    0.000000    2.009369 v input18/A (sky130_fd_sc_hd__buf_6)
     2    0.008408    0.024167    0.105276    2.114645 v input18/X (sky130_fd_sc_hd__buf_6)
                                                         net18 (net)
                      0.024167    0.000015    2.114660 v fanout31/A (sky130_fd_sc_hd__buf_6)
     2    0.007187    0.023338    0.107937    2.222598 v fanout31/X (sky130_fd_sc_hd__buf_6)
                                                         net31 (net)
                      0.023338    0.000077    2.222675 v _097_/A (sky130_fd_sc_hd__or3b_4)
     2    0.008776    0.076202    0.412028    2.634703 v _097_/X (sky130_fd_sc_hd__or3b_4)
                                                         _032_ (net)
                      0.076202    0.000016    2.634720 v max_cap30/A (sky130_fd_sc_hd__buf_8)
     3    0.014231    0.027350    0.140066    2.774785 v max_cap30/X (sky130_fd_sc_hd__buf_8)
                                                         net30 (net)
                      0.027350    0.000165    2.774950 v _116_/B (sky130_fd_sc_hd__xor2_2)
     2    0.012121    0.194533    0.185265    2.960215 ^ _116_/X (sky130_fd_sc_hd__xor2_2)
                                                         _051_ (net)
                      0.194533    0.000039    2.960254 ^ _117_/A_N (sky130_fd_sc_hd__and2b_2)
     1    0.005387    0.042208    0.261027    3.221281 v _117_/X (sky130_fd_sc_hd__and2b_2)
                                                         _052_ (net)
                      0.042208    0.000038    3.221319 v _121_/B1 (sky130_fd_sc_hd__a21o_4)
     4    0.015067    0.047167    0.206577    3.427896 v _121_/X (sky130_fd_sc_hd__a21o_4)
                                                         _056_ (net)
                      0.047167    0.000092    3.427989 v _125_/A3 (sky130_fd_sc_hd__a31o_4)
     3    0.009940    0.042358    0.257489    3.685477 v _125_/X (sky130_fd_sc_hd__a31o_4)
                                                         _060_ (net)
                      0.042358    0.000100    3.685577 v _127_/A1 (sky130_fd_sc_hd__a2111o_2)
     2    0.005484    0.070424    0.442268    4.127845 v _127_/X (sky130_fd_sc_hd__a2111o_2)
                                                         _062_ (net)
                      0.070424    0.000032    4.127876 v _141_/B (sky130_fd_sc_hd__and3_4)
     1    0.002612    0.030427    0.177578    4.305454 v _141_/X (sky130_fd_sc_hd__and3_4)
                                                         _076_ (net)
                      0.030427    0.000004    4.305458 v _142_/B (sky130_fd_sc_hd__or4b_4)
     3    0.012659    0.098988    0.558931    4.864389 v _142_/X (sky130_fd_sc_hd__or4b_4)
                                                         _077_ (net)
                      0.098988    0.000057    4.864446 v _144_/B1 (sky130_fd_sc_hd__o21a_4)
     2    0.009426    0.041560    0.150764    5.015210 v _144_/X (sky130_fd_sc_hd__o21a_4)
                                                         net28 (net)
                      0.041560    0.000013    5.015223 v _193_/B1 (sky130_fd_sc_hd__a211oi_2)
     1    0.005668    0.188639    0.223972    5.239195 ^ _193_/Y (sky130_fd_sc_hd__a211oi_2)
                                                         net29 (net)
                      0.188639    0.000019    5.239213 ^ output29/A (sky130_fd_sc_hd__buf_6)
     1    0.034155    0.077637    0.173732    5.412945 ^ output29/X (sky130_fd_sc_hd__buf_6)
                                                         zero (net)
                      0.077637    0.000106    5.413052 ^ zero (out)
                                              5.413052   data arrival time

                      0.000000   10.000000   10.000000   clock __VIRTUAL_CLK__ (rise edge)
                                  0.000000   10.000000   clock network delay (ideal)
                                 -0.250000    9.750000   clock uncertainty
                                  0.000000    9.750000   clock reconvergence pessimism
                                 -2.000000    7.750000   output external delay
                                              7.750000   data required time
---------------------------------------------------------------------------------------------
                                              7.750000   data required time
                                             -5.413052   data arrival time
---------------------------------------------------------------------------------------------
                                              2.336948   slack (MET)


Startpoint: opcode[1] (input port clocked by __VIRTUAL_CLK__)
Endpoint: overflow (output port clocked by __VIRTUAL_CLK__)
Path Group: __VIRTUAL_CLK__
Path Type: max

Fanout         Cap        Slew       Delay        Time   Description
---------------------------------------------------------------------------------------------
                      0.000000    0.000000    0.000000   clock __VIRTUAL_CLK__ (rise edge)
                                  0.000000    0.000000   clock network delay (ideal)
                                  2.000000    2.000000 v input external delay
     1    0.005521    0.014738    0.009369    2.009369 v opcode[1] (in)
                                                         opcode[1] (net)
                      0.014743    0.000000    2.009369 v input18/A (sky130_fd_sc_hd__buf_6)
     2    0.008408    0.024167    0.105276    2.114645 v input18/X (sky130_fd_sc_hd__buf_6)
                                                         net18 (net)
                      0.024167    0.000015    2.114660 v fanout31/A (sky130_fd_sc_hd__buf_6)
     2    0.007187    0.023338    0.107937    2.222598 v fanout31/X (sky130_fd_sc_hd__buf_6)
                                                         net31 (net)
                      0.023338    0.000077    2.222675 v _097_/A (sky130_fd_sc_hd__or3b_4)
     2    0.008776    0.076202    0.412028    2.634703 v _097_/X (sky130_fd_sc_hd__or3b_4)
                                                         _032_ (net)
                      0.076202    0.000016    2.634720 v max_cap30/A (sky130_fd_sc_hd__buf_8)
     3    0.014231    0.027350    0.140066    2.774785 v max_cap30/X (sky130_fd_sc_hd__buf_8)
                                                         net30 (net)
                      0.027350    0.000165    2.774950 v _116_/B (sky130_fd_sc_hd__xor2_2)
     2    0.012121    0.194533    0.185265    2.960215 ^ _116_/X (sky130_fd_sc_hd__xor2_2)
                                                         _051_ (net)
                      0.194533    0.000039    2.960254 ^ _117_/A_N (sky130_fd_sc_hd__and2b_2)
     1    0.005387    0.042208    0.261027    3.221281 v _117_/X (sky130_fd_sc_hd__and2b_2)
                                                         _052_ (net)
                      0.042208    0.000038    3.221319 v _121_/B1 (sky130_fd_sc_hd__a21o_4)
     4    0.015067    0.047167    0.206577    3.427896 v _121_/X (sky130_fd_sc_hd__a21o_4)
                                                         _056_ (net)
                      0.047167    0.000092    3.427989 v _125_/A3 (sky130_fd_sc_hd__a31o_4)
     3    0.009940    0.042358    0.257489    3.685477 v _125_/X (sky130_fd_sc_hd__a31o_4)
                                                         _060_ (net)
                      0.042358    0.000100    3.685577 v _127_/A1 (sky130_fd_sc_hd__a2111o_2)
     2    0.005484    0.070424    0.442268    4.127845 v _127_/X (sky130_fd_sc_hd__a2111o_2)
                                                         _062_ (net)
                      0.070424    0.000032    4.127876 v _141_/B (sky130_fd_sc_hd__and3_4)
     1    0.002612    0.030427    0.177578    4.305454 v _141_/X (sky130_fd_sc_hd__and3_4)
                                                         _076_ (net)
                      0.030427    0.000004    4.305458 v _142_/B (sky130_fd_sc_hd__or4b_4)
     3    0.012659    0.098988    0.558931    4.864389 v _142_/X (sky130_fd_sc_hd__or4b_4)
                                                         _077_ (net)
                      0.098988    0.000072    4.864461 v _145_/A1 (sky130_fd_sc_hd__a21o_2)
     1    0.003561    0.035646    0.215868    5.080329 v _145_/X (sky130_fd_sc_hd__a21o_2)
                                                         _079_ (net)
                      0.035646    0.000020    5.080348 v _146_/C (sky130_fd_sc_hd__and3_4)
     1    0.007338    0.036632    0.183806    5.264154 v _146_/X (sky130_fd_sc_hd__and3_4)
                                                         net20 (net)
                      0.036632    0.000033    5.264187 v output20/A (sky130_fd_sc_hd__buf_8)
     1    0.034487    0.039873    0.137093    5.401280 v output20/X (sky130_fd_sc_hd__buf_8)
                                                         overflow (net)
                      0.039873    0.000172    5.401453 v overflow (out)
                                              5.401453   data arrival time

                      0.000000   10.000000   10.000000   clock __VIRTUAL_CLK__ (rise edge)
                                  0.000000   10.000000   clock network delay (ideal)
                                 -0.250000    9.750000   clock uncertainty
                                  0.000000    9.750000   clock reconvergence pessimism
                                 -2.000000    7.750000   output external delay
                                              7.750000   data required time
---------------------------------------------------------------------------------------------
                                              7.750000   data required time
                                             -5.401453   data arrival time
---------------------------------------------------------------------------------------------
                                              2.348547   slack (MET)


Startpoint: opcode[1] (input port clocked by __VIRTUAL_CLK__)
Endpoint: result[7] (output port clocked by __VIRTUAL_CLK__)
Path Group: __VIRTUAL_CLK__
Path Type: max

Fanout         Cap        Slew       Delay        Time   Description
---------------------------------------------------------------------------------------------
                      0.000000    0.000000    0.000000   clock __VIRTUAL_CLK__ (rise edge)
                                  0.000000    0.000000   clock network delay (ideal)
                                  2.000000    2.000000 v input external delay
     1    0.005521    0.014738    0.009369    2.009369 v opcode[1] (in)
                                                         opcode[1] (net)
                      0.014743    0.000000    2.009369 v input18/A (sky130_fd_sc_hd__buf_6)
     2    0.008408    0.024167    0.105276    2.114645 v input18/X (sky130_fd_sc_hd__buf_6)
                                                         net18 (net)
                      0.024167    0.000015    2.114660 v fanout31/A (sky130_fd_sc_hd__buf_6)
     2    0.007187    0.023338    0.107937    2.222598 v fanout31/X (sky130_fd_sc_hd__buf_6)
                                                         net31 (net)
                      0.023338    0.000077    2.222675 v _097_/A (sky130_fd_sc_hd__or3b_4)
     2    0.008776    0.076202    0.412028    2.634703 v _097_/X (sky130_fd_sc_hd__or3b_4)
                                                         _032_ (net)
                      0.076202    0.000016    2.634720 v max_cap30/A (sky130_fd_sc_hd__buf_8)
     3    0.014231    0.027350    0.140066    2.774785 v max_cap30/X (sky130_fd_sc_hd__buf_8)
                                                         net30 (net)
                      0.027350    0.000165    2.774950 v _116_/B (sky130_fd_sc_hd__xor2_2)
     2    0.012121    0.194533    0.185265    2.960215 ^ _116_/X (sky130_fd_sc_hd__xor2_2)
                                                         _051_ (net)
                      0.194533    0.000039    2.960254 ^ _117_/A_N (sky130_fd_sc_hd__and2b_2)
     1    0.005387    0.042208    0.261027    3.221281 v _117_/X (sky130_fd_sc_hd__and2b_2)
                                                         _052_ (net)
                      0.042208    0.000038    3.221319 v _121_/B1 (sky130_fd_sc_hd__a21o_4)
     4    0.015067    0.047167    0.206577    3.427896 v _121_/X (sky130_fd_sc_hd__a21o_4)
                                                         _056_ (net)
                      0.047167    0.000092    3.427989 v _125_/A3 (sky130_fd_sc_hd__a31o_4)
     3    0.009940    0.042358    0.257489    3.685477 v _125_/X (sky130_fd_sc_hd__a31o_4)
                                                         _060_ (net)
                      0.042358    0.000100    3.685577 v _127_/A1 (sky130_fd_sc_hd__a2111o_2)
     2    0.005484    0.070424    0.442268    4.127845 v _127_/X (sky130_fd_sc_hd__a2111o_2)
                                                         _062_ (net)
                      0.070424    0.000032    4.127876 v _141_/B (sky130_fd_sc_hd__and3_4)
     1    0.002612    0.030427    0.177578    4.305454 v _141_/X (sky130_fd_sc_hd__and3_4)
                                                         _076_ (net)
                      0.030427    0.000004    4.305458 v _142_/B (sky130_fd_sc_hd__or4b_4)
     3    0.012659    0.098988    0.558931    4.864389 v _142_/X (sky130_fd_sc_hd__or4b_4)
                                                         _077_ (net)
                      0.098988    0.000057    4.864446 v _144_/B1 (sky130_fd_sc_hd__o21a_4)
     2    0.009426    0.041560    0.150764    5.015210 v _144_/X (sky130_fd_sc_hd__o21a_4)
                                                         net28 (net)
                      0.041560    0.000011    5.015220 v output28/A (sky130_fd_sc_hd__buf_6)
     1    0.034207    0.043530    0.142089    5.157309 v output28/X (sky130_fd_sc_hd__buf_6)
                                                         result[7] (net)
                      0.043530    0.000119    5.157428 v result[7] (out)
                                              5.157428   data arrival time

                      0.000000   10.000000   10.000000   clock __VIRTUAL_CLK__ (rise edge)
                                  0.000000   10.000000   clock network delay (ideal)
                                 -0.250000    9.750000   clock uncertainty
                                  0.000000    9.750000   clock reconvergence pessimism
                                 -2.000000    7.750000   output external delay
                                              7.750000   data required time
---------------------------------------------------------------------------------------------
                                              7.750000   data required time
                                             -5.157428   data arrival time
---------------------------------------------------------------------------------------------
                                              2.592572   slack (MET)


Startpoint: opcode[1] (input port clocked by __VIRTUAL_CLK__)
Endpoint: result[5] (output port clocked by __VIRTUAL_CLK__)
Path Group: __VIRTUAL_CLK__
Path Type: max

Fanout         Cap        Slew       Delay        Time   Description
---------------------------------------------------------------------------------------------
                      0.000000    0.000000    0.000000   clock __VIRTUAL_CLK__ (rise edge)
                                  0.000000    0.000000   clock network delay (ideal)
                                  2.000000    2.000000 v input external delay
     1    0.005521    0.014738    0.009369    2.009369 v opcode[1] (in)
                                                         opcode[1] (net)
                      0.014743    0.000000    2.009369 v input18/A (sky130_fd_sc_hd__buf_6)
     2    0.008408    0.024167    0.105276    2.114645 v input18/X (sky130_fd_sc_hd__buf_6)
                                                         net18 (net)
                      0.024167    0.000015    2.114660 v fanout31/A (sky130_fd_sc_hd__buf_6)
     2    0.007187    0.023338    0.107937    2.222598 v fanout31/X (sky130_fd_sc_hd__buf_6)
                                                         net31 (net)
                      0.023338    0.000077    2.222675 v _097_/A (sky130_fd_sc_hd__or3b_4)
     2    0.008776    0.076202    0.412028    2.634703 v _097_/X (sky130_fd_sc_hd__or3b_4)
                                                         _032_ (net)
                      0.076202    0.000016    2.634720 v max_cap30/A (sky130_fd_sc_hd__buf_8)
     3    0.014231    0.027350    0.140066    2.774785 v max_cap30/X (sky130_fd_sc_hd__buf_8)
                                                         net30 (net)
                      0.027350    0.000165    2.774950 v _116_/B (sky130_fd_sc_hd__xor2_2)
     2    0.012121    0.194533    0.185265    2.960215 ^ _116_/X (sky130_fd_sc_hd__xor2_2)
                                                         _051_ (net)
                      0.194533    0.000039    2.960254 ^ _117_/A_N (sky130_fd_sc_hd__and2b_2)
     1    0.005387    0.042208    0.261027    3.221281 v _117_/X (sky130_fd_sc_hd__and2b_2)
                                                         _052_ (net)
                      0.042208    0.000038    3.221319 v _121_/B1 (sky130_fd_sc_hd__a21o_4)
     4    0.015067    0.047167    0.206577    3.427896 v _121_/X (sky130_fd_sc_hd__a21o_4)
                                                         _056_ (net)
                      0.047167    0.000092    3.427989 v _125_/A3 (sky130_fd_sc_hd__a31o_4)
     3    0.009940    0.042358    0.257489    3.685477 v _125_/X (sky130_fd_sc_hd__a31o_4)
                                                         _060_ (net)
                      0.042358    0.000091    3.685568 v _126_/B (sky130_fd_sc_hd__and2_2)
     3    0.011617    0.056484    0.221518    3.907086 v _126_/X (sky130_fd_sc_hd__and2_2)
                                                         _061_ (net)
                      0.056484    0.000010    3.907096 v _176_/A2 (sky130_fd_sc_hd__o31a_2)
     1    0.002306    0.049145    0.330685    4.237782 v _176_/X (sky130_fd_sc_hd__o31a_2)
                                                         _012_ (net)
                      0.049145    0.000000    4.237782 v _179_/A2 (sky130_fd_sc_hd__a21o_2)
     2    0.004629    0.038778    0.222976    4.460758 v _179_/X (sky130_fd_sc_hd__a21o_2)
                                                         _015_ (net)
                      0.038778    0.000013    4.460772 v _180_/B (sky130_fd_sc_hd__and2_2)
     1    0.002619    0.035927    0.187548    4.648320 v _180_/X (sky130_fd_sc_hd__and2_2)
                                                         net26 (net)
                      0.035927    0.000012    4.648332 v output26/A (sky130_fd_sc_hd__dlymetal6s2s_1)
     1    0.034965    0.174723    0.259694    4.908025 v output26/X (sky130_fd_sc_hd__dlymetal6s2s_1)
                                                         result[5] (net)
                      0.174723    0.000263    4.908288 v result[5] (out)
                                              4.908288   data arrival time

                      0.000000   10.000000   10.000000   clock __VIRTUAL_CLK__ (rise edge)
                                  0.000000   10.000000   clock network delay (ideal)
                                 -0.250000    9.750000   clock uncertainty
                                  0.000000    9.750000   clock reconvergence pessimism
                                 -2.000000    7.750000   output external delay
                                              7.750000   data required time
---------------------------------------------------------------------------------------------
                                              7.750000   data required time
                                             -4.908288   data arrival time
---------------------------------------------------------------------------------------------
                                              2.841711   slack (MET)


Startpoint: opcode[1] (input port clocked by __VIRTUAL_CLK__)
Endpoint: result[6] (output port clocked by __VIRTUAL_CLK__)
Path Group: __VIRTUAL_CLK__
Path Type: max

Fanout         Cap        Slew       Delay        Time   Description
---------------------------------------------------------------------------------------------
                      0.000000    0.000000    0.000000   clock __VIRTUAL_CLK__ (rise edge)
                                  0.000000    0.000000   clock network delay (ideal)
                                  2.000000    2.000000 v input external delay
     1    0.005521    0.014738    0.009369    2.009369 v opcode[1] (in)
                                                         opcode[1] (net)
                      0.014743    0.000000    2.009369 v input18/A (sky130_fd_sc_hd__buf_6)
     2    0.008408    0.024167    0.105276    2.114645 v input18/X (sky130_fd_sc_hd__buf_6)
                                                         net18 (net)
                      0.024167    0.000015    2.114660 v fanout31/A (sky130_fd_sc_hd__buf_6)
     2    0.007187    0.023338    0.107937    2.222598 v fanout31/X (sky130_fd_sc_hd__buf_6)
                                                         net31 (net)
                      0.023338    0.000077    2.222675 v _097_/A (sky130_fd_sc_hd__or3b_4)
     2    0.008776    0.076202    0.412028    2.634703 v _097_/X (sky130_fd_sc_hd__or3b_4)
                                                         _032_ (net)
                      0.076202    0.000016    2.634720 v max_cap30/A (sky130_fd_sc_hd__buf_8)
     3    0.014231    0.027350    0.140066    2.774785 v max_cap30/X (sky130_fd_sc_hd__buf_8)
                                                         net30 (net)
                      0.027350    0.000165    2.774950 v _116_/B (sky130_fd_sc_hd__xor2_2)
     2    0.012121    0.194533    0.185265    2.960215 ^ _116_/X (sky130_fd_sc_hd__xor2_2)
                                                         _051_ (net)
                      0.194533    0.000039    2.960254 ^ _117_/A_N (sky130_fd_sc_hd__and2b_2)
     1    0.005387    0.042208    0.261027    3.221281 v _117_/X (sky130_fd_sc_hd__and2b_2)
                                                         _052_ (net)
                      0.042208    0.000038    3.221319 v _121_/B1 (sky130_fd_sc_hd__a21o_4)
     4    0.015067    0.047167    0.206577    3.427896 v _121_/X (sky130_fd_sc_hd__a21o_4)
                                                         _056_ (net)
                      0.047167    0.000092    3.427989 v _125_/A3 (sky130_fd_sc_hd__a31o_4)
     3    0.009940    0.042358    0.257489    3.685477 v _125_/X (sky130_fd_sc_hd__a31o_4)
                                                         _060_ (net)
                      0.042358    0.000091    3.685568 v _126_/B (sky130_fd_sc_hd__and2_2)
     3    0.011617    0.056484    0.221518    3.907086 v _126_/X (sky130_fd_sc_hd__and2_2)
                                                         _061_ (net)
                      0.056484    0.000005    3.907092 v _175_/A2 (sky130_fd_sc_hd__o21ai_2)
     3    0.010708    0.165950    0.171496    4.078588 ^ _175_/Y (sky130_fd_sc_hd__o21ai_2)
                                                         _011_ (net)
                      0.165950    0.000047    4.078634 ^ _185_/B (sky130_fd_sc_hd__nand3_2)
     1    0.002658    0.053582    0.088311    4.166945 v _185_/Y (sky130_fd_sc_hd__nand3_2)
                                                         _020_ (net)
                      0.053582    0.000005    4.166950 v _189_/A3 (sky130_fd_sc_hd__a31o_2)
     2    0.006106    0.046302    0.265723    4.432674 v _189_/X (sky130_fd_sc_hd__a31o_2)
                                                         _024_ (net)
                      0.046302    0.000003    4.432677 v _190_/B (sky130_fd_sc_hd__and2_2)
     1    0.002444    0.035478    0.190177    4.622854 v _190_/X (sky130_fd_sc_hd__and2_2)
                                                         net27 (net)
                      0.035478    0.000012    4.622866 v output27/A (sky130_fd_sc_hd__dlymetal6s2s_1)
     1    0.034416    0.172260    0.257556    4.880422 v output27/X (sky130_fd_sc_hd__dlymetal6s2s_1)
                                                         result[6] (net)
                      0.172260    0.000233    4.880655 v result[6] (out)
                                              4.880655   data arrival time

                      0.000000   10.000000   10.000000   clock __VIRTUAL_CLK__ (rise edge)
                                  0.000000   10.000000   clock network delay (ideal)
                                 -0.250000    9.750000   clock uncertainty
                                  0.000000    9.750000   clock reconvergence pessimism
                                 -2.000000    7.750000   output external delay
                                              7.750000   data required time
---------------------------------------------------------------------------------------------
                                              7.750000   data required time
                                             -4.880655   data arrival time
---------------------------------------------------------------------------------------------
                                              2.869345   slack (MET)


Startpoint: opcode[1] (input port clocked by __VIRTUAL_CLK__)
Endpoint: result[3] (output port clocked by __VIRTUAL_CLK__)
Path Group: __VIRTUAL_CLK__
Path Type: max

Fanout         Cap        Slew       Delay        Time   Description
---------------------------------------------------------------------------------------------
                      0.000000    0.000000    0.000000   clock __VIRTUAL_CLK__ (rise edge)
                                  0.000000    0.000000   clock network delay (ideal)
                                  2.000000    2.000000 v input external delay
     1    0.005521    0.014738    0.009369    2.009369 v opcode[1] (in)
                                                         opcode[1] (net)
                      0.014743    0.000000    2.009369 v input18/A (sky130_fd_sc_hd__buf_6)
     2    0.008408    0.024167    0.105276    2.114645 v input18/X (sky130_fd_sc_hd__buf_6)
                                                         net18 (net)
                      0.024167    0.000015    2.114660 v fanout31/A (sky130_fd_sc_hd__buf_6)
     2    0.007187    0.023338    0.107937    2.222598 v fanout31/X (sky130_fd_sc_hd__buf_6)
                                                         net31 (net)
                      0.023338    0.000077    2.222675 v _097_/A (sky130_fd_sc_hd__or3b_4)
     2    0.008776    0.076202    0.412028    2.634703 v _097_/X (sky130_fd_sc_hd__or3b_4)
                                                         _032_ (net)
                      0.076202    0.000016    2.634720 v max_cap30/A (sky130_fd_sc_hd__buf_8)
     3    0.014231    0.027350    0.140066    2.774785 v max_cap30/X (sky130_fd_sc_hd__buf_8)
                                                         net30 (net)
                      0.027350    0.000165    2.774950 v _116_/B (sky130_fd_sc_hd__xor2_2)
     2    0.012121    0.194533    0.185265    2.960215 ^ _116_/X (sky130_fd_sc_hd__xor2_2)
                                                         _051_ (net)
                      0.194533    0.000039    2.960254 ^ _117_/A_N (sky130_fd_sc_hd__and2b_2)
     1    0.005387    0.042208    0.261027    3.221281 v _117_/X (sky130_fd_sc_hd__and2b_2)
                                                         _052_ (net)
                      0.042208    0.000038    3.221319 v _121_/B1 (sky130_fd_sc_hd__a21o_4)
     4    0.015067    0.047167    0.206577    3.427896 v _121_/X (sky130_fd_sc_hd__a21o_4)
                                                         _056_ (net)
                      0.047167    0.000096    3.427993 v rebuffer38/A (sky130_fd_sc_hd__buf_2)
     1    0.004930    0.029288    0.127632    3.555625 v rebuffer38/X (sky130_fd_sc_hd__buf_2)
                                                         net38 (net)
                      0.029288    0.000007    3.555631 v _162_/A2 (sky130_fd_sc_hd__a21oi_2)
     2    0.007149    0.126843    0.155670    3.711301 ^ _162_/Y (sky130_fd_sc_hd__a21oi_2)
                                                         _000_ (net)
                      0.126843    0.000023    3.711324 ^ _163_/A2 (sky130_fd_sc_hd__a21oi_2)
     1    0.002797    0.054574    0.070509    3.781833 v _163_/Y (sky130_fd_sc_hd__a21oi_2)
                                                         _001_ (net)
                      0.054574    0.000006    3.781839 v _166_/B1 (sky130_fd_sc_hd__o221a_2)
     1    0.002042    0.040711    0.249089    4.030929 v _166_/X (sky130_fd_sc_hd__o221a_2)
                                                         _004_ (net)
                      0.040711    0.000006    4.030934 v _167_/A1_N (sky130_fd_sc_hd__o2bb2a_2)
     2    0.006424    0.055648    0.264691    4.295625 ^ _167_/X (sky130_fd_sc_hd__o2bb2a_2)
                                                         net24 (net)
                      0.055648    0.000002    4.295627 ^ output24/A (sky130_fd_sc_hd__clkdlybuf4s25_1)
     1    0.034398    0.346968    0.487484    4.783111 ^ output24/X (sky130_fd_sc_hd__clkdlybuf4s25_1)
                                                         result[3] (net)
                      0.346968    0.000172    4.783283 ^ result[3] (out)
                                              4.783283   data arrival time

                      0.000000   10.000000   10.000000   clock __VIRTUAL_CLK__ (rise edge)
                                  0.000000   10.000000   clock network delay (ideal)
                                 -0.250000    9.750000   clock uncertainty
                                  0.000000    9.750000   clock reconvergence pessimism
                                 -2.000000    7.750000   output external delay
                                              7.750000   data required time
---------------------------------------------------------------------------------------------
                                              7.750000   data required time
                                             -4.783283   data arrival time
---------------------------------------------------------------------------------------------
                                              2.966717   slack (MET)


Startpoint: opcode[1] (input port clocked by __VIRTUAL_CLK__)
Endpoint: result[4] (output port clocked by __VIRTUAL_CLK__)
Path Group: __VIRTUAL_CLK__
Path Type: max

Fanout         Cap        Slew       Delay        Time   Description
---------------------------------------------------------------------------------------------
                      0.000000    0.000000    0.000000   clock __VIRTUAL_CLK__ (rise edge)
                                  0.000000    0.000000   clock network delay (ideal)
                                  2.000000    2.000000 v input external delay
     1    0.005521    0.014738    0.009369    2.009369 v opcode[1] (in)
                                                         opcode[1] (net)
                      0.014743    0.000000    2.009369 v input18/A (sky130_fd_sc_hd__buf_6)
     2    0.008408    0.024167    0.105276    2.114645 v input18/X (sky130_fd_sc_hd__buf_6)
                                                         net18 (net)
                      0.024167    0.000015    2.114660 v fanout31/A (sky130_fd_sc_hd__buf_6)
     2    0.007187    0.023338    0.107937    2.222598 v fanout31/X (sky130_fd_sc_hd__buf_6)
                                                         net31 (net)
                      0.023338    0.000077    2.222675 v _097_/A (sky130_fd_sc_hd__or3b_4)
     2    0.008776    0.076202    0.412028    2.634703 v _097_/X (sky130_fd_sc_hd__or3b_4)
                                                         _032_ (net)
                      0.076202    0.000016    2.634720 v max_cap30/A (sky130_fd_sc_hd__buf_8)
     3    0.014231    0.027350    0.140066    2.774785 v max_cap30/X (sky130_fd_sc_hd__buf_8)
                                                         net30 (net)
                      0.027350    0.000058    2.774843 v rebuffer39/A (sky130_fd_sc_hd__buf_2)
     2    0.013533    0.046083    0.140871    2.915714 v rebuffer39/X (sky130_fd_sc_hd__buf_2)
                                                         net39 (net)
                      0.046083    0.000043    2.915757 v _111_/B (sky130_fd_sc_hd__xor2_2)
     3    0.008622    0.065533    0.160286    3.076043 v _111_/X (sky130_fd_sc_hd__xor2_2)
                                                         _046_ (net)
                      0.065533    0.000007    3.076050 v _114_/B (sky130_fd_sc_hd__and2_2)
     1    0.004588    0.041404    0.209117    3.285167 v _114_/X (sky130_fd_sc_hd__and2_2)
                                                         _049_ (net)
                      0.041404    0.000011    3.285178 v _115_/B (sky130_fd_sc_hd__nor2_2)
     5    0.019960    0.237311    0.207013    3.492191 ^ _115_/Y (sky130_fd_sc_hd__nor2_2)
                                                         _050_ (net)
                      0.237311    0.000083    3.492274 ^ _125_/A1 (sky130_fd_sc_hd__a31o_4)
     3    0.010860    0.054801    0.208701    3.700975 ^ _125_/X (sky130_fd_sc_hd__a31o_4)
                                                         _060_ (net)
                      0.054801    0.000100    3.701075 ^ _126_/B (sky130_fd_sc_hd__and2_2)
     3    0.012942    0.084854    0.181815    3.882890 ^ _126_/X (sky130_fd_sc_hd__and2_2)
                                                         _061_ (net)
                      0.084854    0.000024    3.882915 ^ _169_/A (sky130_fd_sc_hd__nor2_2)
     1    0.003077    0.028224    0.046948    3.929862 v _169_/Y (sky130_fd_sc_hd__nor2_2)
                                                         _006_ (net)
                      0.028224    0.000013    3.929876 v _172_/A1 (sky130_fd_sc_hd__o32a_2)
     2    0.005834    0.063206    0.401296    4.331172 v _172_/X (sky130_fd_sc_hd__o32a_2)
                                                         net25 (net)
                      0.063206    0.000018    4.331189 v output25/A (sky130_fd_sc_hd__clkdlybuf4s25_1)
     1    0.034607    0.257575    0.445616    4.776805 v output25/X (sky130_fd_sc_hd__clkdlybuf4s25_1)
                                                         result[4] (net)
                      0.257575    0.000223    4.777029 v result[4] (out)
                                              4.777029   data arrival time

                      0.000000   10.000000   10.000000   clock __VIRTUAL_CLK__ (rise edge)
                                  0.000000   10.000000   clock network delay (ideal)
                                 -0.250000    9.750000   clock uncertainty
                                  0.000000    9.750000   clock reconvergence pessimism
                                 -2.000000    7.750000   output external delay
                                              7.750000   data required time
---------------------------------------------------------------------------------------------
                                              7.750000   data required time
                                             -4.777029   data arrival time
---------------------------------------------------------------------------------------------
                                              2.972971   slack (MET)


Startpoint: opcode[1] (input port clocked by __VIRTUAL_CLK__)
Endpoint: result[2] (output port clocked by __VIRTUAL_CLK__)
Path Group: __VIRTUAL_CLK__
Path Type: max

Fanout         Cap        Slew       Delay        Time   Description
---------------------------------------------------------------------------------------------
                      0.000000    0.000000    0.000000   clock __VIRTUAL_CLK__ (rise edge)
                                  0.000000    0.000000   clock network delay (ideal)
                                  2.000000    2.000000 v input external delay
     1    0.005521    0.014738    0.009369    2.009369 v opcode[1] (in)
                                                         opcode[1] (net)
                      0.014743    0.000000    2.009369 v input18/A (sky130_fd_sc_hd__buf_6)
     2    0.008408    0.024167    0.105276    2.114645 v input18/X (sky130_fd_sc_hd__buf_6)
                                                         net18 (net)
                      0.024167    0.000015    2.114660 v fanout31/A (sky130_fd_sc_hd__buf_6)
     2    0.007187    0.023338    0.107937    2.222598 v fanout31/X (sky130_fd_sc_hd__buf_6)
                                                         net31 (net)
                      0.023338    0.000077    2.222675 v _097_/A (sky130_fd_sc_hd__or3b_4)
     2    0.008776    0.076202    0.412028    2.634703 v _097_/X (sky130_fd_sc_hd__or3b_4)
                                                         _032_ (net)
                      0.076202    0.000016    2.634720 v max_cap30/A (sky130_fd_sc_hd__buf_8)
     3    0.014231    0.027350    0.140066    2.774785 v max_cap30/X (sky130_fd_sc_hd__buf_8)
                                                         net30 (net)
                      0.027350    0.000058    2.774843 v rebuffer39/A (sky130_fd_sc_hd__buf_2)
     2    0.013533    0.046083    0.140871    2.915714 v rebuffer39/X (sky130_fd_sc_hd__buf_2)
                                                         net39 (net)
                      0.046083    0.000043    2.915757 v _111_/B (sky130_fd_sc_hd__xor2_2)
     3    0.008622    0.065533    0.160286    3.076043 v _111_/X (sky130_fd_sc_hd__xor2_2)
                                                         _046_ (net)
                      0.065533    0.000007    3.076050 v _114_/B (sky130_fd_sc_hd__and2_2)
     1    0.004588    0.041404    0.209117    3.285167 v _114_/X (sky130_fd_sc_hd__and2_2)
                                                         _049_ (net)
                      0.041404    0.000011    3.285178 v _115_/B (sky130_fd_sc_hd__nor2_2)
     5    0.019960    0.237311    0.207013    3.492191 ^ _115_/Y (sky130_fd_sc_hd__nor2_2)
                                                         _050_ (net)
                      0.237311    0.000105    3.492296 ^ _157_/A1 (sky130_fd_sc_hd__a21oi_2)
     1    0.002960    0.059225    0.082105    3.574401 v _157_/Y (sky130_fd_sc_hd__a21oi_2)
                                                         _088_ (net)
                      0.059225    0.000008    3.574409 v _158_/B1 (sky130_fd_sc_hd__o21a_2)
     1    0.002950    0.033577    0.121632    3.696041 v _158_/X (sky130_fd_sc_hd__o21a_2)
                                                         _089_ (net)
                      0.033577    0.000010    3.696051 v _161_/A1 (sky130_fd_sc_hd__o32a_2)
     2    0.004229    0.059071    0.396212    4.092263 v _161_/X (sky130_fd_sc_hd__o32a_2)
                                                         net23 (net)
                      0.059071    0.000007    4.092269 v output23/A (sky130_fd_sc_hd__clkdlybuf4s25_1)
     1    0.034744    0.258635    0.444419    4.536688 v output23/X (sky130_fd_sc_hd__clkdlybuf4s25_1)
                                                         result[2] (net)
                      0.258635    0.000304    4.536992 v result[2] (out)
                                              4.536992   data arrival time

                      0.000000   10.000000   10.000000   clock __VIRTUAL_CLK__ (rise edge)
                                  0.000000   10.000000   clock network delay (ideal)
                                 -0.250000    9.750000   clock uncertainty
                                  0.000000    9.750000   clock reconvergence pessimism
                                 -2.000000    7.750000   output external delay
                                              7.750000   data required time
---------------------------------------------------------------------------------------------
                                              7.750000   data required time
                                             -4.536992   data arrival time
---------------------------------------------------------------------------------------------
                                              3.213008   slack (MET)


Startpoint: opcode[1] (input port clocked by __VIRTUAL_CLK__)
Endpoint: result[1] (output port clocked by __VIRTUAL_CLK__)
Path Group: __VIRTUAL_CLK__
Path Type: max

Fanout         Cap        Slew       Delay        Time   Description
---------------------------------------------------------------------------------------------
                      0.000000    0.000000    0.000000   clock __VIRTUAL_CLK__ (rise edge)
                                  0.000000    0.000000   clock network delay (ideal)
                                  2.000000    2.000000 v input external delay
     1    0.005521    0.014738    0.009369    2.009369 v opcode[1] (in)
                                                         opcode[1] (net)
                      0.014743    0.000000    2.009369 v input18/A (sky130_fd_sc_hd__buf_6)
     2    0.008408    0.024167    0.105276    2.114645 v input18/X (sky130_fd_sc_hd__buf_6)
                                                         net18 (net)
                      0.024167    0.000015    2.114660 v fanout31/A (sky130_fd_sc_hd__buf_6)
     2    0.007187    0.023338    0.107937    2.222598 v fanout31/X (sky130_fd_sc_hd__buf_6)
                                                         net31 (net)
                      0.023338    0.000077    2.222675 v _097_/A (sky130_fd_sc_hd__or3b_4)
     2    0.008776    0.076202    0.412028    2.634703 v _097_/X (sky130_fd_sc_hd__or3b_4)
                                                         _032_ (net)
                      0.076202    0.000016    2.634720 v max_cap30/A (sky130_fd_sc_hd__buf_8)
     3    0.014231    0.027350    0.140066    2.774785 v max_cap30/X (sky130_fd_sc_hd__buf_8)
                                                         net30 (net)
                      0.027350    0.000165    2.774950 v _116_/B (sky130_fd_sc_hd__xor2_2)
     2    0.011276    0.072422    0.160483    2.935434 v _116_/X (sky130_fd_sc_hd__xor2_2)
                                                         _051_ (net)
                      0.072422    0.000022    2.935456 v _118_/A (sky130_fd_sc_hd__xnor2_2)
     4    0.014455    0.234781    0.255001    3.190456 ^ _118_/Y (sky130_fd_sc_hd__xnor2_2)
                                                         _053_ (net)
                      0.234781    0.000017    3.190473 ^ _152_/A1 (sky130_fd_sc_hd__a21oi_2)
     1    0.002616    0.057404    0.079738    3.270211 v _152_/Y (sky130_fd_sc_hd__a21oi_2)
                                                         _084_ (net)
                      0.057404    0.000003    3.270214 v _153_/B1 (sky130_fd_sc_hd__o21a_2)
     1    0.002803    0.033075    0.120145    3.390359 v _153_/X (sky130_fd_sc_hd__o21a_2)
                                                         _085_ (net)
                      0.033075    0.000015    3.390374 v _156_/A (sky130_fd_sc_hd__or3_2)
     2    0.004665    0.084746    0.498406    3.888780 v _156_/X (sky130_fd_sc_hd__or3_2)
                                                         net22 (net)
                      0.084746    0.000012    3.888793 v output22/A (sky130_fd_sc_hd__clkdlybuf4s25_1)
     1    0.034500    0.256489    0.454931    4.343723 v output22/X (sky130_fd_sc_hd__clkdlybuf4s25_1)
                                                         result[1] (net)
                      0.256489    0.000170    4.343893 v result[1] (out)
                                              4.343893   data arrival time

                      0.000000   10.000000   10.000000   clock __VIRTUAL_CLK__ (rise edge)
                                  0.000000   10.000000   clock network delay (ideal)
                                 -0.250000    9.750000   clock uncertainty
                                  0.000000    9.750000   clock reconvergence pessimism
                                 -2.000000    7.750000   output external delay
                                              7.750000   data required time
---------------------------------------------------------------------------------------------
                                              7.750000   data required time
                                             -4.343893   data arrival time
---------------------------------------------------------------------------------------------
                                              3.406107   slack (MET)


Startpoint: opcode[1] (input port clocked by __VIRTUAL_CLK__)
Endpoint: result[0] (output port clocked by __VIRTUAL_CLK__)
Path Group: __VIRTUAL_CLK__
Path Type: max

Fanout         Cap        Slew       Delay        Time   Description
---------------------------------------------------------------------------------------------
                      0.000000    0.000000    0.000000   clock __VIRTUAL_CLK__ (rise edge)
                                  0.000000    0.000000   clock network delay (ideal)
                                  2.000000    2.000000 v input external delay
     1    0.005521    0.014738    0.009369    2.009369 v opcode[1] (in)
                                                         opcode[1] (net)
                      0.014743    0.000000    2.009369 v input18/A (sky130_fd_sc_hd__buf_6)
     2    0.008408    0.024167    0.105276    2.114645 v input18/X (sky130_fd_sc_hd__buf_6)
                                                         net18 (net)
                      0.024167    0.000015    2.114660 v fanout31/A (sky130_fd_sc_hd__buf_6)
     2    0.007187    0.023338    0.107937    2.222598 v fanout31/X (sky130_fd_sc_hd__buf_6)
                                                         net31 (net)
                      0.023338    0.000035    2.222632 v rebuffer34/A (sky130_fd_sc_hd__buf_2)
     9    0.027854    0.075759    0.167071    2.389703 v rebuffer34/X (sky130_fd_sc_hd__buf_2)
                                                         net34 (net)
                      0.075759    0.000288    2.389991 v _095_/B (sky130_fd_sc_hd__and2_2)
     8    0.027948    0.089746    0.275327    2.665318 v _095_/X (sky130_fd_sc_hd__and2_2)
                                                         _030_ (net)
                      0.089746    0.000043    2.665360 v _150_/B1 (sky130_fd_sc_hd__a31o_2)
     1    0.002664    0.037049    0.233817    2.899178 v _150_/X (sky130_fd_sc_hd__a31o_2)
                                                         _083_ (net)
                      0.037049    0.000007    2.899185 v _151_/A3 (sky130_fd_sc_hd__o32a_2)
     2    0.004688    0.059274    0.339043    3.238228 v _151_/X (sky130_fd_sc_hd__o32a_2)
                                                         net21 (net)
                      0.059274    0.000014    3.238242 v output21/A (sky130_fd_sc_hd__clkdlybuf4s25_1)
     1    0.034369    0.255911    0.442564    3.680806 v output21/X (sky130_fd_sc_hd__clkdlybuf4s25_1)
                                                         result[0] (net)
                      0.255911    0.000138    3.680944 v result[0] (out)
                                              3.680944   data arrival time

                      0.000000   10.000000   10.000000   clock __VIRTUAL_CLK__ (rise edge)
                                  0.000000   10.000000   clock network delay (ideal)
                                 -0.250000    9.750000   clock uncertainty
                                  0.000000    9.750000   clock reconvergence pessimism
                                 -2.000000    7.750000   output external delay
                                              7.750000   data required time
---------------------------------------------------------------------------------------------
                                              7.750000   data required time
                                             -3.680944   data arrival time
---------------------------------------------------------------------------------------------
                                              4.069056   slack (MET)



