
===========================================================================
report_checks -unconstrained
===========================================================================
======================= nom_tt_025C_1v80 Corner ===================================

Startpoint: opcode[1] (input port clocked by __VIRTUAL_CLK__)
Endpoint: zero (output port clocked by __VIRTUAL_CLK__)
Path Group: __VIRTUAL_CLK__
Path Type: max

Fanout         Cap        Slew       Delay        Time   Description
---------------------------------------------------------------------------------------------
                      0.000000    0.000000    0.000000   clock __VIRTUAL_CLK__ (rise edge)
                                  0.000000    0.000000   clock network delay (ideal)
                                  2.000000    2.000000 v input external delay
     1    0.006116    0.016042    0.010429    2.010429 v opcode[1] (in)
                                                         opcode[1] (net)
                      0.016043    0.000000    2.010429 v input18/A (sky130_fd_sc_hd__buf_6)
     2    0.009220    0.024785    0.106736    2.117165 v input18/X (sky130_fd_sc_hd__buf_6)
                                                         net18 (net)
                      0.024785    0.000167    2.117332 v fanout31/A (sky130_fd_sc_hd__buf_6)
     2    0.010307    0.025619    0.111764    2.229096 v fanout31/X (sky130_fd_sc_hd__buf_6)
                                                         net31 (net)
                      0.025629    0.000533    2.229629 v _097_/A (sky130_fd_sc_hd__or3b_4)
     2    0.008983    0.074760    0.413559    2.643188 v _097_/X (sky130_fd_sc_hd__or3b_4)
                                                         _032_ (net)
                      0.074760    0.000249    2.643437 v max_cap30/A (sky130_fd_sc_hd__buf_8)
     3    0.016793    0.028795    0.141198    2.784635 v max_cap30/X (sky130_fd_sc_hd__buf_8)
                                                         net30 (net)
                      0.028795    0.000617    2.785253 v _116_/B (sky130_fd_sc_hd__xor2_2)
     2    0.013337    0.200534    0.195907    2.981159 ^ _116_/X (sky130_fd_sc_hd__xor2_2)
                                                         _051_ (net)
                      0.200534    0.000318    2.981477 ^ _117_/A_N (sky130_fd_sc_hd__and2b_2)
     1    0.007034    0.045756    0.267782    3.249259 v _117_/X (sky130_fd_sc_hd__and2b_2)
                                                         _052_ (net)
                      0.045756    0.000322    3.249581 v _121_/B1 (sky130_fd_sc_hd__a21o_4)
     4    0.016865    0.049328    0.211241    3.460821 v _121_/X (sky130_fd_sc_hd__a21o_4)
                                                         _056_ (net)
                      0.049328    0.000607    3.461429 v _125_/A3 (sky130_fd_sc_hd__a31o_4)
     3    0.012228    0.045567    0.263315    3.724743 v _125_/X (sky130_fd_sc_hd__a31o_4)
                                                         _060_ (net)
                      0.045605    0.000435    3.725179 v _127_/A1 (sky130_fd_sc_hd__a2111o_2)
     2    0.007225    0.074864    0.451822    4.177001 v _127_/X (sky130_fd_sc_hd__a2111o_2)
                                                         _062_ (net)
                      0.074864    0.000242    4.177243 v _141_/B (sky130_fd_sc_hd__and3_4)
     1    0.002726    0.030355    0.180027    4.357270 v _141_/X (sky130_fd_sc_hd__and3_4)
                                                         _076_ (net)
                      0.030355    0.000059    4.357328 v _142_/B (sky130_fd_sc_hd__or4b_4)
     3    0.014536    0.102693    0.565814    4.923142 v _142_/X (sky130_fd_sc_hd__or4b_4)
                                                         _077_ (net)
                      0.102752    0.000433    4.923575 v _144_/B1 (sky130_fd_sc_hd__o21a_4)
     2    0.010636    0.041737    0.154646    5.078221 v _144_/X (sky130_fd_sc_hd__o21a_4)
                                                         net28 (net)
                      0.041737    0.000221    5.078442 v _193_/B1 (sky130_fd_sc_hd__a211oi_2)
     1    0.006283    0.193731    0.231589    5.310031 ^ _193_/Y (sky130_fd_sc_hd__a211oi_2)
                                                         net29 (net)
                      0.193731    0.000163    5.310194 ^ output29/A (sky130_fd_sc_hd__buf_6)
     1    0.034373    0.078174    0.174791    5.484985 ^ output29/X (sky130_fd_sc_hd__buf_6)
                                                         zero (net)
                      0.078180    0.000767    5.485752 ^ zero (out)
                                              5.485752   data arrival time

                      0.000000   10.000000   10.000000   clock __VIRTUAL_CLK__ (rise edge)
                                  0.000000   10.000000   clock network delay (ideal)
                                 -0.250000    9.750000   clock uncertainty
                                  0.000000    9.750000   clock reconvergence pessimism
                                 -2.000000    7.750000   output external delay
                                              7.750000   data required time
---------------------------------------------------------------------------------------------
                                              7.750000   data required time
                                             -5.485752   data arrival time
---------------------------------------------------------------------------------------------
                                              2.264248   slack (MET)




===========================================================================
report_checks --slack_max -0.01
============================================================================
======================= nom_tt_025C_1v80 Corner ===================================

No paths found.


===========================================================================
 report_check_types -max_slew -max_cap -max_fanout -violators
============================================================================
======================= nom_tt_025C_1v80 Corner ===================================



===========================================================================
report_parasitic_annotation -report_unannotated
============================================================================
Found 0 unannotated drivers.
Found 0 partially unannotated drivers.

===========================================================================
max slew violation count 0
max fanout violation count 0
max cap violation count 0
============================================================================

===========================================================================
check_setup -verbose -unconstrained_endpoints -multiple_clock -no_clock -no_input_delay -loops -generated_clocks
===========================================================================
