
===========================================================================
report_checks -path_delay max (Setup)
============================================================================
======================= nom_tt_025C_1v80 Corner ===================================

Startpoint: opcode[1] (input port clocked by __VIRTUAL_CLK__)
Endpoint: zero (output port clocked by __VIRTUAL_CLK__)
Path Group: __VIRTUAL_CLK__
Path Type: max

Fanout         Cap        Slew       Delay        Time   Description
---------------------------------------------------------------------------------------------
                      0.000000    0.000000    0.000000   clock __VIRTUAL_CLK__ (rise edge)
                                  0.000000    0.000000   clock network delay (ideal)
                                  2.000000    2.000000 v input external delay
     1    0.006116    0.016042    0.010429    2.010429 v opcode[1] (in)
                                                         opcode[1] (net)
                      0.016043    0.000000    2.010429 v input18/A (sky130_fd_sc_hd__buf_6)
     2    0.009220    0.024785    0.106736    2.117165 v input18/X (sky130_fd_sc_hd__buf_6)
                                                         net18 (net)
                      0.024785    0.000167    2.117332 v fanout31/A (sky130_fd_sc_hd__buf_6)
     2    0.010307    0.025619    0.111764    2.229096 v fanout31/X (sky130_fd_sc_hd__buf_6)
                                                         net31 (net)
                      0.025629    0.000533    2.229629 v _097_/A (sky130_fd_sc_hd__or3b_4)
     2    0.008983    0.074760    0.413559    2.643188 v _097_/X (sky130_fd_sc_hd__or3b_4)
                                                         _032_ (net)
                      0.074760    0.000249    2.643437 v max_cap30/A (sky130_fd_sc_hd__buf_8)
     3    0.016793    0.028795    0.141198    2.784635 v max_cap30/X (sky130_fd_sc_hd__buf_8)
                                                         net30 (net)
                      0.028795    0.000617    2.785253 v _116_/B (sky130_fd_sc_hd__xor2_2)
     2    0.013337    0.200534    0.195907    2.981159 ^ _116_/X (sky130_fd_sc_hd__xor2_2)
                                                         _051_ (net)
                      0.200534    0.000318    2.981477 ^ _117_/A_N (sky130_fd_sc_hd__and2b_2)
     1    0.007034    0.045756    0.267782    3.249259 v _117_/X (sky130_fd_sc_hd__and2b_2)
                                                         _052_ (net)
                      0.045756    0.000322    3.249581 v _121_/B1 (sky130_fd_sc_hd__a21o_4)
     4    0.016865    0.049328    0.211241    3.460821 v _121_/X (sky130_fd_sc_hd__a21o_4)
                                                         _056_ (net)
                      0.049328    0.000607    3.461429 v _125_/A3 (sky130_fd_sc_hd__a31o_4)
     3    0.012228    0.045567    0.263315    3.724743 v _125_/X (sky130_fd_sc_hd__a31o_4)
                                                         _060_ (net)
                      0.045605    0.000435    3.725179 v _127_/A1 (sky130_fd_sc_hd__a2111o_2)
     2    0.007225    0.074864    0.451822    4.177001 v _127_/X (sky130_fd_sc_hd__a2111o_2)
                                                         _062_ (net)
                      0.074864    0.000242    4.177243 v _141_/B (sky130_fd_sc_hd__and3_4)
     1    0.002726    0.030355    0.180027    4.357270 v _141_/X (sky130_fd_sc_hd__and3_4)
                                                         _076_ (net)
                      0.030355    0.000059    4.357328 v _142_/B (sky130_fd_sc_hd__or4b_4)
     3    0.014536    0.102693    0.565814    4.923142 v _142_/X (sky130_fd_sc_hd__or4b_4)
                                                         _077_ (net)
                      0.102752    0.000433    4.923575 v _144_/B1 (sky130_fd_sc_hd__o21a_4)
     2    0.010636    0.041737    0.154646    5.078221 v _144_/X (sky130_fd_sc_hd__o21a_4)
                                                         net28 (net)
                      0.041737    0.000221    5.078442 v _193_/B1 (sky130_fd_sc_hd__a211oi_2)
     1    0.006283    0.193731    0.231589    5.310031 ^ _193_/Y (sky130_fd_sc_hd__a211oi_2)
                                                         net29 (net)
                      0.193731    0.000163    5.310194 ^ output29/A (sky130_fd_sc_hd__buf_6)
     1    0.034373    0.078174    0.174791    5.484985 ^ output29/X (sky130_fd_sc_hd__buf_6)
                                                         zero (net)
                      0.078180    0.000767    5.485752 ^ zero (out)
                                              5.485752   data arrival time

                      0.000000   10.000000   10.000000   clock __VIRTUAL_CLK__ (rise edge)
                                  0.000000   10.000000   clock network delay (ideal)
                                 -0.250000    9.750000   clock uncertainty
                                  0.000000    9.750000   clock reconvergence pessimism
                                 -2.000000    7.750000   output external delay
                                              7.750000   data required time
---------------------------------------------------------------------------------------------
                                              7.750000   data required time
                                             -5.485752   data arrival time
---------------------------------------------------------------------------------------------
                                              2.264248   slack (MET)


Startpoint: opcode[1] (input port clocked by __VIRTUAL_CLK__)
Endpoint: overflow (output port clocked by __VIRTUAL_CLK__)
Path Group: __VIRTUAL_CLK__
Path Type: max

Fanout         Cap        Slew       Delay        Time   Description
---------------------------------------------------------------------------------------------
                      0.000000    0.000000    0.000000   clock __VIRTUAL_CLK__ (rise edge)
                                  0.000000    0.000000   clock network delay (ideal)
                                  2.000000    2.000000 v input external delay
     1    0.006116    0.016042    0.010429    2.010429 v opcode[1] (in)
                                                         opcode[1] (net)
                      0.016043    0.000000    2.010429 v input18/A (sky130_fd_sc_hd__buf_6)
     2    0.009220    0.024785    0.106736    2.117165 v input18/X (sky130_fd_sc_hd__buf_6)
                                                         net18 (net)
                      0.024785    0.000167    2.117332 v fanout31/A (sky130_fd_sc_hd__buf_6)
     2    0.010307    0.025619    0.111764    2.229096 v fanout31/X (sky130_fd_sc_hd__buf_6)
                                                         net31 (net)
                      0.025629    0.000533    2.229629 v _097_/A (sky130_fd_sc_hd__or3b_4)
     2    0.008983    0.074760    0.413559    2.643188 v _097_/X (sky130_fd_sc_hd__or3b_4)
                                                         _032_ (net)
                      0.074760    0.000249    2.643437 v max_cap30/A (sky130_fd_sc_hd__buf_8)
     3    0.016793    0.028795    0.141198    2.784635 v max_cap30/X (sky130_fd_sc_hd__buf_8)
                                                         net30 (net)
                      0.028795    0.000617    2.785253 v _116_/B (sky130_fd_sc_hd__xor2_2)
     2    0.013337    0.200534    0.195907    2.981159 ^ _116_/X (sky130_fd_sc_hd__xor2_2)
                                                         _051_ (net)
                      0.200534    0.000318    2.981477 ^ _117_/A_N (sky130_fd_sc_hd__and2b_2)
     1    0.007034    0.045756    0.267782    3.249259 v _117_/X (sky130_fd_sc_hd__and2b_2)
                                                         _052_ (net)
                      0.045756    0.000322    3.249581 v _121_/B1 (sky130_fd_sc_hd__a21o_4)
     4    0.016865    0.049328    0.211241    3.460821 v _121_/X (sky130_fd_sc_hd__a21o_4)
                                                         _056_ (net)
                      0.049328    0.000607    3.461429 v _125_/A3 (sky130_fd_sc_hd__a31o_4)
     3    0.012228    0.045567    0.263315    3.724743 v _125_/X (sky130_fd_sc_hd__a31o_4)
                                                         _060_ (net)
                      0.045605    0.000435    3.725179 v _127_/A1 (sky130_fd_sc_hd__a2111o_2)
     2    0.007225    0.074864    0.451822    4.177001 v _127_/X (sky130_fd_sc_hd__a2111o_2)
                                                         _062_ (net)
                      0.074864    0.000242    4.177243 v _141_/B (sky130_fd_sc_hd__and3_4)
     1    0.002726    0.030355    0.180027    4.357270 v _141_/X (sky130_fd_sc_hd__and3_4)
                                                         _076_ (net)
                      0.030355    0.000059    4.357328 v _142_/B (sky130_fd_sc_hd__or4b_4)
     3    0.014536    0.102693    0.565814    4.923142 v _142_/X (sky130_fd_sc_hd__or4b_4)
                                                         _077_ (net)
                      0.102752    0.000464    4.923606 v _145_/A1 (sky130_fd_sc_hd__a21o_2)
     1    0.004815    0.039177    0.222677    5.146283 v _145_/X (sky130_fd_sc_hd__a21o_2)
                                                         _079_ (net)
                      0.039317    0.000187    5.146470 v _146_/C (sky130_fd_sc_hd__and3_4)
     1    0.007550    0.036895    0.185849    5.332319 v _146_/X (sky130_fd_sc_hd__and3_4)
                                                         net20 (net)
                      0.036895    0.000265    5.332584 v output20/A (sky130_fd_sc_hd__buf_8)
     1    0.034884    0.040259    0.137173    5.469756 v output20/X (sky130_fd_sc_hd__buf_8)
                                                         overflow (net)
                      0.040273    0.000747    5.470503 v overflow (out)
                                              5.470503   data arrival time

                      0.000000   10.000000   10.000000   clock __VIRTUAL_CLK__ (rise edge)
                                  0.000000   10.000000   clock network delay (ideal)
                                 -0.250000    9.750000   clock uncertainty
                                  0.000000    9.750000   clock reconvergence pessimism
                                 -2.000000    7.750000   output external delay
                                              7.750000   data required time
---------------------------------------------------------------------------------------------
                                              7.750000   data required time
                                             -5.470503   data arrival time
---------------------------------------------------------------------------------------------
                                              2.279497   slack (MET)


Startpoint: opcode[1] (input port clocked by __VIRTUAL_CLK__)
Endpoint: result[7] (output port clocked by __VIRTUAL_CLK__)
Path Group: __VIRTUAL_CLK__
Path Type: max

Fanout         Cap        Slew       Delay        Time   Description
---------------------------------------------------------------------------------------------
                      0.000000    0.000000    0.000000   clock __VIRTUAL_CLK__ (rise edge)
                                  0.000000    0.000000   clock network delay (ideal)
                                  2.000000    2.000000 v input external delay
     1    0.006116    0.016042    0.010429    2.010429 v opcode[1] (in)
                                                         opcode[1] (net)
                      0.016043    0.000000    2.010429 v input18/A (sky130_fd_sc_hd__buf_6)
     2    0.009220    0.024785    0.106736    2.117165 v input18/X (sky130_fd_sc_hd__buf_6)
                                                         net18 (net)
                      0.024785    0.000167    2.117332 v fanout31/A (sky130_fd_sc_hd__buf_6)
     2    0.010307    0.025619    0.111764    2.229096 v fanout31/X (sky130_fd_sc_hd__buf_6)
                                                         net31 (net)
                      0.025629    0.000533    2.229629 v _097_/A (sky130_fd_sc_hd__or3b_4)
     2    0.008983    0.074760    0.413559    2.643188 v _097_/X (sky130_fd_sc_hd__or3b_4)
                                                         _032_ (net)
                      0.074760    0.000249    2.643437 v max_cap30/A (sky130_fd_sc_hd__buf_8)
     3    0.016793    0.028795    0.141198    2.784635 v max_cap30/X (sky130_fd_sc_hd__buf_8)
                                                         net30 (net)
                      0.028795    0.000617    2.785253 v _116_/B (sky130_fd_sc_hd__xor2_2)
     2    0.013337    0.200534    0.195907    2.981159 ^ _116_/X (sky130_fd_sc_hd__xor2_2)
                                                         _051_ (net)
                      0.200534    0.000318    2.981477 ^ _117_/A_N (sky130_fd_sc_hd__and2b_2)
     1    0.007034    0.045756    0.267782    3.249259 v _117_/X (sky130_fd_sc_hd__and2b_2)
                                                         _052_ (net)
                      0.045756    0.000322    3.249581 v _121_/B1 (sky130_fd_sc_hd__a21o_4)
     4    0.016865    0.049328    0.211241    3.460821 v _121_/X (sky130_fd_sc_hd__a21o_4)
                                                         _056_ (net)
                      0.049328    0.000607    3.461429 v _125_/A3 (sky130_fd_sc_hd__a31o_4)
     3    0.012228    0.045567    0.263315    3.724743 v _125_/X (sky130_fd_sc_hd__a31o_4)
                                                         _060_ (net)
                      0.045605    0.000435    3.725179 v _127_/A1 (sky130_fd_sc_hd__a2111o_2)
     2    0.007225    0.074864    0.451822    4.177001 v _127_/X (sky130_fd_sc_hd__a2111o_2)
                                                         _062_ (net)
                      0.074864    0.000242    4.177243 v _141_/B (sky130_fd_sc_hd__and3_4)
     1    0.002726    0.030355    0.180027    4.357270 v _141_/X (sky130_fd_sc_hd__and3_4)
                                                         _076_ (net)
                      0.030355    0.000059    4.357328 v _142_/B (sky130_fd_sc_hd__or4b_4)
     3    0.014536    0.102693    0.565814    4.923142 v _142_/X (sky130_fd_sc_hd__or4b_4)
                                                         _077_ (net)
                      0.102752    0.000433    4.923575 v _144_/B1 (sky130_fd_sc_hd__o21a_4)
     2    0.010636    0.041737    0.154646    5.078221 v _144_/X (sky130_fd_sc_hd__o21a_4)
                                                         net28 (net)
                      0.041737    0.000192    5.078413 v output28/A (sky130_fd_sc_hd__buf_6)
     1    0.034514    0.043841    0.142039    5.220453 v output28/X (sky130_fd_sc_hd__buf_6)
                                                         result[7] (net)
                      0.043855    0.000782    5.221234 v result[7] (out)
                                              5.221234   data arrival time

                      0.000000   10.000000   10.000000   clock __VIRTUAL_CLK__ (rise edge)
                                  0.000000   10.000000   clock network delay (ideal)
                                 -0.250000    9.750000   clock uncertainty
                                  0.000000    9.750000   clock reconvergence pessimism
                                 -2.000000    7.750000   output external delay
                                              7.750000   data required time
---------------------------------------------------------------------------------------------
                                              7.750000   data required time
                                             -5.221234   data arrival time
---------------------------------------------------------------------------------------------
                                              2.528766   slack (MET)


Startpoint: opcode[1] (input port clocked by __VIRTUAL_CLK__)
Endpoint: result[5] (output port clocked by __VIRTUAL_CLK__)
Path Group: __VIRTUAL_CLK__
Path Type: max

Fanout         Cap        Slew       Delay        Time   Description
---------------------------------------------------------------------------------------------
                      0.000000    0.000000    0.000000   clock __VIRTUAL_CLK__ (rise edge)
                                  0.000000    0.000000   clock network delay (ideal)
                                  2.000000    2.000000 v input external delay
     1    0.006116    0.016042    0.010429    2.010429 v opcode[1] (in)
                                                         opcode[1] (net)
                      0.016043    0.000000    2.010429 v input18/A (sky130_fd_sc_hd__buf_6)
     2    0.009220    0.024785    0.106736    2.117165 v input18/X (sky130_fd_sc_hd__buf_6)
                                                         net18 (net)
                      0.024785    0.000167    2.117332 v fanout31/A (sky130_fd_sc_hd__buf_6)
     2    0.010307    0.025619    0.111764    2.229096 v fanout31/X (sky130_fd_sc_hd__buf_6)
                                                         net31 (net)
                      0.025629    0.000533    2.229629 v _097_/A (sky130_fd_sc_hd__or3b_4)
     2    0.008983    0.074760    0.413559    2.643188 v _097_/X (sky130_fd_sc_hd__or3b_4)
                                                         _032_ (net)
                      0.074760    0.000249    2.643437 v max_cap30/A (sky130_fd_sc_hd__buf_8)
     3    0.016793    0.028795    0.141198    2.784635 v max_cap30/X (sky130_fd_sc_hd__buf_8)
                                                         net30 (net)
                      0.028795    0.000617    2.785253 v _116_/B (sky130_fd_sc_hd__xor2_2)
     2    0.013337    0.200534    0.195907    2.981159 ^ _116_/X (sky130_fd_sc_hd__xor2_2)
                                                         _051_ (net)
                      0.200534    0.000318    2.981477 ^ _117_/A_N (sky130_fd_sc_hd__and2b_2)
     1    0.007034    0.045756    0.267782    3.249259 v _117_/X (sky130_fd_sc_hd__and2b_2)
                                                         _052_ (net)
                      0.045756    0.000322    3.249581 v _121_/B1 (sky130_fd_sc_hd__a21o_4)
     4    0.016865    0.049328    0.211241    3.460821 v _121_/X (sky130_fd_sc_hd__a21o_4)
                                                         _056_ (net)
                      0.049328    0.000607    3.461429 v _125_/A3 (sky130_fd_sc_hd__a31o_4)
     3    0.012228    0.045567    0.263315    3.724743 v _125_/X (sky130_fd_sc_hd__a31o_4)
                                                         _060_ (net)
                      0.045605    0.000394    3.725138 v _126_/B (sky130_fd_sc_hd__and2_2)
     3    0.012834    0.058805    0.226489    3.951626 v _126_/X (sky130_fd_sc_hd__and2_2)
                                                         _061_ (net)
                      0.058805    0.000147    3.951773 v _176_/A2 (sky130_fd_sc_hd__o31a_2)
     1    0.002310    0.048529    0.331629    4.283402 v _176_/X (sky130_fd_sc_hd__o31a_2)
                                                         _012_ (net)
                      0.048529    0.000046    4.283447 v _179_/A2 (sky130_fd_sc_hd__a21o_2)
     2    0.005911    0.041380    0.227068    4.510515 v _179_/X (sky130_fd_sc_hd__a21o_2)
                                                         _015_ (net)
                      0.041381    0.000138    4.510653 v _180_/B (sky130_fd_sc_hd__and2_2)
     1    0.003771    0.039226    0.194254    4.704907 v _180_/X (sky130_fd_sc_hd__and2_2)
                                                         net26 (net)
                      0.039226    0.000139    4.705046 v output26/A (sky130_fd_sc_hd__dlymetal6s2s_1)
     1    0.035945    0.179284    0.264125    4.969172 v output26/X (sky130_fd_sc_hd__dlymetal6s2s_1)
                                                         result[5] (net)
                      0.179287    0.000976    4.970148 v result[5] (out)
                                              4.970148   data arrival time

                      0.000000   10.000000   10.000000   clock __VIRTUAL_CLK__ (rise edge)
                                  0.000000   10.000000   clock network delay (ideal)
                                 -0.250000    9.750000   clock uncertainty
                                  0.000000    9.750000   clock reconvergence pessimism
                                 -2.000000    7.750000   output external delay
                                              7.750000   data required time
---------------------------------------------------------------------------------------------
                                              7.750000   data required time
                                             -4.970148   data arrival time
---------------------------------------------------------------------------------------------
                                              2.779852   slack (MET)


Startpoint: opcode[1] (input port clocked by __VIRTUAL_CLK__)
Endpoint: result[6] (output port clocked by __VIRTUAL_CLK__)
Path Group: __VIRTUAL_CLK__
Path Type: max

Fanout         Cap        Slew       Delay        Time   Description
---------------------------------------------------------------------------------------------
                      0.000000    0.000000    0.000000   clock __VIRTUAL_CLK__ (rise edge)
                                  0.000000    0.000000   clock network delay (ideal)
                                  2.000000    2.000000 v input external delay
     1    0.006116    0.016042    0.010429    2.010429 v opcode[1] (in)
                                                         opcode[1] (net)
                      0.016043    0.000000    2.010429 v input18/A (sky130_fd_sc_hd__buf_6)
     2    0.009220    0.024785    0.106736    2.117165 v input18/X (sky130_fd_sc_hd__buf_6)
                                                         net18 (net)
                      0.024785    0.000167    2.117332 v fanout31/A (sky130_fd_sc_hd__buf_6)
     2    0.010307    0.025619    0.111764    2.229096 v fanout31/X (sky130_fd_sc_hd__buf_6)
                                                         net31 (net)
                      0.025629    0.000533    2.229629 v _097_/A (sky130_fd_sc_hd__or3b_4)
     2    0.008983    0.074760    0.413559    2.643188 v _097_/X (sky130_fd_sc_hd__or3b_4)
                                                         _032_ (net)
                      0.074760    0.000249    2.643437 v max_cap30/A (sky130_fd_sc_hd__buf_8)
     3    0.016793    0.028795    0.141198    2.784635 v max_cap30/X (sky130_fd_sc_hd__buf_8)
                                                         net30 (net)
                      0.028795    0.000617    2.785253 v _116_/B (sky130_fd_sc_hd__xor2_2)
     2    0.013337    0.200534    0.195907    2.981159 ^ _116_/X (sky130_fd_sc_hd__xor2_2)
                                                         _051_ (net)
                      0.200534    0.000318    2.981477 ^ _117_/A_N (sky130_fd_sc_hd__and2b_2)
     1    0.007034    0.045756    0.267782    3.249259 v _117_/X (sky130_fd_sc_hd__and2b_2)
                                                         _052_ (net)
                      0.045756    0.000322    3.249581 v _121_/B1 (sky130_fd_sc_hd__a21o_4)
     4    0.016865    0.049328    0.211241    3.460821 v _121_/X (sky130_fd_sc_hd__a21o_4)
                                                         _056_ (net)
                      0.049328    0.000607    3.461429 v _125_/A3 (sky130_fd_sc_hd__a31o_4)
     3    0.012228    0.045567    0.263315    3.724743 v _125_/X (sky130_fd_sc_hd__a31o_4)
                                                         _060_ (net)
                      0.045605    0.000394    3.725138 v _126_/B (sky130_fd_sc_hd__and2_2)
     3    0.012834    0.058805    0.226489    3.951626 v _126_/X (sky130_fd_sc_hd__and2_2)
                                                         _061_ (net)
                      0.058805    0.000125    3.951751 v _175_/A2 (sky130_fd_sc_hd__o21ai_2)
     3    0.013516    0.187947    0.194462    4.146214 ^ _175_/Y (sky130_fd_sc_hd__o21ai_2)
                                                         _011_ (net)
                      0.187949    0.000511    4.146724 ^ _185_/B (sky130_fd_sc_hd__nand3_2)
     1    0.002790    0.056391    0.092487    4.239212 v _185_/Y (sky130_fd_sc_hd__nand3_2)
                                                         _020_ (net)
                      0.056391    0.000062    4.239273 v _189_/A3 (sky130_fd_sc_hd__a31o_2)
     2    0.006668    0.045977    0.268979    4.508252 v _189_/X (sky130_fd_sc_hd__a31o_2)
                                                         _024_ (net)
                      0.045977    0.000108    4.508360 v _190_/B (sky130_fd_sc_hd__and2_2)
     1    0.003063    0.037076    0.192986    4.701345 v _190_/X (sky130_fd_sc_hd__and2_2)
                                                         net27 (net)
                      0.037076    0.000100    4.701446 v output27/A (sky130_fd_sc_hd__dlymetal6s2s_1)
     1    0.034746    0.173921    0.258928    4.960373 v output27/X (sky130_fd_sc_hd__dlymetal6s2s_1)
                                                         result[6] (net)
                      0.173923    0.000941    4.961314 v result[6] (out)
                                              4.961314   data arrival time

                      0.000000   10.000000   10.000000   clock __VIRTUAL_CLK__ (rise edge)
                                  0.000000   10.000000   clock network delay (ideal)
                                 -0.250000    9.750000   clock uncertainty
                                  0.000000    9.750000   clock reconvergence pessimism
                                 -2.000000    7.750000   output external delay
                                              7.750000   data required time
---------------------------------------------------------------------------------------------
                                              7.750000   data required time
                                             -4.961314   data arrival time
---------------------------------------------------------------------------------------------
                                              2.788686   slack (MET)


Startpoint: opcode[1] (input port clocked by __VIRTUAL_CLK__)
Endpoint: result[4] (output port clocked by __VIRTUAL_CLK__)
Path Group: __VIRTUAL_CLK__
Path Type: max

Fanout         Cap        Slew       Delay        Time   Description
---------------------------------------------------------------------------------------------
                      0.000000    0.000000    0.000000   clock __VIRTUAL_CLK__ (rise edge)
                                  0.000000    0.000000   clock network delay (ideal)
                                  2.000000    2.000000 v input external delay
     1    0.006116    0.016042    0.010429    2.010429 v opcode[1] (in)
                                                         opcode[1] (net)
                      0.016043    0.000000    2.010429 v input18/A (sky130_fd_sc_hd__buf_6)
     2    0.009220    0.024785    0.106736    2.117165 v input18/X (sky130_fd_sc_hd__buf_6)
                                                         net18 (net)
                      0.024785    0.000167    2.117332 v fanout31/A (sky130_fd_sc_hd__buf_6)
     2    0.010307    0.025619    0.111764    2.229096 v fanout31/X (sky130_fd_sc_hd__buf_6)
                                                         net31 (net)
                      0.025629    0.000533    2.229629 v _097_/A (sky130_fd_sc_hd__or3b_4)
     2    0.008983    0.074760    0.413559    2.643188 v _097_/X (sky130_fd_sc_hd__or3b_4)
                                                         _032_ (net)
                      0.074760    0.000249    2.643437 v max_cap30/A (sky130_fd_sc_hd__buf_8)
     3    0.016793    0.028795    0.141198    2.784635 v max_cap30/X (sky130_fd_sc_hd__buf_8)
                                                         net30 (net)
                      0.028795    0.000395    2.785030 v rebuffer39/A (sky130_fd_sc_hd__buf_2)
     2    0.016009    0.051087    0.146195    2.931225 v rebuffer39/X (sky130_fd_sc_hd__buf_2)
                                                         net39 (net)
                      0.051087    0.000332    2.931557 v _111_/B (sky130_fd_sc_hd__xor2_2)
     3    0.009202    0.066865    0.163461    3.095018 v _111_/X (sky130_fd_sc_hd__xor2_2)
                                                         _046_ (net)
                      0.066865    0.000116    3.095134 v _114_/B (sky130_fd_sc_hd__and2_2)
     1    0.004847    0.041905    0.210583    3.305717 v _114_/X (sky130_fd_sc_hd__and2_2)
                                                         _049_ (net)
                      0.041905    0.000153    3.305870 v _115_/B (sky130_fd_sc_hd__nor2_2)
     5    0.022564    0.258363    0.227086    3.532956 ^ _115_/Y (sky130_fd_sc_hd__nor2_2)
                                                         _050_ (net)
                      0.258365    0.000646    3.533603 ^ _125_/A1 (sky130_fd_sc_hd__a31o_4)
     3    0.013148    0.061503    0.220611    3.754214 ^ _125_/X (sky130_fd_sc_hd__a31o_4)
                                                         _060_ (net)
                      0.061505    0.000426    3.754640 ^ _126_/B (sky130_fd_sc_hd__and2_2)
     3    0.014159    0.087793    0.188299    3.942939 ^ _126_/X (sky130_fd_sc_hd__and2_2)
                                                         _061_ (net)
                      0.087793    0.000204    3.943143 ^ _169_/A (sky130_fd_sc_hd__nor2_2)
     1    0.003830    0.029662    0.049574    3.992717 v _169_/Y (sky130_fd_sc_hd__nor2_2)
                                                         _006_ (net)
                      0.029662    0.000132    3.992849 v _172_/A1 (sky130_fd_sc_hd__o32a_2)
     2    0.007568    0.065316    0.409645    4.402494 v _172_/X (sky130_fd_sc_hd__o32a_2)
                                                         net25 (net)
                      0.065316    0.000189    4.402683 v output25/A (sky130_fd_sc_hd__clkdlybuf4s25_1)
     1    0.035233    0.262202    0.449536    4.852219 v output25/X (sky130_fd_sc_hd__clkdlybuf4s25_1)
                                                         result[4] (net)
                      0.262202    0.000879    4.853098 v result[4] (out)
                                              4.853098   data arrival time

                      0.000000   10.000000   10.000000   clock __VIRTUAL_CLK__ (rise edge)
                                  0.000000   10.000000   clock network delay (ideal)
                                 -0.250000    9.750000   clock uncertainty
                                  0.000000    9.750000   clock reconvergence pessimism
                                 -2.000000    7.750000   output external delay
                                              7.750000   data required time
---------------------------------------------------------------------------------------------
                                              7.750000   data required time
                                             -4.853098   data arrival time
---------------------------------------------------------------------------------------------
                                              2.896902   slack (MET)


Startpoint: opcode[1] (input port clocked by __VIRTUAL_CLK__)
Endpoint: result[3] (output port clocked by __VIRTUAL_CLK__)
Path Group: __VIRTUAL_CLK__
Path Type: max

Fanout         Cap        Slew       Delay        Time   Description
---------------------------------------------------------------------------------------------
                      0.000000    0.000000    0.000000   clock __VIRTUAL_CLK__ (rise edge)
                                  0.000000    0.000000   clock network delay (ideal)
                                  2.000000    2.000000 v input external delay
     1    0.006116    0.016042    0.010429    2.010429 v opcode[1] (in)
                                                         opcode[1] (net)
                      0.016043    0.000000    2.010429 v input18/A (sky130_fd_sc_hd__buf_6)
     2    0.009220    0.024785    0.106736    2.117165 v input18/X (sky130_fd_sc_hd__buf_6)
                                                         net18 (net)
                      0.024785    0.000167    2.117332 v fanout31/A (sky130_fd_sc_hd__buf_6)
     2    0.010307    0.025619    0.111764    2.229096 v fanout31/X (sky130_fd_sc_hd__buf_6)
                                                         net31 (net)
                      0.025629    0.000533    2.229629 v _097_/A (sky130_fd_sc_hd__or3b_4)
     2    0.008983    0.074760    0.413559    2.643188 v _097_/X (sky130_fd_sc_hd__or3b_4)
                                                         _032_ (net)
                      0.074760    0.000249    2.643437 v max_cap30/A (sky130_fd_sc_hd__buf_8)
     3    0.016793    0.028795    0.141198    2.784635 v max_cap30/X (sky130_fd_sc_hd__buf_8)
                                                         net30 (net)
                      0.028795    0.000395    2.785030 v rebuffer39/A (sky130_fd_sc_hd__buf_2)
     2    0.016009    0.051087    0.146195    2.931225 v rebuffer39/X (sky130_fd_sc_hd__buf_2)
                                                         net39 (net)
                      0.051087    0.000332    2.931557 v _111_/B (sky130_fd_sc_hd__xor2_2)
     3    0.009202    0.066865    0.163461    3.095018 v _111_/X (sky130_fd_sc_hd__xor2_2)
                                                         _046_ (net)
                      0.066865    0.000116    3.095134 v _114_/B (sky130_fd_sc_hd__and2_2)
     1    0.004847    0.041905    0.210583    3.305717 v _114_/X (sky130_fd_sc_hd__and2_2)
                                                         _049_ (net)
                      0.041905    0.000153    3.305870 v _115_/B (sky130_fd_sc_hd__nor2_2)
     5    0.022564    0.258363    0.227086    3.532956 ^ _115_/Y (sky130_fd_sc_hd__nor2_2)
                                                         _050_ (net)
                      0.258366    0.000786    3.533743 ^ _162_/A1 (sky130_fd_sc_hd__a21oi_2)
     2    0.006868    0.074748    0.105338    3.639081 v _162_/Y (sky130_fd_sc_hd__a21oi_2)
                                                         _000_ (net)
                      0.074748    0.000139    3.639220 v _164_/C (sky130_fd_sc_hd__or3_2)
     1    0.003121    0.076540    0.433188    4.072409 v _164_/X (sky130_fd_sc_hd__or3_2)
                                                         _002_ (net)
                      0.076540    0.000096    4.072505 v _167_/A2_N (sky130_fd_sc_hd__o2bb2a_2)
     2    0.008672    0.066358    0.280765    4.353270 ^ _167_/X (sky130_fd_sc_hd__o2bb2a_2)
                                                         net24 (net)
                      0.066358    0.000114    4.353383 ^ output24/A (sky130_fd_sc_hd__clkdlybuf4s25_1)
     1    0.034847    0.351613    0.494137    4.847520 ^ output24/X (sky130_fd_sc_hd__clkdlybuf4s25_1)
                                                         result[3] (net)
                      0.351613    0.000804    4.848324 ^ result[3] (out)
                                              4.848324   data arrival time

                      0.000000   10.000000   10.000000   clock __VIRTUAL_CLK__ (rise edge)
                                  0.000000   10.000000   clock network delay (ideal)
                                 -0.250000    9.750000   clock uncertainty
                                  0.000000    9.750000   clock reconvergence pessimism
                                 -2.000000    7.750000   output external delay
                                              7.750000   data required time
---------------------------------------------------------------------------------------------
                                              7.750000   data required time
                                             -4.848324   data arrival time
---------------------------------------------------------------------------------------------
                                              2.901676   slack (MET)


Startpoint: opcode[1] (input port clocked by __VIRTUAL_CLK__)
Endpoint: result[2] (output port clocked by __VIRTUAL_CLK__)
Path Group: __VIRTUAL_CLK__
Path Type: max

Fanout         Cap        Slew       Delay        Time   Description
---------------------------------------------------------------------------------------------
                      0.000000    0.000000    0.000000   clock __VIRTUAL_CLK__ (rise edge)
                                  0.000000    0.000000   clock network delay (ideal)
                                  2.000000    2.000000 v input external delay
     1    0.006116    0.016042    0.010429    2.010429 v opcode[1] (in)
                                                         opcode[1] (net)
                      0.016043    0.000000    2.010429 v input18/A (sky130_fd_sc_hd__buf_6)
     2    0.009220    0.024785    0.106736    2.117165 v input18/X (sky130_fd_sc_hd__buf_6)
                                                         net18 (net)
                      0.024785    0.000167    2.117332 v fanout31/A (sky130_fd_sc_hd__buf_6)
     2    0.010307    0.025619    0.111764    2.229096 v fanout31/X (sky130_fd_sc_hd__buf_6)
                                                         net31 (net)
                      0.025629    0.000533    2.229629 v _097_/A (sky130_fd_sc_hd__or3b_4)
     2    0.008983    0.074760    0.413559    2.643188 v _097_/X (sky130_fd_sc_hd__or3b_4)
                                                         _032_ (net)
                      0.074760    0.000249    2.643437 v max_cap30/A (sky130_fd_sc_hd__buf_8)
     3    0.016793    0.028795    0.141198    2.784635 v max_cap30/X (sky130_fd_sc_hd__buf_8)
                                                         net30 (net)
                      0.028795    0.000395    2.785030 v rebuffer39/A (sky130_fd_sc_hd__buf_2)
     2    0.016009    0.051087    0.146195    2.931225 v rebuffer39/X (sky130_fd_sc_hd__buf_2)
                                                         net39 (net)
                      0.051087    0.000332    2.931557 v _111_/B (sky130_fd_sc_hd__xor2_2)
     3    0.009202    0.066865    0.163461    3.095018 v _111_/X (sky130_fd_sc_hd__xor2_2)
                                                         _046_ (net)
                      0.066865    0.000116    3.095134 v _114_/B (sky130_fd_sc_hd__and2_2)
     1    0.004847    0.041905    0.210583    3.305717 v _114_/X (sky130_fd_sc_hd__and2_2)
                                                         _049_ (net)
                      0.041905    0.000153    3.305870 v _115_/B (sky130_fd_sc_hd__nor2_2)
     5    0.022564    0.258363    0.227086    3.532956 ^ _115_/Y (sky130_fd_sc_hd__nor2_2)
                                                         _050_ (net)
                      0.258366    0.000861    3.533817 ^ _157_/A1 (sky130_fd_sc_hd__a21oi_2)
     1    0.003828    0.064818    0.089616    3.623433 v _157_/Y (sky130_fd_sc_hd__a21oi_2)
                                                         _088_ (net)
                      0.064818    0.000098    3.623531 v _158_/B1 (sky130_fd_sc_hd__o21a_2)
     1    0.003895    0.036549    0.128150    3.751681 v _158_/X (sky130_fd_sc_hd__o21a_2)
                                                         _089_ (net)
                      0.036650    0.000125    3.751806 v _161_/A1 (sky130_fd_sc_hd__o32a_2)
     2    0.004923    0.059624    0.400570    4.152376 v _161_/X (sky130_fd_sc_hd__o32a_2)
                                                         net23 (net)
                      0.059624    0.000123    4.152499 v output23/A (sky130_fd_sc_hd__clkdlybuf4s25_1)
     1    0.035388    0.263540    0.447365    4.599864 v output23/X (sky130_fd_sc_hd__clkdlybuf4s25_1)
                                                         result[2] (net)
                      0.263544    0.001427    4.601292 v result[2] (out)
                                              4.601292   data arrival time

                      0.000000   10.000000   10.000000   clock __VIRTUAL_CLK__ (rise edge)
                                  0.000000   10.000000   clock network delay (ideal)
                                 -0.250000    9.750000   clock uncertainty
                                  0.000000    9.750000   clock reconvergence pessimism
                                 -2.000000    7.750000   output external delay
                                              7.750000   data required time
---------------------------------------------------------------------------------------------
                                              7.750000   data required time
                                             -4.601292   data arrival time
---------------------------------------------------------------------------------------------
                                              3.148709   slack (MET)


Startpoint: opcode[1] (input port clocked by __VIRTUAL_CLK__)
Endpoint: result[1] (output port clocked by __VIRTUAL_CLK__)
Path Group: __VIRTUAL_CLK__
Path Type: max

Fanout         Cap        Slew       Delay        Time   Description
---------------------------------------------------------------------------------------------
                      0.000000    0.000000    0.000000   clock __VIRTUAL_CLK__ (rise edge)
                                  0.000000    0.000000   clock network delay (ideal)
                                  2.000000    2.000000 v input external delay
     1    0.006116    0.016042    0.010429    2.010429 v opcode[1] (in)
                                                         opcode[1] (net)
                      0.016043    0.000000    2.010429 v input18/A (sky130_fd_sc_hd__buf_6)
     2    0.009220    0.024785    0.106736    2.117165 v input18/X (sky130_fd_sc_hd__buf_6)
                                                         net18 (net)
                      0.024785    0.000167    2.117332 v fanout31/A (sky130_fd_sc_hd__buf_6)
     2    0.010307    0.025619    0.111764    2.229096 v fanout31/X (sky130_fd_sc_hd__buf_6)
                                                         net31 (net)
                      0.025629    0.000533    2.229629 v _097_/A (sky130_fd_sc_hd__or3b_4)
     2    0.008983    0.074760    0.413559    2.643188 v _097_/X (sky130_fd_sc_hd__or3b_4)
                                                         _032_ (net)
                      0.074760    0.000249    2.643437 v max_cap30/A (sky130_fd_sc_hd__buf_8)
     3    0.016793    0.028795    0.141198    2.784635 v max_cap30/X (sky130_fd_sc_hd__buf_8)
                                                         net30 (net)
                      0.028795    0.000617    2.785253 v _116_/B (sky130_fd_sc_hd__xor2_2)
     2    0.012492    0.076679    0.163953    2.949205 v _116_/X (sky130_fd_sc_hd__xor2_2)
                                                         _051_ (net)
                      0.076679    0.000333    2.949538 v _118_/A (sky130_fd_sc_hd__xnor2_2)
     4    0.015895    0.242910    0.269252    3.218790 ^ _118_/Y (sky130_fd_sc_hd__xnor2_2)
                                                         _053_ (net)
                      0.242910    0.000383    3.219173 ^ _152_/A1 (sky130_fd_sc_hd__a21oi_2)
     1    0.002755    0.058671    0.081610    3.300783 v _152_/Y (sky130_fd_sc_hd__a21oi_2)
                                                         _084_ (net)
                      0.058671    0.000059    3.300842 v _153_/B1 (sky130_fd_sc_hd__o21a_2)
     1    0.004663    0.038617    0.127783    3.428625 v _153_/X (sky130_fd_sc_hd__o21a_2)
                                                         _085_ (net)
                      0.038617    0.000164    3.428789 v _156_/A (sky130_fd_sc_hd__or3_2)
     2    0.005789    0.086751    0.506557    3.935345 v _156_/X (sky130_fd_sc_hd__or3_2)
                                                         net22 (net)
                      0.086751    0.000131    3.935477 v output22/A (sky130_fd_sc_hd__clkdlybuf4s25_1)
     1    0.035169    0.261415    0.459027    4.394504 v output22/X (sky130_fd_sc_hd__clkdlybuf4s25_1)
                                                         result[1] (net)
                      0.261415    0.000843    4.395347 v result[1] (out)
                                              4.395347   data arrival time

                      0.000000   10.000000   10.000000   clock __VIRTUAL_CLK__ (rise edge)
                                  0.000000   10.000000   clock network delay (ideal)
                                 -0.250000    9.750000   clock uncertainty
                                  0.000000    9.750000   clock reconvergence pessimism
                                 -2.000000    7.750000   output external delay
                                              7.750000   data required time
---------------------------------------------------------------------------------------------
                                              7.750000   data required time
                                             -4.395347   data arrival time
---------------------------------------------------------------------------------------------
                                              3.354653   slack (MET)


Startpoint: opcode[1] (input port clocked by __VIRTUAL_CLK__)
Endpoint: result[0] (output port clocked by __VIRTUAL_CLK__)
Path Group: __VIRTUAL_CLK__
Path Type: max

Fanout         Cap        Slew       Delay        Time   Description
---------------------------------------------------------------------------------------------
                      0.000000    0.000000    0.000000   clock __VIRTUAL_CLK__ (rise edge)
                                  0.000000    0.000000   clock network delay (ideal)
                                  2.000000    2.000000 v input external delay
     1    0.006116    0.016042    0.010429    2.010429 v opcode[1] (in)
                                                         opcode[1] (net)
                      0.016043    0.000000    2.010429 v input18/A (sky130_fd_sc_hd__buf_6)
     2    0.009220    0.024785    0.106736    2.117165 v input18/X (sky130_fd_sc_hd__buf_6)
                                                         net18 (net)
                      0.024785    0.000167    2.117332 v fanout31/A (sky130_fd_sc_hd__buf_6)
     2    0.010307    0.025619    0.111764    2.229096 v fanout31/X (sky130_fd_sc_hd__buf_6)
                                                         net31 (net)
                      0.025619    0.000274    2.229369 v rebuffer34/A (sky130_fd_sc_hd__buf_2)
     9    0.036248    0.092950    0.183462    2.412831 v rebuffer34/X (sky130_fd_sc_hd__buf_2)
                                                         net34 (net)
                      0.092998    0.002034    2.414865 v _095_/B (sky130_fd_sc_hd__and2_2)
     8    0.036931    0.105623    0.303180    2.718045 v _095_/X (sky130_fd_sc_hd__and2_2)
                                                         _030_ (net)
                      0.105623    0.000219    2.718264 v _150_/B1 (sky130_fd_sc_hd__a31o_2)
     1    0.003293    0.037816    0.243676    2.961940 v _150_/X (sky130_fd_sc_hd__a31o_2)
                                                         _083_ (net)
                      0.037816    0.000108    2.962048 v _151_/A3 (sky130_fd_sc_hd__o32a_2)
     2    0.006222    0.062472    0.346134    3.308182 v _151_/X (sky130_fd_sc_hd__o32a_2)
                                                         net21 (net)
                      0.062472    0.000180    3.308362 v output21/A (sky130_fd_sc_hd__clkdlybuf4s25_1)
     1    0.035083    0.261164    0.447432    3.755794 v output21/X (sky130_fd_sc_hd__clkdlybuf4s25_1)
                                                         result[0] (net)
                      0.261164    0.000838    3.756632 v result[0] (out)
                                              3.756632   data arrival time

                      0.000000   10.000000   10.000000   clock __VIRTUAL_CLK__ (rise edge)
                                  0.000000   10.000000   clock network delay (ideal)
                                 -0.250000    9.750000   clock uncertainty
                                  0.000000    9.750000   clock reconvergence pessimism
                                 -2.000000    7.750000   output external delay
                                              7.750000   data required time
---------------------------------------------------------------------------------------------
                                              7.750000   data required time
                                             -3.756632   data arrival time
---------------------------------------------------------------------------------------------
                                              3.993368   slack (MET)



