
===========================================================================
report_checks -path_delay min (Hold)
============================================================================
======================= nom_tt_025C_1v80 Corner ===================================

Startpoint: opcode[2] (input port clocked by __VIRTUAL_CLK__)
Endpoint: result[7] (output port clocked by __VIRTUAL_CLK__)
Path Group: __VIRTUAL_CLK__
Path Type: min

Fanout         Cap        Slew       Delay        Time   Description
---------------------------------------------------------------------------------------------
                      0.000000    0.000000    0.000000   clock __VIRTUAL_CLK__ (rise edge)
                                  0.000000    0.000000   clock network delay (ideal)
                                  2.000000    2.000000 v input external delay
     1    0.004510    0.012572    0.006947    2.006947 v opcode[2] (in)
                                                         opcode[2] (net)
                      0.012573    0.000000    2.006947 v input19/A (sky130_fd_sc_hd__clkbuf_2)
    10    0.035618    0.136763    0.168698    2.175645 v input19/X (sky130_fd_sc_hd__clkbuf_2)
                                                         net19 (net)
                      0.136781    0.001498    2.177143 v _096_/A (sky130_fd_sc_hd__nand2_2)
     7    0.030557    0.164531    0.176468    2.353612 ^ _096_/Y (sky130_fd_sc_hd__nand2_2)
                                                         _031_ (net)
                      0.164540    0.000946    2.354558 ^ _144_/A2 (sky130_fd_sc_hd__o21a_4)
     2    0.011717    0.050856    0.147858    2.502415 ^ _144_/X (sky130_fd_sc_hd__o21a_4)
                                                         net28 (net)
                      0.050856    0.000190    2.502605 ^ output28/A (sky130_fd_sc_hd__buf_6)
     1    0.034514    0.077260    0.121144    2.623749 ^ output28/X (sky130_fd_sc_hd__buf_6)
                                                         result[7] (net)
                      0.077266    0.000707    2.624456 ^ result[7] (out)
                                              2.624456   data arrival time

                      0.000000    0.000000    0.000000   clock __VIRTUAL_CLK__ (rise edge)
                                  0.000000    0.000000   clock network delay (ideal)
                                  0.250000    0.250000   clock uncertainty
                                  0.000000    0.250000   clock reconvergence pessimism
                                 -2.000000   -1.750000   output external delay
                                             -1.750000   data required time
---------------------------------------------------------------------------------------------
                                             -1.750000   data required time
                                             -2.624456   data arrival time
---------------------------------------------------------------------------------------------
                                              4.374456   slack (MET)


Startpoint: opcode[2] (input port clocked by __VIRTUAL_CLK__)
Endpoint: zero (output port clocked by __VIRTUAL_CLK__)
Path Group: __VIRTUAL_CLK__
Path Type: min

Fanout         Cap        Slew       Delay        Time   Description
---------------------------------------------------------------------------------------------
                      0.000000    0.000000    0.000000   clock __VIRTUAL_CLK__ (rise edge)
                                  0.000000    0.000000   clock network delay (ideal)
                                  2.000000    2.000000 v input external delay
     1    0.004510    0.012572    0.006947    2.006947 v opcode[2] (in)
                                                         opcode[2] (net)
                      0.012573    0.000000    2.006947 v input19/A (sky130_fd_sc_hd__clkbuf_2)
    10    0.035618    0.136763    0.168698    2.175645 v input19/X (sky130_fd_sc_hd__clkbuf_2)
                                                         net19 (net)
                      0.136781    0.001498    2.177143 v _096_/A (sky130_fd_sc_hd__nand2_2)
     7    0.030557    0.164531    0.176468    2.353612 ^ _096_/Y (sky130_fd_sc_hd__nand2_2)
                                                         _031_ (net)
                      0.164540    0.000946    2.354558 ^ _144_/A2 (sky130_fd_sc_hd__o21a_4)
     2    0.011717    0.050856    0.147858    2.502415 ^ _144_/X (sky130_fd_sc_hd__o21a_4)
                                                         net28 (net)
                      0.050856    0.000222    2.502637 ^ _193_/B1 (sky130_fd_sc_hd__a211oi_2)
     1    0.005804    0.026773    0.042951    2.545588 v _193_/Y (sky130_fd_sc_hd__a211oi_2)
                                                         net29 (net)
                      0.026773    0.000136    2.545724 v output29/A (sky130_fd_sc_hd__buf_6)
     1    0.034373    0.043769    0.122248    2.667972 v output29/X (sky130_fd_sc_hd__buf_6)
                                                         zero (net)
                      0.043783    0.000694    2.668666 v zero (out)
                                              2.668666   data arrival time

                      0.000000    0.000000    0.000000   clock __VIRTUAL_CLK__ (rise edge)
                                  0.000000    0.000000   clock network delay (ideal)
                                  0.250000    0.250000   clock uncertainty
                                  0.000000    0.250000   clock reconvergence pessimism
                                 -2.000000   -1.750000   output external delay
                                             -1.750000   data required time
---------------------------------------------------------------------------------------------
                                             -1.750000   data required time
                                             -2.668666   data arrival time
---------------------------------------------------------------------------------------------
                                              4.418665   slack (MET)


Startpoint: a[7] (input port clocked by __VIRTUAL_CLK__)
Endpoint: overflow (output port clocked by __VIRTUAL_CLK__)
Path Group: __VIRTUAL_CLK__
Path Type: min

Fanout         Cap        Slew       Delay        Time   Description
---------------------------------------------------------------------------------------------
                      0.000000    0.000000    0.000000   clock __VIRTUAL_CLK__ (rise edge)
                                  0.000000    0.000000   clock network delay (ideal)
                                  2.000000    2.000000 v input external delay
     1    0.003480    0.010212    0.005303    2.005303 v a[7] (in)
                                                         a[7] (net)
                      0.010212    0.000000    2.005303 v input8/A (sky130_fd_sc_hd__clkdlybuf4s25_1)
     6    0.028610    0.215285    0.351392    2.356696 v input8/X (sky130_fd_sc_hd__clkdlybuf4s25_1)
                                                         net8 (net)
                      0.215286    0.000776    2.357472 v _143_/A (sky130_fd_sc_hd__nand2_2)
     1    0.003172    0.037450    0.098668    2.456140 ^ _143_/Y (sky130_fd_sc_hd__nand2_2)
                                                         _078_ (net)
                      0.037450    0.000091    2.456231 ^ _146_/B (sky130_fd_sc_hd__and3_4)
     1    0.008211    0.053454    0.168666    2.624897 ^ _146_/X (sky130_fd_sc_hd__and3_4)
                                                         net20 (net)
                      0.053454    0.000262    2.625159 ^ output20/A (sky130_fd_sc_hd__buf_8)
     1    0.034884    0.066521    0.113382    2.738541 ^ output20/X (sky130_fd_sc_hd__buf_8)
                                                         overflow (net)
                      0.066528    0.000676    2.739218 ^ overflow (out)
                                              2.739218   data arrival time

                      0.000000    0.000000    0.000000   clock __VIRTUAL_CLK__ (rise edge)
                                  0.000000    0.000000   clock network delay (ideal)
                                  0.250000    0.250000   clock uncertainty
                                  0.000000    0.250000   clock reconvergence pessimism
                                 -2.000000   -1.750000   output external delay
                                             -1.750000   data required time
---------------------------------------------------------------------------------------------
                                             -1.750000   data required time
                                             -2.739218   data arrival time
---------------------------------------------------------------------------------------------
                                              4.489218   slack (MET)


Startpoint: a[5] (input port clocked by __VIRTUAL_CLK__)
Endpoint: result[5] (output port clocked by __VIRTUAL_CLK__)
Path Group: __VIRTUAL_CLK__
Path Type: min

Fanout         Cap        Slew       Delay        Time   Description
---------------------------------------------------------------------------------------------
                      0.000000    0.000000    0.000000   clock __VIRTUAL_CLK__ (rise edge)
                                  0.000000    0.000000   clock network delay (ideal)
                                  2.000000    2.000000 ^ input external delay
     1    0.003596    0.023183    0.012455    2.012455 ^ a[5] (in)
                                                         a[5] (net)
                      0.023190    0.000000    2.012455 ^ input6/A (sky130_fd_sc_hd__clkdlybuf4s25_1)
     5    0.014679    0.156270    0.301781    2.314237 ^ input6/X (sky130_fd_sc_hd__clkdlybuf4s25_1)
                                                         net6 (net)
                      0.156270    0.000526    2.314762 ^ _173_/A (sky130_fd_sc_hd__or2_2)
     2    0.005452    0.041851    0.137025    2.451787 ^ _173_/X (sky130_fd_sc_hd__or2_2)
                                                         _009_ (net)
                      0.041851    0.000066    2.451854 ^ _180_/A (sky130_fd_sc_hd__and2_2)
     1    0.003929    0.041957    0.121284    2.573138 ^ _180_/X (sky130_fd_sc_hd__and2_2)
                                                         net26 (net)
                      0.041957    0.000132    2.573269 ^ output26/A (sky130_fd_sc_hd__dlymetal6s2s_1)
     1    0.035945    0.361733    0.296004    2.869274 ^ output26/X (sky130_fd_sc_hd__dlymetal6s2s_1)
                                                         result[5] (net)
                      0.361737    0.000884    2.870157 ^ result[5] (out)
                                              2.870157   data arrival time

                      0.000000    0.000000    0.000000   clock __VIRTUAL_CLK__ (rise edge)
                                  0.000000    0.000000   clock network delay (ideal)
                                  0.250000    0.250000   clock uncertainty
                                  0.000000    0.250000   clock reconvergence pessimism
                                 -2.000000   -1.750000   output external delay
                                             -1.750000   data required time
---------------------------------------------------------------------------------------------
                                             -1.750000   data required time
                                             -2.870157   data arrival time
---------------------------------------------------------------------------------------------
                                              4.620157   slack (MET)


Startpoint: a[2] (input port clocked by __VIRTUAL_CLK__)
Endpoint: result[2] (output port clocked by __VIRTUAL_CLK__)
Path Group: __VIRTUAL_CLK__
Path Type: min

Fanout         Cap        Slew       Delay        Time   Description
---------------------------------------------------------------------------------------------
                      0.000000    0.000000    0.000000   clock __VIRTUAL_CLK__ (rise edge)
                                  0.000000    0.000000   clock network delay (ideal)
                                  2.000000    2.000000 v input external delay
     1    0.003389    0.010001    0.005165    2.005165 v a[2] (in)
                                                         a[2] (net)
                      0.010001    0.000000    2.005165 v input3/A (sky130_fd_sc_hd__clkdlybuf4s25_1)
     4    0.013473    0.110318    0.274569    2.279734 v input3/X (sky130_fd_sc_hd__clkdlybuf4s25_1)
                                                         net3 (net)
                      0.110318    0.000321    2.280054 v _161_/B2 (sky130_fd_sc_hd__o32a_2)
     2    0.004923    0.041036    0.192204    2.472259 v _161_/X (sky130_fd_sc_hd__o32a_2)
                                                         net23 (net)
                      0.041036    0.000111    2.472370 v output23/A (sky130_fd_sc_hd__clkdlybuf4s25_1)
     1    0.035388    0.263486    0.397133    2.869503 v output23/X (sky130_fd_sc_hd__clkdlybuf4s25_1)
                                                         result[2] (net)
                      0.263490    0.001291    2.870794 v result[2] (out)
                                              2.870794   data arrival time

                      0.000000    0.000000    0.000000   clock __VIRTUAL_CLK__ (rise edge)
                                  0.000000    0.000000   clock network delay (ideal)
                                  0.250000    0.250000   clock uncertainty
                                  0.000000    0.250000   clock reconvergence pessimism
                                 -2.000000   -1.750000   output external delay
                                             -1.750000   data required time
---------------------------------------------------------------------------------------------
                                             -1.750000   data required time
                                             -2.870794   data arrival time
---------------------------------------------------------------------------------------------
                                              4.620794   slack (MET)


Startpoint: a[4] (input port clocked by __VIRTUAL_CLK__)
Endpoint: result[4] (output port clocked by __VIRTUAL_CLK__)
Path Group: __VIRTUAL_CLK__
Path Type: min

Fanout         Cap        Slew       Delay        Time   Description
---------------------------------------------------------------------------------------------
                      0.000000    0.000000    0.000000   clock __VIRTUAL_CLK__ (rise edge)
                                  0.000000    0.000000   clock network delay (ideal)
                                  2.000000    2.000000 v input external delay
     1    0.004157    0.011775    0.006392    2.006392 v a[4] (in)
                                                         a[4] (net)
                      0.011780    0.000000    2.006392 v input5/A (sky130_fd_sc_hd__clkdlybuf4s25_1)
     5    0.012281    0.102092    0.269163    2.275554 v input5/X (sky130_fd_sc_hd__clkdlybuf4s25_1)
                                                         net5 (net)
                      0.102092    0.000266    2.275820 v _172_/B2 (sky130_fd_sc_hd__o32a_2)
     2    0.007568    0.048487    0.198056    2.473876 v _172_/X (sky130_fd_sc_hd__o32a_2)
                                                         net25 (net)
                      0.048487    0.000171    2.474048 v output25/A (sky130_fd_sc_hd__clkdlybuf4s25_1)
     1    0.035233    0.262325    0.399779    2.873827 v output25/X (sky130_fd_sc_hd__clkdlybuf4s25_1)
                                                         result[4] (net)
                      0.262325    0.000795    2.874622 v result[4] (out)
                                              2.874622   data arrival time

                      0.000000    0.000000    0.000000   clock __VIRTUAL_CLK__ (rise edge)
                                  0.000000    0.000000   clock network delay (ideal)
                                  0.250000    0.250000   clock uncertainty
                                  0.000000    0.250000   clock reconvergence pessimism
                                 -2.000000   -1.750000   output external delay
                                             -1.750000   data required time
---------------------------------------------------------------------------------------------
                                             -1.750000   data required time
                                             -2.874622   data arrival time
---------------------------------------------------------------------------------------------
                                              4.624623   slack (MET)


Startpoint: a[6] (input port clocked by __VIRTUAL_CLK__)
Endpoint: result[6] (output port clocked by __VIRTUAL_CLK__)
Path Group: __VIRTUAL_CLK__
Path Type: min

Fanout         Cap        Slew       Delay        Time   Description
---------------------------------------------------------------------------------------------
                      0.000000    0.000000    0.000000   clock __VIRTUAL_CLK__ (rise edge)
                                  0.000000    0.000000   clock network delay (ideal)
                                  2.000000    2.000000 v input external delay
     1    0.003720    0.010753    0.005703    2.005703 v a[6] (in)
                                                         a[6] (net)
                      0.010758    0.000000    2.005703 v input7/A (sky130_fd_sc_hd__clkdlybuf4s25_1)
     4    0.022853    0.174276    0.322821    2.328524 v input7/X (sky130_fd_sc_hd__clkdlybuf4s25_1)
                                                         net7 (net)
                      0.174276    0.000497    2.329021 v _092_/A (sky130_fd_sc_hd__inv_2)
     3    0.017349    0.098064    0.134283    2.463303 ^ _092_/Y (sky130_fd_sc_hd__inv_2)
                                                         _027_ (net)
                      0.098066    0.000625    2.463928 ^ _181_/A (sky130_fd_sc_hd__nand2_2)
     2    0.006866    0.045923    0.059957    2.523885 v _181_/Y (sky130_fd_sc_hd__nand2_2)
                                                         _016_ (net)
                      0.045923    0.000108    2.523993 v _190_/A (sky130_fd_sc_hd__and2_2)
     1    0.003063    0.034866    0.155532    2.679525 v _190_/X (sky130_fd_sc_hd__and2_2)
                                                         net27 (net)
                      0.034866    0.000091    2.679616 v output27/A (sky130_fd_sc_hd__dlymetal6s2s_1)
     1    0.034746    0.173926    0.233385    2.913001 v output27/X (sky130_fd_sc_hd__dlymetal6s2s_1)
                                                         result[6] (net)
                      0.173928    0.000851    2.913852 v result[6] (out)
                                              2.913852   data arrival time

                      0.000000    0.000000    0.000000   clock __VIRTUAL_CLK__ (rise edge)
                                  0.000000    0.000000   clock network delay (ideal)
                                  0.250000    0.250000   clock uncertainty
                                  0.000000    0.250000   clock reconvergence pessimism
                                 -2.000000   -1.750000   output external delay
                                             -1.750000   data required time
---------------------------------------------------------------------------------------------
                                             -1.750000   data required time
                                             -2.913852   data arrival time
---------------------------------------------------------------------------------------------
                                              4.663852   slack (MET)


Startpoint: a[0] (input port clocked by __VIRTUAL_CLK__)
Endpoint: result[0] (output port clocked by __VIRTUAL_CLK__)
Path Group: __VIRTUAL_CLK__
Path Type: min

Fanout         Cap        Slew       Delay        Time   Description
---------------------------------------------------------------------------------------------
                      0.000000    0.000000    0.000000   clock __VIRTUAL_CLK__ (rise edge)
                                  0.000000    0.000000   clock network delay (ideal)
                                  2.000000    2.000000 v input external delay
     1    0.003453    0.010136    0.005269    2.005269 v a[0] (in)
                                                         a[0] (net)
                      0.010136    0.000000    2.005269 v input1/A (sky130_fd_sc_hd__clkdlybuf4s25_1)
     6    0.023392    0.178145    0.325266    2.330535 v input1/X (sky130_fd_sc_hd__clkdlybuf4s25_1)
                                                         net1 (net)
                      0.178145    0.000390    2.330925 v _151_/B2 (sky130_fd_sc_hd__o32a_2)
     2    0.006222    0.044565    0.223956    2.554881 v _151_/X (sky130_fd_sc_hd__o32a_2)
                                                         net21 (net)
                      0.044565    0.000163    2.555043 v output21/A (sky130_fd_sc_hd__clkdlybuf4s25_1)
     1    0.035083    0.261193    0.397453    2.952497 v output21/X (sky130_fd_sc_hd__clkdlybuf4s25_1)
                                                         result[0] (net)
                      0.261194    0.000758    2.953255 v result[0] (out)
                                              2.953255   data arrival time

                      0.000000    0.000000    0.000000   clock __VIRTUAL_CLK__ (rise edge)
                                  0.000000    0.000000   clock network delay (ideal)
                                  0.250000    0.250000   clock uncertainty
                                  0.000000    0.250000   clock reconvergence pessimism
                                 -2.000000   -1.750000   output external delay
                                             -1.750000   data required time
---------------------------------------------------------------------------------------------
                                             -1.750000   data required time
                                             -2.953255   data arrival time
---------------------------------------------------------------------------------------------
                                              4.703255   slack (MET)


Startpoint: a[3] (input port clocked by __VIRTUAL_CLK__)
Endpoint: result[3] (output port clocked by __VIRTUAL_CLK__)
Path Group: __VIRTUAL_CLK__
Path Type: min

Fanout         Cap        Slew       Delay        Time   Description
---------------------------------------------------------------------------------------------
                      0.000000    0.000000    0.000000   clock __VIRTUAL_CLK__ (rise edge)
                                  0.000000    0.000000   clock network delay (ideal)
                                  2.000000    2.000000 v input external delay
     1    0.004839    0.013282    0.007460    2.007460 v a[3] (in)
                                                         a[3] (net)
                      0.013283    0.000000    2.007460 v input4/A (sky130_fd_sc_hd__clkdlybuf4s25_1)
     4    0.015861    0.126677    0.288082    2.295542 v input4/X (sky130_fd_sc_hd__clkdlybuf4s25_1)
                                                         net4 (net)
                      0.126677    0.000369    2.295911 v _167_/B2 (sky130_fd_sc_hd__o2bb2a_2)
     2    0.008156    0.045120    0.279752    2.575663 v _167_/X (sky130_fd_sc_hd__o2bb2a_2)
                                                         net24 (net)
                      0.045120    0.000096    2.575759 v output24/A (sky130_fd_sc_hd__clkdlybuf4s25_1)
     1    0.034847    0.259508    0.396524    2.972283 v output24/X (sky130_fd_sc_hd__clkdlybuf4s25_1)
                                                         result[3] (net)
                      0.259508    0.000727    2.973010 v result[3] (out)
                                              2.973010   data arrival time

                      0.000000    0.000000    0.000000   clock __VIRTUAL_CLK__ (rise edge)
                                  0.000000    0.000000   clock network delay (ideal)
                                  0.250000    0.250000   clock uncertainty
                                  0.000000    0.250000   clock reconvergence pessimism
                                 -2.000000   -1.750000   output external delay
                                             -1.750000   data required time
---------------------------------------------------------------------------------------------
                                             -1.750000   data required time
                                             -2.973010   data arrival time
---------------------------------------------------------------------------------------------
                                              4.723010   slack (MET)


Startpoint: opcode[2] (input port clocked by __VIRTUAL_CLK__)
Endpoint: result[1] (output port clocked by __VIRTUAL_CLK__)
Path Group: __VIRTUAL_CLK__
Path Type: min

Fanout         Cap        Slew       Delay        Time   Description
---------------------------------------------------------------------------------------------
                      0.000000    0.000000    0.000000   clock __VIRTUAL_CLK__ (rise edge)
                                  0.000000    0.000000   clock network delay (ideal)
                                  2.000000    2.000000 ^ input external delay
     1    0.004740    0.028162    0.016165    2.016165 ^ opcode[2] (in)
                                                         opcode[2] (net)
                      0.028162    0.000000    2.016165 ^ input19/A (sky130_fd_sc_hd__clkbuf_2)
    10    0.038141    0.209140    0.203341    2.219506 ^ input19/X (sky130_fd_sc_hd__clkbuf_2)
                                                         net19 (net)
                      0.209144    0.000729    2.220235 ^ _154_/A1 (sky130_fd_sc_hd__o211a_2)
     1    0.004833    0.051520    0.201861    2.422096 ^ _154_/X (sky130_fd_sc_hd__o211a_2)
                                                         _086_ (net)
                      0.051520    0.000155    2.422251 ^ _156_/B (sky130_fd_sc_hd__or3_2)
     2    0.006180    0.042566    0.108785    2.531036 ^ _156_/X (sky130_fd_sc_hd__or3_2)
                                                         net22 (net)
                      0.042566    0.000127    2.531163 ^ output22/A (sky130_fd_sc_hd__clkdlybuf4s25_1)
     1    0.035169    0.354862    0.441270    2.972433 ^ output22/X (sky130_fd_sc_hd__clkdlybuf4s25_1)
                                                         result[1] (net)
                      0.354862    0.000763    2.973197 ^ result[1] (out)
                                              2.973197   data arrival time

                      0.000000    0.000000    0.000000   clock __VIRTUAL_CLK__ (rise edge)
                                  0.000000    0.000000   clock network delay (ideal)
                                  0.250000    0.250000   clock uncertainty
                                  0.000000    0.250000   clock reconvergence pessimism
                                 -2.000000   -1.750000   output external delay
                                             -1.750000   data required time
---------------------------------------------------------------------------------------------
                                             -1.750000   data required time
                                             -2.973197   data arrival time
---------------------------------------------------------------------------------------------
                                              4.723196   slack (MET)



