+ define_corners nom_tt_025C_1v80
Reading timing models for corner nom_tt_025C_1v80…
Reading cell library for the 'nom_tt_025C_1v80' corner at '/home/thaituroblox/.ciel/ciel/ciel/sky130/versions/8afc8346a57fe1ab7934ba5a6056ea8b43078e71/sky130A/libs.ref/sky130_fd_sc_hd/lib/sky130_fd_sc_hd__tt_025C_1v80.lib'…
Reading top-level netlist at '/home/thaituroblox/Desktop/8_BIT_COUNTER/Counter-8-Bit-/alu_project/runs/RUN_2026-09-26_04-41-42/52-openroad-fillinsertion/alu_8bit.nl.v'…
Linking design 'alu_8bit' from netlist…
Warning: /home/thaituroblox/Desktop/8_BIT_COUNTER/Counter-8-Bit-/alu_project/runs/RUN_2026-09-26_04-41-42/52-openroad-fillinsertion/alu_8bit.nl.v line 155, module sky130_fd_sc_hd__fill_1 not found. Creating black box for FILLER_0_83.
Warning: /home/thaituroblox/Desktop/8_BIT_COUNTER/Counter-8-Bit-/alu_project/runs/RUN_2026-09-26_04-41-42/52-openroad-fillinsertion/alu_8bit.nl.v line 169, module sky130_fd_sc_hd__fill_2 not found. Creating black box for FILLER_11_67.
Warning: /home/thaituroblox/Desktop/8_BIT_COUNTER/Counter-8-Bit-/alu_project/runs/RUN_2026-09-26_04-41-42/52-openroad-fillinsertion/alu_8bit.nl.v line 304, module sky130_fd_sc_hd__tapvpwrvgnd_1 not found. Creating black box for TAP_TAPCELL_ROW_0_32.
Reading design constraints file at '/nix/store/8y4m6wgn5kqlbig1qwnwbxijqqp0jwib-python3-3.13.9-env/lib/python3.13/site-packages/librelane/scripts/base.sdc'…
[WARNING] No CLOCK_PORT found. A dummy clock will be used.
Warning: base.sdc line 15, port '__VIRTUAL_CLK__' not found.
[INFO] Using clock __VIRTUAL_CLK__…
[INFO] Setting output delay to: 2.0
[INFO] Setting input delay to: 2.0
Warning: base.sdc line 32, port '__VIRTUAL_CLK__' not found.
[INFO] Setting load to: 0.033442
[INFO] Setting clock uncertainty to: 0.25
[INFO] Setting clock transition to: 0.1499999999999999944488848768742172978818416595458984375
Warning: base.sdc line 69, transition time can not be specified for virtual clocks.
[INFO] Setting timing derate to: 5.0%
Warning: base.sdc line 79, virtual clock __VIRTUAL_CLK__ can not be propagated.
Reading top-level design parasitics for the 'nom_tt_025C_1v80' corner at '/home/thaituroblox/Desktop/8_BIT_COUNTER/Counter-8-Bit-/alu_project/runs/RUN_2026-09-26_04-41-42/54-openroad-rcx/nom/alu_8bit.nom.spef'…
%OL_CREATE_REPORT min.rpt

===========================================================================
report_checks -path_delay min (Hold)
============================================================================
======================= nom_tt_025C_1v80 Corner ===================================

Startpoint: opcode[2] (input port clocked by __VIRTUAL_CLK__)
Endpoint: result[7] (output port clocked by __VIRTUAL_CLK__)
Path Group: __VIRTUAL_CLK__
Path Type: min

Fanout         Cap        Slew       Delay        Time   Description
---------------------------------------------------------------------------------------------
                      0.000000    0.000000    0.000000   clock __VIRTUAL_CLK__ (rise edge)
                                  0.000000    0.000000   clock network delay (ideal)
                                  2.000000    2.000000 v input external delay
     1    0.004510    0.012572    0.006947    2.006947 v opcode[2] (in)
                                                         opcode[2] (net)
                      0.012573    0.000000    2.006947 v input19/A (sky130_fd_sc_hd__clkbuf_2)
    10    0.035618    0.136763    0.168698    2.175645 v input19/X (sky130_fd_sc_hd__clkbuf_2)
                                                         net19 (net)
                      0.136781    0.001498    2.177143 v _096_/A (sky130_fd_sc_hd__nand2_2)
     7    0.030557    0.164531    0.176468    2.353612 ^ _096_/Y (sky130_fd_sc_hd__nand2_2)
                                                         _031_ (net)
                      0.164540    0.000946    2.354558 ^ _144_/A2 (sky130_fd_sc_hd__o21a_4)
     2    0.011717    0.050856    0.147858    2.502415 ^ _144_/X (sky130_fd_sc_hd__o21a_4)
                                                         net28 (net)
                      0.050856    0.000190    2.502605 ^ output28/A (sky130_fd_sc_hd__buf_6)
     1    0.034514    0.077260    0.121144    2.623749 ^ output28/X (sky130_fd_sc_hd__buf_6)
                                                         result[7] (net)
                      0.077266    0.000707    2.624456 ^ result[7] (out)
                                              2.624456   data arrival time

                      0.000000    0.000000    0.000000   clock __VIRTUAL_CLK__ (rise edge)
                                  0.000000    0.000000   clock network delay (ideal)
                                  0.250000    0.250000   clock uncertainty
                                  0.000000    0.250000   clock reconvergence pessimism
                                 -2.000000   -1.750000   output external delay
                                             -1.750000   data required time
---------------------------------------------------------------------------------------------
                                             -1.750000   data required time
                                             -2.624456   data arrival time
---------------------------------------------------------------------------------------------
                                              4.374456   slack (MET)


Startpoint: opcode[2] (input port clocked by __VIRTUAL_CLK__)
Endpoint: zero (output port clocked by __VIRTUAL_CLK__)
Path Group: __VIRTUAL_CLK__
Path Type: min

Fanout         Cap        Slew       Delay        Time   Description
---------------------------------------------------------------------------------------------
                      0.000000    0.000000    0.000000   clock __VIRTUAL_CLK__ (rise edge)
                                  0.000000    0.000000   clock network delay (ideal)
                                  2.000000    2.000000 v input external delay
     1    0.004510    0.012572    0.006947    2.006947 v opcode[2] (in)
                                                         opcode[2] (net)
                      0.012573    0.000000    2.006947 v input19/A (sky130_fd_sc_hd__clkbuf_2)
    10    0.035618    0.136763    0.168698    2.175645 v input19/X (sky130_fd_sc_hd__clkbuf_2)
                                                         net19 (net)
                      0.136781    0.001498    2.177143 v _096_/A (sky130_fd_sc_hd__nand2_2)
     7    0.030557    0.164531    0.176468    2.353612 ^ _096_/Y (sky130_fd_sc_hd__nand2_2)
                                                         _031_ (net)
                      0.164540    0.000946    2.354558 ^ _144_/A2 (sky130_fd_sc_hd__o21a_4)
     2    0.011717    0.050856    0.147858    2.502415 ^ _144_/X (sky130_fd_sc_hd__o21a_4)
                                                         net28 (net)
                      0.050856    0.000222    2.502637 ^ _193_/B1 (sky130_fd_sc_hd__a211oi_2)
     1    0.005804    0.026773    0.042951    2.545588 v _193_/Y (sky130_fd_sc_hd__a211oi_2)
                                                         net29 (net)
                      0.026773    0.000136    2.545724 v output29/A (sky130_fd_sc_hd__buf_6)
     1    0.034373    0.043769    0.122248    2.667972 v output29/X (sky130_fd_sc_hd__buf_6)
                                                         zero (net)
                      0.043783    0.000694    2.668666 v zero (out)
                                              2.668666   data arrival time

                      0.000000    0.000000    0.000000   clock __VIRTUAL_CLK__ (rise edge)
                                  0.000000    0.000000   clock network delay (ideal)
                                  0.250000    0.250000   clock uncertainty
                                  0.000000    0.250000   clock reconvergence pessimism
                                 -2.000000   -1.750000   output external delay
                                             -1.750000   data required time
---------------------------------------------------------------------------------------------
                                             -1.750000   data required time
                                             -2.668666   data arrival time
---------------------------------------------------------------------------------------------
                                              4.418665   slack (MET)


Startpoint: a[7] (input port clocked by __VIRTUAL_CLK__)
Endpoint: overflow (output port clocked by __VIRTUAL_CLK__)
Path Group: __VIRTUAL_CLK__
Path Type: min

Fanout         Cap        Slew       Delay        Time   Description
---------------------------------------------------------------------------------------------
                      0.000000    0.000000    0.000000   clock __VIRTUAL_CLK__ (rise edge)
                                  0.000000    0.000000   clock network delay (ideal)
                                  2.000000    2.000000 v input external delay
     1    0.003480    0.010212    0.005303    2.005303 v a[7] (in)
                                                         a[7] (net)
                      0.010212    0.000000    2.005303 v input8/A (sky130_fd_sc_hd__clkdlybuf4s25_1)
     6    0.028610    0.215285    0.351392    2.356696 v input8/X (sky130_fd_sc_hd__clkdlybuf4s25_1)
                                                         net8 (net)
                      0.215286    0.000776    2.357472 v _143_/A (sky130_fd_sc_hd__nand2_2)
     1    0.003172    0.037450    0.098668    2.456140 ^ _143_/Y (sky130_fd_sc_hd__nand2_2)
                                                         _078_ (net)
                      0.037450    0.000091    2.456231 ^ _146_/B (sky130_fd_sc_hd__and3_4)
     1    0.008211    0.053454    0.168666    2.624897 ^ _146_/X (sky130_fd_sc_hd__and3_4)
                                                         net20 (net)
                      0.053454    0.000262    2.625159 ^ output20/A (sky130_fd_sc_hd__buf_8)
     1    0.034884    0.066521    0.113382    2.738541 ^ output20/X (sky130_fd_sc_hd__buf_8)
                                                         overflow (net)
                      0.066528    0.000676    2.739218 ^ overflow (out)
                                              2.739218   data arrival time

                      0.000000    0.000000    0.000000   clock __VIRTUAL_CLK__ (rise edge)
                                  0.000000    0.000000   clock network delay (ideal)
                                  0.250000    0.250000   clock uncertainty
                                  0.000000    0.250000   clock reconvergence pessimism
                                 -2.000000   -1.750000   output external delay
                                             -1.750000   data required time
---------------------------------------------------------------------------------------------
                                             -1.750000   data required time
                                             -2.739218   data arrival time
---------------------------------------------------------------------------------------------
                                              4.489218   slack (MET)


Startpoint: a[5] (input port clocked by __VIRTUAL_CLK__)
Endpoint: result[5] (output port clocked by __VIRTUAL_CLK__)
Path Group: __VIRTUAL_CLK__
Path Type: min

Fanout         Cap        Slew       Delay        Time   Description
---------------------------------------------------------------------------------------------
                      0.000000    0.000000    0.000000   clock __VIRTUAL_CLK__ (rise edge)
                                  0.000000    0.000000   clock network delay (ideal)
                                  2.000000    2.000000 ^ input external delay
     1    0.003596    0.023183    0.012455    2.012455 ^ a[5] (in)
                                                         a[5] (net)
                      0.023190    0.000000    2.012455 ^ input6/A (sky130_fd_sc_hd__clkdlybuf4s25_1)
     5    0.014679    0.156270    0.301781    2.314237 ^ input6/X (sky130_fd_sc_hd__clkdlybuf4s25_1)
                                                         net6 (net)
                      0.156270    0.000526    2.314762 ^ _173_/A (sky130_fd_sc_hd__or2_2)
     2    0.005452    0.041851    0.137025    2.451787 ^ _173_/X (sky130_fd_sc_hd__or2_2)
                                                         _009_ (net)
                      0.041851    0.000066    2.451854 ^ _180_/A (sky130_fd_sc_hd__and2_2)
     1    0.003929    0.041957    0.121284    2.573138 ^ _180_/X (sky130_fd_sc_hd__and2_2)
                                                         net26 (net)
                      0.041957    0.000132    2.573269 ^ output26/A (sky130_fd_sc_hd__dlymetal6s2s_1)
     1    0.035945    0.361733    0.296004    2.869274 ^ output26/X (sky130_fd_sc_hd__dlymetal6s2s_1)
                                                         result[5] (net)
                      0.361737    0.000884    2.870157 ^ result[5] (out)
                                              2.870157   data arrival time

                      0.000000    0.000000    0.000000   clock __VIRTUAL_CLK__ (rise edge)
                                  0.000000    0.000000   clock network delay (ideal)
                                  0.250000    0.250000   clock uncertainty
                                  0.000000    0.250000   clock reconvergence pessimism
                                 -2.000000   -1.750000   output external delay
                                             -1.750000   data required time
---------------------------------------------------------------------------------------------
                                             -1.750000   data required time
                                             -2.870157   data arrival time
---------------------------------------------------------------------------------------------
                                              4.620157   slack (MET)


Startpoint: a[2] (input port clocked by __VIRTUAL_CLK__)
Endpoint: result[2] (output port clocked by __VIRTUAL_CLK__)
Path Group: __VIRTUAL_CLK__
Path Type: min

Fanout         Cap        Slew       Delay        Time   Description
---------------------------------------------------------------------------------------------
                      0.000000    0.000000    0.000000   clock __VIRTUAL_CLK__ (rise edge)
                                  0.000000    0.000000   clock network delay (ideal)
                                  2.000000    2.000000 v input external delay
     1    0.003389    0.010001    0.005165    2.005165 v a[2] (in)
                                                         a[2] (net)
                      0.010001    0.000000    2.005165 v input3/A (sky130_fd_sc_hd__clkdlybuf4s25_1)
     4    0.013473    0.110318    0.274569    2.279734 v input3/X (sky130_fd_sc_hd__clkdlybuf4s25_1)
                                                         net3 (net)
                      0.110318    0.000321    2.280054 v _161_/B2 (sky130_fd_sc_hd__o32a_2)
     2    0.004923    0.041036    0.192204    2.472259 v _161_/X (sky130_fd_sc_hd__o32a_2)
                                                         net23 (net)
                      0.041036    0.000111    2.472370 v output23/A (sky130_fd_sc_hd__clkdlybuf4s25_1)
     1    0.035388    0.263486    0.397133    2.869503 v output23/X (sky130_fd_sc_hd__clkdlybuf4s25_1)
                                                         result[2] (net)
                      0.263490    0.001291    2.870794 v result[2] (out)
                                              2.870794   data arrival time

                      0.000000    0.000000    0.000000   clock __VIRTUAL_CLK__ (rise edge)
                                  0.000000    0.000000   clock network delay (ideal)
                                  0.250000    0.250000   clock uncertainty
                                  0.000000    0.250000   clock reconvergence pessimism
                                 -2.000000   -1.750000   output external delay
                                             -1.750000   data required time
---------------------------------------------------------------------------------------------
                                             -1.750000   data required time
                                             -2.870794   data arrival time
---------------------------------------------------------------------------------------------
                                              4.620794   slack (MET)


Startpoint: a[4] (input port clocked by __VIRTUAL_CLK__)
Endpoint: result[4] (output port clocked by __VIRTUAL_CLK__)
Path Group: __VIRTUAL_CLK__
Path Type: min

Fanout         Cap        Slew       Delay        Time   Description
---------------------------------------------------------------------------------------------
                      0.000000    0.000000    0.000000   clock __VIRTUAL_CLK__ (rise edge)
                                  0.000000    0.000000   clock network delay (ideal)
                                  2.000000    2.000000 v input external delay
     1    0.004157    0.011775    0.006392    2.006392 v a[4] (in)
                                                         a[4] (net)
                      0.011780    0.000000    2.006392 v input5/A (sky130_fd_sc_hd__clkdlybuf4s25_1)
     5    0.012281    0.102092    0.269163    2.275554 v input5/X (sky130_fd_sc_hd__clkdlybuf4s25_1)
                                                         net5 (net)
                      0.102092    0.000266    2.275820 v _172_/B2 (sky130_fd_sc_hd__o32a_2)
     2    0.007568    0.048487    0.198056    2.473876 v _172_/X (sky130_fd_sc_hd__o32a_2)
                                                         net25 (net)
                      0.048487    0.000171    2.474048 v output25/A (sky130_fd_sc_hd__clkdlybuf4s25_1)
     1    0.035233    0.262325    0.399779    2.873827 v output25/X (sky130_fd_sc_hd__clkdlybuf4s25_1)
                                                         result[4] (net)
                      0.262325    0.000795    2.874622 v result[4] (out)
                                              2.874622   data arrival time

                      0.000000    0.000000    0.000000   clock __VIRTUAL_CLK__ (rise edge)
                                  0.000000    0.000000   clock network delay (ideal)
                                  0.250000    0.250000   clock uncertainty
                                  0.000000    0.250000   clock reconvergence pessimism
                                 -2.000000   -1.750000   output external delay
                                             -1.750000   data required time
---------------------------------------------------------------------------------------------
                                             -1.750000   data required time
                                             -2.874622   data arrival time
---------------------------------------------------------------------------------------------
                                              4.624623   slack (MET)


Startpoint: a[6] (input port clocked by __VIRTUAL_CLK__)
Endpoint: result[6] (output port clocked by __VIRTUAL_CLK__)
Path Group: __VIRTUAL_CLK__
Path Type: min

Fanout         Cap        Slew       Delay        Time   Description
---------------------------------------------------------------------------------------------
                      0.000000    0.000000    0.000000   clock __VIRTUAL_CLK__ (rise edge)
                                  0.000000    0.000000   clock network delay (ideal)
                                  2.000000    2.000000 v input external delay
     1    0.003720    0.010753    0.005703    2.005703 v a[6] (in)
                                                         a[6] (net)
                      0.010758    0.000000    2.005703 v input7/A (sky130_fd_sc_hd__clkdlybuf4s25_1)
     4    0.022853    0.174276    0.322821    2.328524 v input7/X (sky130_fd_sc_hd__clkdlybuf4s25_1)
                                                         net7 (net)
                      0.174276    0.000497    2.329021 v _092_/A (sky130_fd_sc_hd__inv_2)
     3    0.017349    0.098064    0.134283    2.463303 ^ _092_/Y (sky130_fd_sc_hd__inv_2)
                                                         _027_ (net)
                      0.098066    0.000625    2.463928 ^ _181_/A (sky130_fd_sc_hd__nand2_2)
     2    0.006866    0.045923    0.059957    2.523885 v _181_/Y (sky130_fd_sc_hd__nand2_2)
                                                         _016_ (net)
                      0.045923    0.000108    2.523993 v _190_/A (sky130_fd_sc_hd__and2_2)
     1    0.003063    0.034866    0.155532    2.679525 v _190_/X (sky130_fd_sc_hd__and2_2)
                                                         net27 (net)
                      0.034866    0.000091    2.679616 v output27/A (sky130_fd_sc_hd__dlymetal6s2s_1)
     1    0.034746    0.173926    0.233385    2.913001 v output27/X (sky130_fd_sc_hd__dlymetal6s2s_1)
                                                         result[6] (net)
                      0.173928    0.000851    2.913852 v result[6] (out)
                                              2.913852   data arrival time

                      0.000000    0.000000    0.000000   clock __VIRTUAL_CLK__ (rise edge)
                                  0.000000    0.000000   clock network delay (ideal)
                                  0.250000    0.250000   clock uncertainty
                                  0.000000    0.250000   clock reconvergence pessimism
                                 -2.000000   -1.750000   output external delay
                                             -1.750000   data required time
---------------------------------------------------------------------------------------------
                                             -1.750000   data required time
                                             -2.913852   data arrival time
---------------------------------------------------------------------------------------------
                                              4.663852   slack (MET)


Startpoint: a[0] (input port clocked by __VIRTUAL_CLK__)
Endpoint: result[0] (output port clocked by __VIRTUAL_CLK__)
Path Group: __VIRTUAL_CLK__
Path Type: min

Fanout         Cap        Slew       Delay        Time   Description
---------------------------------------------------------------------------------------------
                      0.000000    0.000000    0.000000   clock __VIRTUAL_CLK__ (rise edge)
                                  0.000000    0.000000   clock network delay (ideal)
                                  2.000000    2.000000 v input external delay
     1    0.003453    0.010136    0.005269    2.005269 v a[0] (in)
                                                         a[0] (net)
                      0.010136    0.000000    2.005269 v input1/A (sky130_fd_sc_hd__clkdlybuf4s25_1)
     6    0.023392    0.178145    0.325266    2.330535 v input1/X (sky130_fd_sc_hd__clkdlybuf4s25_1)
                                                         net1 (net)
                      0.178145    0.000390    2.330925 v _151_/B2 (sky130_fd_sc_hd__o32a_2)
     2    0.006222    0.044565    0.223956    2.554881 v _151_/X (sky130_fd_sc_hd__o32a_2)
                                                         net21 (net)
                      0.044565    0.000163    2.555043 v output21/A (sky130_fd_sc_hd__clkdlybuf4s25_1)
     1    0.035083    0.261193    0.397453    2.952497 v output21/X (sky130_fd_sc_hd__clkdlybuf4s25_1)
                                                         result[0] (net)
                      0.261194    0.000758    2.953255 v result[0] (out)
                                              2.953255   data arrival time

                      0.000000    0.000000    0.000000   clock __VIRTUAL_CLK__ (rise edge)
                                  0.000000    0.000000   clock network delay (ideal)
                                  0.250000    0.250000   clock uncertainty
                                  0.000000    0.250000   clock reconvergence pessimism
                                 -2.000000   -1.750000   output external delay
                                             -1.750000   data required time
---------------------------------------------------------------------------------------------
                                             -1.750000   data required time
                                             -2.953255   data arrival time
---------------------------------------------------------------------------------------------
                                              4.703255   slack (MET)


Startpoint: a[3] (input port clocked by __VIRTUAL_CLK__)
Endpoint: result[3] (output port clocked by __VIRTUAL_CLK__)
Path Group: __VIRTUAL_CLK__
Path Type: min

Fanout         Cap        Slew       Delay        Time   Description
---------------------------------------------------------------------------------------------
                      0.000000    0.000000    0.000000   clock __VIRTUAL_CLK__ (rise edge)
                                  0.000000    0.000000   clock network delay (ideal)
                                  2.000000    2.000000 v input external delay
     1    0.004839    0.013282    0.007460    2.007460 v a[3] (in)
                                                         a[3] (net)
                      0.013283    0.000000    2.007460 v input4/A (sky130_fd_sc_hd__clkdlybuf4s25_1)
     4    0.015861    0.126677    0.288082    2.295542 v input4/X (sky130_fd_sc_hd__clkdlybuf4s25_1)
                                                         net4 (net)
                      0.126677    0.000369    2.295911 v _167_/B2 (sky130_fd_sc_hd__o2bb2a_2)
     2    0.008156    0.045120    0.279752    2.575663 v _167_/X (sky130_fd_sc_hd__o2bb2a_2)
                                                         net24 (net)
                      0.045120    0.000096    2.575759 v output24/A (sky130_fd_sc_hd__clkdlybuf4s25_1)
     1    0.034847    0.259508    0.396524    2.972283 v output24/X (sky130_fd_sc_hd__clkdlybuf4s25_1)
                                                         result[3] (net)
                      0.259508    0.000727    2.973010 v result[3] (out)
                                              2.973010   data arrival time

                      0.000000    0.000000    0.000000   clock __VIRTUAL_CLK__ (rise edge)
                                  0.000000    0.000000   clock network delay (ideal)
                                  0.250000    0.250000   clock uncertainty
                                  0.000000    0.250000   clock reconvergence pessimism
                                 -2.000000   -1.750000   output external delay
                                             -1.750000   data required time
---------------------------------------------------------------------------------------------
                                             -1.750000   data required time
                                             -2.973010   data arrival time
---------------------------------------------------------------------------------------------
                                              4.723010   slack (MET)


Startpoint: opcode[2] (input port clocked by __VIRTUAL_CLK__)
Endpoint: result[1] (output port clocked by __VIRTUAL_CLK__)
Path Group: __VIRTUAL_CLK__
Path Type: min

Fanout         Cap        Slew       Delay        Time   Description
---------------------------------------------------------------------------------------------
                      0.000000    0.000000    0.000000   clock __VIRTUAL_CLK__ (rise edge)
                                  0.000000    0.000000   clock network delay (ideal)
                                  2.000000    2.000000 ^ input external delay
     1    0.004740    0.028162    0.016165    2.016165 ^ opcode[2] (in)
                                                         opcode[2] (net)
                      0.028162    0.000000    2.016165 ^ input19/A (sky130_fd_sc_hd__clkbuf_2)
    10    0.038141    0.209140    0.203341    2.219506 ^ input19/X (sky130_fd_sc_hd__clkbuf_2)
                                                         net19 (net)
                      0.209144    0.000729    2.220235 ^ _154_/A1 (sky130_fd_sc_hd__o211a_2)
     1    0.004833    0.051520    0.201861    2.422096 ^ _154_/X (sky130_fd_sc_hd__o211a_2)
                                                         _086_ (net)
                      0.051520    0.000155    2.422251 ^ _156_/B (sky130_fd_sc_hd__or3_2)
     2    0.006180    0.042566    0.108785    2.531036 ^ _156_/X (sky130_fd_sc_hd__or3_2)
                                                         net22 (net)
                      0.042566    0.000127    2.531163 ^ output22/A (sky130_fd_sc_hd__clkdlybuf4s25_1)
     1    0.035169    0.354862    0.441270    2.972433 ^ output22/X (sky130_fd_sc_hd__clkdlybuf4s25_1)
                                                         result[1] (net)
                      0.354862    0.000763    2.973197 ^ result[1] (out)
                                              2.973197   data arrival time

                      0.000000    0.000000    0.000000   clock __VIRTUAL_CLK__ (rise edge)
                                  0.000000    0.000000   clock network delay (ideal)
                                  0.250000    0.250000   clock uncertainty
                                  0.000000    0.250000   clock reconvergence pessimism
                                 -2.000000   -1.750000   output external delay
                                             -1.750000   data required time
---------------------------------------------------------------------------------------------
                                             -1.750000   data required time
                                             -2.973197   data arrival time
---------------------------------------------------------------------------------------------
                                              4.723196   slack (MET)



%OL_END_REPORT
%OL_CREATE_REPORT max.rpt

===========================================================================
report_checks -path_delay max (Setup)
============================================================================
======================= nom_tt_025C_1v80 Corner ===================================

Startpoint: opcode[1] (input port clocked by __VIRTUAL_CLK__)
Endpoint: zero (output port clocked by __VIRTUAL_CLK__)
Path Group: __VIRTUAL_CLK__
Path Type: max

Fanout         Cap        Slew       Delay        Time   Description
---------------------------------------------------------------------------------------------
                      0.000000    0.000000    0.000000   clock __VIRTUAL_CLK__ (rise edge)
                                  0.000000    0.000000   clock network delay (ideal)
                                  2.000000    2.000000 v input external delay
     1    0.006116    0.016042    0.010429    2.010429 v opcode[1] (in)
                                                         opcode[1] (net)
                      0.016043    0.000000    2.010429 v input18/A (sky130_fd_sc_hd__buf_6)
     2    0.009220    0.024785    0.106736    2.117165 v input18/X (sky130_fd_sc_hd__buf_6)
                                                         net18 (net)
                      0.024785    0.000167    2.117332 v fanout31/A (sky130_fd_sc_hd__buf_6)
     2    0.010307    0.025619    0.111764    2.229096 v fanout31/X (sky130_fd_sc_hd__buf_6)
                                                         net31 (net)
                      0.025629    0.000533    2.229629 v _097_/A (sky130_fd_sc_hd__or3b_4)
     2    0.008983    0.074760    0.413559    2.643188 v _097_/X (sky130_fd_sc_hd__or3b_4)
                                                         _032_ (net)
                      0.074760    0.000249    2.643437 v max_cap30/A (sky130_fd_sc_hd__buf_8)
     3    0.016793    0.028795    0.141198    2.784635 v max_cap30/X (sky130_fd_sc_hd__buf_8)
                                                         net30 (net)
                      0.028795    0.000617    2.785253 v _116_/B (sky130_fd_sc_hd__xor2_2)
     2    0.013337    0.200534    0.195907    2.981159 ^ _116_/X (sky130_fd_sc_hd__xor2_2)
                                                         _051_ (net)
                      0.200534    0.000318    2.981477 ^ _117_/A_N (sky130_fd_sc_hd__and2b_2)
     1    0.007034    0.045756    0.267782    3.249259 v _117_/X (sky130_fd_sc_hd__and2b_2)
                                                         _052_ (net)
                      0.045756    0.000322    3.249581 v _121_/B1 (sky130_fd_sc_hd__a21o_4)
     4    0.016865    0.049328    0.211241    3.460821 v _121_/X (sky130_fd_sc_hd__a21o_4)
                                                         _056_ (net)
                      0.049328    0.000607    3.461429 v _125_/A3 (sky130_fd_sc_hd__a31o_4)
     3    0.012228    0.045567    0.263315    3.724743 v _125_/X (sky130_fd_sc_hd__a31o_4)
                                                         _060_ (net)
                      0.045605    0.000435    3.725179 v _127_/A1 (sky130_fd_sc_hd__a2111o_2)
     2    0.007225    0.074864    0.451822    4.177001 v _127_/X (sky130_fd_sc_hd__a2111o_2)
                                                         _062_ (net)
                      0.074864    0.000242    4.177243 v _141_/B (sky130_fd_sc_hd__and3_4)
     1    0.002726    0.030355    0.180027    4.357270 v _141_/X (sky130_fd_sc_hd__and3_4)
                                                         _076_ (net)
                      0.030355    0.000059    4.357328 v _142_/B (sky130_fd_sc_hd__or4b_4)
     3    0.014536    0.102693    0.565814    4.923142 v _142_/X (sky130_fd_sc_hd__or4b_4)
                                                         _077_ (net)
                      0.102752    0.000433    4.923575 v _144_/B1 (sky130_fd_sc_hd__o21a_4)
     2    0.010636    0.041737    0.154646    5.078221 v _144_/X (sky130_fd_sc_hd__o21a_4)
                                                         net28 (net)
                      0.041737    0.000221    5.078442 v _193_/B1 (sky130_fd_sc_hd__a211oi_2)
     1    0.006283    0.193731    0.231589    5.310031 ^ _193_/Y (sky130_fd_sc_hd__a211oi_2)
                                                         net29 (net)
                      0.193731    0.000163    5.310194 ^ output29/A (sky130_fd_sc_hd__buf_6)
     1    0.034373    0.078174    0.174791    5.484985 ^ output29/X (sky130_fd_sc_hd__buf_6)
                                                         zero (net)
                      0.078180    0.000767    5.485752 ^ zero (out)
                                              5.485752   data arrival time

                      0.000000   10.000000   10.000000   clock __VIRTUAL_CLK__ (rise edge)
                                  0.000000   10.000000   clock network delay (ideal)
                                 -0.250000    9.750000   clock uncertainty
                                  0.000000    9.750000   clock reconvergence pessimism
                                 -2.000000    7.750000   output external delay
                                              7.750000   data required time
---------------------------------------------------------------------------------------------
                                              7.750000   data required time
                                             -5.485752   data arrival time
---------------------------------------------------------------------------------------------
                                              2.264248   slack (MET)


Startpoint: opcode[1] (input port clocked by __VIRTUAL_CLK__)
Endpoint: overflow (output port clocked by __VIRTUAL_CLK__)
Path Group: __VIRTUAL_CLK__
Path Type: max

Fanout         Cap        Slew       Delay        Time   Description
---------------------------------------------------------------------------------------------
                      0.000000    0.000000    0.000000   clock __VIRTUAL_CLK__ (rise edge)
                                  0.000000    0.000000   clock network delay (ideal)
                                  2.000000    2.000000 v input external delay
     1    0.006116    0.016042    0.010429    2.010429 v opcode[1] (in)
                                                         opcode[1] (net)
                      0.016043    0.000000    2.010429 v input18/A (sky130_fd_sc_hd__buf_6)
     2    0.009220    0.024785    0.106736    2.117165 v input18/X (sky130_fd_sc_hd__buf_6)
                                                         net18 (net)
                      0.024785    0.000167    2.117332 v fanout31/A (sky130_fd_sc_hd__buf_6)
     2    0.010307    0.025619    0.111764    2.229096 v fanout31/X (sky130_fd_sc_hd__buf_6)
                                                         net31 (net)
                      0.025629    0.000533    2.229629 v _097_/A (sky130_fd_sc_hd__or3b_4)
     2    0.008983    0.074760    0.413559    2.643188 v _097_/X (sky130_fd_sc_hd__or3b_4)
                                                         _032_ (net)
                      0.074760    0.000249    2.643437 v max_cap30/A (sky130_fd_sc_hd__buf_8)
     3    0.016793    0.028795    0.141198    2.784635 v max_cap30/X (sky130_fd_sc_hd__buf_8)
                                                         net30 (net)
                      0.028795    0.000617    2.785253 v _116_/B (sky130_fd_sc_hd__xor2_2)
     2    0.013337    0.200534    0.195907    2.981159 ^ _116_/X (sky130_fd_sc_hd__xor2_2)
                                                         _051_ (net)
                      0.200534    0.000318    2.981477 ^ _117_/A_N (sky130_fd_sc_hd__and2b_2)
     1    0.007034    0.045756    0.267782    3.249259 v _117_/X (sky130_fd_sc_hd__and2b_2)
                                                         _052_ (net)
                      0.045756    0.000322    3.249581 v _121_/B1 (sky130_fd_sc_hd__a21o_4)
     4    0.016865    0.049328    0.211241    3.460821 v _121_/X (sky130_fd_sc_hd__a21o_4)
                                                         _056_ (net)
                      0.049328    0.000607    3.461429 v _125_/A3 (sky130_fd_sc_hd__a31o_4)
     3    0.012228    0.045567    0.263315    3.724743 v _125_/X (sky130_fd_sc_hd__a31o_4)
                                                         _060_ (net)
                      0.045605    0.000435    3.725179 v _127_/A1 (sky130_fd_sc_hd__a2111o_2)
     2    0.007225    0.074864    0.451822    4.177001 v _127_/X (sky130_fd_sc_hd__a2111o_2)
                                                         _062_ (net)
                      0.074864    0.000242    4.177243 v _141_/B (sky130_fd_sc_hd__and3_4)
     1    0.002726    0.030355    0.180027    4.357270 v _141_/X (sky130_fd_sc_hd__and3_4)
                                                         _076_ (net)
                      0.030355    0.000059    4.357328 v _142_/B (sky130_fd_sc_hd__or4b_4)
     3    0.014536    0.102693    0.565814    4.923142 v _142_/X (sky130_fd_sc_hd__or4b_4)
                                                         _077_ (net)
                      0.102752    0.000464    4.923606 v _145_/A1 (sky130_fd_sc_hd__a21o_2)
     1    0.004815    0.039177    0.222677    5.146283 v _145_/X (sky130_fd_sc_hd__a21o_2)
                                                         _079_ (net)
                      0.039317    0.000187    5.146470 v _146_/C (sky130_fd_sc_hd__and3_4)
     1    0.007550    0.036895    0.185849    5.332319 v _146_/X (sky130_fd_sc_hd__and3_4)
                                                         net20 (net)
                      0.036895    0.000265    5.332584 v output20/A (sky130_fd_sc_hd__buf_8)
     1    0.034884    0.040259    0.137173    5.469756 v output20/X (sky130_fd_sc_hd__buf_8)
                                                         overflow (net)
                      0.040273    0.000747    5.470503 v overflow (out)
                                              5.470503   data arrival time

                      0.000000   10.000000   10.000000   clock __VIRTUAL_CLK__ (rise edge)
                                  0.000000   10.000000   clock network delay (ideal)
                                 -0.250000    9.750000   clock uncertainty
                                  0.000000    9.750000   clock reconvergence pessimism
                                 -2.000000    7.750000   output external delay
                                              7.750000   data required time
---------------------------------------------------------------------------------------------
                                              7.750000   data required time
                                             -5.470503   data arrival time
---------------------------------------------------------------------------------------------
                                              2.279497   slack (MET)


Startpoint: opcode[1] (input port clocked by __VIRTUAL_CLK__)
Endpoint: result[7] (output port clocked by __VIRTUAL_CLK__)
Path Group: __VIRTUAL_CLK__
Path Type: max

Fanout         Cap        Slew       Delay        Time   Description
---------------------------------------------------------------------------------------------
                      0.000000    0.000000    0.000000   clock __VIRTUAL_CLK__ (rise edge)
                                  0.000000    0.000000   clock network delay (ideal)
                                  2.000000    2.000000 v input external delay
     1    0.006116    0.016042    0.010429    2.010429 v opcode[1] (in)
                                                         opcode[1] (net)
                      0.016043    0.000000    2.010429 v input18/A (sky130_fd_sc_hd__buf_6)
     2    0.009220    0.024785    0.106736    2.117165 v input18/X (sky130_fd_sc_hd__buf_6)
                                                         net18 (net)
                      0.024785    0.000167    2.117332 v fanout31/A (sky130_fd_sc_hd__buf_6)
     2    0.010307    0.025619    0.111764    2.229096 v fanout31/X (sky130_fd_sc_hd__buf_6)
                                                         net31 (net)
                      0.025629    0.000533    2.229629 v _097_/A (sky130_fd_sc_hd__or3b_4)
     2    0.008983    0.074760    0.413559    2.643188 v _097_/X (sky130_fd_sc_hd__or3b_4)
                                                         _032_ (net)
                      0.074760    0.000249    2.643437 v max_cap30/A (sky130_fd_sc_hd__buf_8)
     3    0.016793    0.028795    0.141198    2.784635 v max_cap30/X (sky130_fd_sc_hd__buf_8)
                                                         net30 (net)
                      0.028795    0.000617    2.785253 v _116_/B (sky130_fd_sc_hd__xor2_2)
     2    0.013337    0.200534    0.195907    2.981159 ^ _116_/X (sky130_fd_sc_hd__xor2_2)
                                                         _051_ (net)
                      0.200534    0.000318    2.981477 ^ _117_/A_N (sky130_fd_sc_hd__and2b_2)
     1    0.007034    0.045756    0.267782    3.249259 v _117_/X (sky130_fd_sc_hd__and2b_2)
                                                         _052_ (net)
                      0.045756    0.000322    3.249581 v _121_/B1 (sky130_fd_sc_hd__a21o_4)
     4    0.016865    0.049328    0.211241    3.460821 v _121_/X (sky130_fd_sc_hd__a21o_4)
                                                         _056_ (net)
                      0.049328    0.000607    3.461429 v _125_/A3 (sky130_fd_sc_hd__a31o_4)
     3    0.012228    0.045567    0.263315    3.724743 v _125_/X (sky130_fd_sc_hd__a31o_4)
                                                         _060_ (net)
                      0.045605    0.000435    3.725179 v _127_/A1 (sky130_fd_sc_hd__a2111o_2)
     2    0.007225    0.074864    0.451822    4.177001 v _127_/X (sky130_fd_sc_hd__a2111o_2)
                                                         _062_ (net)
                      0.074864    0.000242    4.177243 v _141_/B (sky130_fd_sc_hd__and3_4)
     1    0.002726    0.030355    0.180027    4.357270 v _141_/X (sky130_fd_sc_hd__and3_4)
                                                         _076_ (net)
                      0.030355    0.000059    4.357328 v _142_/B (sky130_fd_sc_hd__or4b_4)
     3    0.014536    0.102693    0.565814    4.923142 v _142_/X (sky130_fd_sc_hd__or4b_4)
                                                         _077_ (net)
                      0.102752    0.000433    4.923575 v _144_/B1 (sky130_fd_sc_hd__o21a_4)
     2    0.010636    0.041737    0.154646    5.078221 v _144_/X (sky130_fd_sc_hd__o21a_4)
                                                         net28 (net)
                      0.041737    0.000192    5.078413 v output28/A (sky130_fd_sc_hd__buf_6)
     1    0.034514    0.043841    0.142039    5.220453 v output28/X (sky130_fd_sc_hd__buf_6)
                                                         result[7] (net)
                      0.043855    0.000782    5.221234 v result[7] (out)
                                              5.221234   data arrival time

                      0.000000   10.000000   10.000000   clock __VIRTUAL_CLK__ (rise edge)
                                  0.000000   10.000000   clock network delay (ideal)
                                 -0.250000    9.750000   clock uncertainty
                                  0.000000    9.750000   clock reconvergence pessimism
                                 -2.000000    7.750000   output external delay
                                              7.750000   data required time
---------------------------------------------------------------------------------------------
                                              7.750000   data required time
                                             -5.221234   data arrival time
---------------------------------------------------------------------------------------------
                                              2.528766   slack (MET)


Startpoint: opcode[1] (input port clocked by __VIRTUAL_CLK__)
Endpoint: result[5] (output port clocked by __VIRTUAL_CLK__)
Path Group: __VIRTUAL_CLK__
Path Type: max

Fanout         Cap        Slew       Delay        Time   Description
---------------------------------------------------------------------------------------------
                      0.000000    0.000000    0.000000   clock __VIRTUAL_CLK__ (rise edge)
                                  0.000000    0.000000   clock network delay (ideal)
                                  2.000000    2.000000 v input external delay
     1    0.006116    0.016042    0.010429    2.010429 v opcode[1] (in)
                                                         opcode[1] (net)
                      0.016043    0.000000    2.010429 v input18/A (sky130_fd_sc_hd__buf_6)
     2    0.009220    0.024785    0.106736    2.117165 v input18/X (sky130_fd_sc_hd__buf_6)
                                                         net18 (net)
                      0.024785    0.000167    2.117332 v fanout31/A (sky130_fd_sc_hd__buf_6)
     2    0.010307    0.025619    0.111764    2.229096 v fanout31/X (sky130_fd_sc_hd__buf_6)
                                                         net31 (net)
                      0.025629    0.000533    2.229629 v _097_/A (sky130_fd_sc_hd__or3b_4)
     2    0.008983    0.074760    0.413559    2.643188 v _097_/X (sky130_fd_sc_hd__or3b_4)
                                                         _032_ (net)
                      0.074760    0.000249    2.643437 v max_cap30/A (sky130_fd_sc_hd__buf_8)
     3    0.016793    0.028795    0.141198    2.784635 v max_cap30/X (sky130_fd_sc_hd__buf_8)
                                                         net30 (net)
                      0.028795    0.000617    2.785253 v _116_/B (sky130_fd_sc_hd__xor2_2)
     2    0.013337    0.200534    0.195907    2.981159 ^ _116_/X (sky130_fd_sc_hd__xor2_2)
                                                         _051_ (net)
                      0.200534    0.000318    2.981477 ^ _117_/A_N (sky130_fd_sc_hd__and2b_2)
     1    0.007034    0.045756    0.267782    3.249259 v _117_/X (sky130_fd_sc_hd__and2b_2)
                                                         _052_ (net)
                      0.045756    0.000322    3.249581 v _121_/B1 (sky130_fd_sc_hd__a21o_4)
     4    0.016865    0.049328    0.211241    3.460821 v _121_/X (sky130_fd_sc_hd__a21o_4)
                                                         _056_ (net)
                      0.049328    0.000607    3.461429 v _125_/A3 (sky130_fd_sc_hd__a31o_4)
     3    0.012228    0.045567    0.263315    3.724743 v _125_/X (sky130_fd_sc_hd__a31o_4)
                                                         _060_ (net)
                      0.045605    0.000394    3.725138 v _126_/B (sky130_fd_sc_hd__and2_2)
     3    0.012834    0.058805    0.226489    3.951626 v _126_/X (sky130_fd_sc_hd__and2_2)
                                                         _061_ (net)
                      0.058805    0.000147    3.951773 v _176_/A2 (sky130_fd_sc_hd__o31a_2)
     1    0.002310    0.048529    0.331629    4.283402 v _176_/X (sky130_fd_sc_hd__o31a_2)
                                                         _012_ (net)
                      0.048529    0.000046    4.283447 v _179_/A2 (sky130_fd_sc_hd__a21o_2)
     2    0.005911    0.041380    0.227068    4.510515 v _179_/X (sky130_fd_sc_hd__a21o_2)
                                                         _015_ (net)
                      0.041381    0.000138    4.510653 v _180_/B (sky130_fd_sc_hd__and2_2)
     1    0.003771    0.039226    0.194254    4.704907 v _180_/X (sky130_fd_sc_hd__and2_2)
                                                         net26 (net)
                      0.039226    0.000139    4.705046 v output26/A (sky130_fd_sc_hd__dlymetal6s2s_1)
     1    0.035945    0.179284    0.264125    4.969172 v output26/X (sky130_fd_sc_hd__dlymetal6s2s_1)
                                                         result[5] (net)
                      0.179287    0.000976    4.970148 v result[5] (out)
                                              4.970148   data arrival time

                      0.000000   10.000000   10.000000   clock __VIRTUAL_CLK__ (rise edge)
                                  0.000000   10.000000   clock network delay (ideal)
                                 -0.250000    9.750000   clock uncertainty
                                  0.000000    9.750000   clock reconvergence pessimism
                                 -2.000000    7.750000   output external delay
                                              7.750000   data required time
---------------------------------------------------------------------------------------------
                                              7.750000   data required time
                                             -4.970148   data arrival time
---------------------------------------------------------------------------------------------
                                              2.779852   slack (MET)


Startpoint: opcode[1] (input port clocked by __VIRTUAL_CLK__)
Endpoint: result[6] (output port clocked by __VIRTUAL_CLK__)
Path Group: __VIRTUAL_CLK__
Path Type: max

Fanout         Cap        Slew       Delay        Time   Description
---------------------------------------------------------------------------------------------
                      0.000000    0.000000    0.000000   clock __VIRTUAL_CLK__ (rise edge)
                                  0.000000    0.000000   clock network delay (ideal)
                                  2.000000    2.000000 v input external delay
     1    0.006116    0.016042    0.010429    2.010429 v opcode[1] (in)
                                                         opcode[1] (net)
                      0.016043    0.000000    2.010429 v input18/A (sky130_fd_sc_hd__buf_6)
     2    0.009220    0.024785    0.106736    2.117165 v input18/X (sky130_fd_sc_hd__buf_6)
                                                         net18 (net)
                      0.024785    0.000167    2.117332 v fanout31/A (sky130_fd_sc_hd__buf_6)
     2    0.010307    0.025619    0.111764    2.229096 v fanout31/X (sky130_fd_sc_hd__buf_6)
                                                         net31 (net)
                      0.025629    0.000533    2.229629 v _097_/A (sky130_fd_sc_hd__or3b_4)
     2    0.008983    0.074760    0.413559    2.643188 v _097_/X (sky130_fd_sc_hd__or3b_4)
                                                         _032_ (net)
                      0.074760    0.000249    2.643437 v max_cap30/A (sky130_fd_sc_hd__buf_8)
     3    0.016793    0.028795    0.141198    2.784635 v max_cap30/X (sky130_fd_sc_hd__buf_8)
                                                         net30 (net)
                      0.028795    0.000617    2.785253 v _116_/B (sky130_fd_sc_hd__xor2_2)
     2    0.013337    0.200534    0.195907    2.981159 ^ _116_/X (sky130_fd_sc_hd__xor2_2)
                                                         _051_ (net)
                      0.200534    0.000318    2.981477 ^ _117_/A_N (sky130_fd_sc_hd__and2b_2)
     1    0.007034    0.045756    0.267782    3.249259 v _117_/X (sky130_fd_sc_hd__and2b_2)
                                                         _052_ (net)
                      0.045756    0.000322    3.249581 v _121_/B1 (sky130_fd_sc_hd__a21o_4)
     4    0.016865    0.049328    0.211241    3.460821 v _121_/X (sky130_fd_sc_hd__a21o_4)
                                                         _056_ (net)
                      0.049328    0.000607    3.461429 v _125_/A3 (sky130_fd_sc_hd__a31o_4)
     3    0.012228    0.045567    0.263315    3.724743 v _125_/X (sky130_fd_sc_hd__a31o_4)
                                                         _060_ (net)
                      0.045605    0.000394    3.725138 v _126_/B (sky130_fd_sc_hd__and2_2)
     3    0.012834    0.058805    0.226489    3.951626 v _126_/X (sky130_fd_sc_hd__and2_2)
                                                         _061_ (net)
                      0.058805    0.000125    3.951751 v _175_/A2 (sky130_fd_sc_hd__o21ai_2)
     3    0.013516    0.187947    0.194462    4.146214 ^ _175_/Y (sky130_fd_sc_hd__o21ai_2)
                                                         _011_ (net)
                      0.187949    0.000511    4.146724 ^ _185_/B (sky130_fd_sc_hd__nand3_2)
     1    0.002790    0.056391    0.092487    4.239212 v _185_/Y (sky130_fd_sc_hd__nand3_2)
                                                         _020_ (net)
                      0.056391    0.000062    4.239273 v _189_/A3 (sky130_fd_sc_hd__a31o_2)
     2    0.006668    0.045977    0.268979    4.508252 v _189_/X (sky130_fd_sc_hd__a31o_2)
                                                         _024_ (net)
                      0.045977    0.000108    4.508360 v _190_/B (sky130_fd_sc_hd__and2_2)
     1    0.003063    0.037076    0.192986    4.701345 v _190_/X (sky130_fd_sc_hd__and2_2)
                                                         net27 (net)
                      0.037076    0.000100    4.701446 v output27/A (sky130_fd_sc_hd__dlymetal6s2s_1)
     1    0.034746    0.173921    0.258928    4.960373 v output27/X (sky130_fd_sc_hd__dlymetal6s2s_1)
                                                         result[6] (net)
                      0.173923    0.000941    4.961314 v result[6] (out)
                                              4.961314   data arrival time

                      0.000000   10.000000   10.000000   clock __VIRTUAL_CLK__ (rise edge)
                                  0.000000   10.000000   clock network delay (ideal)
                                 -0.250000    9.750000   clock uncertainty
                                  0.000000    9.750000   clock reconvergence pessimism
                                 -2.000000    7.750000   output external delay
                                              7.750000   data required time
---------------------------------------------------------------------------------------------
                                              7.750000   data required time
                                             -4.961314   data arrival time
---------------------------------------------------------------------------------------------
                                              2.788686   slack (MET)


Startpoint: opcode[1] (input port clocked by __VIRTUAL_CLK__)
Endpoint: result[4] (output port clocked by __VIRTUAL_CLK__)
Path Group: __VIRTUAL_CLK__
Path Type: max

Fanout         Cap        Slew       Delay        Time   Description
---------------------------------------------------------------------------------------------
                      0.000000    0.000000    0.000000   clock __VIRTUAL_CLK__ (rise edge)
                                  0.000000    0.000000   clock network delay (ideal)
                                  2.000000    2.000000 v input external delay
     1    0.006116    0.016042    0.010429    2.010429 v opcode[1] (in)
                                                         opcode[1] (net)
                      0.016043    0.000000    2.010429 v input18/A (sky130_fd_sc_hd__buf_6)
     2    0.009220    0.024785    0.106736    2.117165 v input18/X (sky130_fd_sc_hd__buf_6)
                                                         net18 (net)
                      0.024785    0.000167    2.117332 v fanout31/A (sky130_fd_sc_hd__buf_6)
     2    0.010307    0.025619    0.111764    2.229096 v fanout31/X (sky130_fd_sc_hd__buf_6)
                                                         net31 (net)
                      0.025629    0.000533    2.229629 v _097_/A (sky130_fd_sc_hd__or3b_4)
     2    0.008983    0.074760    0.413559    2.643188 v _097_/X (sky130_fd_sc_hd__or3b_4)
                                                         _032_ (net)
                      0.074760    0.000249    2.643437 v max_cap30/A (sky130_fd_sc_hd__buf_8)
     3    0.016793    0.028795    0.141198    2.784635 v max_cap30/X (sky130_fd_sc_hd__buf_8)
                                                         net30 (net)
                      0.028795    0.000395    2.785030 v rebuffer39/A (sky130_fd_sc_hd__buf_2)
     2    0.016009    0.051087    0.146195    2.931225 v rebuffer39/X (sky130_fd_sc_hd__buf_2)
                                                         net39 (net)
                      0.051087    0.000332    2.931557 v _111_/B (sky130_fd_sc_hd__xor2_2)
     3    0.009202    0.066865    0.163461    3.095018 v _111_/X (sky130_fd_sc_hd__xor2_2)
                                                         _046_ (net)
                      0.066865    0.000116    3.095134 v _114_/B (sky130_fd_sc_hd__and2_2)
     1    0.004847    0.041905    0.210583    3.305717 v _114_/X (sky130_fd_sc_hd__and2_2)
                                                         _049_ (net)
                      0.041905    0.000153    3.305870 v _115_/B (sky130_fd_sc_hd__nor2_2)
     5    0.022564    0.258363    0.227086    3.532956 ^ _115_/Y (sky130_fd_sc_hd__nor2_2)
                                                         _050_ (net)
                      0.258365    0.000646    3.533603 ^ _125_/A1 (sky130_fd_sc_hd__a31o_4)
     3    0.013148    0.061503    0.220611    3.754214 ^ _125_/X (sky130_fd_sc_hd__a31o_4)
                                                         _060_ (net)
                      0.061505    0.000426    3.754640 ^ _126_/B (sky130_fd_sc_hd__and2_2)
     3    0.014159    0.087793    0.188299    3.942939 ^ _126_/X (sky130_fd_sc_hd__and2_2)
                                                         _061_ (net)
                      0.087793    0.000204    3.943143 ^ _169_/A (sky130_fd_sc_hd__nor2_2)
     1    0.003830    0.029662    0.049574    3.992717 v _169_/Y (sky130_fd_sc_hd__nor2_2)
                                                         _006_ (net)
                      0.029662    0.000132    3.992849 v _172_/A1 (sky130_fd_sc_hd__o32a_2)
     2    0.007568    0.065316    0.409645    4.402494 v _172_/X (sky130_fd_sc_hd__o32a_2)
                                                         net25 (net)
                      0.065316    0.000189    4.402683 v output25/A (sky130_fd_sc_hd__clkdlybuf4s25_1)
     1    0.035233    0.262202    0.449536    4.852219 v output25/X (sky130_fd_sc_hd__clkdlybuf4s25_1)
                                                         result[4] (net)
                      0.262202    0.000879    4.853098 v result[4] (out)
                                              4.853098   data arrival time

                      0.000000   10.000000   10.000000   clock __VIRTUAL_CLK__ (rise edge)
                                  0.000000   10.000000   clock network delay (ideal)
                                 -0.250000    9.750000   clock uncertainty
                                  0.000000    9.750000   clock reconvergence pessimism
                                 -2.000000    7.750000   output external delay
                                              7.750000   data required time
---------------------------------------------------------------------------------------------
                                              7.750000   data required time
                                             -4.853098   data arrival time
---------------------------------------------------------------------------------------------
                                              2.896902   slack (MET)


Startpoint: opcode[1] (input port clocked by __VIRTUAL_CLK__)
Endpoint: result[3] (output port clocked by __VIRTUAL_CLK__)
Path Group: __VIRTUAL_CLK__
Path Type: max

Fanout         Cap        Slew       Delay        Time   Description
---------------------------------------------------------------------------------------------
                      0.000000    0.000000    0.000000   clock __VIRTUAL_CLK__ (rise edge)
                                  0.000000    0.000000   clock network delay (ideal)
                                  2.000000    2.000000 v input external delay
     1    0.006116    0.016042    0.010429    2.010429 v opcode[1] (in)
                                                         opcode[1] (net)
                      0.016043    0.000000    2.010429 v input18/A (sky130_fd_sc_hd__buf_6)
     2    0.009220    0.024785    0.106736    2.117165 v input18/X (sky130_fd_sc_hd__buf_6)
                                                         net18 (net)
                      0.024785    0.000167    2.117332 v fanout31/A (sky130_fd_sc_hd__buf_6)
     2    0.010307    0.025619    0.111764    2.229096 v fanout31/X (sky130_fd_sc_hd__buf_6)
                                                         net31 (net)
                      0.025629    0.000533    2.229629 v _097_/A (sky130_fd_sc_hd__or3b_4)
     2    0.008983    0.074760    0.413559    2.643188 v _097_/X (sky130_fd_sc_hd__or3b_4)
                                                         _032_ (net)
                      0.074760    0.000249    2.643437 v max_cap30/A (sky130_fd_sc_hd__buf_8)
     3    0.016793    0.028795    0.141198    2.784635 v max_cap30/X (sky130_fd_sc_hd__buf_8)
                                                         net30 (net)
                      0.028795    0.000395    2.785030 v rebuffer39/A (sky130_fd_sc_hd__buf_2)
     2    0.016009    0.051087    0.146195    2.931225 v rebuffer39/X (sky130_fd_sc_hd__buf_2)
                                                         net39 (net)
                      0.051087    0.000332    2.931557 v _111_/B (sky130_fd_sc_hd__xor2_2)
     3    0.009202    0.066865    0.163461    3.095018 v _111_/X (sky130_fd_sc_hd__xor2_2)
                                                         _046_ (net)
                      0.066865    0.000116    3.095134 v _114_/B (sky130_fd_sc_hd__and2_2)
     1    0.004847    0.041905    0.210583    3.305717 v _114_/X (sky130_fd_sc_hd__and2_2)
                                                         _049_ (net)
                      0.041905    0.000153    3.305870 v _115_/B (sky130_fd_sc_hd__nor2_2)
     5    0.022564    0.258363    0.227086    3.532956 ^ _115_/Y (sky130_fd_sc_hd__nor2_2)
                                                         _050_ (net)
                      0.258366    0.000786    3.533743 ^ _162_/A1 (sky130_fd_sc_hd__a21oi_2)
     2    0.006868    0.074748    0.105338    3.639081 v _162_/Y (sky130_fd_sc_hd__a21oi_2)
                                                         _000_ (net)
                      0.074748    0.000139    3.639220 v _164_/C (sky130_fd_sc_hd__or3_2)
     1    0.003121    0.076540    0.433188    4.072409 v _164_/X (sky130_fd_sc_hd__or3_2)
                                                         _002_ (net)
                      0.076540    0.000096    4.072505 v _167_/A2_N (sky130_fd_sc_hd__o2bb2a_2)
     2    0.008672    0.066358    0.280765    4.353270 ^ _167_/X (sky130_fd_sc_hd__o2bb2a_2)
                                                         net24 (net)
                      0.066358    0.000114    4.353383 ^ output24/A (sky130_fd_sc_hd__clkdlybuf4s25_1)
     1    0.034847    0.351613    0.494137    4.847520 ^ output24/X (sky130_fd_sc_hd__clkdlybuf4s25_1)
                                                         result[3] (net)
                      0.351613    0.000804    4.848324 ^ result[3] (out)
                                              4.848324   data arrival time

                      0.000000   10.000000   10.000000   clock __VIRTUAL_CLK__ (rise edge)
                                  0.000000   10.000000   clock network delay (ideal)
                                 -0.250000    9.750000   clock uncertainty
                                  0.000000    9.750000   clock reconvergence pessimism
                                 -2.000000    7.750000   output external delay
                                              7.750000   data required time
---------------------------------------------------------------------------------------------
                                              7.750000   data required time
                                             -4.848324   data arrival time
---------------------------------------------------------------------------------------------
                                              2.901676   slack (MET)


Startpoint: opcode[1] (input port clocked by __VIRTUAL_CLK__)
Endpoint: result[2] (output port clocked by __VIRTUAL_CLK__)
Path Group: __VIRTUAL_CLK__
Path Type: max

Fanout         Cap        Slew       Delay        Time   Description
---------------------------------------------------------------------------------------------
                      0.000000    0.000000    0.000000   clock __VIRTUAL_CLK__ (rise edge)
                                  0.000000    0.000000   clock network delay (ideal)
                                  2.000000    2.000000 v input external delay
     1    0.006116    0.016042    0.010429    2.010429 v opcode[1] (in)
                                                         opcode[1] (net)
                      0.016043    0.000000    2.010429 v input18/A (sky130_fd_sc_hd__buf_6)
     2    0.009220    0.024785    0.106736    2.117165 v input18/X (sky130_fd_sc_hd__buf_6)
                                                         net18 (net)
                      0.024785    0.000167    2.117332 v fanout31/A (sky130_fd_sc_hd__buf_6)
     2    0.010307    0.025619    0.111764    2.229096 v fanout31/X (sky130_fd_sc_hd__buf_6)
                                                         net31 (net)
                      0.025629    0.000533    2.229629 v _097_/A (sky130_fd_sc_hd__or3b_4)
     2    0.008983    0.074760    0.413559    2.643188 v _097_/X (sky130_fd_sc_hd__or3b_4)
                                                         _032_ (net)
                      0.074760    0.000249    2.643437 v max_cap30/A (sky130_fd_sc_hd__buf_8)
     3    0.016793    0.028795    0.141198    2.784635 v max_cap30/X (sky130_fd_sc_hd__buf_8)
                                                         net30 (net)
                      0.028795    0.000395    2.785030 v rebuffer39/A (sky130_fd_sc_hd__buf_2)
     2    0.016009    0.051087    0.146195    2.931225 v rebuffer39/X (sky130_fd_sc_hd__buf_2)
                                                         net39 (net)
                      0.051087    0.000332    2.931557 v _111_/B (sky130_fd_sc_hd__xor2_2)
     3    0.009202    0.066865    0.163461    3.095018 v _111_/X (sky130_fd_sc_hd__xor2_2)
                                                         _046_ (net)
                      0.066865    0.000116    3.095134 v _114_/B (sky130_fd_sc_hd__and2_2)
     1    0.004847    0.041905    0.210583    3.305717 v _114_/X (sky130_fd_sc_hd__and2_2)
                                                         _049_ (net)
                      0.041905    0.000153    3.305870 v _115_/B (sky130_fd_sc_hd__nor2_2)
     5    0.022564    0.258363    0.227086    3.532956 ^ _115_/Y (sky130_fd_sc_hd__nor2_2)
                                                         _050_ (net)
                      0.258366    0.000861    3.533817 ^ _157_/A1 (sky130_fd_sc_hd__a21oi_2)
     1    0.003828    0.064818    0.089616    3.623433 v _157_/Y (sky130_fd_sc_hd__a21oi_2)
                                                         _088_ (net)
                      0.064818    0.000098    3.623531 v _158_/B1 (sky130_fd_sc_hd__o21a_2)
     1    0.003895    0.036549    0.128150    3.751681 v _158_/X (sky130_fd_sc_hd__o21a_2)
                                                         _089_ (net)
                      0.036650    0.000125    3.751806 v _161_/A1 (sky130_fd_sc_hd__o32a_2)
     2    0.004923    0.059624    0.400570    4.152376 v _161_/X (sky130_fd_sc_hd__o32a_2)
                                                         net23 (net)
                      0.059624    0.000123    4.152499 v output23/A (sky130_fd_sc_hd__clkdlybuf4s25_1)
     1    0.035388    0.263540    0.447365    4.599864 v output23/X (sky130_fd_sc_hd__clkdlybuf4s25_1)
                                                         result[2] (net)
                      0.263544    0.001427    4.601292 v result[2] (out)
                                              4.601292   data arrival time

                      0.000000   10.000000   10.000000   clock __VIRTUAL_CLK__ (rise edge)
                                  0.000000   10.000000   clock network delay (ideal)
                                 -0.250000    9.750000   clock uncertainty
                                  0.000000    9.750000   clock reconvergence pessimism
                                 -2.000000    7.750000   output external delay
                                              7.750000   data required time
---------------------------------------------------------------------------------------------
                                              7.750000   data required time
                                             -4.601292   data arrival time
---------------------------------------------------------------------------------------------
                                              3.148709   slack (MET)


Startpoint: opcode[1] (input port clocked by __VIRTUAL_CLK__)
Endpoint: result[1] (output port clocked by __VIRTUAL_CLK__)
Path Group: __VIRTUAL_CLK__
Path Type: max

Fanout         Cap        Slew       Delay        Time   Description
---------------------------------------------------------------------------------------------
                      0.000000    0.000000    0.000000   clock __VIRTUAL_CLK__ (rise edge)
                                  0.000000    0.000000   clock network delay (ideal)
                                  2.000000    2.000000 v input external delay
     1    0.006116    0.016042    0.010429    2.010429 v opcode[1] (in)
                                                         opcode[1] (net)
                      0.016043    0.000000    2.010429 v input18/A (sky130_fd_sc_hd__buf_6)
     2    0.009220    0.024785    0.106736    2.117165 v input18/X (sky130_fd_sc_hd__buf_6)
                                                         net18 (net)
                      0.024785    0.000167    2.117332 v fanout31/A (sky130_fd_sc_hd__buf_6)
     2    0.010307    0.025619    0.111764    2.229096 v fanout31/X (sky130_fd_sc_hd__buf_6)
                                                         net31 (net)
                      0.025629    0.000533    2.229629 v _097_/A (sky130_fd_sc_hd__or3b_4)
     2    0.008983    0.074760    0.413559    2.643188 v _097_/X (sky130_fd_sc_hd__or3b_4)
                                                         _032_ (net)
                      0.074760    0.000249    2.643437 v max_cap30/A (sky130_fd_sc_hd__buf_8)
     3    0.016793    0.028795    0.141198    2.784635 v max_cap30/X (sky130_fd_sc_hd__buf_8)
                                                         net30 (net)
                      0.028795    0.000617    2.785253 v _116_/B (sky130_fd_sc_hd__xor2_2)
     2    0.012492    0.076679    0.163953    2.949205 v _116_/X (sky130_fd_sc_hd__xor2_2)
                                                         _051_ (net)
                      0.076679    0.000333    2.949538 v _118_/A (sky130_fd_sc_hd__xnor2_2)
     4    0.015895    0.242910    0.269252    3.218790 ^ _118_/Y (sky130_fd_sc_hd__xnor2_2)
                                                         _053_ (net)
                      0.242910    0.000383    3.219173 ^ _152_/A1 (sky130_fd_sc_hd__a21oi_2)
     1    0.002755    0.058671    0.081610    3.300783 v _152_/Y (sky130_fd_sc_hd__a21oi_2)
                                                         _084_ (net)
                      0.058671    0.000059    3.300842 v _153_/B1 (sky130_fd_sc_hd__o21a_2)
     1    0.004663    0.038617    0.127783    3.428625 v _153_/X (sky130_fd_sc_hd__o21a_2)
                                                         _085_ (net)
                      0.038617    0.000164    3.428789 v _156_/A (sky130_fd_sc_hd__or3_2)
     2    0.005789    0.086751    0.506557    3.935345 v _156_/X (sky130_fd_sc_hd__or3_2)
                                                         net22 (net)
                      0.086751    0.000131    3.935477 v output22/A (sky130_fd_sc_hd__clkdlybuf4s25_1)
     1    0.035169    0.261415    0.459027    4.394504 v output22/X (sky130_fd_sc_hd__clkdlybuf4s25_1)
                                                         result[1] (net)
                      0.261415    0.000843    4.395347 v result[1] (out)
                                              4.395347   data arrival time

                      0.000000   10.000000   10.000000   clock __VIRTUAL_CLK__ (rise edge)
                                  0.000000   10.000000   clock network delay (ideal)
                                 -0.250000    9.750000   clock uncertainty
                                  0.000000    9.750000   clock reconvergence pessimism
                                 -2.000000    7.750000   output external delay
                                              7.750000   data required time
---------------------------------------------------------------------------------------------
                                              7.750000   data required time
                                             -4.395347   data arrival time
---------------------------------------------------------------------------------------------
                                              3.354653   slack (MET)


Startpoint: opcode[1] (input port clocked by __VIRTUAL_CLK__)
Endpoint: result[0] (output port clocked by __VIRTUAL_CLK__)
Path Group: __VIRTUAL_CLK__
Path Type: max

Fanout         Cap        Slew       Delay        Time   Description
---------------------------------------------------------------------------------------------
                      0.000000    0.000000    0.000000   clock __VIRTUAL_CLK__ (rise edge)
                                  0.000000    0.000000   clock network delay (ideal)
                                  2.000000    2.000000 v input external delay
     1    0.006116    0.016042    0.010429    2.010429 v opcode[1] (in)
                                                         opcode[1] (net)
                      0.016043    0.000000    2.010429 v input18/A (sky130_fd_sc_hd__buf_6)
     2    0.009220    0.024785    0.106736    2.117165 v input18/X (sky130_fd_sc_hd__buf_6)
                                                         net18 (net)
                      0.024785    0.000167    2.117332 v fanout31/A (sky130_fd_sc_hd__buf_6)
     2    0.010307    0.025619    0.111764    2.229096 v fanout31/X (sky130_fd_sc_hd__buf_6)
                                                         net31 (net)
                      0.025619    0.000274    2.229369 v rebuffer34/A (sky130_fd_sc_hd__buf_2)
     9    0.036248    0.092950    0.183462    2.412831 v rebuffer34/X (sky130_fd_sc_hd__buf_2)
                                                         net34 (net)
                      0.092998    0.002034    2.414865 v _095_/B (sky130_fd_sc_hd__and2_2)
     8    0.036931    0.105623    0.303180    2.718045 v _095_/X (sky130_fd_sc_hd__and2_2)
                                                         _030_ (net)
                      0.105623    0.000219    2.718264 v _150_/B1 (sky130_fd_sc_hd__a31o_2)
     1    0.003293    0.037816    0.243676    2.961940 v _150_/X (sky130_fd_sc_hd__a31o_2)
                                                         _083_ (net)
                      0.037816    0.000108    2.962048 v _151_/A3 (sky130_fd_sc_hd__o32a_2)
     2    0.006222    0.062472    0.346134    3.308182 v _151_/X (sky130_fd_sc_hd__o32a_2)
                                                         net21 (net)
                      0.062472    0.000180    3.308362 v output21/A (sky130_fd_sc_hd__clkdlybuf4s25_1)
     1    0.035083    0.261164    0.447432    3.755794 v output21/X (sky130_fd_sc_hd__clkdlybuf4s25_1)
                                                         result[0] (net)
                      0.261164    0.000838    3.756632 v result[0] (out)
                                              3.756632   data arrival time

                      0.000000   10.000000   10.000000   clock __VIRTUAL_CLK__ (rise edge)
                                  0.000000   10.000000   clock network delay (ideal)
                                 -0.250000    9.750000   clock uncertainty
                                  0.000000    9.750000   clock reconvergence pessimism
                                 -2.000000    7.750000   output external delay
                                              7.750000   data required time
---------------------------------------------------------------------------------------------
                                              7.750000   data required time
                                             -3.756632   data arrival time
---------------------------------------------------------------------------------------------
                                              3.993368   slack (MET)



%OL_END_REPORT
%OL_CREATE_REPORT checks.rpt

===========================================================================
report_checks -unconstrained
===========================================================================
======================= nom_tt_025C_1v80 Corner ===================================

Startpoint: opcode[1] (input port clocked by __VIRTUAL_CLK__)
Endpoint: zero (output port clocked by __VIRTUAL_CLK__)
Path Group: __VIRTUAL_CLK__
Path Type: max

Fanout         Cap        Slew       Delay        Time   Description
---------------------------------------------------------------------------------------------
                      0.000000    0.000000    0.000000   clock __VIRTUAL_CLK__ (rise edge)
                                  0.000000    0.000000   clock network delay (ideal)
                                  2.000000    2.000000 v input external delay
     1    0.006116    0.016042    0.010429    2.010429 v opcode[1] (in)
                                                         opcode[1] (net)
                      0.016043    0.000000    2.010429 v input18/A (sky130_fd_sc_hd__buf_6)
     2    0.009220    0.024785    0.106736    2.117165 v input18/X (sky130_fd_sc_hd__buf_6)
                                                         net18 (net)
                      0.024785    0.000167    2.117332 v fanout31/A (sky130_fd_sc_hd__buf_6)
     2    0.010307    0.025619    0.111764    2.229096 v fanout31/X (sky130_fd_sc_hd__buf_6)
                                                         net31 (net)
                      0.025629    0.000533    2.229629 v _097_/A (sky130_fd_sc_hd__or3b_4)
     2    0.008983    0.074760    0.413559    2.643188 v _097_/X (sky130_fd_sc_hd__or3b_4)
                                                         _032_ (net)
                      0.074760    0.000249    2.643437 v max_cap30/A (sky130_fd_sc_hd__buf_8)
     3    0.016793    0.028795    0.141198    2.784635 v max_cap30/X (sky130_fd_sc_hd__buf_8)
                                                         net30 (net)
                      0.028795    0.000617    2.785253 v _116_/B (sky130_fd_sc_hd__xor2_2)
     2    0.013337    0.200534    0.195907    2.981159 ^ _116_/X (sky130_fd_sc_hd__xor2_2)
                                                         _051_ (net)
                      0.200534    0.000318    2.981477 ^ _117_/A_N (sky130_fd_sc_hd__and2b_2)
     1    0.007034    0.045756    0.267782    3.249259 v _117_/X (sky130_fd_sc_hd__and2b_2)
                                                         _052_ (net)
                      0.045756    0.000322    3.249581 v _121_/B1 (sky130_fd_sc_hd__a21o_4)
     4    0.016865    0.049328    0.211241    3.460821 v _121_/X (sky130_fd_sc_hd__a21o_4)
                                                         _056_ (net)
                      0.049328    0.000607    3.461429 v _125_/A3 (sky130_fd_sc_hd__a31o_4)
     3    0.012228    0.045567    0.263315    3.724743 v _125_/X (sky130_fd_sc_hd__a31o_4)
                                                         _060_ (net)
                      0.045605    0.000435    3.725179 v _127_/A1 (sky130_fd_sc_hd__a2111o_2)
     2    0.007225    0.074864    0.451822    4.177001 v _127_/X (sky130_fd_sc_hd__a2111o_2)
                                                         _062_ (net)
                      0.074864    0.000242    4.177243 v _141_/B (sky130_fd_sc_hd__and3_4)
     1    0.002726    0.030355    0.180027    4.357270 v _141_/X (sky130_fd_sc_hd__and3_4)
                                                         _076_ (net)
                      0.030355    0.000059    4.357328 v _142_/B (sky130_fd_sc_hd__or4b_4)
     3    0.014536    0.102693    0.565814    4.923142 v _142_/X (sky130_fd_sc_hd__or4b_4)
                                                         _077_ (net)
                      0.102752    0.000433    4.923575 v _144_/B1 (sky130_fd_sc_hd__o21a_4)
     2    0.010636    0.041737    0.154646    5.078221 v _144_/X (sky130_fd_sc_hd__o21a_4)
                                                         net28 (net)
                      0.041737    0.000221    5.078442 v _193_/B1 (sky130_fd_sc_hd__a211oi_2)
     1    0.006283    0.193731    0.231589    5.310031 ^ _193_/Y (sky130_fd_sc_hd__a211oi_2)
                                                         net29 (net)
                      0.193731    0.000163    5.310194 ^ output29/A (sky130_fd_sc_hd__buf_6)
     1    0.034373    0.078174    0.174791    5.484985 ^ output29/X (sky130_fd_sc_hd__buf_6)
                                                         zero (net)
                      0.078180    0.000767    5.485752 ^ zero (out)
                                              5.485752   data arrival time

                      0.000000   10.000000   10.000000   clock __VIRTUAL_CLK__ (rise edge)
                                  0.000000   10.000000   clock network delay (ideal)
                                 -0.250000    9.750000   clock uncertainty
                                  0.000000    9.750000   clock reconvergence pessimism
                                 -2.000000    7.750000   output external delay
                                              7.750000   data required time
---------------------------------------------------------------------------------------------
                                              7.750000   data required time
                                             -5.485752   data arrival time
---------------------------------------------------------------------------------------------
                                              2.264248   slack (MET)




===========================================================================
report_checks --slack_max -0.01
============================================================================
======================= nom_tt_025C_1v80 Corner ===================================

No paths found.


===========================================================================
 report_check_types -max_slew -max_cap -max_fanout -violators
============================================================================
======================= nom_tt_025C_1v80 Corner ===================================



===========================================================================
report_parasitic_annotation -report_unannotated
============================================================================
Found 0 unannotated drivers.
Found 0 partially unannotated drivers.

===========================================================================
max slew violation count 0
%OL_METRIC_I design__max_slew_violation__count__corner:nom_tt_025C_1v80 0
max fanout violation count 0
%OL_METRIC_I design__max_fanout_violation__count__corner:nom_tt_025C_1v80 0
max cap violation count 0
%OL_METRIC_I design__max_cap_violation__count__corner:nom_tt_025C_1v80 0
============================================================================

===========================================================================
check_setup -verbose -unconstrained_endpoints -multiple_clock -no_clock -no_input_delay -loops -generated_clocks
===========================================================================
%OL_END_REPORT
%OL_CREATE_REPORT power.rpt

===========================================================================
 report_power
============================================================================
======================= nom_tt_025C_1v80 Corner ===================================

Group                    Internal    Switching      Leakage        Total
                            Power        Power        Power        Power (Watts)
------------------------------------------------------------------------
Sequential           0.000000e+00 0.000000e+00 0.000000e+00 0.000000e+00   0.0%
Combinational        4.503207e-05 4.713365e-05 5.616539e-10 9.216628e-05 100.0%
Clock                0.000000e+00 0.000000e+00 3.499243e-10 3.499243e-10   0.0%
Macro                0.000000e+00 0.000000e+00 0.000000e+00 0.000000e+00   0.0%
Pad                  0.000000e+00 0.000000e+00 0.000000e+00 0.000000e+00   0.0%
------------------------------------------------------------------------
Total                4.503207e-05 4.713365e-05 9.115786e-10 9.216663e-05 100.0%
                            48.9%        51.1%         0.0%
%OL_METRIC_F power__internal__total 4.50320694653783e-5
%OL_METRIC_F power__switching__total 4.7133649786701426e-5
%OL_METRIC_F power__leakage__total 9.115786459013009e-10
%OL_METRIC_F power__total 9.21666287467815e-5

%OL_END_REPORT
%OL_CREATE_REPORT skew.min.rpt

===========================================================================
Clock Skew (Hold)
============================================================================
%OL_METRIC_F clock__skew__worst_hold__corner:nom_tt_025C_1v80 0.0
======================= nom_tt_025C_1v80 Corner ===================================

Clock __VIRTUAL_CLK__
No launch/capture paths found.

%OL_END_REPORT
%OL_CREATE_REPORT skew.max.rpt

===========================================================================
Clock Skew (Setup)
============================================================================
%OL_METRIC_F clock__skew__worst_setup__corner:nom_tt_025C_1v80 0.0
======================= nom_tt_025C_1v80 Corner ===================================

Clock __VIRTUAL_CLK__
No launch/capture paths found.

%OL_END_REPORT
%OL_CREATE_REPORT ws.min.rpt

===========================================================================
Worst Slack (Hold)
============================================================================
%OL_METRIC_F timing__hold__ws__corner:nom_tt_025C_1v80 4.374456476425135
nom_tt_025C_1v80: 4.374456476425135
%OL_END_REPORT
%OL_CREATE_REPORT ws.max.rpt

===========================================================================
Worst Slack (Setup)
============================================================================
%OL_METRIC_F timing__setup__ws__corner:nom_tt_025C_1v80 2.26424796432276
nom_tt_025C_1v80: 2.26424796432276
%OL_END_REPORT
%OL_CREATE_REPORT tns.min.rpt

===========================================================================
Total Negative Slack (Hold)
============================================================================
%OL_METRIC_F timing__hold__tns__corner:nom_tt_025C_1v80 0.0
nom_tt_025C_1v80: 0.0
%OL_END_REPORT
%OL_CREATE_REPORT tns.max.rpt

===========================================================================
Total Negative Slack (Setup)
============================================================================
%OL_METRIC_F timing__setup__tns__corner:nom_tt_025C_1v80 0.0
nom_tt_025C_1v80: 0.0
%OL_END_REPORT
%OL_CREATE_REPORT wns.min.rpt

===========================================================================
Worst Negative Slack (Hold)
============================================================================
%OL_METRIC_F timing__hold__wns__corner:nom_tt_025C_1v80 0
nom_tt_025C_1v80: 0
%OL_END_REPORT
%OL_CREATE_REPORT wns.max.rpt

===========================================================================
Worst Negative Slack (Setup)
============================================================================
%OL_METRIC_F timing__setup__wns__corner:nom_tt_025C_1v80 0.0
nom_tt_025C_1v80: 0.0
%OL_END_REPORT
%OL_CREATE_REPORT violator_list.rpt

===========================================================================
Violator List
============================================================================
%OL_METRIC_I timing__hold_vio__count__corner:nom_tt_025C_1v80 0
%OL_METRIC_F timing__hold_r2r__ws__corner:nom_tt_025C_1v80 inf
%OL_METRIC_I timing__hold_r2r_vio__count__corner:nom_tt_025C_1v80 0
%OL_METRIC_I timing__setup_vio__count__corner:nom_tt_025C_1v80 0
%OL_METRIC_F timing__setup_r2r__ws__corner:nom_tt_025C_1v80 inf
%OL_METRIC_I timing__setup_r2r_vio__count__corner:nom_tt_025C_1v80 0
%OL_END_REPORT
%OL_CREATE_REPORT unpropagated.rpt
__VIRTUAL_CLK__
%OL_END_REPORT
%OL_CREATE_REPORT clock.rpt
Clock: __VIRTUAL_CLK__
Sources: 
Generated: no
Virtual: yes
Propagated: no
Period: 10.000000

===========================================================================
report_clock_properties
============================================================================
Clock                   Period          Waveform
----------------------------------------------------
__VIRTUAL_CLK__      10.000000    0.000000  5.000000

===========================================================================
report_clock_latency
============================================================================
Clock __VIRTUAL_CLK__


===========================================================================
report_clock_min_period
============================================================================
__VIRTUAL_CLK__ period_min = 0.00 fmax = inf
%OL_END_REPORT
Writing SDF files for all corners…
Removing Clock latencies before writing libs…
Writing timing models for all corners…
Writing timing models for the nom_tt_025C_1v80 corner to /home/thaituroblox/Desktop/8_BIT_COUNTER/Counter-8-Bit-/alu_project/runs/RUN_2026-09-26_04-41-42/55-openroad-stapostpnr/nom_tt_025C_1v80/alu_8bit__nom_tt_025C_1v80.lib…
