
===========================================================================
report_checks -unconstrained
===========================================================================
======================= nom_ss_100C_1v60 Corner ===================================

Startpoint: opcode[1] (input port clocked by __VIRTUAL_CLK__)
Endpoint: zero (output port clocked by __VIRTUAL_CLK__)
Path Group: __VIRTUAL_CLK__
Path Type: max

Fanout         Cap        Slew       Delay        Time   Description
---------------------------------------------------------------------------------------------
                      0.000000    0.000000    0.000000   clock __VIRTUAL_CLK__ (rise edge)
                                  0.000000    0.000000   clock network delay (ideal)
                                  2.000000    2.000000 v input external delay
     1    0.006179    0.031817    0.020805    2.020805 v opcode[1] (in)
                                                         opcode[1] (net)
                      0.031818    0.000000    2.020805 v input18/A (sky130_fd_sc_hd__buf_6)
     2    0.009301    0.042835    0.199571    2.220376 v input18/X (sky130_fd_sc_hd__buf_6)
                                                         net18 (net)
                      0.042835    0.000169    2.220545 v fanout31/A (sky130_fd_sc_hd__buf_6)
     2    0.010328    0.044148    0.206633    2.427177 v fanout31/X (sky130_fd_sc_hd__buf_6)
                                                         net31 (net)
                      0.044148    0.000536    2.427713 v _097_/A (sky130_fd_sc_hd__or3b_4)
     2    0.008840    0.133052    0.808839    3.236552 v _097_/X (sky130_fd_sc_hd__or3b_4)
                                                         _032_ (net)
                      0.133052    0.000245    3.236797 v max_cap30/A (sky130_fd_sc_hd__buf_8)
     3    0.016934    0.048410    0.260263    3.497061 v max_cap30/X (sky130_fd_sc_hd__buf_8)
                                                         net30 (net)
                      0.048410    0.000398    3.497458 v rebuffer39/A (sky130_fd_sc_hd__buf_2)
     2    0.016237    0.098660    0.288894    3.786352 v rebuffer39/X (sky130_fd_sc_hd__buf_2)
                                                         net39 (net)
                      0.098660    0.000337    3.786689 v _111_/B (sky130_fd_sc_hd__xor2_2)
     3    0.009242    0.126660    0.311601    4.098291 v _111_/X (sky130_fd_sc_hd__xor2_2)
                                                         _046_ (net)
                      0.126660    0.000116    4.098407 v _114_/B (sky130_fd_sc_hd__and2_2)
     1    0.004892    0.079824    0.455963    4.554369 v _114_/X (sky130_fd_sc_hd__and2_2)
                                                         _049_ (net)
                      0.079824    0.000155    4.554524 v _115_/B (sky130_fd_sc_hd__nor2_2)
     5    0.022527    0.421222    0.385955    4.940479 ^ _115_/Y (sky130_fd_sc_hd__nor2_2)
                                                         _050_ (net)
                      0.421224    0.000859    4.941338 ^ _157_/A1 (sky130_fd_sc_hd__a21oi_2)
     1    0.003858    0.112392    0.226255    5.167593 v _157_/Y (sky130_fd_sc_hd__a21oi_2)
                                                         _088_ (net)
                      0.112392    0.000099    5.167691 v _158_/B1 (sky130_fd_sc_hd__o21a_2)
     1    0.003933    0.063651    0.244582    5.412273 v _158_/X (sky130_fd_sc_hd__o21a_2)
                                                         _089_ (net)
                      0.063651    0.000127    5.412400 v _161_/A1 (sky130_fd_sc_hd__o32a_2)
     2    0.004901    0.114150    0.751817    6.164217 v _161_/X (sky130_fd_sc_hd__o32a_2)
                                                         net23 (net)
                      0.114150    0.000106    6.164323 v _191_/C (sky130_fd_sc_hd__or3_2)
     1    0.004829    0.176692    1.056718    7.221042 v _191_/X (sky130_fd_sc_hd__or3_2)
                                                         _025_ (net)
                      0.176692    0.000183    7.221225 v _192_/D1 (sky130_fd_sc_hd__a2111o_2)
     1    0.006798    0.132396    0.781010    8.002235 v _192_/X (sky130_fd_sc_hd__a2111o_2)
                                                         _026_ (net)
                      0.132540    0.000281    8.002516 v _193_/C1 (sky130_fd_sc_hd__a211oi_2)
     1    0.006246    0.312833    0.332335    8.334851 ^ _193_/Y (sky130_fd_sc_hd__a211oi_2)
                                                         net29 (net)
                      0.312833    0.000163    8.335013 ^ output29/A (sky130_fd_sc_hd__buf_6)
     1    0.034373    0.124547    0.339927    8.674941 ^ output29/X (sky130_fd_sc_hd__buf_6)
                                                         zero (net)
                      0.124549    0.000767    8.675709 ^ zero (out)
                                              8.675709   data arrival time

                      0.000000   10.000000   10.000000   clock __VIRTUAL_CLK__ (rise edge)
                                  0.000000   10.000000   clock network delay (ideal)
                                 -0.250000    9.750000   clock uncertainty
                                  0.000000    9.750000   clock reconvergence pessimism
                                 -2.000000    7.750000   output external delay
                                              7.750000   data required time
---------------------------------------------------------------------------------------------
                                              7.750000   data required time
                                             -8.675709   data arrival time
---------------------------------------------------------------------------------------------
                                             -0.925708   slack (VIOLATED)




===========================================================================
report_checks --slack_max -0.01
============================================================================
======================= nom_ss_100C_1v60 Corner ===================================

Startpoint: opcode[1] (input port clocked by __VIRTUAL_CLK__)
Endpoint: zero (output port clocked by __VIRTUAL_CLK__)
Path Group: __VIRTUAL_CLK__
Path Type: max

Fanout         Cap        Slew       Delay        Time   Description
---------------------------------------------------------------------------------------------
                      0.000000    0.000000    0.000000   clock __VIRTUAL_CLK__ (rise edge)
                                  0.000000    0.000000   clock network delay (ideal)
                                  2.000000    2.000000 v input external delay
     1    0.006179    0.031817    0.020805    2.020805 v opcode[1] (in)
                                                         opcode[1] (net)
                      0.031818    0.000000    2.020805 v input18/A (sky130_fd_sc_hd__buf_6)
     2    0.009301    0.042835    0.199571    2.220376 v input18/X (sky130_fd_sc_hd__buf_6)
                                                         net18 (net)
                      0.042835    0.000169    2.220545 v fanout31/A (sky130_fd_sc_hd__buf_6)
     2    0.010328    0.044148    0.206633    2.427177 v fanout31/X (sky130_fd_sc_hd__buf_6)
                                                         net31 (net)
                      0.044148    0.000536    2.427713 v _097_/A (sky130_fd_sc_hd__or3b_4)
     2    0.008840    0.133052    0.808839    3.236552 v _097_/X (sky130_fd_sc_hd__or3b_4)
                                                         _032_ (net)
                      0.133052    0.000245    3.236797 v max_cap30/A (sky130_fd_sc_hd__buf_8)
     3    0.016934    0.048410    0.260263    3.497061 v max_cap30/X (sky130_fd_sc_hd__buf_8)
                                                         net30 (net)
                      0.048410    0.000398    3.497458 v rebuffer39/A (sky130_fd_sc_hd__buf_2)
     2    0.016237    0.098660    0.288894    3.786352 v rebuffer39/X (sky130_fd_sc_hd__buf_2)
                                                         net39 (net)
                      0.098660    0.000337    3.786689 v _111_/B (sky130_fd_sc_hd__xor2_2)
     3    0.009242    0.126660    0.311601    4.098291 v _111_/X (sky130_fd_sc_hd__xor2_2)
                                                         _046_ (net)
                      0.126660    0.000116    4.098407 v _114_/B (sky130_fd_sc_hd__and2_2)
     1    0.004892    0.079824    0.455963    4.554369 v _114_/X (sky130_fd_sc_hd__and2_2)
                                                         _049_ (net)
                      0.079824    0.000155    4.554524 v _115_/B (sky130_fd_sc_hd__nor2_2)
     5    0.022527    0.421222    0.385955    4.940479 ^ _115_/Y (sky130_fd_sc_hd__nor2_2)
                                                         _050_ (net)
                      0.421224    0.000859    4.941338 ^ _157_/A1 (sky130_fd_sc_hd__a21oi_2)
     1    0.003858    0.112392    0.226255    5.167593 v _157_/Y (sky130_fd_sc_hd__a21oi_2)
                                                         _088_ (net)
                      0.112392    0.000099    5.167691 v _158_/B1 (sky130_fd_sc_hd__o21a_2)
     1    0.003933    0.063651    0.244582    5.412273 v _158_/X (sky130_fd_sc_hd__o21a_2)
                                                         _089_ (net)
                      0.063651    0.000127    5.412400 v _161_/A1 (sky130_fd_sc_hd__o32a_2)
     2    0.004901    0.114150    0.751817    6.164217 v _161_/X (sky130_fd_sc_hd__o32a_2)
                                                         net23 (net)
                      0.114150    0.000106    6.164323 v _191_/C (sky130_fd_sc_hd__or3_2)
     1    0.004829    0.176692    1.056718    7.221042 v _191_/X (sky130_fd_sc_hd__or3_2)
                                                         _025_ (net)
                      0.176692    0.000183    7.221225 v _192_/D1 (sky130_fd_sc_hd__a2111o_2)
     1    0.006798    0.132396    0.781010    8.002235 v _192_/X (sky130_fd_sc_hd__a2111o_2)
                                                         _026_ (net)
                      0.132540    0.000281    8.002516 v _193_/C1 (sky130_fd_sc_hd__a211oi_2)
     1    0.006246    0.312833    0.332335    8.334851 ^ _193_/Y (sky130_fd_sc_hd__a211oi_2)
                                                         net29 (net)
                      0.312833    0.000163    8.335013 ^ output29/A (sky130_fd_sc_hd__buf_6)
     1    0.034373    0.124547    0.339927    8.674941 ^ output29/X (sky130_fd_sc_hd__buf_6)
                                                         zero (net)
                      0.124549    0.000767    8.675709 ^ zero (out)
                                              8.675709   data arrival time

                      0.000000   10.000000   10.000000   clock __VIRTUAL_CLK__ (rise edge)
                                  0.000000   10.000000   clock network delay (ideal)
                                 -0.250000    9.750000   clock uncertainty
                                  0.000000    9.750000   clock reconvergence pessimism
                                 -2.000000    7.750000   output external delay
                                              7.750000   data required time
---------------------------------------------------------------------------------------------
                                              7.750000   data required time
                                             -8.675709   data arrival time
---------------------------------------------------------------------------------------------
                                             -0.925708   slack (VIOLATED)




===========================================================================
 report_check_types -max_slew -max_cap -max_fanout -violators
============================================================================
======================= nom_ss_100C_1v60 Corner ===================================



===========================================================================
report_parasitic_annotation -report_unannotated
============================================================================
Found 0 unannotated drivers.
Found 0 partially unannotated drivers.

===========================================================================
max slew violation count 0
max fanout violation count 0
max cap violation count 0
============================================================================

===========================================================================
check_setup -verbose -unconstrained_endpoints -multiple_clock -no_clock -no_input_delay -loops -generated_clocks
===========================================================================
