
===========================================================================
report_checks -path_delay min (Hold)
============================================================================
======================= nom_ss_100C_1v60 Corner ===================================

Startpoint: opcode[2] (input port clocked by __VIRTUAL_CLK__)
Endpoint: result[7] (output port clocked by __VIRTUAL_CLK__)
Path Group: __VIRTUAL_CLK__
Path Type: min

Fanout         Cap        Slew       Delay        Time   Description
---------------------------------------------------------------------------------------------
                      0.000000    0.000000    0.000000   clock __VIRTUAL_CLK__ (rise edge)
                                  0.000000    0.000000   clock network delay (ideal)
                                  2.000000    2.000000 v input external delay
     1    0.004533    0.025260    0.013955    2.013955 v opcode[2] (in)
                                                         opcode[2] (net)
                      0.025268    0.000000    2.013955 v input19/A (sky130_fd_sc_hd__clkbuf_2)
    10    0.035772    0.251099    0.306615    2.320570 v input19/X (sky130_fd_sc_hd__clkbuf_2)
                                                         net19 (net)
                      0.251106    0.001504    2.322075 v _096_/A (sky130_fd_sc_hd__nand2_2)
     7    0.030464    0.262309    0.302482    2.624557 ^ _096_/Y (sky130_fd_sc_hd__nand2_2)
                                                         _031_ (net)
                      0.262309    0.000944    2.625501 ^ _144_/A2 (sky130_fd_sc_hd__o21a_4)
     2    0.011653    0.085732    0.301741    2.927242 ^ _144_/X (sky130_fd_sc_hd__o21a_4)
                                                         net28 (net)
                      0.085732    0.000189    2.927432 ^ output28/A (sky130_fd_sc_hd__buf_6)
     1    0.034514    0.123478    0.218829    3.146261 ^ output28/X (sky130_fd_sc_hd__buf_6)
                                                         result[7] (net)
                      0.123480    0.000708    3.146969 ^ result[7] (out)
                                              3.146969   data arrival time

                      0.000000    0.000000    0.000000   clock __VIRTUAL_CLK__ (rise edge)
                                  0.000000    0.000000   clock network delay (ideal)
                                  0.250000    0.250000   clock uncertainty
                                  0.000000    0.250000   clock reconvergence pessimism
                                 -2.000000   -1.750000   output external delay
                                             -1.750000   data required time
---------------------------------------------------------------------------------------------
                                             -1.750000   data required time
                                             -3.146969   data arrival time
---------------------------------------------------------------------------------------------
                                              4.896969   slack (MET)


Startpoint: opcode[2] (input port clocked by __VIRTUAL_CLK__)
Endpoint: zero (output port clocked by __VIRTUAL_CLK__)
Path Group: __VIRTUAL_CLK__
Path Type: min

Fanout         Cap        Slew       Delay        Time   Description
---------------------------------------------------------------------------------------------
                      0.000000    0.000000    0.000000   clock __VIRTUAL_CLK__ (rise edge)
                                  0.000000    0.000000   clock network delay (ideal)
                                  2.000000    2.000000 v input external delay
     1    0.004533    0.025260    0.013955    2.013955 v opcode[2] (in)
                                                         opcode[2] (net)
                      0.025268    0.000000    2.013955 v input19/A (sky130_fd_sc_hd__clkbuf_2)
    10    0.035772    0.251099    0.306615    2.320570 v input19/X (sky130_fd_sc_hd__clkbuf_2)
                                                         net19 (net)
                      0.251106    0.001504    2.322075 v _096_/A (sky130_fd_sc_hd__nand2_2)
     7    0.030464    0.262309    0.302482    2.624557 ^ _096_/Y (sky130_fd_sc_hd__nand2_2)
                                                         _031_ (net)
                      0.262309    0.000944    2.625501 ^ _144_/A2 (sky130_fd_sc_hd__o21a_4)
     2    0.011653    0.085732    0.301741    2.927242 ^ _144_/X (sky130_fd_sc_hd__o21a_4)
                                                         net28 (net)
                      0.085732    0.000221    2.927464 ^ _193_/B1 (sky130_fd_sc_hd__a211oi_2)
     1    0.005867    0.045382    0.083274    3.010737 v _193_/Y (sky130_fd_sc_hd__a211oi_2)
                                                         net29 (net)
                      0.045382    0.000137    3.010875 v output29/A (sky130_fd_sc_hd__buf_6)
     1    0.034373    0.076035    0.223999    3.234874 v output29/X (sky130_fd_sc_hd__buf_6)
                                                         zero (net)
                      0.076042    0.000694    3.235568 v zero (out)
                                              3.235568   data arrival time

                      0.000000    0.000000    0.000000   clock __VIRTUAL_CLK__ (rise edge)
                                  0.000000    0.000000   clock network delay (ideal)
                                  0.250000    0.250000   clock uncertainty
                                  0.000000    0.250000   clock reconvergence pessimism
                                 -2.000000   -1.750000   output external delay
                                             -1.750000   data required time
---------------------------------------------------------------------------------------------
                                             -1.750000   data required time
                                             -3.235568   data arrival time
---------------------------------------------------------------------------------------------
                                              4.985568   slack (MET)


Startpoint: opcode[2] (input port clocked by __VIRTUAL_CLK__)
Endpoint: overflow (output port clocked by __VIRTUAL_CLK__)
Path Group: __VIRTUAL_CLK__
Path Type: min

Fanout         Cap        Slew       Delay        Time   Description
---------------------------------------------------------------------------------------------
                      0.000000    0.000000    0.000000   clock __VIRTUAL_CLK__ (rise edge)
                                  0.000000    0.000000   clock network delay (ideal)
                                  2.000000    2.000000 ^ input external delay
     1    0.004718    0.045264    0.024616    2.024616 ^ opcode[2] (in)
                                                         opcode[2] (net)
                      0.045264    0.000000    2.024616 ^ input19/A (sky130_fd_sc_hd__clkbuf_2)
    10    0.037836    0.323638    0.343772    2.368387 ^ input19/X (sky130_fd_sc_hd__clkbuf_2)
                                                         net19 (net)
                      0.323742    0.001563    2.369951 ^ _133_/A (sky130_fd_sc_hd__or2_2)
     5    0.026473    0.224439    0.401718    2.771668 ^ _133_/X (sky130_fd_sc_hd__or2_2)
                                                         _068_ (net)
                      0.224439    0.000840    2.772508 ^ _140_/B (sky130_fd_sc_hd__nor2_2)
     2    0.007300    0.048968    0.124947    2.897455 v _140_/Y (sky130_fd_sc_hd__nor2_2)
                                                         _075_ (net)
                      0.048969    0.000162    2.897617 v _146_/A (sky130_fd_sc_hd__and3_4)
     1    0.007429    0.056851    0.251501    3.149118 v _146_/X (sky130_fd_sc_hd__and3_4)
                                                         net20 (net)
                      0.056851    0.000236    3.149354 v output20/A (sky130_fd_sc_hd__buf_8)
     1    0.034884    0.068314    0.221754    3.371108 v output20/X (sky130_fd_sc_hd__buf_8)
                                                         overflow (net)
                      0.068320    0.000676    3.371784 v overflow (out)
                                              3.371784   data arrival time

                      0.000000    0.000000    0.000000   clock __VIRTUAL_CLK__ (rise edge)
                                  0.000000    0.000000   clock network delay (ideal)
                                  0.250000    0.250000   clock uncertainty
                                  0.000000    0.250000   clock reconvergence pessimism
                                 -2.000000   -1.750000   output external delay
                                             -1.750000   data required time
---------------------------------------------------------------------------------------------
                                             -1.750000   data required time
                                             -3.371784   data arrival time
---------------------------------------------------------------------------------------------
                                              5.121784   slack (MET)


Startpoint: a[5] (input port clocked by __VIRTUAL_CLK__)
Endpoint: result[5] (output port clocked by __VIRTUAL_CLK__)
Path Group: __VIRTUAL_CLK__
Path Type: min

Fanout         Cap        Slew       Delay        Time   Description
---------------------------------------------------------------------------------------------
                      0.000000    0.000000    0.000000   clock __VIRTUAL_CLK__ (rise edge)
                                  0.000000    0.000000   clock network delay (ideal)
                                  2.000000    2.000000 ^ input external delay
     1    0.003566    0.037368    0.018845    2.018845 ^ a[5] (in)
                                                         a[5] (net)
                      0.037368    0.000000    2.018845 ^ input6/A (sky130_fd_sc_hd__clkdlybuf4s25_1)
     5    0.014380    0.246091    0.548981    2.567826 ^ input6/X (sky130_fd_sc_hd__clkdlybuf4s25_1)
                                                         net6 (net)
                      0.246091    0.000515    2.568341 ^ _173_/A (sky130_fd_sc_hd__or2_2)
     2    0.005389    0.067344    0.258765    2.827106 ^ _173_/X (sky130_fd_sc_hd__or2_2)
                                                         _009_ (net)
                      0.067345    0.000065    2.827171 ^ _180_/A (sky130_fd_sc_hd__and2_2)
     1    0.003825    0.074110    0.243040    3.070211 ^ _180_/X (sky130_fd_sc_hd__and2_2)
                                                         net26 (net)
                      0.074110    0.000128    3.070339 ^ output26/A (sky130_fd_sc_hd__dlymetal6s2s_1)
     1    0.035945    0.557406    0.485641    3.555980 ^ output26/X (sky130_fd_sc_hd__dlymetal6s2s_1)
                                                         result[5] (net)
                      0.557409    0.000884    3.556863 ^ result[5] (out)
                                              3.556863   data arrival time

                      0.000000    0.000000    0.000000   clock __VIRTUAL_CLK__ (rise edge)
                                  0.000000    0.000000   clock network delay (ideal)
                                  0.250000    0.250000   clock uncertainty
                                  0.000000    0.250000   clock reconvergence pessimism
                                 -2.000000   -1.750000   output external delay
                                             -1.750000   data required time
---------------------------------------------------------------------------------------------
                                             -1.750000   data required time
                                             -3.556863   data arrival time
---------------------------------------------------------------------------------------------
                                              5.306863   slack (MET)


Startpoint: a[2] (input port clocked by __VIRTUAL_CLK__)
Endpoint: result[2] (output port clocked by __VIRTUAL_CLK__)
Path Group: __VIRTUAL_CLK__
Path Type: min

Fanout         Cap        Slew       Delay        Time   Description
---------------------------------------------------------------------------------------------
                      0.000000    0.000000    0.000000   clock __VIRTUAL_CLK__ (rise edge)
                                  0.000000    0.000000   clock network delay (ideal)
                                  2.000000    2.000000 v input external delay
     1    0.003407    0.020803    0.010596    2.010596 v a[2] (in)
                                                         a[2] (net)
                      0.020803    0.000000    2.010596 v input3/A (sky130_fd_sc_hd__clkdlybuf4s25_1)
     4    0.013561    0.202148    0.521148    2.531744 v input3/X (sky130_fd_sc_hd__clkdlybuf4s25_1)
                                                         net3 (net)
                      0.202148    0.000323    2.532067 v _161_/B2 (sky130_fd_sc_hd__o32a_2)
     2    0.004901    0.078971    0.383771    2.915838 v _161_/X (sky130_fd_sc_hd__o32a_2)
                                                         net23 (net)
                      0.078971    0.000111    2.915950 v output23/A (sky130_fd_sc_hd__clkdlybuf4s25_1)
     1    0.035388    0.478365    0.742638    3.658588 v output23/X (sky130_fd_sc_hd__clkdlybuf4s25_1)
                                                         result[2] (net)
                      0.478365    0.001291    3.659879 v result[2] (out)
                                              3.659879   data arrival time

                      0.000000    0.000000    0.000000   clock __VIRTUAL_CLK__ (rise edge)
                                  0.000000    0.000000   clock network delay (ideal)
                                  0.250000    0.250000   clock uncertainty
                                  0.000000    0.250000   clock reconvergence pessimism
                                 -2.000000   -1.750000   output external delay
                                             -1.750000   data required time
---------------------------------------------------------------------------------------------
                                             -1.750000   data required time
                                             -3.659879   data arrival time
---------------------------------------------------------------------------------------------
                                              5.409879   slack (MET)


Startpoint: a[4] (input port clocked by __VIRTUAL_CLK__)
Endpoint: result[4] (output port clocked by __VIRTUAL_CLK__)
Path Group: __VIRTUAL_CLK__
Path Type: min

Fanout         Cap        Slew       Delay        Time   Description
---------------------------------------------------------------------------------------------
                      0.000000    0.000000    0.000000   clock __VIRTUAL_CLK__ (rise edge)
                                  0.000000    0.000000   clock network delay (ideal)
                                  2.000000    2.000000 v input external delay
     1    0.004175    0.023832    0.012887    2.012887 v a[4] (in)
                                                         a[4] (net)
                      0.023832    0.000000    2.012887 v input5/A (sky130_fd_sc_hd__clkdlybuf4s25_1)
     5    0.012232    0.186714    0.509972    2.522860 v input5/X (sky130_fd_sc_hd__clkdlybuf4s25_1)
                                                         net5 (net)
                      0.186714    0.000265    2.523125 v _172_/B2 (sky130_fd_sc_hd__o32a_2)
     2    0.007624    0.094356    0.395577    2.918701 v _172_/X (sky130_fd_sc_hd__o32a_2)
                                                         net25 (net)
                      0.094356    0.000172    2.918874 v output25/A (sky130_fd_sc_hd__clkdlybuf4s25_1)
     1    0.035233    0.476212    0.748321    3.667194 v output25/X (sky130_fd_sc_hd__clkdlybuf4s25_1)
                                                         result[4] (net)
                      0.476212    0.000796    3.667990 v result[4] (out)
                                              3.667990   data arrival time

                      0.000000    0.000000    0.000000   clock __VIRTUAL_CLK__ (rise edge)
                                  0.000000    0.000000   clock network delay (ideal)
                                  0.250000    0.250000   clock uncertainty
                                  0.000000    0.250000   clock reconvergence pessimism
                                 -2.000000   -1.750000   output external delay
                                             -1.750000   data required time
---------------------------------------------------------------------------------------------
                                             -1.750000   data required time
                                             -3.667990   data arrival time
---------------------------------------------------------------------------------------------
                                              5.417990   slack (MET)


Startpoint: a[6] (input port clocked by __VIRTUAL_CLK__)
Endpoint: result[6] (output port clocked by __VIRTUAL_CLK__)
Path Group: __VIRTUAL_CLK__
Path Type: min

Fanout         Cap        Slew       Delay        Time   Description
---------------------------------------------------------------------------------------------
                      0.000000    0.000000    0.000000   clock __VIRTUAL_CLK__ (rise edge)
                                  0.000000    0.000000   clock network delay (ideal)
                                  2.000000    2.000000 ^ input external delay
     1    0.003915    0.039744    0.020607    2.020607 ^ a[6] (in)
                                                         a[6] (net)
                      0.039744    0.000000    2.020607 ^ input7/A (sky130_fd_sc_hd__clkdlybuf4s25_1)
     4    0.024524    0.402570    0.656216    2.676824 ^ input7/X (sky130_fd_sc_hd__clkdlybuf4s25_1)
                                                         net7 (net)
                      0.402570    0.000534    2.677358 ^ _092_/A (sky130_fd_sc_hd__inv_2)
     3    0.016484    0.132081    0.214379    2.891737 v _092_/Y (sky130_fd_sc_hd__inv_2)
                                                         _027_ (net)
                      0.132083    0.000596    2.892332 v _181_/A (sky130_fd_sc_hd__nand2_2)
     2    0.007133    0.083515    0.125028    3.017360 ^ _181_/Y (sky130_fd_sc_hd__nand2_2)
                                                         _016_ (net)
                      0.083515    0.000110    3.017471 ^ _190_/A (sky130_fd_sc_hd__and2_2)
     1    0.003117    0.069262    0.243688    3.261158 ^ _190_/X (sky130_fd_sc_hd__and2_2)
                                                         net27 (net)
                      0.069262    0.000093    3.261251 ^ output27/A (sky130_fd_sc_hd__dlymetal6s2s_1)
     1    0.034746    0.540119    0.471920    3.733171 ^ output27/X (sky130_fd_sc_hd__dlymetal6s2s_1)
                                                         result[6] (net)
                      0.540121    0.000851    3.734023 ^ result[6] (out)
                                              3.734023   data arrival time

                      0.000000    0.000000    0.000000   clock __VIRTUAL_CLK__ (rise edge)
                                  0.000000    0.000000   clock network delay (ideal)
                                  0.250000    0.250000   clock uncertainty
                                  0.000000    0.250000   clock reconvergence pessimism
                                 -2.000000   -1.750000   output external delay
                                             -1.750000   data required time
---------------------------------------------------------------------------------------------
                                             -1.750000   data required time
                                             -3.734023   data arrival time
---------------------------------------------------------------------------------------------
                                              5.484022   slack (MET)


Startpoint: opcode[2] (input port clocked by __VIRTUAL_CLK__)
Endpoint: result[0] (output port clocked by __VIRTUAL_CLK__)
Path Group: __VIRTUAL_CLK__
Path Type: min

Fanout         Cap        Slew       Delay        Time   Description
---------------------------------------------------------------------------------------------
                      0.000000    0.000000    0.000000   clock __VIRTUAL_CLK__ (rise edge)
                                  0.000000    0.000000   clock network delay (ideal)
                                  2.000000    2.000000 v input external delay
     1    0.004533    0.025260    0.013955    2.013955 v opcode[2] (in)
                                                         opcode[2] (net)
                      0.025268    0.000000    2.013955 v input19/A (sky130_fd_sc_hd__clkbuf_2)
    10    0.035772    0.251099    0.306615    2.320570 v input19/X (sky130_fd_sc_hd__clkbuf_2)
                                                         net19 (net)
                      0.251106    0.001504    2.322075 v _096_/A (sky130_fd_sc_hd__nand2_2)
     7    0.030464    0.262309    0.302482    2.624557 ^ _096_/Y (sky130_fd_sc_hd__nand2_2)
                                                         _031_ (net)
                      0.262309    0.000999    2.625556 ^ _151_/B1 (sky130_fd_sc_hd__o32a_2)
     2    0.006525    0.085168    0.359427    2.984983 ^ _151_/X (sky130_fd_sc_hd__o32a_2)
                                                         net21 (net)
                      0.085168    0.000172    2.985155 ^ output21/A (sky130_fd_sc_hd__clkdlybuf4s25_1)
     1    0.035083    0.565738    0.785582    3.770737 ^ output21/X (sky130_fd_sc_hd__clkdlybuf4s25_1)
                                                         result[0] (net)
                      0.565738    0.000758    3.771495 ^ result[0] (out)
                                              3.771495   data arrival time

                      0.000000    0.000000    0.000000   clock __VIRTUAL_CLK__ (rise edge)
                                  0.000000    0.000000   clock network delay (ideal)
                                  0.250000    0.250000   clock uncertainty
                                  0.000000    0.250000   clock reconvergence pessimism
                                 -2.000000   -1.750000   output external delay
                                             -1.750000   data required time
---------------------------------------------------------------------------------------------
                                             -1.750000   data required time
                                             -3.771495   data arrival time
---------------------------------------------------------------------------------------------
                                              5.521494   slack (MET)


Startpoint: a[3] (input port clocked by __VIRTUAL_CLK__)
Endpoint: result[3] (output port clocked by __VIRTUAL_CLK__)
Path Group: __VIRTUAL_CLK__
Path Type: min

Fanout         Cap        Slew       Delay        Time   Description
---------------------------------------------------------------------------------------------
                      0.000000    0.000000    0.000000   clock __VIRTUAL_CLK__ (rise edge)
                                  0.000000    0.000000   clock network delay (ideal)
                                  2.000000    2.000000 ^ input external delay
     1    0.005034    0.047423    0.026205    2.026206 ^ a[3] (in)
                                                         a[3] (net)
                      0.047423    0.000000    2.026206 ^ input4/A (sky130_fd_sc_hd__clkdlybuf4s25_1)
     4    0.017000    0.286458    0.580601    2.606807 ^ input4/X (sky130_fd_sc_hd__clkdlybuf4s25_1)
                                                         net4 (net)
                      0.286458    0.000397    2.607204 ^ _167_/B2 (sky130_fd_sc_hd__o2bb2a_2)
     2    0.008651    0.110706    0.397700    3.004904 ^ _167_/X (sky130_fd_sc_hd__o2bb2a_2)
                                                         net24 (net)
                      0.110706    0.000103    3.005007 ^ output24/A (sky130_fd_sc_hd__clkdlybuf4s25_1)
     1    0.034847    0.562185    0.794010    3.799017 ^ output24/X (sky130_fd_sc_hd__clkdlybuf4s25_1)
                                                         result[3] (net)
                      0.562185    0.000727    3.799744 ^ result[3] (out)
                                              3.799744   data arrival time

                      0.000000    0.000000    0.000000   clock __VIRTUAL_CLK__ (rise edge)
                                  0.000000    0.000000   clock network delay (ideal)
                                  0.250000    0.250000   clock uncertainty
                                  0.000000    0.250000   clock reconvergence pessimism
                                 -2.000000   -1.750000   output external delay
                                             -1.750000   data required time
---------------------------------------------------------------------------------------------
                                             -1.750000   data required time
                                             -3.799744   data arrival time
---------------------------------------------------------------------------------------------
                                              5.549744   slack (MET)


Startpoint: opcode[2] (input port clocked by __VIRTUAL_CLK__)
Endpoint: result[1] (output port clocked by __VIRTUAL_CLK__)
Path Group: __VIRTUAL_CLK__
Path Type: min

Fanout         Cap        Slew       Delay        Time   Description
---------------------------------------------------------------------------------------------
                      0.000000    0.000000    0.000000   clock __VIRTUAL_CLK__ (rise edge)
                                  0.000000    0.000000   clock network delay (ideal)
                                  2.000000    2.000000 ^ input external delay
     1    0.004718    0.045264    0.024616    2.024616 ^ opcode[2] (in)
                                                         opcode[2] (net)
                      0.045264    0.000000    2.024616 ^ input19/A (sky130_fd_sc_hd__clkbuf_2)
    10    0.037836    0.323638    0.343772    2.368387 ^ input19/X (sky130_fd_sc_hd__clkbuf_2)
                                                         net19 (net)
                      0.323732    0.000724    2.369111 ^ _154_/A1 (sky130_fd_sc_hd__o211a_2)
     1    0.004759    0.093061    0.452843    2.821954 ^ _154_/X (sky130_fd_sc_hd__o211a_2)
                                                         _086_ (net)
                      0.093061    0.000152    2.822106 ^ _156_/B (sky130_fd_sc_hd__or3_2)
     2    0.006076    0.070512    0.202170    3.024276 ^ _156_/X (sky130_fd_sc_hd__or3_2)
                                                         net22 (net)
                      0.070512    0.000125    3.024401 ^ output22/A (sky130_fd_sc_hd__clkdlybuf4s25_1)
     1    0.035169    0.567035    0.780399    3.804800 ^ output22/X (sky130_fd_sc_hd__clkdlybuf4s25_1)
                                                         result[1] (net)
                      0.567035    0.000763    3.805563 ^ result[1] (out)
                                              3.805563   data arrival time

                      0.000000    0.000000    0.000000   clock __VIRTUAL_CLK__ (rise edge)
                                  0.000000    0.000000   clock network delay (ideal)
                                  0.250000    0.250000   clock uncertainty
                                  0.000000    0.250000   clock reconvergence pessimism
                                 -2.000000   -1.750000   output external delay
                                             -1.750000   data required time
---------------------------------------------------------------------------------------------
                                             -1.750000   data required time
                                             -3.805563   data arrival time
---------------------------------------------------------------------------------------------
                                              5.555562   slack (MET)



