
===========================================================================
 report_power
============================================================================
======================= nom_ss_100C_1v60 Corner ===================================

Group                    Internal    Switching      Leakage        Total
                            Power        Power        Power        Power (Watts)
------------------------------------------------------------------------
Sequential           0.000000e+00 0.000000e+00 0.000000e+00 0.000000e+00   0.0%
Combinational        3.694083e-05 3.710611e-05 7.698119e-07 7.481675e-05 100.0%
Clock                0.000000e+00 0.000000e+00 3.275709e-10 3.275709e-10   0.0%
Macro                0.000000e+00 0.000000e+00 0.000000e+00 0.000000e+00   0.0%
Pad                  0.000000e+00 0.000000e+00 0.000000e+00 0.000000e+00   0.0%
------------------------------------------------------------------------
Total                3.694083e-05 3.710611e-05 7.701395e-07 7.481708e-05 100.0%
                            49.4%        49.6%         1.0%

