
 /----------------------------------------------------------------------------\
 |  yosys -- Yosys Open SYnthesis Suite                                       |
 |  Copyright (C) 2012 - 2026  Claire Xenia Wolf <claire@yosyshq.com>         |
 |  Distributed under an ISC-like license, type "license" to see terms        |
 \----------------------------------------------------------------------------/
 Yosys 0.62 (git sha1 7326bb7d6641500ecb285c291a54a662cb1e76cf, clang++ 21.1.2 -fPIC -O3)

1. Executing Liberty frontend: /home/thaituroblox/.ciel/ciel/ciel/sky130/versions/8afc8346a57fe1ab7934ba5a6056ea8b43078e71/sky130A/libs.ref/sky130_fd_sc_hd/lib/sky130_fd_sc_hd__tt_025C_1v80.lib
Imported 428 cell types from liberty file.
[INFO] Using SDC file '/home/thaituroblox/Desktop/8_BIT_COUNTER/Counter-8-Bit-/alu_project/runs/RUN_2026-09-26_04-41-42/06-yosys-synthesis/synthesis.abc.sdc' for ABC…

2. Executing Verilog-2005 frontend: /home/thaituroblox/Desktop/8_BIT_COUNTER/Counter-8-Bit-/alu_project/rtl/alu_8bit.sv
Parsing SystemVerilog input from `/home/thaituroblox/Desktop/8_BIT_COUNTER/Counter-8-Bit-/alu_project/rtl/alu_8bit.sv' to AST representation.
Storing AST representation for module `$abstract\alu_8bit'.
Successfully finished Verilog frontend.

3. Executing Verilog-2005 frontend: /home/thaituroblox/Desktop/8_BIT_COUNTER/Counter-8-Bit-/alu_project/rtl/cla_4bit.sv
Parsing SystemVerilog input from `/home/thaituroblox/Desktop/8_BIT_COUNTER/Counter-8-Bit-/alu_project/rtl/cla_4bit.sv' to AST representation.
Storing AST representation for module `$abstract\cla_4bit'.
Successfully finished Verilog frontend.

4. Executing Verilog-2005 frontend: /home/thaituroblox/Desktop/8_BIT_COUNTER/Counter-8-Bit-/alu_project/rtl/cla_8bit.sv
Parsing SystemVerilog input from `/home/thaituroblox/Desktop/8_BIT_COUNTER/Counter-8-Bit-/alu_project/rtl/cla_8bit.sv' to AST representation.
Storing AST representation for module `$abstract\cla_8bit'.
Successfully finished Verilog frontend.

5. Executing Verilog-2005 frontend: /home/thaituroblox/Desktop/8_BIT_COUNTER/Counter-8-Bit-/alu_project/rtl/full_adder.sv
Parsing SystemVerilog input from `/home/thaituroblox/Desktop/8_BIT_COUNTER/Counter-8-Bit-/alu_project/rtl/full_adder.sv' to AST representation.
Storing AST representation for module `$abstract\full_adder'.
Successfully finished Verilog frontend.

6. Executing HIERARCHY pass (managing design hierarchy).

7. Executing AST frontend in derive mode using pre-parsed AST for module `\alu_8bit'.
Generating RTLIL representation for module `\alu_8bit'.

7.1. Analyzing design hierarchy..
Top module:  \alu_8bit

7.2. Executing AST frontend in derive mode using pre-parsed AST for module `\cla_8bit'.
Generating RTLIL representation for module `\cla_8bit'.

7.3. Analyzing design hierarchy..
Top module:  \alu_8bit
Used module:     \cla_8bit

7.4. Executing AST frontend in derive mode using pre-parsed AST for module `\cla_4bit'.
Generating RTLIL representation for module `\cla_4bit'.

7.5. Analyzing design hierarchy..
Top module:  \alu_8bit
Used module:     \cla_8bit
Used module:         \cla_4bit

7.6. Analyzing design hierarchy..
Top module:  \alu_8bit
Used module:     \cla_8bit
Used module:         \cla_4bit
Removing unused module `$abstract\full_adder'.
Removing unused module `$abstract\cla_8bit'.
Removing unused module `$abstract\cla_4bit'.
Removing unused module `$abstract\alu_8bit'.
Removed 4 unused modules.
Renaming module alu_8bit to alu_8bit.

8. Executing ATTRMAP pass (move or copy attributes).

9. Executing TRIBUF pass.

10. Executing HIERARCHY pass (managing design hierarchy).

10.1. Analyzing design hierarchy..
Top module:  \alu_8bit
Used module:     \cla_8bit
Used module:         \cla_4bit

10.2. Analyzing design hierarchy..
Top module:  \alu_8bit
Used module:     \cla_8bit
Used module:         \cla_4bit
Removed 0 unused modules.

11. Executing PROC_CLEAN pass (remove empty switches from decision trees).
Cleaned up 0 empty switches.

12. Executing PROC_RMDEAD pass (remove dead branches from decision trees).
Marked 1 switch rules as full_case in process $proc$/home/thaituroblox/Desktop/8_BIT_COUNTER/Counter-8-Bit-/alu_project/rtl/alu_8bit.sv:23$6 in module alu_8bit.
Removed a total of 0 dead cases.

13. Executing PROC_PRUNE pass (remove redundant assignments in processes).
Removed 0 redundant assignments.
Promoted 1 assignment to connection.

14. Executing PROC_INIT pass (extract init attributes).

15. Executing PROC_ARST pass (detect async resets in processes).

16. Executing PROC_ROM pass (convert switches to ROMs).
Converted 0 switches.
<suppressed ~1 debug messages>

17. Executing PROC_MUX pass (convert decision trees to multiplexers).
Creating decoders for process `\alu_8bit.$proc$/home/thaituroblox/Desktop/8_BIT_COUNTER/Counter-8-Bit-/alu_project/rtl/alu_8bit.sv:23$6'.
     1/1: $1\result[7:0]

18. Executing PROC_DLATCH pass (convert process syncs to latches).
No latch inferred for signal `\alu_8bit.\result' from process `\alu_8bit.$proc$/home/thaituroblox/Desktop/8_BIT_COUNTER/Counter-8-Bit-/alu_project/rtl/alu_8bit.sv:23$6'.

19. Executing PROC_DFF pass (convert process syncs to FFs).

20. Executing PROC_MEMWR pass (convert process memory writes to cells).

21. Executing PROC_CLEAN pass (remove empty switches from decision trees).
Found and cleaned up 1 empty switch in `\alu_8bit.$proc$/home/thaituroblox/Desktop/8_BIT_COUNTER/Counter-8-Bit-/alu_project/rtl/alu_8bit.sv:23$6'.
Removing empty process `alu_8bit.$proc$/home/thaituroblox/Desktop/8_BIT_COUNTER/Counter-8-Bit-/alu_project/rtl/alu_8bit.sv:23$6'.
Cleaned up 1 empty switch.

22. Executing CHECK pass (checking for obvious problems).
Checking module alu_8bit...
Checking module cla_8bit...
Checking module cla_4bit...
Found and reported 0 problems.

23. Executing OPT_EXPR pass (perform const folding).
Optimizing module alu_8bit.
<suppressed ~3 debug messages>
Optimizing module cla_8bit.
Optimizing module cla_4bit.

24. Executing FLATTEN pass (flatten design).
Deleting now unused module cla_8bit.
Deleting now unused module cla_4bit.
<suppressed ~3 debug messages>

25. Executing OPT_EXPR pass (perform const folding).
Optimizing module alu_8bit.

26. Executing OPT_CLEAN pass (remove unused cells and wires).
Finding unused cells or wires in module \alu_8bit..
Removed 28 unused cells and 52 unused wires.
<suppressed ~32 debug messages>

27. Executing OPT_EXPR pass (perform const folding).
Optimizing module alu_8bit.

28. Executing OPT_MERGE pass (detect identical cells).
Finding identical cells in module `\alu_8bit'.
Computing hashes of 135 cells of `\alu_8bit'.
Finding duplicate cells in `\alu_8bit'.
Computing hashes of 92 cells of `\alu_8bit'.
Finding duplicate cells in `\alu_8bit'.
Computing hashes of 88 cells of `\alu_8bit'.
Finding duplicate cells in `\alu_8bit'.
Computing hashes of 87 cells of `\alu_8bit'.
Finding duplicate cells in `\alu_8bit'.
<suppressed ~144 debug messages>
Removed a total of 48 cells.

29. Executing OPT_MUXTREE pass (detect dead branches in mux trees).
Running muxtree optimizer on module \alu_8bit..
  Creating internal representation of mux trees.
  Evaluating internal representation of mux trees.
  Analyzing evaluation results.
Removed 0 multiplexer ports.
<suppressed ~8 debug messages>

30. Executing OPT_REDUCE pass (consolidate $*mux and $reduce_* inputs).
  Optimizing cells in module \alu_8bit.
    New ctrl vector for $pmux cell $procmux$88: { $auto$opt_reduce.cc:137:opt_pmux$99 $procmux$92_CMP $procmux$91_CMP $procmux$90_CMP $procmux$89_CMP }
  Optimizing cells in module \alu_8bit.
Performed a total of 1 changes.

31. Executing OPT_MERGE pass (detect identical cells).
Finding identical cells in module `\alu_8bit'.
Computing hashes of 88 cells of `\alu_8bit'.
Finding duplicate cells in `\alu_8bit'.
Removed a total of 0 cells.

32. Executing OPT_DFF pass (perform DFF optimizations).

33. Executing OPT_CLEAN pass (remove unused cells and wires).
Finding unused cells or wires in module \alu_8bit..
Removed 0 unused cells and 48 unused wires.
<suppressed ~1 debug messages>

34. Executing OPT_EXPR pass (perform const folding).
Optimizing module alu_8bit.

35. Rerunning OPT passes. (Maybe there is more to do…)

36. Executing OPT_MUXTREE pass (detect dead branches in mux trees).
Running muxtree optimizer on module \alu_8bit..
  Creating internal representation of mux trees.
  Evaluating internal representation of mux trees.
  Analyzing evaluation results.
Removed 0 multiplexer ports.
<suppressed ~8 debug messages>

37. Executing OPT_REDUCE pass (consolidate $*mux and $reduce_* inputs).
  Optimizing cells in module \alu_8bit.
Performed a total of 0 changes.

38. Executing OPT_MERGE pass (detect identical cells).
Finding identical cells in module `\alu_8bit'.
Computing hashes of 88 cells of `\alu_8bit'.
Finding duplicate cells in `\alu_8bit'.
Removed a total of 0 cells.

39. Executing OPT_DFF pass (perform DFF optimizations).

40. Executing OPT_CLEAN pass (remove unused cells and wires).
Finding unused cells or wires in module \alu_8bit..

41. Executing OPT_EXPR pass (perform const folding).
Optimizing module alu_8bit.

42. Executing FSM pass (extract and optimize FSM).

42.1. Executing FSM_DETECT pass (finding FSMs in design).

42.2. Executing FSM_EXTRACT pass (extracting FSM from design).

42.3. Executing FSM_OPT pass (simple optimizations of FSMs).

42.4. Executing OPT_CLEAN pass (remove unused cells and wires).
Finding unused cells or wires in module \alu_8bit..

42.5. Executing FSM_OPT pass (simple optimizations of FSMs).

42.6. Executing FSM_RECODE pass (re-assigning FSM state encoding).

42.7. Executing FSM_INFO pass (dumping all available information on FSM cells).

42.8. Executing FSM_MAP pass (mapping FSMs to basic logic).

43. Executing OPT_EXPR pass (perform const folding).
Optimizing module alu_8bit.

44. Executing OPT_MERGE pass (detect identical cells).
Finding identical cells in module `\alu_8bit'.
Computing hashes of 88 cells of `\alu_8bit'.
Finding duplicate cells in `\alu_8bit'.
Removed a total of 0 cells.

45. Executing OPT_MUXTREE pass (detect dead branches in mux trees).
Running muxtree optimizer on module \alu_8bit..
  Creating internal representation of mux trees.
  Evaluating internal representation of mux trees.
  Analyzing evaluation results.
Removed 0 multiplexer ports.
<suppressed ~8 debug messages>

46. Executing OPT_REDUCE pass (consolidate $*mux and $reduce_* inputs).
  Optimizing cells in module \alu_8bit.
Performed a total of 0 changes.

47. Executing OPT_MERGE pass (detect identical cells).
Finding identical cells in module `\alu_8bit'.
Computing hashes of 88 cells of `\alu_8bit'.
Finding duplicate cells in `\alu_8bit'.
Removed a total of 0 cells.

48. Executing OPT_DFF pass (perform DFF optimizations).

49. Executing OPT_CLEAN pass (remove unused cells and wires).
Finding unused cells or wires in module \alu_8bit..

50. Executing OPT_EXPR pass (perform const folding).
Optimizing module alu_8bit.

51. Executing WREDUCE pass (reducing word size of cells).
Removed top 2 bits (of 3) from port B of cell alu_8bit.$eq$/home/thaituroblox/Desktop/8_BIT_COUNTER/Counter-8-Bit-/alu_project/rtl/alu_8bit.sv:12$1 ($eq).
Removed top 31 bits (of 32) from mux cell alu_8bit.$ternary$/home/thaituroblox/Desktop/8_BIT_COUNTER/Counter-8-Bit-/alu_project/rtl/alu_8bit.sv:13$5 ($mux).
Removed top 1 bits (of 3) from port B of cell alu_8bit.$procmux$91_CMP0 ($eq).
Removed top 1 bits (of 3) from port B of cell alu_8bit.$procmux$92_CMP0 ($eq).

52. Executing PEEPOPT pass (run peephole optimizers).

53. Executing OPT_CLEAN pass (remove unused cells and wires).
Finding unused cells or wires in module \alu_8bit..
Removed 0 unused cells and 1 unused wires.
<suppressed ~1 debug messages>

54. Executing ALUMACC pass (create $alu and $macc cells).
Extracting $alu and $macc cells in module alu_8bit:
  created 0 $alu and 0 $macc cells.

55. Executing SHARE pass (SAT-based resource sharing).

56. Executing OPT_EXPR pass (perform const folding).
Optimizing module alu_8bit.

57. Executing OPT_MERGE pass (detect identical cells).
Finding identical cells in module `\alu_8bit'.
Computing hashes of 88 cells of `\alu_8bit'.
Finding duplicate cells in `\alu_8bit'.
Removed a total of 0 cells.

58. Executing OPT_MUXTREE pass (detect dead branches in mux trees).
Running muxtree optimizer on module \alu_8bit..
  Creating internal representation of mux trees.
  Evaluating internal representation of mux trees.
  Analyzing evaluation results.
Removed 0 multiplexer ports.
<suppressed ~8 debug messages>

59. Executing OPT_REDUCE pass (consolidate $*mux and $reduce_* inputs).
  Optimizing cells in module \alu_8bit.
Performed a total of 0 changes.

60. Executing OPT_MERGE pass (detect identical cells).
Finding identical cells in module `\alu_8bit'.
Computing hashes of 88 cells of `\alu_8bit'.
Finding duplicate cells in `\alu_8bit'.
Removed a total of 0 cells.

61. Executing OPT_DFF pass (perform DFF optimizations).

62. Executing OPT_CLEAN pass (remove unused cells and wires).
Finding unused cells or wires in module \alu_8bit..

63. Executing OPT_EXPR pass (perform const folding).
Optimizing module alu_8bit.

64. Executing MEMORY pass.

64.1. Executing OPT_MEM pass (optimize memories).
Performed a total of 0 transformations.

64.2. Executing OPT_MEM_PRIORITY pass (removing unnecessary memory write priority relations).
Performed a total of 0 transformations.

64.3. Executing OPT_MEM_FEEDBACK pass (finding memory read-to-write feedback paths).

64.4. Executing MEMORY_BMUX2ROM pass (converting muxes to ROMs).

64.5. Executing MEMORY_DFF pass (merging $dff cells to $memrd).

64.6. Executing OPT_CLEAN pass (remove unused cells and wires).
Finding unused cells or wires in module \alu_8bit..

64.7. Executing MEMORY_SHARE pass (consolidating $memrd/$memwr cells).

64.8. Executing OPT_MEM_WIDEN pass (optimize memories where all ports are wide).
Performed a total of 0 transformations.

64.9. Executing OPT_CLEAN pass (remove unused cells and wires).
Finding unused cells or wires in module \alu_8bit..

64.10. Executing MEMORY_COLLECT pass (generating $mem cells).

65. Executing OPT_CLEAN pass (remove unused cells and wires).
Finding unused cells or wires in module \alu_8bit..

66. Executing OPT_EXPR pass (perform const folding).
Optimizing module alu_8bit.
<suppressed ~3 debug messages>

67. Executing OPT_MERGE pass (detect identical cells).
Finding identical cells in module `\alu_8bit'.
Computing hashes of 87 cells of `\alu_8bit'.
Finding duplicate cells in `\alu_8bit'.
Removed a total of 0 cells.

68. Executing OPT_DFF pass (perform DFF optimizations).

69. Executing OPT_CLEAN pass (remove unused cells and wires).
Finding unused cells or wires in module \alu_8bit..
Removed 0 unused cells and 1 unused wires.
<suppressed ~1 debug messages>

70. Executing MEMORY_MAP pass (converting memories to logic and flip-flops).

71. Executing OPT_EXPR pass (perform const folding).
Optimizing module alu_8bit.

72. Executing OPT_MERGE pass (detect identical cells).
Finding identical cells in module `\alu_8bit'.
Computing hashes of 87 cells of `\alu_8bit'.
Finding duplicate cells in `\alu_8bit'.
Removed a total of 0 cells.

73. Executing OPT_MUXTREE pass (detect dead branches in mux trees).
Running muxtree optimizer on module \alu_8bit..
  Creating internal representation of mux trees.
  Evaluating internal representation of mux trees.
  Analyzing evaluation results.
Removed 0 multiplexer ports.
<suppressed ~4 debug messages>

74. Executing OPT_REDUCE pass (consolidate $*mux and $reduce_* inputs).
  Optimizing cells in module \alu_8bit.
Performed a total of 0 changes.

75. Executing OPT_MERGE pass (detect identical cells).
Finding identical cells in module `\alu_8bit'.
Computing hashes of 87 cells of `\alu_8bit'.
Finding duplicate cells in `\alu_8bit'.
Removed a total of 0 cells.

76. Executing OPT_SHARE pass.

77. Executing OPT_DFF pass (perform DFF optimizations).

78. Executing OPT_CLEAN pass (remove unused cells and wires).
Finding unused cells or wires in module \alu_8bit..

79. Executing OPT_EXPR pass (perform const folding).
Optimizing module alu_8bit.

80. Executing TECHMAP pass (map to technology primitives).

80.1. Executing Verilog-2005 frontend: /nix/store/f1q0w7rd0a4ny4hqvfxlhs4cmariidcy-yosys-0.62/bin/../share/yosys/techmap.v
Parsing Verilog input from `/nix/store/f1q0w7rd0a4ny4hqvfxlhs4cmariidcy-yosys-0.62/bin/../share/yosys/techmap.v' to AST representation.
Generating RTLIL representation for module `\_90_simplemap_bool_ops'.
Generating RTLIL representation for module `\_90_simplemap_reduce_ops'.
Generating RTLIL representation for module `\_90_simplemap_logic_ops'.
Generating RTLIL representation for module `\_90_simplemap_compare_ops'.
Generating RTLIL representation for module `\_90_simplemap_various'.
Generating RTLIL representation for module `\_90_simplemap_registers'.
Generating RTLIL representation for module `\_90_shift_ops_shr_shl_sshl_sshr'.
Generating RTLIL representation for module `\_90_shift_shiftx'.
Generating RTLIL representation for module `\_90_fa'.
Generating RTLIL representation for module `\_90_lcu_brent_kung'.
Generating RTLIL representation for module `\_90_alu'.
Generating RTLIL representation for module `\_90_macc'.
Generating RTLIL representation for module `\_90_alumacc'.
Generating RTLIL representation for module `$__div_mod_u'.
Generating RTLIL representation for module `$__div_mod_trunc'.
Generating RTLIL representation for module `\_90_div'.
Generating RTLIL representation for module `\_90_mod'.
Generating RTLIL representation for module `$__div_mod_floor'.
Generating RTLIL representation for module `\_90_divfloor'.
Generating RTLIL representation for module `\_90_modfloor'.
Generating RTLIL representation for module `\_90_pow'.
Generating RTLIL representation for module `\_90_pmux'.
Generating RTLIL representation for module `\_90_demux'.
Generating RTLIL representation for module `\_90_lut'.
Generating RTLIL representation for module `$connect'.
Generating RTLIL representation for module `$input_port'.
Successfully finished Verilog frontend.

80.2. Continuing TECHMAP pass.
Using extmapper simplemap for cells of type $reduce_or.
Using extmapper simplemap for cells of type $eq.
Using extmapper simplemap for cells of type $not.
Using extmapper simplemap for cells of type $mux.
Using extmapper simplemap for cells of type $and.
Using extmapper simplemap for cells of type $or.
Using extmapper simplemap for cells of type $xor.
Using extmapper simplemap for cells of type $logic_not.
Using extmapper simplemap for cells of type $logic_or.
Using extmapper simplemap for cells of type $ne.
Using extmapper simplemap for cells of type $logic_and.
Using template $paramod$f42569e367821ad1b7d52f2d157a44ce80c766dc\_90_pmux for cells of type $pmux.
No more expansions possible.
<suppressed ~189 debug messages>

81. Executing OPT_EXPR pass (perform const folding).
Optimizing module alu_8bit.
<suppressed ~23 debug messages>

82. Executing OPT_MERGE pass (detect identical cells).
Finding identical cells in module `\alu_8bit'.
Computing hashes of 239 cells of `\alu_8bit'.
Finding duplicate cells in `\alu_8bit'.
Computing hashes of 232 cells of `\alu_8bit'.
Finding duplicate cells in `\alu_8bit'.
Computing hashes of 231 cells of `\alu_8bit'.
Finding duplicate cells in `\alu_8bit'.
<suppressed ~24 debug messages>
Removed a total of 8 cells.

83. Executing OPT_DFF pass (perform DFF optimizations).

84. Executing OPT_CLEAN pass (remove unused cells and wires).
Finding unused cells or wires in module \alu_8bit..
Removed 0 unused cells and 63 unused wires.
<suppressed ~1 debug messages>

85. Executing OPT_EXPR pass (perform const folding).
Optimizing module alu_8bit.

86. Executing OPT_MERGE pass (detect identical cells).
Finding identical cells in module `\alu_8bit'.
Computing hashes of 231 cells of `\alu_8bit'.
Finding duplicate cells in `\alu_8bit'.
Removed a total of 0 cells.

87. Executing OPT_DFF pass (perform DFF optimizations).

88. Executing OPT_CLEAN pass (remove unused cells and wires).
Finding unused cells or wires in module \alu_8bit..

89. Executing ABC pass (technology mapping using ABC).

89.1. Extracting gate netlist of module `\alu_8bit' to `<abc-temp-dir>/input.blif'..

89.1.1. Executed ABC.
Extracted 228 gates and 247 wires to a netlist network with 19 inputs and 10 outputs.
Running ABC script: <abc-temp-dir>/abc.script
ABC: ======== ABC command line "source <abc-temp-dir>/abc.script"
ABC: + read_blif <abc-temp-dir>/input.blif 
ABC: + read_library /tmp/yosys-abc-4sEPea/stdcells.genlib 
ABC: + strash 
ABC: + dretime 
ABC: + map 
ABC: + write_blif <abc-temp-dir>/output.blif 

89.1.2. Re-integrating ABC results.
ABC RESULTS:               AND cells:        1
ABC RESULTS:            ANDNOT cells:       81
ABC RESULTS:               MUX cells:        9
ABC RESULTS:              NAND cells:       10
ABC RESULTS:               NOR cells:       13
ABC RESULTS:               NOT cells:       13
ABC RESULTS:                OR cells:       48
ABC RESULTS:             ORNOT cells:        5
ABC RESULTS:              XNOR cells:       18
ABC RESULTS:               XOR cells:       15
ABC RESULTS:        internal signals:      218
ABC RESULTS:           input signals:       19
ABC RESULTS:          output signals:       10
Removing temp directory.
Removing global temp directory.

90. Executing OPT pass (performing simple optimizations).

90.1. Executing OPT_EXPR pass (perform const folding).
Optimizing module alu_8bit.

90.2. Executing OPT_MERGE pass (detect identical cells).
Finding identical cells in module `\alu_8bit'.
Computing hashes of 216 cells of `\alu_8bit'.
Finding duplicate cells in `\alu_8bit'.
Computing hashes of 215 cells of `\alu_8bit'.
Finding duplicate cells in `\alu_8bit'.
<suppressed ~3 debug messages>
Removed a total of 1 cells.

90.3. Executing OPT_DFF pass (perform DFF optimizations).

90.4. Executing OPT_CLEAN pass (remove unused cells and wires).
Finding unused cells or wires in module \alu_8bit..
Removed 0 unused cells and 138 unused wires.
<suppressed ~16 debug messages>

90.5. Finished fast OPT passes.

91. Executing HIERARCHY pass (managing design hierarchy).

91.1. Analyzing design hierarchy..
Top module:  \alu_8bit

91.2. Analyzing design hierarchy..
Top module:  \alu_8bit
Removed 0 unused modules.

92. Executing CHECK pass (checking for obvious problems).
Checking module alu_8bit...
Found and reported 0 problems.

93. Printing statistics.

=== alu_8bit ===

        +----------Local Count, excluding submodules.
        | 
      212 wires
      252 wire bits
       10 public wires
       50 public wire bits
        6 ports
       29 port bits
      215 cells
       81   $_ANDNOT_
        1   $_AND_
        9   $_MUX_
       10   $_NAND_
       13   $_NOR_
       13   $_NOT_
        5   $_ORNOT_
       48   $_OR_
       17   $_XNOR_
       15   $_XOR_
        3   $scopeinfo

94. Executing OPT pass (performing simple optimizations).

94.1. Executing OPT_EXPR pass (perform const folding).
Optimizing module alu_8bit.

94.2. Executing OPT_MERGE pass (detect identical cells).
Finding identical cells in module `\alu_8bit'.
Computing hashes of 215 cells of `\alu_8bit'.
Finding duplicate cells in `\alu_8bit'.
Removed a total of 0 cells.

94.3. Executing OPT_MUXTREE pass (detect dead branches in mux trees).
Running muxtree optimizer on module \alu_8bit..
  Creating internal representation of mux trees.
  No muxes found in this module.
Removed 0 multiplexer ports.

94.4. Executing OPT_REDUCE pass (consolidate $*mux and $reduce_* inputs).
  Optimizing cells in module \alu_8bit.
Performed a total of 0 changes.

94.5. Executing OPT_MERGE pass (detect identical cells).
Finding identical cells in module `\alu_8bit'.
Computing hashes of 215 cells of `\alu_8bit'.
Finding duplicate cells in `\alu_8bit'.
Removed a total of 0 cells.

94.6. Executing OPT_DFF pass (perform DFF optimizations).

94.7. Executing OPT_CLEAN pass (remove unused cells and wires).
Finding unused cells or wires in module \alu_8bit..

94.8. Executing OPT_EXPR pass (perform const folding).
Optimizing module alu_8bit.

94.9. Finished fast OPT passes. (There is nothing left to do.)

95. Executing OPT_CLEAN pass (remove unused cells and wires).
Finding unused cells or wires in module \alu_8bit..
Removed 3 unused cells and 4 unused wires.
<suppressed ~7 debug messages>
{
   "creator": "Yosys 0.62 (git sha1 7326bb7d6641500ecb285c291a54a662cb1e76cf, clang++ 21.1.2 -fPIC -O3)",
   "invocation": "stat -json -liberty /home/thaituroblox/Desktop/8_BIT_COUNTER/Counter-8-Bit-/alu_project/runs/RUN_2026-09-26_04-41-42/tmp/16d58543cb774cd8ad45da9256b76286.lib ",
   "modules": {
      "\\alu_8bit": {
         "num_wires":         208,
         "num_wire_bits":     231,
         "num_pub_wires":     6,
         "num_pub_wire_bits": 29,
         "num_ports":         6,
         "num_port_bits":     29,
         "num_memories":      0,
         "num_memory_bits":   0,
         "num_processes":     0,
         "num_cells":         212,
         "num_submodules":       0,
         "num_cells_by_type": {
            "$_ANDNOT_": 81,
            "$_AND_": 1,
            "$_MUX_": 9,
            "$_NAND_": 10,
            "$_NOR_": 13,
            "$_NOT_": 13,
            "$_ORNOT_": 5,
            "$_OR_": 48,
            "$_XNOR_": 17,
            "$_XOR_": 15
         }
      }
   },
      "design": {
         "num_wires":         208,
         "num_wire_bits":     231,
         "num_pub_wires":     6,
         "num_pub_wire_bits": 29,
         "num_ports":         6,
         "num_port_bits":     29,
         "num_memories":      0,
         "num_memory_bits":   0,
         "num_processes":     0,
         "num_cells":         212,
         "num_submodules":       0,
         "num_cells_by_type": {
            "$_ANDNOT_": 81,
            "$_AND_": 1,
            "$_MUX_": 9,
            "$_NAND_": 10,
            "$_NOR_": 13,
            "$_NOT_": 13,
            "$_ORNOT_": 5,
            "$_OR_": 48,
            "$_XNOR_": 17,
            "$_XOR_": 15
         }
      }
}

96. Printing statistics.

=== alu_8bit ===

        +----------Local Count, excluding submodules.
        | 
      208 wires
      231 wire bits
        6 public wires
       29 public wire bits
        6 ports
       29 port bits
      212 cells
       81   $_ANDNOT_
        1   $_AND_
        9   $_MUX_
       10   $_NAND_
       13   $_NOR_
       13   $_NOT_
        5   $_ORNOT_
       48   $_OR_
       17   $_XNOR_
       15   $_XOR_

   Area for cell type $_ANDNOT_ is unknown!
   Area for cell type $_AND_ is unknown!
   Area for cell type $_MUX_ is unknown!
   Area for cell type $_NAND_ is unknown!
   Area for cell type $_NOR_ is unknown!
   Area for cell type $_NOT_ is unknown!
   Area for cell type $_ORNOT_ is unknown!
   Area for cell type $_OR_ is unknown!
   Area for cell type $_XNOR_ is unknown!
   Area for cell type $_XOR_ is unknown!

[INFO] Applying tri-state buffer mapping from '/home/thaituroblox/.ciel/ciel/ciel/sky130/versions/8afc8346a57fe1ab7934ba5a6056ea8b43078e71/sky130A/libs.tech/openlane/sky130_fd_sc_hd/tribuff_map.v'…

97. Executing TECHMAP pass (map to technology primitives).

97.1. Executing Verilog-2005 frontend: /home/thaituroblox/.ciel/ciel/ciel/sky130/versions/8afc8346a57fe1ab7934ba5a6056ea8b43078e71/sky130A/libs.tech/openlane/sky130_fd_sc_hd/tribuff_map.v
Parsing Verilog input from `/home/thaituroblox/.ciel/ciel/ciel/sky130/versions/8afc8346a57fe1ab7934ba5a6056ea8b43078e71/sky130A/libs.tech/openlane/sky130_fd_sc_hd/tribuff_map.v' to AST representation.
Generating RTLIL representation for module `$_TBUF_'.
Successfully finished Verilog frontend.

97.2. Continuing TECHMAP pass.
No more expansions possible.
<suppressed ~3 debug messages>

98. Executing SIMPLEMAP pass (map simple cells to gate primitives).
[INFO] Applying latch mapping from '/home/thaituroblox/.ciel/ciel/ciel/sky130/versions/8afc8346a57fe1ab7934ba5a6056ea8b43078e71/sky130A/libs.tech/openlane/sky130_fd_sc_hd/latch_map.v'…

99. Executing TECHMAP pass (map to technology primitives).

99.1. Executing Verilog-2005 frontend: /home/thaituroblox/.ciel/ciel/ciel/sky130/versions/8afc8346a57fe1ab7934ba5a6056ea8b43078e71/sky130A/libs.tech/openlane/sky130_fd_sc_hd/latch_map.v
Parsing Verilog input from `/home/thaituroblox/.ciel/ciel/ciel/sky130/versions/8afc8346a57fe1ab7934ba5a6056ea8b43078e71/sky130A/libs.tech/openlane/sky130_fd_sc_hd/latch_map.v' to AST representation.
Generating RTLIL representation for module `$_DLATCH_P_'.
Generating RTLIL representation for module `$_DLATCH_N_'.
Successfully finished Verilog frontend.

99.2. Continuing TECHMAP pass.
No more expansions possible.
<suppressed ~4 debug messages>

100. Executing SIMPLEMAP pass (map simple cells to gate primitives).

101. Executing DFFLIBMAP pass (mapping DFF cells to sequential cells from liberty file).
  cell sky130_fd_sc_hd__dfxtp_2 (noninv, pins=3, area=21.27) is a direct match for cell type $_DFF_P_.
  cell sky130_fd_sc_hd__dfrtp_2 (noninv, pins=4, area=26.28) is a direct match for cell type $_DFF_PN0_.
  cell sky130_fd_sc_hd__dfstp_2 (noninv, pins=4, area=26.28) is a direct match for cell type $_DFF_PN1_.
  cell sky130_fd_sc_hd__dfbbn_2 (noninv, pins=6, area=35.03) is a direct match for cell type $_DFFSR_NNN_.
  final dff cell mappings:
    unmapped dff cell: $_DFF_N_
    \sky130_fd_sc_hd__dfxtp_2 _DFF_P_ (.CLK( C), .D( D), .Q( Q));
    unmapped dff cell: $_DFF_NN0_
    unmapped dff cell: $_DFF_NN1_
    unmapped dff cell: $_DFF_NP0_
    unmapped dff cell: $_DFF_NP1_
    \sky130_fd_sc_hd__dfrtp_2 _DFF_PN0_ (.CLK( C), .D( D), .Q( Q), .RESET_B( R));
    \sky130_fd_sc_hd__dfstp_2 _DFF_PN1_ (.CLK( C), .D( D), .Q( Q), .SET_B( R));
    unmapped dff cell: $_DFF_PP0_
    unmapped dff cell: $_DFF_PP1_
    unmapped dff cell: $_DFFE_NN_
    unmapped dff cell: $_DFFE_NP_
    unmapped dff cell: $_DFFE_PN_
    unmapped dff cell: $_DFFE_PP_
    \sky130_fd_sc_hd__dfbbn_2 _DFFSR_NNN_ (.CLK_N( C), .D( D), .Q( Q), .Q_N(~Q), .RESET_B( R), .SET_B( S));
    unmapped dff cell: $_DFFSR_NNP_
    unmapped dff cell: $_DFFSR_NPN_
    unmapped dff cell: $_DFFSR_NPP_
    unmapped dff cell: $_DFFSR_PNN_
    unmapped dff cell: $_DFFSR_PNP_
    unmapped dff cell: $_DFFSR_PPN_
    unmapped dff cell: $_DFFSR_PPP_

101.1. Executing DFFLEGALIZE pass (convert FFs to types supported by the target).
Mapping DFF cells in module `\alu_8bit':
{
   "creator": "Yosys 0.62 (git sha1 7326bb7d6641500ecb285c291a54a662cb1e76cf, clang++ 21.1.2 -fPIC -O3)",
   "invocation": "stat -json -liberty /home/thaituroblox/Desktop/8_BIT_COUNTER/Counter-8-Bit-/alu_project/runs/RUN_2026-09-26_04-41-42/tmp/16d58543cb774cd8ad45da9256b76286.lib ",
   "modules": {
      "\\alu_8bit": {
         "num_wires":         208,
         "num_wire_bits":     231,
         "num_pub_wires":     6,
         "num_pub_wire_bits": 29,
         "num_ports":         6,
         "num_port_bits":     29,
         "num_memories":      0,
         "num_memory_bits":   0,
         "num_processes":     0,
         "num_cells":         212,
         "num_submodules":       0,
         "num_cells_by_type": {
            "$_ANDNOT_": 81,
            "$_AND_": 1,
            "$_MUX_": 9,
            "$_NAND_": 10,
            "$_NOR_": 13,
            "$_NOT_": 13,
            "$_ORNOT_": 5,
            "$_OR_": 48,
            "$_XNOR_": 17,
            "$_XOR_": 15
         }
      }
   },
      "design": {
         "num_wires":         208,
         "num_wire_bits":     231,
         "num_pub_wires":     6,
         "num_pub_wire_bits": 29,
         "num_ports":         6,
         "num_port_bits":     29,
         "num_memories":      0,
         "num_memory_bits":   0,
         "num_processes":     0,
         "num_cells":         212,
         "num_submodules":       0,
         "num_cells_by_type": {
            "$_ANDNOT_": 81,
            "$_AND_": 1,
            "$_MUX_": 9,
            "$_NAND_": 10,
            "$_NOR_": 13,
            "$_NOT_": 13,
            "$_ORNOT_": 5,
            "$_OR_": 48,
            "$_XNOR_": 17,
            "$_XOR_": 15
         }
      }
}

102. Printing statistics.

=== alu_8bit ===

        +----------Local Count, excluding submodules.
        | 
      208 wires
      231 wire bits
        6 public wires
       29 public wire bits
        6 ports
       29 port bits
      212 cells
       81   $_ANDNOT_
        1   $_AND_
        9   $_MUX_
       10   $_NAND_
       13   $_NOR_
       13   $_NOT_
        5   $_ORNOT_
       48   $_OR_
       17   $_XNOR_
       15   $_XOR_

   Area for cell type $_ANDNOT_ is unknown!
   Area for cell type $_AND_ is unknown!
   Area for cell type $_MUX_ is unknown!
   Area for cell type $_NAND_ is unknown!
   Area for cell type $_NOR_ is unknown!
   Area for cell type $_NOT_ is unknown!
   Area for cell type $_ORNOT_ is unknown!
   Area for cell type $_OR_ is unknown!
   Area for cell type $_XNOR_ is unknown!
   Area for cell type $_XOR_ is unknown!

[INFO] Using generated ABC script '/home/thaituroblox/Desktop/8_BIT_COUNTER/Counter-8-Bit-/alu_project/runs/RUN_2026-09-26_04-41-42/06-yosys-synthesis/AREA_0.abc'…

103. Executing ABC pass (technology mapping using ABC).

103.1. Extracting gate netlist of module `\alu_8bit' to `/tmp/yosys-abc-d0t67q/input.blif'..

103.1.1. Executed ABC.
Extracted 212 gates and 231 wires to a netlist network with 19 inputs and 10 outputs.
Running ABC script: /tmp/yosys-abc-d0t67q/abc.script
ABC: ======== ABC command line "source /tmp/yosys-abc-d0t67q/abc.script"
ABC: + read_blif /tmp/yosys-abc-d0t67q/input.blif 
ABC: + read_lib -w /home/thaituroblox/Desktop/8_BIT_COUNTER/Counter-8-Bit-/alu_project/runs/RUN_2026-09-26_04-41-42/tmp/16d58543cb774cd8ad45da9256b76286.lib 
ABC: Parsing finished successfully.  Parsing time =     0.03 sec
ABC: Scl_LibertyReadGenlib() skipped sequential cell "sky130_fd_sc_hd__dfbbn_2".
ABC: Scl_LibertyReadGenlib() skipped sequential cell "sky130_fd_sc_hd__dfrbp_2".
ABC: Scl_LibertyReadGenlib() skipped sequential cell "sky130_fd_sc_hd__dfrtp_2".
ABC: Scl_LibertyReadGenlib() skipped sequential cell "sky130_fd_sc_hd__dfrtp_4".
ABC: Scl_LibertyReadGenlib() skipped sequential cell "sky130_fd_sc_hd__dfsbp_2".
ABC: Scl_LibertyReadGenlib() skipped sequential cell "sky130_fd_sc_hd__dfstp_2".
ABC: Scl_LibertyReadGenlib() skipped sequential cell "sky130_fd_sc_hd__dfstp_4".
ABC: Scl_LibertyReadGenlib() skipped sequential cell "sky130_fd_sc_hd__dfxbp_2".
ABC: Scl_LibertyReadGenlib() skipped sequential cell "sky130_fd_sc_hd__dfxtp_2".
ABC: Scl_LibertyReadGenlib() skipped sequential cell "sky130_fd_sc_hd__dfxtp_4".
ABC: Scl_LibertyReadGenlib() skipped sequential cell "sky130_fd_sc_hd__dlxtn_1".
ABC: Scl_LibertyReadGenlib() skipped sequential cell "sky130_fd_sc_hd__dlxtn_2".
ABC: Scl_LibertyReadGenlib() skipped sequential cell "sky130_fd_sc_hd__dlxtn_4".
ABC: Scl_LibertyReadGenlib() skipped sequential cell "sky130_fd_sc_hd__dlxtp_1".
ABC: Scl_LibertyReadGenlib() skipped three-state cell "sky130_fd_sc_hd__ebufn_2".
ABC: Scl_LibertyReadGenlib() skipped three-state cell "sky130_fd_sc_hd__ebufn_4".
ABC: Scl_LibertyReadGenlib() skipped three-state cell "sky130_fd_sc_hd__ebufn_8".
ABC: Library "sky130_fd_sc_hd__tt_025C_1v80" from "/home/thaituroblox/Desktop/8_BIT_COUNTER/Counter-8-Bit-/alu_project/runs/RUN_2026-09-26_04-41-42/tmp/16d58543cb774cd8ad45da9256b76286.lib" has 175 cells (17 skipped: 14 seq; 3 tri-state; 0 no func; 0 dont_use; 0 with 2 outputs; 0 with 3+ outputs).  Time =     0.05 sec
ABC: Memory =    9.54 MB. Time =     0.05 sec
ABC: Warning: Detected 2 multi-output cells (for example, "sky130_fd_sc_hd__fa_1").
ABC: + read_constr -v /home/thaituroblox/Desktop/8_BIT_COUNTER/Counter-8-Bit-/alu_project/runs/RUN_2026-09-26_04-41-42/06-yosys-synthesis/synthesis.abc.sdc 
ABC: Setting driving cell to be "sky130_fd_sc_hd__inv_2/Y".
ABC: Setting output load to be 33.442001.
ABC: + source /home/thaituroblox/Desktop/8_BIT_COUNTER/Counter-8-Bit-/alu_project/runs/RUN_2026-09-26_04-41-42/06-yosys-synthesis/AREA_0.abc 
ABC: Error: The network is combinational.
ABC: Cannot find the default PI driving cell (sky130_fd_sc_hd__inv_2/Y) in the library.
ABC: WireLoad = "none"  Gates =    102 (  6.9 %)   Cap = 10.5 ff (  1.3 %)   Area =      950.91 ( 92.2 %)   Delay =  3408.06 ps  ( 20.6 %)               
ABC: Path  0 --       3 : 0    5 pi                        A =   0.00  Df =   0.0   -0.0 ps  S =   0.0 ps  Cin =  0.0 ff  Cout =  17.6 ff  Cmax =   0.0 ff  G =    0  
ABC: Path  1 --      35 : 3    8 sky130_fd_sc_hd__or3b_2   A =   8.76  Df = 639.0 -236.0 ps  S = 370.7 ps  Cin =  1.5 ff  Cout =  64.7 ff  Cmax = 269.2 ff  G = 4117  
ABC: Path  2 --      54 : 2    2 sky130_fd_sc_hd__xor2_2   A =  16.27  Df = 863.2 -178.3 ps  S = 174.6 ps  Cin =  8.6 ff  Cout =  10.1 ff  Cmax = 130.0 ff  G =  114  
ABC: Path  3 --      55 : 2    1 sky130_fd_sc_hd__and2b_2  A =   8.76  Df =1079.5 -163.3 ps  S =  34.6 ps  Cin =  1.6 ff  Cout =   2.6 ff  Cmax = 310.4 ff  G =  150  
ABC: Path  4 --      59 : 3    4 sky130_fd_sc_hd__a21o_2   A =   8.76  Df =1257.7 -128.4 ps  S =  87.8 ps  Cin =  2.4 ff  Cout =  15.1 ff  Cmax = 309.5 ff  G =  612  
ABC: Path  5 --      63 : 4    3 sky130_fd_sc_hd__a31o_2   A =   8.76  Df =1436.7  -58.0 ps  S =  70.0 ps  Cin =  2.4 ff  Cout =   8.8 ff  Cmax = 271.9 ff  G =  351  
ABC: Path  6 --      65 : 5    2 sky130_fd_sc_hd__a2111o_2 A =  12.51  Df =1839.3 -268.3 ps  S =  65.6 ps  Cin =  2.4 ff  Cout =   4.1 ff  Cmax = 324.1 ff  G =  160  
ABC: Path  7 --      79 : 3    1 sky130_fd_sc_hd__and3_2   A =   7.51  Df =2028.4 -307.1 ps  S =  37.0 ps  Cin =  1.5 ff  Cout =   1.6 ff  Cmax = 309.5 ff  G =  100  
ABC: Path  8 --      80 : 4    3 sky130_fd_sc_hd__or4b_2   A =  10.01  Df =2670.7 -294.3 ps  S = 127.6 ps  Cin =  1.5 ff  Cout =   9.5 ff  Cmax = 265.5 ff  G =  622  
ABC: Path  9 --      82 : 3    2 sky130_fd_sc_hd__o21a_2   A =   8.76  Df =2897.9 -266.4 ps  S = 205.5 ps  Cin =  2.4 ff  Cout =  38.1 ff  Cmax = 294.8 ff  G = 1585  
ABC: Path 10 --     131 : 4    1 sky130_fd_sc_hd__a211oi_2 A =  12.51  Df =3408.1 -640.4 ps  S = 619.7 ps  Cin =  4.4 ff  Cout =  33.4 ff  Cmax =  88.8 ff  G =  767  
ABC: Start-point = pi2 (\opcode [0]).  End-point = po9 (\zero).
ABC: netlist                       : i/o =   19/   10  lat =    0  nd =   102  edge =    291  area =951.06  delay =10.00  lev = 10
ABC: + write_blif /tmp/yosys-abc-d0t67q/output.blif 

103.1.2. Re-integrating ABC results.
ABC RESULTS:   sky130_fd_sc_hd__a2111o_2 cells:        2
ABC RESULTS:   sky130_fd_sc_hd__a211o_2 cells:        2
ABC RESULTS:   sky130_fd_sc_hd__a211oi_2 cells:        1
ABC RESULTS:   sky130_fd_sc_hd__a21boi_2 cells:        1
ABC RESULTS:   sky130_fd_sc_hd__a21o_2 cells:        5
ABC RESULTS:   sky130_fd_sc_hd__a21oi_2 cells:        5
ABC RESULTS:   sky130_fd_sc_hd__a221oi_2 cells:        1
ABC RESULTS:   sky130_fd_sc_hd__a2bb2o_2 cells:        5
ABC RESULTS:   sky130_fd_sc_hd__a311o_2 cells:        1
ABC RESULTS:   sky130_fd_sc_hd__a31o_2 cells:        7
ABC RESULTS:   sky130_fd_sc_hd__a31oi_2 cells:        1
ABC RESULTS:   sky130_fd_sc_hd__and2_2 cells:        5
ABC RESULTS:   sky130_fd_sc_hd__and2b_2 cells:        5
ABC RESULTS:   sky130_fd_sc_hd__and3_2 cells:        2
ABC RESULTS:   sky130_fd_sc_hd__and3b_2 cells:        1
ABC RESULTS:   sky130_fd_sc_hd__inv_2 cells:        7
ABC RESULTS:   sky130_fd_sc_hd__nand2_2 cells:        4
ABC RESULTS:   sky130_fd_sc_hd__nand2b_2 cells:        1
ABC RESULTS:   sky130_fd_sc_hd__nand3_2 cells:        1
ABC RESULTS:   sky130_fd_sc_hd__nand3b_2 cells:        1
ABC RESULTS:   sky130_fd_sc_hd__nor2_2 cells:       11
ABC RESULTS:   sky130_fd_sc_hd__o211a_2 cells:        1
ABC RESULTS:   sky130_fd_sc_hd__o21a_2 cells:        3
ABC RESULTS:   sky130_fd_sc_hd__o21ai_2 cells:        3
ABC RESULTS:   sky130_fd_sc_hd__o221a_2 cells:        1
ABC RESULTS:   sky130_fd_sc_hd__o22a_2 cells:        2
ABC RESULTS:   sky130_fd_sc_hd__o2bb2a_2 cells:        1
ABC RESULTS:   sky130_fd_sc_hd__o31a_2 cells:        1
ABC RESULTS:   sky130_fd_sc_hd__o32a_2 cells:        3
ABC RESULTS:   sky130_fd_sc_hd__or2_2 cells:        2
ABC RESULTS:   sky130_fd_sc_hd__or3_2 cells:        3
ABC RESULTS:   sky130_fd_sc_hd__or3b_2 cells:        1
ABC RESULTS:   sky130_fd_sc_hd__or4b_2 cells:        1
ABC RESULTS:   sky130_fd_sc_hd__xnor2_2 cells:        5
ABC RESULTS:   sky130_fd_sc_hd__xor2_2 cells:        6
ABC RESULTS:        internal signals:      202
ABC RESULTS:           input signals:       19
ABC RESULTS:          output signals:       10
Removing temp directory.
Removing global temp directory.

104. Executing SETUNDEF pass (replace undef values with defined constants).

105. Executing HILOMAP pass (mapping to constant drivers).

106. Executing SPLITNETS pass (splitting up multi-bit signals).

107. Executing OPT_CLEAN pass (remove unused cells and wires).
Finding unused cells or wires in module \alu_8bit..
Removed 0 unused cells and 231 unused wires.
<suppressed ~1 debug messages>

108. Executing INSBUF pass (insert buffer cells for connected wires).

109. Executing CHECK pass (checking for obvious problems).
Checking module alu_8bit...
Found and reported 0 problems.
{
   "creator": "Yosys 0.62 (git sha1 7326bb7d6641500ecb285c291a54a662cb1e76cf, clang++ 21.1.2 -fPIC -O3)",
   "invocation": "stat -json -liberty /home/thaituroblox/Desktop/8_BIT_COUNTER/Counter-8-Bit-/alu_project/runs/RUN_2026-09-26_04-41-42/tmp/16d58543cb774cd8ad45da9256b76286.lib ",
   "modules": {
      "\\alu_8bit": {
         "num_wires":         98,
         "num_wire_bits":     121,
         "num_pub_wires":     6,
         "num_pub_wire_bits": 29,
         "num_ports":         6,
         "num_port_bits":     29,
         "num_memories":      0,
         "num_memory_bits":   0,
         "num_processes":     0,
         "num_cells":         102,
         "num_submodules":       0,
         "area":              950.912000,
         "sequential_area":    0.000000,
         "num_cells_by_type": {
            "sky130_fd_sc_hd__a2111o_2": 2,
            "sky130_fd_sc_hd__a211o_2": 2,
            "sky130_fd_sc_hd__a211oi_2": 1,
            "sky130_fd_sc_hd__a21boi_2": 1,
            "sky130_fd_sc_hd__a21o_2": 5,
            "sky130_fd_sc_hd__a21oi_2": 5,
            "sky130_fd_sc_hd__a221oi_2": 1,
            "sky130_fd_sc_hd__a2bb2o_2": 5,
            "sky130_fd_sc_hd__a311o_2": 1,
            "sky130_fd_sc_hd__a31o_2": 7,
            "sky130_fd_sc_hd__a31oi_2": 1,
            "sky130_fd_sc_hd__and2_2": 5,
            "sky130_fd_sc_hd__and2b_2": 5,
            "sky130_fd_sc_hd__and3_2": 2,
            "sky130_fd_sc_hd__and3b_2": 1,
            "sky130_fd_sc_hd__inv_2": 7,
            "sky130_fd_sc_hd__nand2_2": 4,
            "sky130_fd_sc_hd__nand2b_2": 1,
            "sky130_fd_sc_hd__nand3_2": 1,
            "sky130_fd_sc_hd__nand3b_2": 1,
            "sky130_fd_sc_hd__nor2_2": 11,
            "sky130_fd_sc_hd__o211a_2": 1,
            "sky130_fd_sc_hd__o21a_2": 3,
            "sky130_fd_sc_hd__o21ai_2": 3,
            "sky130_fd_sc_hd__o221a_2": 1,
            "sky130_fd_sc_hd__o22a_2": 2,
            "sky130_fd_sc_hd__o2bb2a_2": 1,
            "sky130_fd_sc_hd__o31a_2": 1,
            "sky130_fd_sc_hd__o32a_2": 3,
            "sky130_fd_sc_hd__or2_2": 2,
            "sky130_fd_sc_hd__or3_2": 3,
            "sky130_fd_sc_hd__or3b_2": 1,
            "sky130_fd_sc_hd__or4b_2": 1,
            "sky130_fd_sc_hd__xnor2_2": 5,
            "sky130_fd_sc_hd__xor2_2": 6
         }
      }
   },
      "design": {
         "num_wires":         98,
         "num_wire_bits":     121,
         "num_pub_wires":     6,
         "num_pub_wire_bits": 29,
         "num_ports":         6,
         "num_port_bits":     29,
         "num_memories":      0,
         "num_memory_bits":   0,
         "num_processes":     0,
         "num_cells":         102,
         "num_submodules":       0,
         "area":              950.912000,
         "sequential_area":    0.000000,
         "num_cells_by_type": {
            "sky130_fd_sc_hd__a2111o_2": 2,
            "sky130_fd_sc_hd__a211o_2": 2,
            "sky130_fd_sc_hd__a211oi_2": 1,
            "sky130_fd_sc_hd__a21boi_2": 1,
            "sky130_fd_sc_hd__a21o_2": 5,
            "sky130_fd_sc_hd__a21oi_2": 5,
            "sky130_fd_sc_hd__a221oi_2": 1,
            "sky130_fd_sc_hd__a2bb2o_2": 5,
            "sky130_fd_sc_hd__a311o_2": 1,
            "sky130_fd_sc_hd__a31o_2": 7,
            "sky130_fd_sc_hd__a31oi_2": 1,
            "sky130_fd_sc_hd__and2_2": 5,
            "sky130_fd_sc_hd__and2b_2": 5,
            "sky130_fd_sc_hd__and3_2": 2,
            "sky130_fd_sc_hd__and3b_2": 1,
            "sky130_fd_sc_hd__inv_2": 7,
            "sky130_fd_sc_hd__nand2_2": 4,
            "sky130_fd_sc_hd__nand2b_2": 1,
            "sky130_fd_sc_hd__nand3_2": 1,
            "sky130_fd_sc_hd__nand3b_2": 1,
            "sky130_fd_sc_hd__nor2_2": 11,
            "sky130_fd_sc_hd__o211a_2": 1,
            "sky130_fd_sc_hd__o21a_2": 3,
            "sky130_fd_sc_hd__o21ai_2": 3,
            "sky130_fd_sc_hd__o221a_2": 1,
            "sky130_fd_sc_hd__o22a_2": 2,
            "sky130_fd_sc_hd__o2bb2a_2": 1,
            "sky130_fd_sc_hd__o31a_2": 1,
            "sky130_fd_sc_hd__o32a_2": 3,
            "sky130_fd_sc_hd__or2_2": 2,
            "sky130_fd_sc_hd__or3_2": 3,
            "sky130_fd_sc_hd__or3b_2": 1,
            "sky130_fd_sc_hd__or4b_2": 1,
            "sky130_fd_sc_hd__xnor2_2": 5,
            "sky130_fd_sc_hd__xor2_2": 6
         }
      }
}

110. Printing statistics.

=== alu_8bit ===

        +----------Local Count, excluding submodules.
        |        +-Local Area, excluding submodules.
        |        | 
       98        - wires
      121        - wire bits
        6        - public wires
       29        - public wire bits
        6        - ports
       29        - port bits
      102  950.912 cells
        2   25.024   sky130_fd_sc_hd__a2111o_2
        2   20.019   sky130_fd_sc_hd__a211o_2
        1   12.512   sky130_fd_sc_hd__a211oi_2
        1   11.261   sky130_fd_sc_hd__a21boi_2
        5   43.792   sky130_fd_sc_hd__a21o_2
        5   43.792   sky130_fd_sc_hd__a21oi_2
        1   15.014   sky130_fd_sc_hd__a221oi_2
        5   56.304   sky130_fd_sc_hd__a2bb2o_2
        1   11.261   sky130_fd_sc_hd__a311o_2
        7   61.309   sky130_fd_sc_hd__a31o_2
        1   12.512   sky130_fd_sc_hd__a31oi_2
        5   37.536   sky130_fd_sc_hd__and2_2
        5   43.792   sky130_fd_sc_hd__and2b_2
        2   15.014   sky130_fd_sc_hd__and3_2
        1    10.01   sky130_fd_sc_hd__and3b_2
        7   26.275   sky130_fd_sc_hd__inv_2
        4   25.024   sky130_fd_sc_hd__nand2_2
        1    8.758   sky130_fd_sc_hd__nand2b_2
        1    10.01   sky130_fd_sc_hd__nand3_2
        1   11.261   sky130_fd_sc_hd__nand3b_2
       11   68.816   sky130_fd_sc_hd__nor2_2
        1    10.01   sky130_fd_sc_hd__o211a_2
        3   26.275   sky130_fd_sc_hd__o21a_2
        3   26.275   sky130_fd_sc_hd__o21ai_2
        1   11.261   sky130_fd_sc_hd__o221a_2
        2   20.019   sky130_fd_sc_hd__o22a_2
        1   11.261   sky130_fd_sc_hd__o2bb2a_2
        1    10.01   sky130_fd_sc_hd__o31a_2
        3   33.782   sky130_fd_sc_hd__o32a_2
        2   12.512   sky130_fd_sc_hd__or2_2
        3   22.522   sky130_fd_sc_hd__or3_2
        1    8.758   sky130_fd_sc_hd__or3b_2
        1    10.01   sky130_fd_sc_hd__or4b_2
        5   81.328   sky130_fd_sc_hd__xnor2_2
        6   97.594   sky130_fd_sc_hd__xor2_2

   Chip area for module '\alu_8bit': 950.912000
     of which used for sequential elements: 0.000000 (0.00%)

111. Executing Verilog backend.
Dumping module `\alu_8bit'.

112. Executing JSON backend.
