
===========================================================================
report_checks -unconstrained
===========================================================================
======================= max_tt_025C_1v80 Corner ===================================

Startpoint: opcode[1] (input port clocked by __VIRTUAL_CLK__)
Endpoint: zero (output port clocked by __VIRTUAL_CLK__)
Path Group: __VIRTUAL_CLK__
Path Type: max

Fanout         Cap        Slew       Delay        Time   Description
---------------------------------------------------------------------------------------------
                      0.000000    0.000000    0.000000   clock __VIRTUAL_CLK__ (rise edge)
                                  0.000000    0.000000   clock network delay (ideal)
                                  2.000000    2.000000 v input external delay
     1    0.006219    0.016276    0.010680    2.010680 v opcode[1] (in)
                                                         opcode[1] (net)
                      0.016284    0.000000    2.010680 v input18/A (sky130_fd_sc_hd__buf_6)
     2    0.009411    0.024946    0.106991    2.117671 v input18/X (sky130_fd_sc_hd__buf_6)
                                                         net18 (net)
                      0.024946    0.000371    2.118041 v fanout31/A (sky130_fd_sc_hd__buf_6)
     2    0.010877    0.026064    0.112343    2.230384 v fanout31/X (sky130_fd_sc_hd__buf_6)
                                                         net31 (net)
                      0.026126    0.001023    2.231408 v _097_/A (sky130_fd_sc_hd__or3b_4)
     2    0.009071    0.074974    0.413935    2.645342 v _097_/X (sky130_fd_sc_hd__or3b_4)
                                                         _032_ (net)
                      0.074974    0.000650    2.645993 v max_cap30/A (sky130_fd_sc_hd__buf_8)
     3    0.017361    0.029181    0.141494    2.787487 v max_cap30/X (sky130_fd_sc_hd__buf_8)
                                                         net30 (net)
                      0.029202    0.001325    2.788812 v _116_/B (sky130_fd_sc_hd__xor2_2)
     2    0.013579    0.203123    0.197814    2.986626 ^ _116_/X (sky130_fd_sc_hd__xor2_2)
                                                         _051_ (net)
                      0.203123    0.000724    2.987350 ^ _117_/A_N (sky130_fd_sc_hd__and2b_2)
     1    0.007386    0.046639    0.269330    3.256680 v _117_/X (sky130_fd_sc_hd__and2b_2)
                                                         _052_ (net)
                      0.046640    0.000743    3.257422 v _121_/B1 (sky130_fd_sc_hd__a21o_4)
     4    0.017220    0.049754    0.211883    3.469305 v _121_/X (sky130_fd_sc_hd__a21o_4)
                                                         _056_ (net)
                      0.049774    0.001300    3.470605 v _125_/A3 (sky130_fd_sc_hd__a31o_4)
     3    0.012897    0.046639    0.264764    3.735369 v _125_/X (sky130_fd_sc_hd__a31o_4)
                                                         _060_ (net)
                      0.046693    0.000886    3.736256 v _127_/A1 (sky130_fd_sc_hd__a2111o_2)
     2    0.007430    0.075454    0.453097    4.189353 v _127_/X (sky130_fd_sc_hd__a2111o_2)
                                                         _062_ (net)
                      0.075454    0.000541    4.189894 v _141_/B (sky130_fd_sc_hd__and3_4)
     1    0.002754    0.030404    0.180378    4.370272 v _141_/X (sky130_fd_sc_hd__and3_4)
                                                         _076_ (net)
                      0.030404    0.000135    4.370407 v _142_/B (sky130_fd_sc_hd__or4b_4)
     3    0.014936    0.103704    0.567065    4.937472 v _142_/X (sky130_fd_sc_hd__or4b_4)
                                                         _077_ (net)
                      0.103772    0.001028    4.938500 v _144_/B1 (sky130_fd_sc_hd__o21a_4)
     2    0.010872    0.042114    0.155424    5.093924 v _144_/X (sky130_fd_sc_hd__o21a_4)
                                                         net28 (net)
                      0.042114    0.000543    5.094467 v _193_/B1 (sky130_fd_sc_hd__a211oi_2)
     1    0.006420    0.195774    0.233386    5.327853 ^ _193_/Y (sky130_fd_sc_hd__a211oi_2)
                                                         net29 (net)
                      0.195774    0.000318    5.328171 ^ output29/A (sky130_fd_sc_hd__buf_6)
     1    0.034420    0.078098    0.174688    5.502859 ^ output29/X (sky130_fd_sc_hd__buf_6)
                                                         zero (net)
                      0.078144    0.001822    5.504681 ^ zero (out)
                                              5.504681   data arrival time

                      0.000000   10.000000   10.000000   clock __VIRTUAL_CLK__ (rise edge)
                                  0.000000   10.000000   clock network delay (ideal)
                                 -0.250000    9.750000   clock uncertainty
                                  0.000000    9.750000   clock reconvergence pessimism
                                 -2.000000    7.750000   output external delay
                                              7.750000   data required time
---------------------------------------------------------------------------------------------
                                              7.750000   data required time
                                             -5.504681   data arrival time
---------------------------------------------------------------------------------------------
                                              2.245319   slack (MET)




===========================================================================
report_checks --slack_max -0.01
============================================================================
======================= max_tt_025C_1v80 Corner ===================================

No paths found.


===========================================================================
 report_check_types -max_slew -max_cap -max_fanout -violators
============================================================================
======================= max_tt_025C_1v80 Corner ===================================



===========================================================================
report_parasitic_annotation -report_unannotated
============================================================================
Found 0 unannotated drivers.
Found 0 partially unannotated drivers.

===========================================================================
max slew violation count 0
max fanout violation count 0
max cap violation count 0
============================================================================

===========================================================================
check_setup -verbose -unconstrained_endpoints -multiple_clock -no_clock -no_input_delay -loops -generated_clocks
===========================================================================
