
===========================================================================
report_checks -path_delay max (Setup)
============================================================================
======================= max_tt_025C_1v80 Corner ===================================

Startpoint: opcode[1] (input port clocked by __VIRTUAL_CLK__)
Endpoint: zero (output port clocked by __VIRTUAL_CLK__)
Path Group: __VIRTUAL_CLK__
Path Type: max

Fanout         Cap        Slew       Delay        Time   Description
---------------------------------------------------------------------------------------------
                      0.000000    0.000000    0.000000   clock __VIRTUAL_CLK__ (rise edge)
                                  0.000000    0.000000   clock network delay (ideal)
                                  2.000000    2.000000 v input external delay
     1    0.006219    0.016276    0.010680    2.010680 v opcode[1] (in)
                                                         opcode[1] (net)
                      0.016284    0.000000    2.010680 v input18/A (sky130_fd_sc_hd__buf_6)
     2    0.009411    0.024946    0.106991    2.117671 v input18/X (sky130_fd_sc_hd__buf_6)
                                                         net18 (net)
                      0.024946    0.000371    2.118041 v fanout31/A (sky130_fd_sc_hd__buf_6)
     2    0.010877    0.026064    0.112343    2.230384 v fanout31/X (sky130_fd_sc_hd__buf_6)
                                                         net31 (net)
                      0.026126    0.001023    2.231408 v _097_/A (sky130_fd_sc_hd__or3b_4)
     2    0.009071    0.074974    0.413935    2.645342 v _097_/X (sky130_fd_sc_hd__or3b_4)
                                                         _032_ (net)
                      0.074974    0.000650    2.645993 v max_cap30/A (sky130_fd_sc_hd__buf_8)
     3    0.017361    0.029181    0.141494    2.787487 v max_cap30/X (sky130_fd_sc_hd__buf_8)
                                                         net30 (net)
                      0.029202    0.001325    2.788812 v _116_/B (sky130_fd_sc_hd__xor2_2)
     2    0.013579    0.203123    0.197814    2.986626 ^ _116_/X (sky130_fd_sc_hd__xor2_2)
                                                         _051_ (net)
                      0.203123    0.000724    2.987350 ^ _117_/A_N (sky130_fd_sc_hd__and2b_2)
     1    0.007386    0.046639    0.269330    3.256680 v _117_/X (sky130_fd_sc_hd__and2b_2)
                                                         _052_ (net)
                      0.046640    0.000743    3.257422 v _121_/B1 (sky130_fd_sc_hd__a21o_4)
     4    0.017220    0.049754    0.211883    3.469305 v _121_/X (sky130_fd_sc_hd__a21o_4)
                                                         _056_ (net)
                      0.049774    0.001300    3.470605 v _125_/A3 (sky130_fd_sc_hd__a31o_4)
     3    0.012897    0.046639    0.264764    3.735369 v _125_/X (sky130_fd_sc_hd__a31o_4)
                                                         _060_ (net)
                      0.046693    0.000886    3.736256 v _127_/A1 (sky130_fd_sc_hd__a2111o_2)
     2    0.007430    0.075454    0.453097    4.189353 v _127_/X (sky130_fd_sc_hd__a2111o_2)
                                                         _062_ (net)
                      0.075454    0.000541    4.189894 v _141_/B (sky130_fd_sc_hd__and3_4)
     1    0.002754    0.030404    0.180378    4.370272 v _141_/X (sky130_fd_sc_hd__and3_4)
                                                         _076_ (net)
                      0.030404    0.000135    4.370407 v _142_/B (sky130_fd_sc_hd__or4b_4)
     3    0.014936    0.103704    0.567065    4.937472 v _142_/X (sky130_fd_sc_hd__or4b_4)
                                                         _077_ (net)
                      0.103772    0.001028    4.938500 v _144_/B1 (sky130_fd_sc_hd__o21a_4)
     2    0.010872    0.042114    0.155424    5.093924 v _144_/X (sky130_fd_sc_hd__o21a_4)
                                                         net28 (net)
                      0.042114    0.000543    5.094467 v _193_/B1 (sky130_fd_sc_hd__a211oi_2)
     1    0.006420    0.195774    0.233386    5.327853 ^ _193_/Y (sky130_fd_sc_hd__a211oi_2)
                                                         net29 (net)
                      0.195774    0.000318    5.328171 ^ output29/A (sky130_fd_sc_hd__buf_6)
     1    0.034420    0.078098    0.174688    5.502859 ^ output29/X (sky130_fd_sc_hd__buf_6)
                                                         zero (net)
                      0.078144    0.001822    5.504681 ^ zero (out)
                                              5.504681   data arrival time

                      0.000000   10.000000   10.000000   clock __VIRTUAL_CLK__ (rise edge)
                                  0.000000   10.000000   clock network delay (ideal)
                                 -0.250000    9.750000   clock uncertainty
                                  0.000000    9.750000   clock reconvergence pessimism
                                 -2.000000    7.750000   output external delay
                                              7.750000   data required time
---------------------------------------------------------------------------------------------
                                              7.750000   data required time
                                             -5.504681   data arrival time
---------------------------------------------------------------------------------------------
                                              2.245319   slack (MET)


Startpoint: opcode[1] (input port clocked by __VIRTUAL_CLK__)
Endpoint: overflow (output port clocked by __VIRTUAL_CLK__)
Path Group: __VIRTUAL_CLK__
Path Type: max

Fanout         Cap        Slew       Delay        Time   Description
---------------------------------------------------------------------------------------------
                      0.000000    0.000000    0.000000   clock __VIRTUAL_CLK__ (rise edge)
                                  0.000000    0.000000   clock network delay (ideal)
                                  2.000000    2.000000 v input external delay
     1    0.006219    0.016276    0.010680    2.010680 v opcode[1] (in)
                                                         opcode[1] (net)
                      0.016284    0.000000    2.010680 v input18/A (sky130_fd_sc_hd__buf_6)
     2    0.009411    0.024946    0.106991    2.117671 v input18/X (sky130_fd_sc_hd__buf_6)
                                                         net18 (net)
                      0.024946    0.000371    2.118041 v fanout31/A (sky130_fd_sc_hd__buf_6)
     2    0.010877    0.026064    0.112343    2.230384 v fanout31/X (sky130_fd_sc_hd__buf_6)
                                                         net31 (net)
                      0.026126    0.001023    2.231408 v _097_/A (sky130_fd_sc_hd__or3b_4)
     2    0.009071    0.074974    0.413935    2.645342 v _097_/X (sky130_fd_sc_hd__or3b_4)
                                                         _032_ (net)
                      0.074974    0.000650    2.645993 v max_cap30/A (sky130_fd_sc_hd__buf_8)
     3    0.017361    0.029181    0.141494    2.787487 v max_cap30/X (sky130_fd_sc_hd__buf_8)
                                                         net30 (net)
                      0.029202    0.001325    2.788812 v _116_/B (sky130_fd_sc_hd__xor2_2)
     2    0.013579    0.203123    0.197814    2.986626 ^ _116_/X (sky130_fd_sc_hd__xor2_2)
                                                         _051_ (net)
                      0.203123    0.000724    2.987350 ^ _117_/A_N (sky130_fd_sc_hd__and2b_2)
     1    0.007386    0.046639    0.269330    3.256680 v _117_/X (sky130_fd_sc_hd__and2b_2)
                                                         _052_ (net)
                      0.046640    0.000743    3.257422 v _121_/B1 (sky130_fd_sc_hd__a21o_4)
     4    0.017220    0.049754    0.211883    3.469305 v _121_/X (sky130_fd_sc_hd__a21o_4)
                                                         _056_ (net)
                      0.049774    0.001300    3.470605 v _125_/A3 (sky130_fd_sc_hd__a31o_4)
     3    0.012897    0.046639    0.264764    3.735369 v _125_/X (sky130_fd_sc_hd__a31o_4)
                                                         _060_ (net)
                      0.046693    0.000886    3.736256 v _127_/A1 (sky130_fd_sc_hd__a2111o_2)
     2    0.007430    0.075454    0.453097    4.189353 v _127_/X (sky130_fd_sc_hd__a2111o_2)
                                                         _062_ (net)
                      0.075454    0.000541    4.189894 v _141_/B (sky130_fd_sc_hd__and3_4)
     1    0.002754    0.030404    0.180378    4.370272 v _141_/X (sky130_fd_sc_hd__and3_4)
                                                         _076_ (net)
                      0.030404    0.000135    4.370407 v _142_/B (sky130_fd_sc_hd__or4b_4)
     3    0.014936    0.103704    0.567065    4.937472 v _142_/X (sky130_fd_sc_hd__or4b_4)
                                                         _077_ (net)
                      0.103772    0.001045    4.938517 v _145_/A1 (sky130_fd_sc_hd__a21o_2)
     1    0.005092    0.039907    0.223984    5.162502 v _145_/X (sky130_fd_sc_hd__a21o_2)
                                                         _079_ (net)
                      0.039907    0.000380    5.162882 v _146_/C (sky130_fd_sc_hd__and3_4)
     1    0.007650    0.037049    0.186215    5.349096 v _146_/X (sky130_fd_sc_hd__and3_4)
                                                         net20 (net)
                      0.037049    0.000622    5.349718 v output20/A (sky130_fd_sc_hd__buf_8)
     1    0.034980    0.040806    0.136601    5.486319 v output20/X (sky130_fd_sc_hd__buf_8)
                                                         overflow (net)
                      0.040903    0.001827    5.488146 v overflow (out)
                                              5.488146   data arrival time

                      0.000000   10.000000   10.000000   clock __VIRTUAL_CLK__ (rise edge)
                                  0.000000   10.000000   clock network delay (ideal)
                                 -0.250000    9.750000   clock uncertainty
                                  0.000000    9.750000   clock reconvergence pessimism
                                 -2.000000    7.750000   output external delay
                                              7.750000   data required time
---------------------------------------------------------------------------------------------
                                              7.750000   data required time
                                             -5.488146   data arrival time
---------------------------------------------------------------------------------------------
                                              2.261854   slack (MET)


Startpoint: opcode[1] (input port clocked by __VIRTUAL_CLK__)
Endpoint: result[7] (output port clocked by __VIRTUAL_CLK__)
Path Group: __VIRTUAL_CLK__
Path Type: max

Fanout         Cap        Slew       Delay        Time   Description
---------------------------------------------------------------------------------------------
                      0.000000    0.000000    0.000000   clock __VIRTUAL_CLK__ (rise edge)
                                  0.000000    0.000000   clock network delay (ideal)
                                  2.000000    2.000000 v input external delay
     1    0.006219    0.016276    0.010680    2.010680 v opcode[1] (in)
                                                         opcode[1] (net)
                      0.016284    0.000000    2.010680 v input18/A (sky130_fd_sc_hd__buf_6)
     2    0.009411    0.024946    0.106991    2.117671 v input18/X (sky130_fd_sc_hd__buf_6)
                                                         net18 (net)
                      0.024946    0.000371    2.118041 v fanout31/A (sky130_fd_sc_hd__buf_6)
     2    0.010877    0.026064    0.112343    2.230384 v fanout31/X (sky130_fd_sc_hd__buf_6)
                                                         net31 (net)
                      0.026126    0.001023    2.231408 v _097_/A (sky130_fd_sc_hd__or3b_4)
     2    0.009071    0.074974    0.413935    2.645342 v _097_/X (sky130_fd_sc_hd__or3b_4)
                                                         _032_ (net)
                      0.074974    0.000650    2.645993 v max_cap30/A (sky130_fd_sc_hd__buf_8)
     3    0.017361    0.029181    0.141494    2.787487 v max_cap30/X (sky130_fd_sc_hd__buf_8)
                                                         net30 (net)
                      0.029202    0.001325    2.788812 v _116_/B (sky130_fd_sc_hd__xor2_2)
     2    0.013579    0.203123    0.197814    2.986626 ^ _116_/X (sky130_fd_sc_hd__xor2_2)
                                                         _051_ (net)
                      0.203123    0.000724    2.987350 ^ _117_/A_N (sky130_fd_sc_hd__and2b_2)
     1    0.007386    0.046639    0.269330    3.256680 v _117_/X (sky130_fd_sc_hd__and2b_2)
                                                         _052_ (net)
                      0.046640    0.000743    3.257422 v _121_/B1 (sky130_fd_sc_hd__a21o_4)
     4    0.017220    0.049754    0.211883    3.469305 v _121_/X (sky130_fd_sc_hd__a21o_4)
                                                         _056_ (net)
                      0.049774    0.001300    3.470605 v _125_/A3 (sky130_fd_sc_hd__a31o_4)
     3    0.012897    0.046639    0.264764    3.735369 v _125_/X (sky130_fd_sc_hd__a31o_4)
                                                         _060_ (net)
                      0.046693    0.000886    3.736256 v _127_/A1 (sky130_fd_sc_hd__a2111o_2)
     2    0.007430    0.075454    0.453097    4.189353 v _127_/X (sky130_fd_sc_hd__a2111o_2)
                                                         _062_ (net)
                      0.075454    0.000541    4.189894 v _141_/B (sky130_fd_sc_hd__and3_4)
     1    0.002754    0.030404    0.180378    4.370272 v _141_/X (sky130_fd_sc_hd__and3_4)
                                                         _076_ (net)
                      0.030404    0.000135    4.370407 v _142_/B (sky130_fd_sc_hd__or4b_4)
     3    0.014936    0.103704    0.567065    4.937472 v _142_/X (sky130_fd_sc_hd__or4b_4)
                                                         _077_ (net)
                      0.103772    0.001028    4.938500 v _144_/B1 (sky130_fd_sc_hd__o21a_4)
     2    0.010872    0.042114    0.155424    5.093924 v _144_/X (sky130_fd_sc_hd__o21a_4)
                                                         net28 (net)
                      0.042114    0.000435    5.094359 v output28/A (sky130_fd_sc_hd__buf_6)
     1    0.034555    0.044212    0.141624    5.235983 v output28/X (sky130_fd_sc_hd__buf_6)
                                                         result[7] (net)
                      0.044303    0.001838    5.237821 v result[7] (out)
                                              5.237821   data arrival time

                      0.000000   10.000000   10.000000   clock __VIRTUAL_CLK__ (rise edge)
                                  0.000000   10.000000   clock network delay (ideal)
                                 -0.250000    9.750000   clock uncertainty
                                  0.000000    9.750000   clock reconvergence pessimism
                                 -2.000000    7.750000   output external delay
                                              7.750000   data required time
---------------------------------------------------------------------------------------------
                                              7.750000   data required time
                                             -5.237821   data arrival time
---------------------------------------------------------------------------------------------
                                              2.512179   slack (MET)


Startpoint: opcode[1] (input port clocked by __VIRTUAL_CLK__)
Endpoint: result[5] (output port clocked by __VIRTUAL_CLK__)
Path Group: __VIRTUAL_CLK__
Path Type: max

Fanout         Cap        Slew       Delay        Time   Description
---------------------------------------------------------------------------------------------
                      0.000000    0.000000    0.000000   clock __VIRTUAL_CLK__ (rise edge)
                                  0.000000    0.000000   clock network delay (ideal)
                                  2.000000    2.000000 v input external delay
     1    0.006219    0.016276    0.010680    2.010680 v opcode[1] (in)
                                                         opcode[1] (net)
                      0.016284    0.000000    2.010680 v input18/A (sky130_fd_sc_hd__buf_6)
     2    0.009411    0.024946    0.106991    2.117671 v input18/X (sky130_fd_sc_hd__buf_6)
                                                         net18 (net)
                      0.024946    0.000371    2.118041 v fanout31/A (sky130_fd_sc_hd__buf_6)
     2    0.010877    0.026064    0.112343    2.230384 v fanout31/X (sky130_fd_sc_hd__buf_6)
                                                         net31 (net)
                      0.026126    0.001023    2.231408 v _097_/A (sky130_fd_sc_hd__or3b_4)
     2    0.009071    0.074974    0.413935    2.645342 v _097_/X (sky130_fd_sc_hd__or3b_4)
                                                         _032_ (net)
                      0.074974    0.000650    2.645993 v max_cap30/A (sky130_fd_sc_hd__buf_8)
     3    0.017361    0.029181    0.141494    2.787487 v max_cap30/X (sky130_fd_sc_hd__buf_8)
                                                         net30 (net)
                      0.029202    0.001325    2.788812 v _116_/B (sky130_fd_sc_hd__xor2_2)
     2    0.013579    0.203123    0.197814    2.986626 ^ _116_/X (sky130_fd_sc_hd__xor2_2)
                                                         _051_ (net)
                      0.203123    0.000724    2.987350 ^ _117_/A_N (sky130_fd_sc_hd__and2b_2)
     1    0.007386    0.046639    0.269330    3.256680 v _117_/X (sky130_fd_sc_hd__and2b_2)
                                                         _052_ (net)
                      0.046640    0.000743    3.257422 v _121_/B1 (sky130_fd_sc_hd__a21o_4)
     4    0.017220    0.049754    0.211883    3.469305 v _121_/X (sky130_fd_sc_hd__a21o_4)
                                                         _056_ (net)
                      0.049774    0.001300    3.470605 v _125_/A3 (sky130_fd_sc_hd__a31o_4)
     3    0.012897    0.046639    0.264764    3.735369 v _125_/X (sky130_fd_sc_hd__a31o_4)
                                                         _060_ (net)
                      0.046689    0.000795    3.736165 v _126_/B (sky130_fd_sc_hd__and2_2)
     3    0.013193    0.059429    0.227738    3.963903 v _126_/X (sky130_fd_sc_hd__and2_2)
                                                         _061_ (net)
                      0.059430    0.000348    3.964251 v _176_/A2 (sky130_fd_sc_hd__o31a_2)
     1    0.002318    0.048557    0.331917    4.296168 v _176_/X (sky130_fd_sc_hd__o31a_2)
                                                         _012_ (net)
                      0.048557    0.000112    4.296280 v _179_/A2 (sky130_fd_sc_hd__a21o_2)
     2    0.006143    0.041911    0.227791    4.524071 v _179_/X (sky130_fd_sc_hd__a21o_2)
                                                         _015_ (net)
                      0.041911    0.000333    4.524404 v _180_/B (sky130_fd_sc_hd__and2_2)
     1    0.004005    0.040013    0.195580    4.719984 v _180_/X (sky130_fd_sc_hd__and2_2)
                                                         net26 (net)
                      0.040013    0.000295    4.720279 v output26/A (sky130_fd_sc_hd__dlymetal6s2s_1)
     1    0.036131    0.180382    0.264321    4.984600 v output26/X (sky130_fd_sc_hd__dlymetal6s2s_1)
                                                         result[5] (net)
                      0.180404    0.002108    4.986708 v result[5] (out)
                                              4.986708   data arrival time

                      0.000000   10.000000   10.000000   clock __VIRTUAL_CLK__ (rise edge)
                                  0.000000   10.000000   clock network delay (ideal)
                                 -0.250000    9.750000   clock uncertainty
                                  0.000000    9.750000   clock reconvergence pessimism
                                 -2.000000    7.750000   output external delay
                                              7.750000   data required time
---------------------------------------------------------------------------------------------
                                              7.750000   data required time
                                             -4.986708   data arrival time
---------------------------------------------------------------------------------------------
                                              2.763292   slack (MET)


Startpoint: opcode[1] (input port clocked by __VIRTUAL_CLK__)
Endpoint: result[6] (output port clocked by __VIRTUAL_CLK__)
Path Group: __VIRTUAL_CLK__
Path Type: max

Fanout         Cap        Slew       Delay        Time   Description
---------------------------------------------------------------------------------------------
                      0.000000    0.000000    0.000000   clock __VIRTUAL_CLK__ (rise edge)
                                  0.000000    0.000000   clock network delay (ideal)
                                  2.000000    2.000000 v input external delay
     1    0.006219    0.016276    0.010680    2.010680 v opcode[1] (in)
                                                         opcode[1] (net)
                      0.016284    0.000000    2.010680 v input18/A (sky130_fd_sc_hd__buf_6)
     2    0.009411    0.024946    0.106991    2.117671 v input18/X (sky130_fd_sc_hd__buf_6)
                                                         net18 (net)
                      0.024946    0.000371    2.118041 v fanout31/A (sky130_fd_sc_hd__buf_6)
     2    0.010877    0.026064    0.112343    2.230384 v fanout31/X (sky130_fd_sc_hd__buf_6)
                                                         net31 (net)
                      0.026126    0.001023    2.231408 v _097_/A (sky130_fd_sc_hd__or3b_4)
     2    0.009071    0.074974    0.413935    2.645342 v _097_/X (sky130_fd_sc_hd__or3b_4)
                                                         _032_ (net)
                      0.074974    0.000650    2.645993 v max_cap30/A (sky130_fd_sc_hd__buf_8)
     3    0.017361    0.029181    0.141494    2.787487 v max_cap30/X (sky130_fd_sc_hd__buf_8)
                                                         net30 (net)
                      0.029202    0.001325    2.788812 v _116_/B (sky130_fd_sc_hd__xor2_2)
     2    0.013579    0.203123    0.197814    2.986626 ^ _116_/X (sky130_fd_sc_hd__xor2_2)
                                                         _051_ (net)
                      0.203123    0.000724    2.987350 ^ _117_/A_N (sky130_fd_sc_hd__and2b_2)
     1    0.007386    0.046639    0.269330    3.256680 v _117_/X (sky130_fd_sc_hd__and2b_2)
                                                         _052_ (net)
                      0.046640    0.000743    3.257422 v _121_/B1 (sky130_fd_sc_hd__a21o_4)
     4    0.017220    0.049754    0.211883    3.469305 v _121_/X (sky130_fd_sc_hd__a21o_4)
                                                         _056_ (net)
                      0.049774    0.001300    3.470605 v _125_/A3 (sky130_fd_sc_hd__a31o_4)
     3    0.012897    0.046639    0.264764    3.735369 v _125_/X (sky130_fd_sc_hd__a31o_4)
                                                         _060_ (net)
                      0.046689    0.000795    3.736165 v _126_/B (sky130_fd_sc_hd__and2_2)
     3    0.013193    0.059429    0.227738    3.963903 v _126_/X (sky130_fd_sc_hd__and2_2)
                                                         _061_ (net)
                      0.059429    0.000294    3.964197 v _175_/A2 (sky130_fd_sc_hd__o21ai_2)
     3    0.013862    0.191423    0.197207    4.161404 ^ _175_/Y (sky130_fd_sc_hd__o21ai_2)
                                                         _011_ (net)
                      0.191434    0.001193    4.162597 ^ _185_/B (sky130_fd_sc_hd__nand3_2)
     1    0.002847    0.057126    0.093382    4.255979 v _185_/Y (sky130_fd_sc_hd__nand3_2)
                                                         _020_ (net)
                      0.057128    0.000141    4.256121 v _189_/A3 (sky130_fd_sc_hd__a31o_2)
     2    0.006815    0.046362    0.269746    4.525867 v _189_/X (sky130_fd_sc_hd__a31o_2)
                                                         _024_ (net)
                      0.046384    0.000268    4.526134 v _190_/B (sky130_fd_sc_hd__and2_2)
     1    0.003269    0.037631    0.194141    4.720276 v _190_/X (sky130_fd_sc_hd__and2_2)
                                                         net27 (net)
                      0.037631    0.000202    4.720478 v output27/A (sky130_fd_sc_hd__dlymetal6s2s_1)
     1    0.034821    0.174484    0.258753    4.979230 v output27/X (sky130_fd_sc_hd__dlymetal6s2s_1)
                                                         result[6] (net)
                      0.174501    0.001892    4.981122 v result[6] (out)
                                              4.981122   data arrival time

                      0.000000   10.000000   10.000000   clock __VIRTUAL_CLK__ (rise edge)
                                  0.000000   10.000000   clock network delay (ideal)
                                 -0.250000    9.750000   clock uncertainty
                                  0.000000    9.750000   clock reconvergence pessimism
                                 -2.000000    7.750000   output external delay
                                              7.750000   data required time
---------------------------------------------------------------------------------------------
                                              7.750000   data required time
                                             -4.981122   data arrival time
---------------------------------------------------------------------------------------------
                                              2.768878   slack (MET)


Startpoint: opcode[1] (input port clocked by __VIRTUAL_CLK__)
Endpoint: result[4] (output port clocked by __VIRTUAL_CLK__)
Path Group: __VIRTUAL_CLK__
Path Type: max

Fanout         Cap        Slew       Delay        Time   Description
---------------------------------------------------------------------------------------------
                      0.000000    0.000000    0.000000   clock __VIRTUAL_CLK__ (rise edge)
                                  0.000000    0.000000   clock network delay (ideal)
                                  2.000000    2.000000 v input external delay
     1    0.006219    0.016276    0.010680    2.010680 v opcode[1] (in)
                                                         opcode[1] (net)
                      0.016284    0.000000    2.010680 v input18/A (sky130_fd_sc_hd__buf_6)
     2    0.009411    0.024946    0.106991    2.117671 v input18/X (sky130_fd_sc_hd__buf_6)
                                                         net18 (net)
                      0.024946    0.000371    2.118041 v fanout31/A (sky130_fd_sc_hd__buf_6)
     2    0.010877    0.026064    0.112343    2.230384 v fanout31/X (sky130_fd_sc_hd__buf_6)
                                                         net31 (net)
                      0.026126    0.001023    2.231408 v _097_/A (sky130_fd_sc_hd__or3b_4)
     2    0.009071    0.074974    0.413935    2.645342 v _097_/X (sky130_fd_sc_hd__or3b_4)
                                                         _032_ (net)
                      0.074974    0.000650    2.645993 v max_cap30/A (sky130_fd_sc_hd__buf_8)
     3    0.017361    0.029181    0.141494    2.787487 v max_cap30/X (sky130_fd_sc_hd__buf_8)
                                                         net30 (net)
                      0.029181    0.000909    2.788396 v rebuffer39/A (sky130_fd_sc_hd__buf_2)
     2    0.016497    0.052070    0.147016    2.935412 v rebuffer39/X (sky130_fd_sc_hd__buf_2)
                                                         net39 (net)
                      0.052084    0.000864    2.936276 v _111_/B (sky130_fd_sc_hd__xor2_2)
     3    0.009313    0.067455    0.163996    3.100272 v _111_/X (sky130_fd_sc_hd__xor2_2)
                                                         _046_ (net)
                      0.067456    0.000272    3.100544 v _114_/B (sky130_fd_sc_hd__and2_2)
     1    0.004924    0.042072    0.211066    3.311610 v _114_/X (sky130_fd_sc_hd__and2_2)
                                                         _049_ (net)
                      0.042072    0.000377    3.311987 v _115_/B (sky130_fd_sc_hd__nor2_2)
     5    0.023125    0.264201    0.230805    3.542792 ^ _115_/Y (sky130_fd_sc_hd__nor2_2)
                                                         _050_ (net)
                      0.264213    0.001569    3.544361 ^ _125_/A1 (sky130_fd_sc_hd__a31o_4)
     3    0.013817    0.063459    0.223830    3.768191 ^ _125_/X (sky130_fd_sc_hd__a31o_4)
                                                         _060_ (net)
                      0.063469    0.000856    3.769047 ^ _126_/B (sky130_fd_sc_hd__and2_2)
     3    0.014518    0.089525    0.190120    3.959167 ^ _126_/X (sky130_fd_sc_hd__and2_2)
                                                         _061_ (net)
                      0.089525    0.000464    3.959631 ^ _169_/A (sky130_fd_sc_hd__nor2_2)
     1    0.004023    0.030268    0.050440    4.010071 v _169_/Y (sky130_fd_sc_hd__nor2_2)
                                                         _006_ (net)
                      0.030269    0.000298    4.010369 v _172_/A1 (sky130_fd_sc_hd__o32a_2)
     2    0.008007    0.066453    0.411740    4.422110 v _172_/X (sky130_fd_sc_hd__o32a_2)
                                                         net25 (net)
                      0.066453    0.000486    4.422596 v output25/A (sky130_fd_sc_hd__clkdlybuf4s25_1)
     1    0.035286    0.262869    0.449493    4.872089 v output25/X (sky130_fd_sc_hd__clkdlybuf4s25_1)
                                                         result[4] (net)
                      0.262879    0.001974    4.874063 v result[4] (out)
                                              4.874063   data arrival time

                      0.000000   10.000000   10.000000   clock __VIRTUAL_CLK__ (rise edge)
                                  0.000000   10.000000   clock network delay (ideal)
                                 -0.250000    9.750000   clock uncertainty
                                  0.000000    9.750000   clock reconvergence pessimism
                                 -2.000000    7.750000   output external delay
                                              7.750000   data required time
---------------------------------------------------------------------------------------------
                                              7.750000   data required time
                                             -4.874063   data arrival time
---------------------------------------------------------------------------------------------
                                              2.875937   slack (MET)


Startpoint: opcode[1] (input port clocked by __VIRTUAL_CLK__)
Endpoint: result[3] (output port clocked by __VIRTUAL_CLK__)
Path Group: __VIRTUAL_CLK__
Path Type: max

Fanout         Cap        Slew       Delay        Time   Description
---------------------------------------------------------------------------------------------
                      0.000000    0.000000    0.000000   clock __VIRTUAL_CLK__ (rise edge)
                                  0.000000    0.000000   clock network delay (ideal)
                                  2.000000    2.000000 v input external delay
     1    0.006219    0.016276    0.010680    2.010680 v opcode[1] (in)
                                                         opcode[1] (net)
                      0.016284    0.000000    2.010680 v input18/A (sky130_fd_sc_hd__buf_6)
     2    0.009411    0.024946    0.106991    2.117671 v input18/X (sky130_fd_sc_hd__buf_6)
                                                         net18 (net)
                      0.024946    0.000371    2.118041 v fanout31/A (sky130_fd_sc_hd__buf_6)
     2    0.010877    0.026064    0.112343    2.230384 v fanout31/X (sky130_fd_sc_hd__buf_6)
                                                         net31 (net)
                      0.026126    0.001023    2.231408 v _097_/A (sky130_fd_sc_hd__or3b_4)
     2    0.009071    0.074974    0.413935    2.645342 v _097_/X (sky130_fd_sc_hd__or3b_4)
                                                         _032_ (net)
                      0.074974    0.000650    2.645993 v max_cap30/A (sky130_fd_sc_hd__buf_8)
     3    0.017361    0.029181    0.141494    2.787487 v max_cap30/X (sky130_fd_sc_hd__buf_8)
                                                         net30 (net)
                      0.029181    0.000909    2.788396 v rebuffer39/A (sky130_fd_sc_hd__buf_2)
     2    0.016497    0.052070    0.147016    2.935412 v rebuffer39/X (sky130_fd_sc_hd__buf_2)
                                                         net39 (net)
                      0.052084    0.000864    2.936276 v _111_/B (sky130_fd_sc_hd__xor2_2)
     3    0.009313    0.067455    0.163996    3.100272 v _111_/X (sky130_fd_sc_hd__xor2_2)
                                                         _046_ (net)
                      0.067456    0.000272    3.100544 v _114_/B (sky130_fd_sc_hd__and2_2)
     1    0.004924    0.042072    0.211066    3.311610 v _114_/X (sky130_fd_sc_hd__and2_2)
                                                         _049_ (net)
                      0.042072    0.000377    3.311987 v _115_/B (sky130_fd_sc_hd__nor2_2)
     5    0.023125    0.264201    0.230805    3.542792 ^ _115_/Y (sky130_fd_sc_hd__nor2_2)
                                                         _050_ (net)
                      0.264219    0.001935    3.544727 ^ _162_/A1 (sky130_fd_sc_hd__a21oi_2)
     2    0.006957    0.076049    0.106748    3.651474 v _162_/Y (sky130_fd_sc_hd__a21oi_2)
                                                         _000_ (net)
                      0.076049    0.000351    3.651826 v _164_/C (sky130_fd_sc_hd__or3_2)
     1    0.003209    0.076942    0.434342    4.086167 v _164_/X (sky130_fd_sc_hd__or3_2)
                                                         _002_ (net)
                      0.076942    0.000249    4.086417 v _167_/A2_N (sky130_fd_sc_hd__o2bb2a_2)
     2    0.009163    0.068813    0.283131    4.369548 ^ _167_/X (sky130_fd_sc_hd__o2bb2a_2)
                                                         net24 (net)
                      0.068813    0.000286    4.369834 ^ output24/A (sky130_fd_sc_hd__clkdlybuf4s25_1)
     1    0.034923    0.352593    0.494790    4.864625 ^ output24/X (sky130_fd_sc_hd__clkdlybuf4s25_1)
                                                         result[3] (net)
                      0.352598    0.001883    4.866508 ^ result[3] (out)
                                              4.866508   data arrival time

                      0.000000   10.000000   10.000000   clock __VIRTUAL_CLK__ (rise edge)
                                  0.000000   10.000000   clock network delay (ideal)
                                 -0.250000    9.750000   clock uncertainty
                                  0.000000    9.750000   clock reconvergence pessimism
                                 -2.000000    7.750000   output external delay
                                              7.750000   data required time
---------------------------------------------------------------------------------------------
                                              7.750000   data required time
                                             -4.866508   data arrival time
---------------------------------------------------------------------------------------------
                                              2.883493   slack (MET)


Startpoint: opcode[1] (input port clocked by __VIRTUAL_CLK__)
Endpoint: result[2] (output port clocked by __VIRTUAL_CLK__)
Path Group: __VIRTUAL_CLK__
Path Type: max

Fanout         Cap        Slew       Delay        Time   Description
---------------------------------------------------------------------------------------------
                      0.000000    0.000000    0.000000   clock __VIRTUAL_CLK__ (rise edge)
                                  0.000000    0.000000   clock network delay (ideal)
                                  2.000000    2.000000 v input external delay
     1    0.006219    0.016276    0.010680    2.010680 v opcode[1] (in)
                                                         opcode[1] (net)
                      0.016284    0.000000    2.010680 v input18/A (sky130_fd_sc_hd__buf_6)
     2    0.009411    0.024946    0.106991    2.117671 v input18/X (sky130_fd_sc_hd__buf_6)
                                                         net18 (net)
                      0.024946    0.000371    2.118041 v fanout31/A (sky130_fd_sc_hd__buf_6)
     2    0.010877    0.026064    0.112343    2.230384 v fanout31/X (sky130_fd_sc_hd__buf_6)
                                                         net31 (net)
                      0.026126    0.001023    2.231408 v _097_/A (sky130_fd_sc_hd__or3b_4)
     2    0.009071    0.074974    0.413935    2.645342 v _097_/X (sky130_fd_sc_hd__or3b_4)
                                                         _032_ (net)
                      0.074974    0.000650    2.645993 v max_cap30/A (sky130_fd_sc_hd__buf_8)
     3    0.017361    0.029181    0.141494    2.787487 v max_cap30/X (sky130_fd_sc_hd__buf_8)
                                                         net30 (net)
                      0.029181    0.000909    2.788396 v rebuffer39/A (sky130_fd_sc_hd__buf_2)
     2    0.016497    0.052070    0.147016    2.935412 v rebuffer39/X (sky130_fd_sc_hd__buf_2)
                                                         net39 (net)
                      0.052084    0.000864    2.936276 v _111_/B (sky130_fd_sc_hd__xor2_2)
     3    0.009313    0.067455    0.163996    3.100272 v _111_/X (sky130_fd_sc_hd__xor2_2)
                                                         _046_ (net)
                      0.067456    0.000272    3.100544 v _114_/B (sky130_fd_sc_hd__and2_2)
     1    0.004924    0.042072    0.211066    3.311610 v _114_/X (sky130_fd_sc_hd__and2_2)
                                                         _049_ (net)
                      0.042072    0.000377    3.311987 v _115_/B (sky130_fd_sc_hd__nor2_2)
     5    0.023125    0.264201    0.230805    3.542792 ^ _115_/Y (sky130_fd_sc_hd__nor2_2)
                                                         _050_ (net)
                      0.264223    0.002112    3.544903 ^ _157_/A1 (sky130_fd_sc_hd__a21oi_2)
     1    0.003910    0.065969    0.090876    3.635779 v _157_/Y (sky130_fd_sc_hd__a21oi_2)
                                                         _088_ (net)
                      0.065969    0.000177    3.635956 v _158_/B1 (sky130_fd_sc_hd__o21a_2)
     1    0.004039    0.037131    0.129248    3.765204 v _158_/X (sky130_fd_sc_hd__o21a_2)
                                                         _089_ (net)
                      0.037165    0.000259    3.765464 v _161_/A1 (sky130_fd_sc_hd__o32a_2)
     2    0.005205    0.060248    0.401997    4.167460 v _161_/X (sky130_fd_sc_hd__o32a_2)
                                                         net23 (net)
                      0.060248    0.000330    4.167790 v output23/A (sky130_fd_sc_hd__clkdlybuf4s25_1)
     1    0.035562    0.265201    0.447292    4.615082 v output23/X (sky130_fd_sc_hd__clkdlybuf4s25_1)
                                                         result[2] (net)
                      0.265236    0.003161    4.618242 v result[2] (out)
                                              4.618242   data arrival time

                      0.000000   10.000000   10.000000   clock __VIRTUAL_CLK__ (rise edge)
                                  0.000000   10.000000   clock network delay (ideal)
                                 -0.250000    9.750000   clock uncertainty
                                  0.000000    9.750000   clock reconvergence pessimism
                                 -2.000000    7.750000   output external delay
                                              7.750000   data required time
---------------------------------------------------------------------------------------------
                                              7.750000   data required time
                                             -4.618242   data arrival time
---------------------------------------------------------------------------------------------
                                              3.131757   slack (MET)


Startpoint: opcode[1] (input port clocked by __VIRTUAL_CLK__)
Endpoint: result[1] (output port clocked by __VIRTUAL_CLK__)
Path Group: __VIRTUAL_CLK__
Path Type: max

Fanout         Cap        Slew       Delay        Time   Description
---------------------------------------------------------------------------------------------
                      0.000000    0.000000    0.000000   clock __VIRTUAL_CLK__ (rise edge)
                                  0.000000    0.000000   clock network delay (ideal)
                                  2.000000    2.000000 v input external delay
     1    0.006219    0.016276    0.010680    2.010680 v opcode[1] (in)
                                                         opcode[1] (net)
                      0.016284    0.000000    2.010680 v input18/A (sky130_fd_sc_hd__buf_6)
     2    0.009411    0.024946    0.106991    2.117671 v input18/X (sky130_fd_sc_hd__buf_6)
                                                         net18 (net)
                      0.024946    0.000371    2.118041 v fanout31/A (sky130_fd_sc_hd__buf_6)
     2    0.010877    0.026064    0.112343    2.230384 v fanout31/X (sky130_fd_sc_hd__buf_6)
                                                         net31 (net)
                      0.026126    0.001023    2.231408 v _097_/A (sky130_fd_sc_hd__or3b_4)
     2    0.009071    0.074974    0.413935    2.645342 v _097_/X (sky130_fd_sc_hd__or3b_4)
                                                         _032_ (net)
                      0.074974    0.000650    2.645993 v max_cap30/A (sky130_fd_sc_hd__buf_8)
     3    0.017361    0.029181    0.141494    2.787487 v max_cap30/X (sky130_fd_sc_hd__buf_8)
                                                         net30 (net)
                      0.029202    0.001325    2.788812 v _116_/B (sky130_fd_sc_hd__xor2_2)
     2    0.012734    0.077655    0.164464    2.953275 v _116_/X (sky130_fd_sc_hd__xor2_2)
                                                         _051_ (net)
                      0.077664    0.000873    2.954149 v _118_/A (sky130_fd_sc_hd__xnor2_2)
     4    0.016194    0.246474    0.272010    3.226159 ^ _118_/Y (sky130_fd_sc_hd__xnor2_2)
                                                         _053_ (net)
                      0.246479    0.000967    3.227126 ^ _152_/A1 (sky130_fd_sc_hd__a21oi_2)
     1    0.002789    0.059320    0.082264    3.309390 v _152_/Y (sky130_fd_sc_hd__a21oi_2)
                                                         _084_ (net)
                      0.059320    0.000138    3.309528 v _153_/B1 (sky130_fd_sc_hd__o21a_2)
     1    0.004907    0.039118    0.128794    3.438322 v _153_/X (sky130_fd_sc_hd__o21a_2)
                                                         _085_ (net)
                      0.039118    0.000314    3.438636 v _156_/A (sky130_fd_sc_hd__or3_2)
     2    0.005974    0.087311    0.507749    3.946385 v _156_/X (sky130_fd_sc_hd__or3_2)
                                                         net22 (net)
                      0.087311    0.000272    3.946657 v output22/A (sky130_fd_sc_hd__clkdlybuf4s25_1)
     1    0.035247    0.262266    0.458862    4.405519 v output22/X (sky130_fd_sc_hd__clkdlybuf4s25_1)
                                                         result[1] (net)
                      0.262277    0.001930    4.407450 v result[1] (out)
                                              4.407450   data arrival time

                      0.000000   10.000000   10.000000   clock __VIRTUAL_CLK__ (rise edge)
                                  0.000000   10.000000   clock network delay (ideal)
                                 -0.250000    9.750000   clock uncertainty
                                  0.000000    9.750000   clock reconvergence pessimism
                                 -2.000000    7.750000   output external delay
                                              7.750000   data required time
---------------------------------------------------------------------------------------------
                                              7.750000   data required time
                                             -4.407450   data arrival time
---------------------------------------------------------------------------------------------
                                              3.342550   slack (MET)


Startpoint: opcode[1] (input port clocked by __VIRTUAL_CLK__)
Endpoint: result[0] (output port clocked by __VIRTUAL_CLK__)
Path Group: __VIRTUAL_CLK__
Path Type: max

Fanout         Cap        Slew       Delay        Time   Description
---------------------------------------------------------------------------------------------
                      0.000000    0.000000    0.000000   clock __VIRTUAL_CLK__ (rise edge)
                                  0.000000    0.000000   clock network delay (ideal)
                                  2.000000    2.000000 v input external delay
     1    0.006219    0.016276    0.010680    2.010680 v opcode[1] (in)
                                                         opcode[1] (net)
                      0.016284    0.000000    2.010680 v input18/A (sky130_fd_sc_hd__buf_6)
     2    0.009411    0.024946    0.106991    2.117671 v input18/X (sky130_fd_sc_hd__buf_6)
                                                         net18 (net)
                      0.024946    0.000371    2.118041 v fanout31/A (sky130_fd_sc_hd__buf_6)
     2    0.010877    0.026064    0.112343    2.230384 v fanout31/X (sky130_fd_sc_hd__buf_6)
                                                         net31 (net)
                      0.026091    0.000622    2.231006 v rebuffer34/A (sky130_fd_sc_hd__buf_2)
     9    0.037880    0.095095    0.185475    2.416481 v rebuffer34/X (sky130_fd_sc_hd__buf_2)
                                                         net34 (net)
                      0.095417    0.004380    2.420861 v _095_/B (sky130_fd_sc_hd__and2_2)
     8    0.038746    0.109156    0.307154    2.728015 v _095_/X (sky130_fd_sc_hd__and2_2)
                                                         _030_ (net)
                      0.109156    0.000472    2.728488 v _150_/B1 (sky130_fd_sc_hd__a31o_2)
     1    0.003439    0.038317    0.245860    2.974348 v _150_/X (sky130_fd_sc_hd__a31o_2)
                                                         _083_ (net)
                      0.038317    0.000265    2.974613 v _151_/A3 (sky130_fd_sc_hd__o32a_2)
     2    0.006508    0.063089    0.347484    3.322098 v _151_/X (sky130_fd_sc_hd__o32a_2)
                                                         net21 (net)
                      0.063089    0.000424    3.322521 v output21/A (sky130_fd_sc_hd__clkdlybuf4s25_1)
     1    0.035143    0.261885    0.447198    3.769719 v output21/X (sky130_fd_sc_hd__clkdlybuf4s25_1)
                                                         result[0] (net)
                      0.261895    0.001922    3.771641 v result[0] (out)
                                              3.771641   data arrival time

                      0.000000   10.000000   10.000000   clock __VIRTUAL_CLK__ (rise edge)
                                  0.000000   10.000000   clock network delay (ideal)
                                 -0.250000    9.750000   clock uncertainty
                                  0.000000    9.750000   clock reconvergence pessimism
                                 -2.000000    7.750000   output external delay
                                              7.750000   data required time
---------------------------------------------------------------------------------------------
                                              7.750000   data required time
                                             -3.771641   data arrival time
---------------------------------------------------------------------------------------------
                                              3.978359   slack (MET)



