
===========================================================================
report_checks -path_delay min (Hold)
============================================================================
======================= max_tt_025C_1v80 Corner ===================================

Startpoint: opcode[2] (input port clocked by __VIRTUAL_CLK__)
Endpoint: result[7] (output port clocked by __VIRTUAL_CLK__)
Path Group: __VIRTUAL_CLK__
Path Type: min

Fanout         Cap        Slew       Delay        Time   Description
---------------------------------------------------------------------------------------------
                      0.000000    0.000000    0.000000   clock __VIRTUAL_CLK__ (rise edge)
                                  0.000000    0.000000   clock network delay (ideal)
                                  2.000000    2.000000 v input external delay
     1    0.004595    0.012762    0.007134    2.007134 v opcode[2] (in)
                                                         opcode[2] (net)
                      0.012766    0.000000    2.007134 v input19/A (sky130_fd_sc_hd__clkbuf_2)
    10    0.036487    0.140210    0.169919    2.177053 v input19/X (sky130_fd_sc_hd__clkbuf_2)
                                                         net19 (net)
                      0.140372    0.003285    2.180338 v _096_/A (sky130_fd_sc_hd__nand2_2)
     7    0.031874    0.171234    0.181765    2.362104 ^ _096_/Y (sky130_fd_sc_hd__nand2_2)
                                                         _031_ (net)
                      0.171272    0.002001    2.364104 ^ _144_/A2 (sky130_fd_sc_hd__o21a_4)
     2    0.011953    0.051475    0.149514    2.513619 ^ _144_/X (sky130_fd_sc_hd__o21a_4)
                                                         net28 (net)
                      0.051479    0.000431    2.514050 ^ output28/A (sky130_fd_sc_hd__buf_6)
     1    0.034555    0.077133    0.120829    2.634879 ^ output28/X (sky130_fd_sc_hd__buf_6)
                                                         result[7] (net)
                      0.077228    0.001665    2.636544 ^ result[7] (out)
                                              2.636544   data arrival time

                      0.000000    0.000000    0.000000   clock __VIRTUAL_CLK__ (rise edge)
                                  0.000000    0.000000   clock network delay (ideal)
                                  0.250000    0.250000   clock uncertainty
                                  0.000000    0.250000   clock reconvergence pessimism
                                 -2.000000   -1.750000   output external delay
                                             -1.750000   data required time
---------------------------------------------------------------------------------------------
                                             -1.750000   data required time
                                             -2.636544   data arrival time
---------------------------------------------------------------------------------------------
                                              4.386544   slack (MET)


Startpoint: opcode[2] (input port clocked by __VIRTUAL_CLK__)
Endpoint: zero (output port clocked by __VIRTUAL_CLK__)
Path Group: __VIRTUAL_CLK__
Path Type: min

Fanout         Cap        Slew       Delay        Time   Description
---------------------------------------------------------------------------------------------
                      0.000000    0.000000    0.000000   clock __VIRTUAL_CLK__ (rise edge)
                                  0.000000    0.000000   clock network delay (ideal)
                                  2.000000    2.000000 v input external delay
     1    0.004595    0.012762    0.007134    2.007134 v opcode[2] (in)
                                                         opcode[2] (net)
                      0.012766    0.000000    2.007134 v input19/A (sky130_fd_sc_hd__clkbuf_2)
    10    0.036487    0.140210    0.169919    2.177053 v input19/X (sky130_fd_sc_hd__clkbuf_2)
                                                         net19 (net)
                      0.140372    0.003285    2.180338 v _096_/A (sky130_fd_sc_hd__nand2_2)
     7    0.031874    0.171234    0.181765    2.362104 ^ _096_/Y (sky130_fd_sc_hd__nand2_2)
                                                         _031_ (net)
                      0.171272    0.002001    2.364104 ^ _144_/A2 (sky130_fd_sc_hd__o21a_4)
     2    0.011953    0.051475    0.149514    2.513619 ^ _144_/X (sky130_fd_sc_hd__o21a_4)
                                                         net28 (net)
                      0.051482    0.000548    2.514167 ^ _193_/B1 (sky130_fd_sc_hd__a211oi_2)
     1    0.005941    0.027199    0.043393    2.557560 v _193_/Y (sky130_fd_sc_hd__a211oi_2)
                                                         net29 (net)
                      0.027200    0.000262    2.557822 v output29/A (sky130_fd_sc_hd__buf_6)
     1    0.034420    0.044141    0.121902    2.679724 v output29/X (sky130_fd_sc_hd__buf_6)
                                                         zero (net)
                      0.044231    0.001645    2.681369 v zero (out)
                                              2.681369   data arrival time

                      0.000000    0.000000    0.000000   clock __VIRTUAL_CLK__ (rise edge)
                                  0.000000    0.000000   clock network delay (ideal)
                                  0.250000    0.250000   clock uncertainty
                                  0.000000    0.250000   clock reconvergence pessimism
                                 -2.000000   -1.750000   output external delay
                                             -1.750000   data required time
---------------------------------------------------------------------------------------------
                                             -1.750000   data required time
                                             -2.681369   data arrival time
---------------------------------------------------------------------------------------------
                                              4.431369   slack (MET)


Startpoint: a[7] (input port clocked by __VIRTUAL_CLK__)
Endpoint: overflow (output port clocked by __VIRTUAL_CLK__)
Path Group: __VIRTUAL_CLK__
Path Type: min

Fanout         Cap        Slew       Delay        Time   Description
---------------------------------------------------------------------------------------------
                      0.000000    0.000000    0.000000   clock __VIRTUAL_CLK__ (rise edge)
                                  0.000000    0.000000   clock network delay (ideal)
                                  2.000000    2.000000 v input external delay
     1    0.003515    0.010299    0.005404    2.005404 v a[7] (in)
                                                         a[7] (net)
                      0.010303    0.000000    2.005404 v input8/A (sky130_fd_sc_hd__clkdlybuf4s25_1)
     6    0.029168    0.219544    0.353457    2.358861 v input8/X (sky130_fd_sc_hd__clkdlybuf4s25_1)
                                                         net8 (net)
                      0.219560    0.001899    2.360760 v _143_/A (sky130_fd_sc_hd__nand2_2)
     1    0.003261    0.037853    0.100374    2.461133 ^ _143_/Y (sky130_fd_sc_hd__nand2_2)
                                                         _078_ (net)
                      0.037853    0.000215    2.461349 ^ _146_/B (sky130_fd_sc_hd__and3_4)
     1    0.008311    0.053700    0.168926    2.630274 ^ _146_/X (sky130_fd_sc_hd__and3_4)
                                                         net20 (net)
                      0.053702    0.000616    2.630890 ^ output20/A (sky130_fd_sc_hd__buf_8)
     1    0.034980    0.066920    0.112959    2.743848 ^ output20/X (sky130_fd_sc_hd__buf_8)
                                                         overflow (net)
                      0.067021    0.001656    2.745505 ^ overflow (out)
                                              2.745505   data arrival time

                      0.000000    0.000000    0.000000   clock __VIRTUAL_CLK__ (rise edge)
                                  0.000000    0.000000   clock network delay (ideal)
                                  0.250000    0.250000   clock uncertainty
                                  0.000000    0.250000   clock reconvergence pessimism
                                 -2.000000   -1.750000   output external delay
                                             -1.750000   data required time
---------------------------------------------------------------------------------------------
                                             -1.750000   data required time
                                             -2.745505   data arrival time
---------------------------------------------------------------------------------------------
                                              4.495504   slack (MET)


Startpoint: a[2] (input port clocked by __VIRTUAL_CLK__)
Endpoint: result[2] (output port clocked by __VIRTUAL_CLK__)
Path Group: __VIRTUAL_CLK__
Path Type: min

Fanout         Cap        Slew       Delay        Time   Description
---------------------------------------------------------------------------------------------
                      0.000000    0.000000    0.000000   clock __VIRTUAL_CLK__ (rise edge)
                                  0.000000    0.000000   clock network delay (ideal)
                                  2.000000    2.000000 v input external delay
     1    0.003479    0.010197    0.005346    2.005346 v a[2] (in)
                                                         a[2] (net)
                      0.010199    0.000000    2.005346 v input3/A (sky130_fd_sc_hd__clkdlybuf4s25_1)
     4    0.013881    0.113238    0.276462    2.281807 v input3/X (sky130_fd_sc_hd__clkdlybuf4s25_1)
                                                         net3 (net)
                      0.113241    0.000733    2.282541 v _161_/B2 (sky130_fd_sc_hd__o32a_2)
     2    0.005205    0.041770    0.194228    2.476768 v _161_/X (sky130_fd_sc_hd__o32a_2)
                                                         net23 (net)
                      0.041770    0.000298    2.477066 v output23/A (sky130_fd_sc_hd__clkdlybuf4s25_1)
     1    0.035562    0.265165    0.397107    2.874173 v output23/X (sky130_fd_sc_hd__clkdlybuf4s25_1)
                                                         result[2] (net)
                      0.265200    0.002860    2.877033 v result[2] (out)
                                              2.877033   data arrival time

                      0.000000    0.000000    0.000000   clock __VIRTUAL_CLK__ (rise edge)
                                  0.000000    0.000000   clock network delay (ideal)
                                  0.250000    0.250000   clock uncertainty
                                  0.000000    0.250000   clock reconvergence pessimism
                                 -2.000000   -1.750000   output external delay
                                             -1.750000   data required time
---------------------------------------------------------------------------------------------
                                             -1.750000   data required time
                                             -2.877033   data arrival time
---------------------------------------------------------------------------------------------
                                              4.627033   slack (MET)


Startpoint: a[5] (input port clocked by __VIRTUAL_CLK__)
Endpoint: result[5] (output port clocked by __VIRTUAL_CLK__)
Path Group: __VIRTUAL_CLK__
Path Type: min

Fanout         Cap        Slew       Delay        Time   Description
---------------------------------------------------------------------------------------------
                      0.000000    0.000000    0.000000   clock __VIRTUAL_CLK__ (rise edge)
                                  0.000000    0.000000   clock network delay (ideal)
                                  2.000000    2.000000 ^ input external delay
     1    0.003695    0.023624    0.012832    2.012832 ^ a[5] (in)
                                                         a[5] (net)
                      0.023626    0.000000    2.012832 ^ input6/A (sky130_fd_sc_hd__clkdlybuf4s25_1)
     5    0.015347    0.162806    0.305921    2.318753 ^ input6/X (sky130_fd_sc_hd__clkdlybuf4s25_1)
                                                         net6 (net)
                      0.162812    0.001164    2.319917 ^ _173_/A (sky130_fd_sc_hd__or2_2)
     2    0.005577    0.042535    0.139089    2.459006 ^ _173_/X (sky130_fd_sc_hd__or2_2)
                                                         _009_ (net)
                      0.042535    0.000160    2.459166 ^ _180_/A (sky130_fd_sc_hd__and2_2)
     1    0.004163    0.043085    0.122611    2.581777 ^ _180_/X (sky130_fd_sc_hd__and2_2)
                                                         net26 (net)
                      0.043093    0.000280    2.582057 ^ output26/A (sky130_fd_sc_hd__dlymetal6s2s_1)
     1    0.036131    0.363618    0.296898    2.878955 ^ output26/X (sky130_fd_sc_hd__dlymetal6s2s_1)
                                                         result[5] (net)
                      0.363634    0.001908    2.880863 ^ result[5] (out)
                                              2.880863   data arrival time

                      0.000000    0.000000    0.000000   clock __VIRTUAL_CLK__ (rise edge)
                                  0.000000    0.000000   clock network delay (ideal)
                                  0.250000    0.250000   clock uncertainty
                                  0.000000    0.250000   clock reconvergence pessimism
                                 -2.000000   -1.750000   output external delay
                                             -1.750000   data required time
---------------------------------------------------------------------------------------------
                                             -1.750000   data required time
                                             -2.880863   data arrival time
---------------------------------------------------------------------------------------------
                                              4.630863   slack (MET)


Startpoint: a[4] (input port clocked by __VIRTUAL_CLK__)
Endpoint: result[4] (output port clocked by __VIRTUAL_CLK__)
Path Group: __VIRTUAL_CLK__
Path Type: min

Fanout         Cap        Slew       Delay        Time   Description
---------------------------------------------------------------------------------------------
                      0.000000    0.000000    0.000000   clock __VIRTUAL_CLK__ (rise edge)
                                  0.000000    0.000000   clock network delay (ideal)
                                  2.000000    2.000000 v input external delay
     1    0.004203    0.011886    0.006510    2.006510 v a[4] (in)
                                                         a[4] (net)
                      0.011889    0.000000    2.006510 v input5/A (sky130_fd_sc_hd__clkdlybuf4s25_1)
     5    0.012697    0.105052    0.271069    2.277578 v input5/X (sky130_fd_sc_hd__clkdlybuf4s25_1)
                                                         net5 (net)
                      0.105055    0.000672    2.278250 v _172_/B2 (sky130_fd_sc_hd__o32a_2)
     2    0.008007    0.049916    0.200550    2.478800 v _172_/X (sky130_fd_sc_hd__o32a_2)
                                                         net25 (net)
                      0.049920    0.000440    2.479240 v output25/A (sky130_fd_sc_hd__clkdlybuf4s25_1)
     1    0.035286    0.263025    0.399855    2.879095 v output25/X (sky130_fd_sc_hd__clkdlybuf4s25_1)
                                                         result[4] (net)
                      0.263036    0.001786    2.880881 v result[4] (out)
                                              2.880881   data arrival time

                      0.000000    0.000000    0.000000   clock __VIRTUAL_CLK__ (rise edge)
                                  0.000000    0.000000   clock network delay (ideal)
                                  0.250000    0.250000   clock uncertainty
                                  0.000000    0.250000   clock reconvergence pessimism
                                 -2.000000   -1.750000   output external delay
                                             -1.750000   data required time
---------------------------------------------------------------------------------------------
                                             -1.750000   data required time
                                             -2.880881   data arrival time
---------------------------------------------------------------------------------------------
                                              4.630881   slack (MET)


Startpoint: a[6] (input port clocked by __VIRTUAL_CLK__)
Endpoint: result[6] (output port clocked by __VIRTUAL_CLK__)
Path Group: __VIRTUAL_CLK__
Path Type: min

Fanout         Cap        Slew       Delay        Time   Description
---------------------------------------------------------------------------------------------
                      0.000000    0.000000    0.000000   clock __VIRTUAL_CLK__ (rise edge)
                                  0.000000    0.000000   clock network delay (ideal)
                                  2.000000    2.000000 v input external delay
     1    0.003820    0.010982    0.005900    2.005900 v a[6] (in)
                                                         a[6] (net)
                      0.010985    0.000000    2.005900 v input7/A (sky130_fd_sc_hd__clkdlybuf4s25_1)
     4    0.023226    0.177127    0.324190    2.330090 v input7/X (sky130_fd_sc_hd__clkdlybuf4s25_1)
                                                         net7 (net)
                      0.177133    0.001151    2.331241 v _092_/A (sky130_fd_sc_hd__inv_2)
     3    0.017739    0.100029    0.136191    2.467432 ^ _092_/Y (sky130_fd_sc_hd__inv_2)
                                                         _027_ (net)
                      0.100109    0.001492    2.468924 ^ _181_/A (sky130_fd_sc_hd__nand2_2)
     2    0.007017    0.046769    0.060875    2.529799 v _181_/Y (sky130_fd_sc_hd__nand2_2)
                                                         _016_ (net)
                      0.046770    0.000260    2.530059 v _190_/A (sky130_fd_sc_hd__and2_2)
     1    0.003269    0.035369    0.156712    2.686772 v _190_/X (sky130_fd_sc_hd__and2_2)
                                                         net27 (net)
                      0.035369    0.000183    2.686954 v output27/A (sky130_fd_sc_hd__dlymetal6s2s_1)
     1    0.034821    0.174488    0.233206    2.920161 v output27/X (sky130_fd_sc_hd__dlymetal6s2s_1)
                                                         result[6] (net)
                      0.174506    0.001712    2.921872 v result[6] (out)
                                              2.921872   data arrival time

                      0.000000    0.000000    0.000000   clock __VIRTUAL_CLK__ (rise edge)
                                  0.000000    0.000000   clock network delay (ideal)
                                  0.250000    0.250000   clock uncertainty
                                  0.000000    0.250000   clock reconvergence pessimism
                                 -2.000000   -1.750000   output external delay
                                             -1.750000   data required time
---------------------------------------------------------------------------------------------
                                             -1.750000   data required time
                                             -2.921872   data arrival time
---------------------------------------------------------------------------------------------
                                              4.671872   slack (MET)


Startpoint: a[0] (input port clocked by __VIRTUAL_CLK__)
Endpoint: result[0] (output port clocked by __VIRTUAL_CLK__)
Path Group: __VIRTUAL_CLK__
Path Type: min

Fanout         Cap        Slew       Delay        Time   Description
---------------------------------------------------------------------------------------------
                      0.000000    0.000000    0.000000   clock __VIRTUAL_CLK__ (rise edge)
                                  0.000000    0.000000   clock network delay (ideal)
                                  2.000000    2.000000 v input external delay
     1    0.003527    0.010305    0.005429    2.005429 v a[0] (in)
                                                         a[0] (net)
                      0.010308    0.000000    2.005429 v input1/A (sky130_fd_sc_hd__clkdlybuf4s25_1)
     6    0.023904    0.182027    0.327203    2.332632 v input1/X (sky130_fd_sc_hd__clkdlybuf4s25_1)
                                                         net1 (net)
                      0.182030    0.001002    2.333634 v _151_/B2 (sky130_fd_sc_hd__o32a_2)
     2    0.006508    0.045409    0.226427    2.560061 v _151_/X (sky130_fd_sc_hd__o32a_2)
                                                         net21 (net)
                      0.045409    0.000383    2.560444 v output21/A (sky130_fd_sc_hd__clkdlybuf4s25_1)
     1    0.035143    0.261934    0.397330    2.957774 v output21/X (sky130_fd_sc_hd__clkdlybuf4s25_1)
                                                         result[0] (net)
                      0.261944    0.001739    2.959513 v result[0] (out)
                                              2.959513   data arrival time

                      0.000000    0.000000    0.000000   clock __VIRTUAL_CLK__ (rise edge)
                                  0.000000    0.000000   clock network delay (ideal)
                                  0.250000    0.250000   clock uncertainty
                                  0.000000    0.250000   clock reconvergence pessimism
                                 -2.000000   -1.750000   output external delay
                                             -1.750000   data required time
---------------------------------------------------------------------------------------------
                                             -1.750000   data required time
                                             -2.959513   data arrival time
---------------------------------------------------------------------------------------------
                                              4.709513   slack (MET)


Startpoint: a[3] (input port clocked by __VIRTUAL_CLK__)
Endpoint: result[3] (output port clocked by __VIRTUAL_CLK__)
Path Group: __VIRTUAL_CLK__
Path Type: min

Fanout         Cap        Slew       Delay        Time   Description
---------------------------------------------------------------------------------------------
                      0.000000    0.000000    0.000000   clock __VIRTUAL_CLK__ (rise edge)
                                  0.000000    0.000000   clock network delay (ideal)
                                  2.000000    2.000000 v input external delay
     1    0.004939    0.013475    0.007663    2.007663 v a[3] (in)
                                                         a[3] (net)
                      0.013478    0.000000    2.007663 v input4/A (sky130_fd_sc_hd__clkdlybuf4s25_1)
     4    0.016222    0.129292    0.289724    2.297387 v input4/X (sky130_fd_sc_hd__clkdlybuf4s25_1)
                                                         net4 (net)
                      0.129296    0.000820    2.298207 v _167_/B2 (sky130_fd_sc_hd__o2bb2a_2)
     2    0.008647    0.046588    0.282485    2.580692 v _167_/X (sky130_fd_sc_hd__o2bb2a_2)
                                                         net24 (net)
                      0.046589    0.000243    2.580935 v output24/A (sky130_fd_sc_hd__clkdlybuf4s25_1)
     1    0.034923    0.260371    0.396736    2.977671 v output24/X (sky130_fd_sc_hd__clkdlybuf4s25_1)
                                                         result[3] (net)
                      0.260381    0.001703    2.979374 v result[3] (out)
                                              2.979374   data arrival time

                      0.000000    0.000000    0.000000   clock __VIRTUAL_CLK__ (rise edge)
                                  0.000000    0.000000   clock network delay (ideal)
                                  0.250000    0.250000   clock uncertainty
                                  0.000000    0.250000   clock reconvergence pessimism
                                 -2.000000   -1.750000   output external delay
                                             -1.750000   data required time
---------------------------------------------------------------------------------------------
                                             -1.750000   data required time
                                             -2.979374   data arrival time
---------------------------------------------------------------------------------------------
                                              4.729374   slack (MET)


Startpoint: opcode[2] (input port clocked by __VIRTUAL_CLK__)
Endpoint: result[1] (output port clocked by __VIRTUAL_CLK__)
Path Group: __VIRTUAL_CLK__
Path Type: min

Fanout         Cap        Slew       Delay        Time   Description
---------------------------------------------------------------------------------------------
                      0.000000    0.000000    0.000000   clock __VIRTUAL_CLK__ (rise edge)
                                  0.000000    0.000000   clock network delay (ideal)
                                  2.000000    2.000000 ^ input external delay
     1    0.004825    0.028534    0.016489    2.016489 ^ opcode[2] (in)
                                                         opcode[2] (net)
                      0.028536    0.000000    2.016489 ^ input19/A (sky130_fd_sc_hd__clkbuf_2)
    10    0.039010    0.213102    0.205488    2.221977 ^ input19/X (sky130_fd_sc_hd__clkbuf_2)
                                                         net19 (net)
                      0.213125    0.001742    2.223719 ^ _154_/A1 (sky130_fd_sc_hd__o211a_2)
     1    0.005100    0.052780    0.203783    2.427502 ^ _154_/X (sky130_fd_sc_hd__o211a_2)
                                                         _086_ (net)
                      0.052781    0.000308    2.427810 ^ _156_/B (sky130_fd_sc_hd__or3_2)
     2    0.006365    0.043350    0.109820    2.537630 ^ _156_/X (sky130_fd_sc_hd__or3_2)
                                                         net22 (net)
                      0.043351    0.000263    2.537894 ^ output22/A (sky130_fd_sc_hd__clkdlybuf4s25_1)
     1    0.035247    0.355805    0.441328    2.979222 ^ output22/X (sky130_fd_sc_hd__clkdlybuf4s25_1)
                                                         result[1] (net)
                      0.355809    0.001747    2.980969 ^ result[1] (out)
                                              2.980969   data arrival time

                      0.000000    0.000000    0.000000   clock __VIRTUAL_CLK__ (rise edge)
                                  0.000000    0.000000   clock network delay (ideal)
                                  0.250000    0.250000   clock uncertainty
                                  0.000000    0.250000   clock reconvergence pessimism
                                 -2.000000   -1.750000   output external delay
                                             -1.750000   data required time
---------------------------------------------------------------------------------------------
                                             -1.750000   data required time
                                             -2.980969   data arrival time
---------------------------------------------------------------------------------------------
                                              4.730968   slack (MET)



