+ define_corners max_tt_025C_1v80
Reading timing models for corner max_tt_025C_1v80…
Reading cell library for the 'max_tt_025C_1v80' corner at '/home/thaituroblox/.ciel/ciel/ciel/sky130/versions/8afc8346a57fe1ab7934ba5a6056ea8b43078e71/sky130A/libs.ref/sky130_fd_sc_hd/lib/sky130_fd_sc_hd__tt_025C_1v80.lib'…
Reading top-level netlist at '/home/thaituroblox/Desktop/8_BIT_COUNTER/Counter-8-Bit-/alu_project/runs/RUN_2026-09-26_04-41-42/52-openroad-fillinsertion/alu_8bit.nl.v'…
Linking design 'alu_8bit' from netlist…
Warning: /home/thaituroblox/Desktop/8_BIT_COUNTER/Counter-8-Bit-/alu_project/runs/RUN_2026-09-26_04-41-42/52-openroad-fillinsertion/alu_8bit.nl.v line 155, module sky130_fd_sc_hd__fill_1 not found. Creating black box for FILLER_0_83.
Warning: /home/thaituroblox/Desktop/8_BIT_COUNTER/Counter-8-Bit-/alu_project/runs/RUN_2026-09-26_04-41-42/52-openroad-fillinsertion/alu_8bit.nl.v line 169, module sky130_fd_sc_hd__fill_2 not found. Creating black box for FILLER_11_67.
Warning: /home/thaituroblox/Desktop/8_BIT_COUNTER/Counter-8-Bit-/alu_project/runs/RUN_2026-09-26_04-41-42/52-openroad-fillinsertion/alu_8bit.nl.v line 304, module sky130_fd_sc_hd__tapvpwrvgnd_1 not found. Creating black box for TAP_TAPCELL_ROW_0_32.
Reading design constraints file at '/nix/store/8y4m6wgn5kqlbig1qwnwbxijqqp0jwib-python3-3.13.9-env/lib/python3.13/site-packages/librelane/scripts/base.sdc'…
[WARNING] No CLOCK_PORT found. A dummy clock will be used.
Warning: base.sdc line 15, port '__VIRTUAL_CLK__' not found.
[INFO] Using clock __VIRTUAL_CLK__…
[INFO] Setting output delay to: 2.0
[INFO] Setting input delay to: 2.0
Warning: base.sdc line 32, port '__VIRTUAL_CLK__' not found.
[INFO] Setting load to: 0.033442
[INFO] Setting clock uncertainty to: 0.25
[INFO] Setting clock transition to: 0.1499999999999999944488848768742172978818416595458984375
Warning: base.sdc line 69, transition time can not be specified for virtual clocks.
[INFO] Setting timing derate to: 5.0%
Warning: base.sdc line 79, virtual clock __VIRTUAL_CLK__ can not be propagated.
Reading top-level design parasitics for the 'max_tt_025C_1v80' corner at '/home/thaituroblox/Desktop/8_BIT_COUNTER/Counter-8-Bit-/alu_project/runs/RUN_2026-09-26_04-41-42/54-openroad-rcx/max/alu_8bit.max.spef'…
%OL_CREATE_REPORT min.rpt

===========================================================================
report_checks -path_delay min (Hold)
============================================================================
======================= max_tt_025C_1v80 Corner ===================================

Startpoint: opcode[2] (input port clocked by __VIRTUAL_CLK__)
Endpoint: result[7] (output port clocked by __VIRTUAL_CLK__)
Path Group: __VIRTUAL_CLK__
Path Type: min

Fanout         Cap        Slew       Delay        Time   Description
---------------------------------------------------------------------------------------------
                      0.000000    0.000000    0.000000   clock __VIRTUAL_CLK__ (rise edge)
                                  0.000000    0.000000   clock network delay (ideal)
                                  2.000000    2.000000 v input external delay
     1    0.004595    0.012762    0.007134    2.007134 v opcode[2] (in)
                                                         opcode[2] (net)
                      0.012766    0.000000    2.007134 v input19/A (sky130_fd_sc_hd__clkbuf_2)
    10    0.036487    0.140210    0.169919    2.177053 v input19/X (sky130_fd_sc_hd__clkbuf_2)
                                                         net19 (net)
                      0.140372    0.003285    2.180338 v _096_/A (sky130_fd_sc_hd__nand2_2)
     7    0.031874    0.171234    0.181765    2.362104 ^ _096_/Y (sky130_fd_sc_hd__nand2_2)
                                                         _031_ (net)
                      0.171272    0.002001    2.364104 ^ _144_/A2 (sky130_fd_sc_hd__o21a_4)
     2    0.011953    0.051475    0.149514    2.513619 ^ _144_/X (sky130_fd_sc_hd__o21a_4)
                                                         net28 (net)
                      0.051479    0.000431    2.514050 ^ output28/A (sky130_fd_sc_hd__buf_6)
     1    0.034555    0.077133    0.120829    2.634879 ^ output28/X (sky130_fd_sc_hd__buf_6)
                                                         result[7] (net)
                      0.077228    0.001665    2.636544 ^ result[7] (out)
                                              2.636544   data arrival time

                      0.000000    0.000000    0.000000   clock __VIRTUAL_CLK__ (rise edge)
                                  0.000000    0.000000   clock network delay (ideal)
                                  0.250000    0.250000   clock uncertainty
                                  0.000000    0.250000   clock reconvergence pessimism
                                 -2.000000   -1.750000   output external delay
                                             -1.750000   data required time
---------------------------------------------------------------------------------------------
                                             -1.750000   data required time
                                             -2.636544   data arrival time
---------------------------------------------------------------------------------------------
                                              4.386544   slack (MET)


Startpoint: opcode[2] (input port clocked by __VIRTUAL_CLK__)
Endpoint: zero (output port clocked by __VIRTUAL_CLK__)
Path Group: __VIRTUAL_CLK__
Path Type: min

Fanout         Cap        Slew       Delay        Time   Description
---------------------------------------------------------------------------------------------
                      0.000000    0.000000    0.000000   clock __VIRTUAL_CLK__ (rise edge)
                                  0.000000    0.000000   clock network delay (ideal)
                                  2.000000    2.000000 v input external delay
     1    0.004595    0.012762    0.007134    2.007134 v opcode[2] (in)
                                                         opcode[2] (net)
                      0.012766    0.000000    2.007134 v input19/A (sky130_fd_sc_hd__clkbuf_2)
    10    0.036487    0.140210    0.169919    2.177053 v input19/X (sky130_fd_sc_hd__clkbuf_2)
                                                         net19 (net)
                      0.140372    0.003285    2.180338 v _096_/A (sky130_fd_sc_hd__nand2_2)
     7    0.031874    0.171234    0.181765    2.362104 ^ _096_/Y (sky130_fd_sc_hd__nand2_2)
                                                         _031_ (net)
                      0.171272    0.002001    2.364104 ^ _144_/A2 (sky130_fd_sc_hd__o21a_4)
     2    0.011953    0.051475    0.149514    2.513619 ^ _144_/X (sky130_fd_sc_hd__o21a_4)
                                                         net28 (net)
                      0.051482    0.000548    2.514167 ^ _193_/B1 (sky130_fd_sc_hd__a211oi_2)
     1    0.005941    0.027199    0.043393    2.557560 v _193_/Y (sky130_fd_sc_hd__a211oi_2)
                                                         net29 (net)
                      0.027200    0.000262    2.557822 v output29/A (sky130_fd_sc_hd__buf_6)
     1    0.034420    0.044141    0.121902    2.679724 v output29/X (sky130_fd_sc_hd__buf_6)
                                                         zero (net)
                      0.044231    0.001645    2.681369 v zero (out)
                                              2.681369   data arrival time

                      0.000000    0.000000    0.000000   clock __VIRTUAL_CLK__ (rise edge)
                                  0.000000    0.000000   clock network delay (ideal)
                                  0.250000    0.250000   clock uncertainty
                                  0.000000    0.250000   clock reconvergence pessimism
                                 -2.000000   -1.750000   output external delay
                                             -1.750000   data required time
---------------------------------------------------------------------------------------------
                                             -1.750000   data required time
                                             -2.681369   data arrival time
---------------------------------------------------------------------------------------------
                                              4.431369   slack (MET)


Startpoint: a[7] (input port clocked by __VIRTUAL_CLK__)
Endpoint: overflow (output port clocked by __VIRTUAL_CLK__)
Path Group: __VIRTUAL_CLK__
Path Type: min

Fanout         Cap        Slew       Delay        Time   Description
---------------------------------------------------------------------------------------------
                      0.000000    0.000000    0.000000   clock __VIRTUAL_CLK__ (rise edge)
                                  0.000000    0.000000   clock network delay (ideal)
                                  2.000000    2.000000 v input external delay
     1    0.003515    0.010299    0.005404    2.005404 v a[7] (in)
                                                         a[7] (net)
                      0.010303    0.000000    2.005404 v input8/A (sky130_fd_sc_hd__clkdlybuf4s25_1)
     6    0.029168    0.219544    0.353457    2.358861 v input8/X (sky130_fd_sc_hd__clkdlybuf4s25_1)
                                                         net8 (net)
                      0.219560    0.001899    2.360760 v _143_/A (sky130_fd_sc_hd__nand2_2)
     1    0.003261    0.037853    0.100374    2.461133 ^ _143_/Y (sky130_fd_sc_hd__nand2_2)
                                                         _078_ (net)
                      0.037853    0.000215    2.461349 ^ _146_/B (sky130_fd_sc_hd__and3_4)
     1    0.008311    0.053700    0.168926    2.630274 ^ _146_/X (sky130_fd_sc_hd__and3_4)
                                                         net20 (net)
                      0.053702    0.000616    2.630890 ^ output20/A (sky130_fd_sc_hd__buf_8)
     1    0.034980    0.066920    0.112959    2.743848 ^ output20/X (sky130_fd_sc_hd__buf_8)
                                                         overflow (net)
                      0.067021    0.001656    2.745505 ^ overflow (out)
                                              2.745505   data arrival time

                      0.000000    0.000000    0.000000   clock __VIRTUAL_CLK__ (rise edge)
                                  0.000000    0.000000   clock network delay (ideal)
                                  0.250000    0.250000   clock uncertainty
                                  0.000000    0.250000   clock reconvergence pessimism
                                 -2.000000   -1.750000   output external delay
                                             -1.750000   data required time
---------------------------------------------------------------------------------------------
                                             -1.750000   data required time
                                             -2.745505   data arrival time
---------------------------------------------------------------------------------------------
                                              4.495504   slack (MET)


Startpoint: a[2] (input port clocked by __VIRTUAL_CLK__)
Endpoint: result[2] (output port clocked by __VIRTUAL_CLK__)
Path Group: __VIRTUAL_CLK__
Path Type: min

Fanout         Cap        Slew       Delay        Time   Description
---------------------------------------------------------------------------------------------
                      0.000000    0.000000    0.000000   clock __VIRTUAL_CLK__ (rise edge)
                                  0.000000    0.000000   clock network delay (ideal)
                                  2.000000    2.000000 v input external delay
     1    0.003479    0.010197    0.005346    2.005346 v a[2] (in)
                                                         a[2] (net)
                      0.010199    0.000000    2.005346 v input3/A (sky130_fd_sc_hd__clkdlybuf4s25_1)
     4    0.013881    0.113238    0.276462    2.281807 v input3/X (sky130_fd_sc_hd__clkdlybuf4s25_1)
                                                         net3 (net)
                      0.113241    0.000733    2.282541 v _161_/B2 (sky130_fd_sc_hd__o32a_2)
     2    0.005205    0.041770    0.194228    2.476768 v _161_/X (sky130_fd_sc_hd__o32a_2)
                                                         net23 (net)
                      0.041770    0.000298    2.477066 v output23/A (sky130_fd_sc_hd__clkdlybuf4s25_1)
     1    0.035562    0.265165    0.397107    2.874173 v output23/X (sky130_fd_sc_hd__clkdlybuf4s25_1)
                                                         result[2] (net)
                      0.265200    0.002860    2.877033 v result[2] (out)
                                              2.877033   data arrival time

                      0.000000    0.000000    0.000000   clock __VIRTUAL_CLK__ (rise edge)
                                  0.000000    0.000000   clock network delay (ideal)
                                  0.250000    0.250000   clock uncertainty
                                  0.000000    0.250000   clock reconvergence pessimism
                                 -2.000000   -1.750000   output external delay
                                             -1.750000   data required time
---------------------------------------------------------------------------------------------
                                             -1.750000   data required time
                                             -2.877033   data arrival time
---------------------------------------------------------------------------------------------
                                              4.627033   slack (MET)


Startpoint: a[5] (input port clocked by __VIRTUAL_CLK__)
Endpoint: result[5] (output port clocked by __VIRTUAL_CLK__)
Path Group: __VIRTUAL_CLK__
Path Type: min

Fanout         Cap        Slew       Delay        Time   Description
---------------------------------------------------------------------------------------------
                      0.000000    0.000000    0.000000   clock __VIRTUAL_CLK__ (rise edge)
                                  0.000000    0.000000   clock network delay (ideal)
                                  2.000000    2.000000 ^ input external delay
     1    0.003695    0.023624    0.012832    2.012832 ^ a[5] (in)
                                                         a[5] (net)
                      0.023626    0.000000    2.012832 ^ input6/A (sky130_fd_sc_hd__clkdlybuf4s25_1)
     5    0.015347    0.162806    0.305921    2.318753 ^ input6/X (sky130_fd_sc_hd__clkdlybuf4s25_1)
                                                         net6 (net)
                      0.162812    0.001164    2.319917 ^ _173_/A (sky130_fd_sc_hd__or2_2)
     2    0.005577    0.042535    0.139089    2.459006 ^ _173_/X (sky130_fd_sc_hd__or2_2)
                                                         _009_ (net)
                      0.042535    0.000160    2.459166 ^ _180_/A (sky130_fd_sc_hd__and2_2)
     1    0.004163    0.043085    0.122611    2.581777 ^ _180_/X (sky130_fd_sc_hd__and2_2)
                                                         net26 (net)
                      0.043093    0.000280    2.582057 ^ output26/A (sky130_fd_sc_hd__dlymetal6s2s_1)
     1    0.036131    0.363618    0.296898    2.878955 ^ output26/X (sky130_fd_sc_hd__dlymetal6s2s_1)
                                                         result[5] (net)
                      0.363634    0.001908    2.880863 ^ result[5] (out)
                                              2.880863   data arrival time

                      0.000000    0.000000    0.000000   clock __VIRTUAL_CLK__ (rise edge)
                                  0.000000    0.000000   clock network delay (ideal)
                                  0.250000    0.250000   clock uncertainty
                                  0.000000    0.250000   clock reconvergence pessimism
                                 -2.000000   -1.750000   output external delay
                                             -1.750000   data required time
---------------------------------------------------------------------------------------------
                                             -1.750000   data required time
                                             -2.880863   data arrival time
---------------------------------------------------------------------------------------------
                                              4.630863   slack (MET)


Startpoint: a[4] (input port clocked by __VIRTUAL_CLK__)
Endpoint: result[4] (output port clocked by __VIRTUAL_CLK__)
Path Group: __VIRTUAL_CLK__
Path Type: min

Fanout         Cap        Slew       Delay        Time   Description
---------------------------------------------------------------------------------------------
                      0.000000    0.000000    0.000000   clock __VIRTUAL_CLK__ (rise edge)
                                  0.000000    0.000000   clock network delay (ideal)
                                  2.000000    2.000000 v input external delay
     1    0.004203    0.011886    0.006510    2.006510 v a[4] (in)
                                                         a[4] (net)
                      0.011889    0.000000    2.006510 v input5/A (sky130_fd_sc_hd__clkdlybuf4s25_1)
     5    0.012697    0.105052    0.271069    2.277578 v input5/X (sky130_fd_sc_hd__clkdlybuf4s25_1)
                                                         net5 (net)
                      0.105055    0.000672    2.278250 v _172_/B2 (sky130_fd_sc_hd__o32a_2)
     2    0.008007    0.049916    0.200550    2.478800 v _172_/X (sky130_fd_sc_hd__o32a_2)
                                                         net25 (net)
                      0.049920    0.000440    2.479240 v output25/A (sky130_fd_sc_hd__clkdlybuf4s25_1)
     1    0.035286    0.263025    0.399855    2.879095 v output25/X (sky130_fd_sc_hd__clkdlybuf4s25_1)
                                                         result[4] (net)
                      0.263036    0.001786    2.880881 v result[4] (out)
                                              2.880881   data arrival time

                      0.000000    0.000000    0.000000   clock __VIRTUAL_CLK__ (rise edge)
                                  0.000000    0.000000   clock network delay (ideal)
                                  0.250000    0.250000   clock uncertainty
                                  0.000000    0.250000   clock reconvergence pessimism
                                 -2.000000   -1.750000   output external delay
                                             -1.750000   data required time
---------------------------------------------------------------------------------------------
                                             -1.750000   data required time
                                             -2.880881   data arrival time
---------------------------------------------------------------------------------------------
                                              4.630881   slack (MET)


Startpoint: a[6] (input port clocked by __VIRTUAL_CLK__)
Endpoint: result[6] (output port clocked by __VIRTUAL_CLK__)
Path Group: __VIRTUAL_CLK__
Path Type: min

Fanout         Cap        Slew       Delay        Time   Description
---------------------------------------------------------------------------------------------
                      0.000000    0.000000    0.000000   clock __VIRTUAL_CLK__ (rise edge)
                                  0.000000    0.000000   clock network delay (ideal)
                                  2.000000    2.000000 v input external delay
     1    0.003820    0.010982    0.005900    2.005900 v a[6] (in)
                                                         a[6] (net)
                      0.010985    0.000000    2.005900 v input7/A (sky130_fd_sc_hd__clkdlybuf4s25_1)
     4    0.023226    0.177127    0.324190    2.330090 v input7/X (sky130_fd_sc_hd__clkdlybuf4s25_1)
                                                         net7 (net)
                      0.177133    0.001151    2.331241 v _092_/A (sky130_fd_sc_hd__inv_2)
     3    0.017739    0.100029    0.136191    2.467432 ^ _092_/Y (sky130_fd_sc_hd__inv_2)
                                                         _027_ (net)
                      0.100109    0.001492    2.468924 ^ _181_/A (sky130_fd_sc_hd__nand2_2)
     2    0.007017    0.046769    0.060875    2.529799 v _181_/Y (sky130_fd_sc_hd__nand2_2)
                                                         _016_ (net)
                      0.046770    0.000260    2.530059 v _190_/A (sky130_fd_sc_hd__and2_2)
     1    0.003269    0.035369    0.156712    2.686772 v _190_/X (sky130_fd_sc_hd__and2_2)
                                                         net27 (net)
                      0.035369    0.000183    2.686954 v output27/A (sky130_fd_sc_hd__dlymetal6s2s_1)
     1    0.034821    0.174488    0.233206    2.920161 v output27/X (sky130_fd_sc_hd__dlymetal6s2s_1)
                                                         result[6] (net)
                      0.174506    0.001712    2.921872 v result[6] (out)
                                              2.921872   data arrival time

                      0.000000    0.000000    0.000000   clock __VIRTUAL_CLK__ (rise edge)
                                  0.000000    0.000000   clock network delay (ideal)
                                  0.250000    0.250000   clock uncertainty
                                  0.000000    0.250000   clock reconvergence pessimism
                                 -2.000000   -1.750000   output external delay
                                             -1.750000   data required time
---------------------------------------------------------------------------------------------
                                             -1.750000   data required time
                                             -2.921872   data arrival time
---------------------------------------------------------------------------------------------
                                              4.671872   slack (MET)


Startpoint: a[0] (input port clocked by __VIRTUAL_CLK__)
Endpoint: result[0] (output port clocked by __VIRTUAL_CLK__)
Path Group: __VIRTUAL_CLK__
Path Type: min

Fanout         Cap        Slew       Delay        Time   Description
---------------------------------------------------------------------------------------------
                      0.000000    0.000000    0.000000   clock __VIRTUAL_CLK__ (rise edge)
                                  0.000000    0.000000   clock network delay (ideal)
                                  2.000000    2.000000 v input external delay
     1    0.003527    0.010305    0.005429    2.005429 v a[0] (in)
                                                         a[0] (net)
                      0.010308    0.000000    2.005429 v input1/A (sky130_fd_sc_hd__clkdlybuf4s25_1)
     6    0.023904    0.182027    0.327203    2.332632 v input1/X (sky130_fd_sc_hd__clkdlybuf4s25_1)
                                                         net1 (net)
                      0.182030    0.001002    2.333634 v _151_/B2 (sky130_fd_sc_hd__o32a_2)
     2    0.006508    0.045409    0.226427    2.560061 v _151_/X (sky130_fd_sc_hd__o32a_2)
                                                         net21 (net)
                      0.045409    0.000383    2.560444 v output21/A (sky130_fd_sc_hd__clkdlybuf4s25_1)
     1    0.035143    0.261934    0.397330    2.957774 v output21/X (sky130_fd_sc_hd__clkdlybuf4s25_1)
                                                         result[0] (net)
                      0.261944    0.001739    2.959513 v result[0] (out)
                                              2.959513   data arrival time

                      0.000000    0.000000    0.000000   clock __VIRTUAL_CLK__ (rise edge)
                                  0.000000    0.000000   clock network delay (ideal)
                                  0.250000    0.250000   clock uncertainty
                                  0.000000    0.250000   clock reconvergence pessimism
                                 -2.000000   -1.750000   output external delay
                                             -1.750000   data required time
---------------------------------------------------------------------------------------------
                                             -1.750000   data required time
                                             -2.959513   data arrival time
---------------------------------------------------------------------------------------------
                                              4.709513   slack (MET)


Startpoint: a[3] (input port clocked by __VIRTUAL_CLK__)
Endpoint: result[3] (output port clocked by __VIRTUAL_CLK__)
Path Group: __VIRTUAL_CLK__
Path Type: min

Fanout         Cap        Slew       Delay        Time   Description
---------------------------------------------------------------------------------------------
                      0.000000    0.000000    0.000000   clock __VIRTUAL_CLK__ (rise edge)
                                  0.000000    0.000000   clock network delay (ideal)
                                  2.000000    2.000000 v input external delay
     1    0.004939    0.013475    0.007663    2.007663 v a[3] (in)
                                                         a[3] (net)
                      0.013478    0.000000    2.007663 v input4/A (sky130_fd_sc_hd__clkdlybuf4s25_1)
     4    0.016222    0.129292    0.289724    2.297387 v input4/X (sky130_fd_sc_hd__clkdlybuf4s25_1)
                                                         net4 (net)
                      0.129296    0.000820    2.298207 v _167_/B2 (sky130_fd_sc_hd__o2bb2a_2)
     2    0.008647    0.046588    0.282485    2.580692 v _167_/X (sky130_fd_sc_hd__o2bb2a_2)
                                                         net24 (net)
                      0.046589    0.000243    2.580935 v output24/A (sky130_fd_sc_hd__clkdlybuf4s25_1)
     1    0.034923    0.260371    0.396736    2.977671 v output24/X (sky130_fd_sc_hd__clkdlybuf4s25_1)
                                                         result[3] (net)
                      0.260381    0.001703    2.979374 v result[3] (out)
                                              2.979374   data arrival time

                      0.000000    0.000000    0.000000   clock __VIRTUAL_CLK__ (rise edge)
                                  0.000000    0.000000   clock network delay (ideal)
                                  0.250000    0.250000   clock uncertainty
                                  0.000000    0.250000   clock reconvergence pessimism
                                 -2.000000   -1.750000   output external delay
                                             -1.750000   data required time
---------------------------------------------------------------------------------------------
                                             -1.750000   data required time
                                             -2.979374   data arrival time
---------------------------------------------------------------------------------------------
                                              4.729374   slack (MET)


Startpoint: opcode[2] (input port clocked by __VIRTUAL_CLK__)
Endpoint: result[1] (output port clocked by __VIRTUAL_CLK__)
Path Group: __VIRTUAL_CLK__
Path Type: min

Fanout         Cap        Slew       Delay        Time   Description
---------------------------------------------------------------------------------------------
                      0.000000    0.000000    0.000000   clock __VIRTUAL_CLK__ (rise edge)
                                  0.000000    0.000000   clock network delay (ideal)
                                  2.000000    2.000000 ^ input external delay
     1    0.004825    0.028534    0.016489    2.016489 ^ opcode[2] (in)
                                                         opcode[2] (net)
                      0.028536    0.000000    2.016489 ^ input19/A (sky130_fd_sc_hd__clkbuf_2)
    10    0.039010    0.213102    0.205488    2.221977 ^ input19/X (sky130_fd_sc_hd__clkbuf_2)
                                                         net19 (net)
                      0.213125    0.001742    2.223719 ^ _154_/A1 (sky130_fd_sc_hd__o211a_2)
     1    0.005100    0.052780    0.203783    2.427502 ^ _154_/X (sky130_fd_sc_hd__o211a_2)
                                                         _086_ (net)
                      0.052781    0.000308    2.427810 ^ _156_/B (sky130_fd_sc_hd__or3_2)
     2    0.006365    0.043350    0.109820    2.537630 ^ _156_/X (sky130_fd_sc_hd__or3_2)
                                                         net22 (net)
                      0.043351    0.000263    2.537894 ^ output22/A (sky130_fd_sc_hd__clkdlybuf4s25_1)
     1    0.035247    0.355805    0.441328    2.979222 ^ output22/X (sky130_fd_sc_hd__clkdlybuf4s25_1)
                                                         result[1] (net)
                      0.355809    0.001747    2.980969 ^ result[1] (out)
                                              2.980969   data arrival time

                      0.000000    0.000000    0.000000   clock __VIRTUAL_CLK__ (rise edge)
                                  0.000000    0.000000   clock network delay (ideal)
                                  0.250000    0.250000   clock uncertainty
                                  0.000000    0.250000   clock reconvergence pessimism
                                 -2.000000   -1.750000   output external delay
                                             -1.750000   data required time
---------------------------------------------------------------------------------------------
                                             -1.750000   data required time
                                             -2.980969   data arrival time
---------------------------------------------------------------------------------------------
                                              4.730968   slack (MET)



%OL_END_REPORT
%OL_CREATE_REPORT max.rpt

===========================================================================
report_checks -path_delay max (Setup)
============================================================================
======================= max_tt_025C_1v80 Corner ===================================

Startpoint: opcode[1] (input port clocked by __VIRTUAL_CLK__)
Endpoint: zero (output port clocked by __VIRTUAL_CLK__)
Path Group: __VIRTUAL_CLK__
Path Type: max

Fanout         Cap        Slew       Delay        Time   Description
---------------------------------------------------------------------------------------------
                      0.000000    0.000000    0.000000   clock __VIRTUAL_CLK__ (rise edge)
                                  0.000000    0.000000   clock network delay (ideal)
                                  2.000000    2.000000 v input external delay
     1    0.006219    0.016276    0.010680    2.010680 v opcode[1] (in)
                                                         opcode[1] (net)
                      0.016284    0.000000    2.010680 v input18/A (sky130_fd_sc_hd__buf_6)
     2    0.009411    0.024946    0.106991    2.117671 v input18/X (sky130_fd_sc_hd__buf_6)
                                                         net18 (net)
                      0.024946    0.000371    2.118041 v fanout31/A (sky130_fd_sc_hd__buf_6)
     2    0.010877    0.026064    0.112343    2.230384 v fanout31/X (sky130_fd_sc_hd__buf_6)
                                                         net31 (net)
                      0.026126    0.001023    2.231408 v _097_/A (sky130_fd_sc_hd__or3b_4)
     2    0.009071    0.074974    0.413935    2.645342 v _097_/X (sky130_fd_sc_hd__or3b_4)
                                                         _032_ (net)
                      0.074974    0.000650    2.645993 v max_cap30/A (sky130_fd_sc_hd__buf_8)
     3    0.017361    0.029181    0.141494    2.787487 v max_cap30/X (sky130_fd_sc_hd__buf_8)
                                                         net30 (net)
                      0.029202    0.001325    2.788812 v _116_/B (sky130_fd_sc_hd__xor2_2)
     2    0.013579    0.203123    0.197814    2.986626 ^ _116_/X (sky130_fd_sc_hd__xor2_2)
                                                         _051_ (net)
                      0.203123    0.000724    2.987350 ^ _117_/A_N (sky130_fd_sc_hd__and2b_2)
     1    0.007386    0.046639    0.269330    3.256680 v _117_/X (sky130_fd_sc_hd__and2b_2)
                                                         _052_ (net)
                      0.046640    0.000743    3.257422 v _121_/B1 (sky130_fd_sc_hd__a21o_4)
     4    0.017220    0.049754    0.211883    3.469305 v _121_/X (sky130_fd_sc_hd__a21o_4)
                                                         _056_ (net)
                      0.049774    0.001300    3.470605 v _125_/A3 (sky130_fd_sc_hd__a31o_4)
     3    0.012897    0.046639    0.264764    3.735369 v _125_/X (sky130_fd_sc_hd__a31o_4)
                                                         _060_ (net)
                      0.046693    0.000886    3.736256 v _127_/A1 (sky130_fd_sc_hd__a2111o_2)
     2    0.007430    0.075454    0.453097    4.189353 v _127_/X (sky130_fd_sc_hd__a2111o_2)
                                                         _062_ (net)
                      0.075454    0.000541    4.189894 v _141_/B (sky130_fd_sc_hd__and3_4)
     1    0.002754    0.030404    0.180378    4.370272 v _141_/X (sky130_fd_sc_hd__and3_4)
                                                         _076_ (net)
                      0.030404    0.000135    4.370407 v _142_/B (sky130_fd_sc_hd__or4b_4)
     3    0.014936    0.103704    0.567065    4.937472 v _142_/X (sky130_fd_sc_hd__or4b_4)
                                                         _077_ (net)
                      0.103772    0.001028    4.938500 v _144_/B1 (sky130_fd_sc_hd__o21a_4)
     2    0.010872    0.042114    0.155424    5.093924 v _144_/X (sky130_fd_sc_hd__o21a_4)
                                                         net28 (net)
                      0.042114    0.000543    5.094467 v _193_/B1 (sky130_fd_sc_hd__a211oi_2)
     1    0.006420    0.195774    0.233386    5.327853 ^ _193_/Y (sky130_fd_sc_hd__a211oi_2)
                                                         net29 (net)
                      0.195774    0.000318    5.328171 ^ output29/A (sky130_fd_sc_hd__buf_6)
     1    0.034420    0.078098    0.174688    5.502859 ^ output29/X (sky130_fd_sc_hd__buf_6)
                                                         zero (net)
                      0.078144    0.001822    5.504681 ^ zero (out)
                                              5.504681   data arrival time

                      0.000000   10.000000   10.000000   clock __VIRTUAL_CLK__ (rise edge)
                                  0.000000   10.000000   clock network delay (ideal)
                                 -0.250000    9.750000   clock uncertainty
                                  0.000000    9.750000   clock reconvergence pessimism
                                 -2.000000    7.750000   output external delay
                                              7.750000   data required time
---------------------------------------------------------------------------------------------
                                              7.750000   data required time
                                             -5.504681   data arrival time
---------------------------------------------------------------------------------------------
                                              2.245319   slack (MET)


Startpoint: opcode[1] (input port clocked by __VIRTUAL_CLK__)
Endpoint: overflow (output port clocked by __VIRTUAL_CLK__)
Path Group: __VIRTUAL_CLK__
Path Type: max

Fanout         Cap        Slew       Delay        Time   Description
---------------------------------------------------------------------------------------------
                      0.000000    0.000000    0.000000   clock __VIRTUAL_CLK__ (rise edge)
                                  0.000000    0.000000   clock network delay (ideal)
                                  2.000000    2.000000 v input external delay
     1    0.006219    0.016276    0.010680    2.010680 v opcode[1] (in)
                                                         opcode[1] (net)
                      0.016284    0.000000    2.010680 v input18/A (sky130_fd_sc_hd__buf_6)
     2    0.009411    0.024946    0.106991    2.117671 v input18/X (sky130_fd_sc_hd__buf_6)
                                                         net18 (net)
                      0.024946    0.000371    2.118041 v fanout31/A (sky130_fd_sc_hd__buf_6)
     2    0.010877    0.026064    0.112343    2.230384 v fanout31/X (sky130_fd_sc_hd__buf_6)
                                                         net31 (net)
                      0.026126    0.001023    2.231408 v _097_/A (sky130_fd_sc_hd__or3b_4)
     2    0.009071    0.074974    0.413935    2.645342 v _097_/X (sky130_fd_sc_hd__or3b_4)
                                                         _032_ (net)
                      0.074974    0.000650    2.645993 v max_cap30/A (sky130_fd_sc_hd__buf_8)
     3    0.017361    0.029181    0.141494    2.787487 v max_cap30/X (sky130_fd_sc_hd__buf_8)
                                                         net30 (net)
                      0.029202    0.001325    2.788812 v _116_/B (sky130_fd_sc_hd__xor2_2)
     2    0.013579    0.203123    0.197814    2.986626 ^ _116_/X (sky130_fd_sc_hd__xor2_2)
                                                         _051_ (net)
                      0.203123    0.000724    2.987350 ^ _117_/A_N (sky130_fd_sc_hd__and2b_2)
     1    0.007386    0.046639    0.269330    3.256680 v _117_/X (sky130_fd_sc_hd__and2b_2)
                                                         _052_ (net)
                      0.046640    0.000743    3.257422 v _121_/B1 (sky130_fd_sc_hd__a21o_4)
     4    0.017220    0.049754    0.211883    3.469305 v _121_/X (sky130_fd_sc_hd__a21o_4)
                                                         _056_ (net)
                      0.049774    0.001300    3.470605 v _125_/A3 (sky130_fd_sc_hd__a31o_4)
     3    0.012897    0.046639    0.264764    3.735369 v _125_/X (sky130_fd_sc_hd__a31o_4)
                                                         _060_ (net)
                      0.046693    0.000886    3.736256 v _127_/A1 (sky130_fd_sc_hd__a2111o_2)
     2    0.007430    0.075454    0.453097    4.189353 v _127_/X (sky130_fd_sc_hd__a2111o_2)
                                                         _062_ (net)
                      0.075454    0.000541    4.189894 v _141_/B (sky130_fd_sc_hd__and3_4)
     1    0.002754    0.030404    0.180378    4.370272 v _141_/X (sky130_fd_sc_hd__and3_4)
                                                         _076_ (net)
                      0.030404    0.000135    4.370407 v _142_/B (sky130_fd_sc_hd__or4b_4)
     3    0.014936    0.103704    0.567065    4.937472 v _142_/X (sky130_fd_sc_hd__or4b_4)
                                                         _077_ (net)
                      0.103772    0.001045    4.938517 v _145_/A1 (sky130_fd_sc_hd__a21o_2)
     1    0.005092    0.039907    0.223984    5.162502 v _145_/X (sky130_fd_sc_hd__a21o_2)
                                                         _079_ (net)
                      0.039907    0.000380    5.162882 v _146_/C (sky130_fd_sc_hd__and3_4)
     1    0.007650    0.037049    0.186215    5.349096 v _146_/X (sky130_fd_sc_hd__and3_4)
                                                         net20 (net)
                      0.037049    0.000622    5.349718 v output20/A (sky130_fd_sc_hd__buf_8)
     1    0.034980    0.040806    0.136601    5.486319 v output20/X (sky130_fd_sc_hd__buf_8)
                                                         overflow (net)
                      0.040903    0.001827    5.488146 v overflow (out)
                                              5.488146   data arrival time

                      0.000000   10.000000   10.000000   clock __VIRTUAL_CLK__ (rise edge)
                                  0.000000   10.000000   clock network delay (ideal)
                                 -0.250000    9.750000   clock uncertainty
                                  0.000000    9.750000   clock reconvergence pessimism
                                 -2.000000    7.750000   output external delay
                                              7.750000   data required time
---------------------------------------------------------------------------------------------
                                              7.750000   data required time
                                             -5.488146   data arrival time
---------------------------------------------------------------------------------------------
                                              2.261854   slack (MET)


Startpoint: opcode[1] (input port clocked by __VIRTUAL_CLK__)
Endpoint: result[7] (output port clocked by __VIRTUAL_CLK__)
Path Group: __VIRTUAL_CLK__
Path Type: max

Fanout         Cap        Slew       Delay        Time   Description
---------------------------------------------------------------------------------------------
                      0.000000    0.000000    0.000000   clock __VIRTUAL_CLK__ (rise edge)
                                  0.000000    0.000000   clock network delay (ideal)
                                  2.000000    2.000000 v input external delay
     1    0.006219    0.016276    0.010680    2.010680 v opcode[1] (in)
                                                         opcode[1] (net)
                      0.016284    0.000000    2.010680 v input18/A (sky130_fd_sc_hd__buf_6)
     2    0.009411    0.024946    0.106991    2.117671 v input18/X (sky130_fd_sc_hd__buf_6)
                                                         net18 (net)
                      0.024946    0.000371    2.118041 v fanout31/A (sky130_fd_sc_hd__buf_6)
     2    0.010877    0.026064    0.112343    2.230384 v fanout31/X (sky130_fd_sc_hd__buf_6)
                                                         net31 (net)
                      0.026126    0.001023    2.231408 v _097_/A (sky130_fd_sc_hd__or3b_4)
     2    0.009071    0.074974    0.413935    2.645342 v _097_/X (sky130_fd_sc_hd__or3b_4)
                                                         _032_ (net)
                      0.074974    0.000650    2.645993 v max_cap30/A (sky130_fd_sc_hd__buf_8)
     3    0.017361    0.029181    0.141494    2.787487 v max_cap30/X (sky130_fd_sc_hd__buf_8)
                                                         net30 (net)
                      0.029202    0.001325    2.788812 v _116_/B (sky130_fd_sc_hd__xor2_2)
     2    0.013579    0.203123    0.197814    2.986626 ^ _116_/X (sky130_fd_sc_hd__xor2_2)
                                                         _051_ (net)
                      0.203123    0.000724    2.987350 ^ _117_/A_N (sky130_fd_sc_hd__and2b_2)
     1    0.007386    0.046639    0.269330    3.256680 v _117_/X (sky130_fd_sc_hd__and2b_2)
                                                         _052_ (net)
                      0.046640    0.000743    3.257422 v _121_/B1 (sky130_fd_sc_hd__a21o_4)
     4    0.017220    0.049754    0.211883    3.469305 v _121_/X (sky130_fd_sc_hd__a21o_4)
                                                         _056_ (net)
                      0.049774    0.001300    3.470605 v _125_/A3 (sky130_fd_sc_hd__a31o_4)
     3    0.012897    0.046639    0.264764    3.735369 v _125_/X (sky130_fd_sc_hd__a31o_4)
                                                         _060_ (net)
                      0.046693    0.000886    3.736256 v _127_/A1 (sky130_fd_sc_hd__a2111o_2)
     2    0.007430    0.075454    0.453097    4.189353 v _127_/X (sky130_fd_sc_hd__a2111o_2)
                                                         _062_ (net)
                      0.075454    0.000541    4.189894 v _141_/B (sky130_fd_sc_hd__and3_4)
     1    0.002754    0.030404    0.180378    4.370272 v _141_/X (sky130_fd_sc_hd__and3_4)
                                                         _076_ (net)
                      0.030404    0.000135    4.370407 v _142_/B (sky130_fd_sc_hd__or4b_4)
     3    0.014936    0.103704    0.567065    4.937472 v _142_/X (sky130_fd_sc_hd__or4b_4)
                                                         _077_ (net)
                      0.103772    0.001028    4.938500 v _144_/B1 (sky130_fd_sc_hd__o21a_4)
     2    0.010872    0.042114    0.155424    5.093924 v _144_/X (sky130_fd_sc_hd__o21a_4)
                                                         net28 (net)
                      0.042114    0.000435    5.094359 v output28/A (sky130_fd_sc_hd__buf_6)
     1    0.034555    0.044212    0.141624    5.235983 v output28/X (sky130_fd_sc_hd__buf_6)
                                                         result[7] (net)
                      0.044303    0.001838    5.237821 v result[7] (out)
                                              5.237821   data arrival time

                      0.000000   10.000000   10.000000   clock __VIRTUAL_CLK__ (rise edge)
                                  0.000000   10.000000   clock network delay (ideal)
                                 -0.250000    9.750000   clock uncertainty
                                  0.000000    9.750000   clock reconvergence pessimism
                                 -2.000000    7.750000   output external delay
                                              7.750000   data required time
---------------------------------------------------------------------------------------------
                                              7.750000   data required time
                                             -5.237821   data arrival time
---------------------------------------------------------------------------------------------
                                              2.512179   slack (MET)


Startpoint: opcode[1] (input port clocked by __VIRTUAL_CLK__)
Endpoint: result[5] (output port clocked by __VIRTUAL_CLK__)
Path Group: __VIRTUAL_CLK__
Path Type: max

Fanout         Cap        Slew       Delay        Time   Description
---------------------------------------------------------------------------------------------
                      0.000000    0.000000    0.000000   clock __VIRTUAL_CLK__ (rise edge)
                                  0.000000    0.000000   clock network delay (ideal)
                                  2.000000    2.000000 v input external delay
     1    0.006219    0.016276    0.010680    2.010680 v opcode[1] (in)
                                                         opcode[1] (net)
                      0.016284    0.000000    2.010680 v input18/A (sky130_fd_sc_hd__buf_6)
     2    0.009411    0.024946    0.106991    2.117671 v input18/X (sky130_fd_sc_hd__buf_6)
                                                         net18 (net)
                      0.024946    0.000371    2.118041 v fanout31/A (sky130_fd_sc_hd__buf_6)
     2    0.010877    0.026064    0.112343    2.230384 v fanout31/X (sky130_fd_sc_hd__buf_6)
                                                         net31 (net)
                      0.026126    0.001023    2.231408 v _097_/A (sky130_fd_sc_hd__or3b_4)
     2    0.009071    0.074974    0.413935    2.645342 v _097_/X (sky130_fd_sc_hd__or3b_4)
                                                         _032_ (net)
                      0.074974    0.000650    2.645993 v max_cap30/A (sky130_fd_sc_hd__buf_8)
     3    0.017361    0.029181    0.141494    2.787487 v max_cap30/X (sky130_fd_sc_hd__buf_8)
                                                         net30 (net)
                      0.029202    0.001325    2.788812 v _116_/B (sky130_fd_sc_hd__xor2_2)
     2    0.013579    0.203123    0.197814    2.986626 ^ _116_/X (sky130_fd_sc_hd__xor2_2)
                                                         _051_ (net)
                      0.203123    0.000724    2.987350 ^ _117_/A_N (sky130_fd_sc_hd__and2b_2)
     1    0.007386    0.046639    0.269330    3.256680 v _117_/X (sky130_fd_sc_hd__and2b_2)
                                                         _052_ (net)
                      0.046640    0.000743    3.257422 v _121_/B1 (sky130_fd_sc_hd__a21o_4)
     4    0.017220    0.049754    0.211883    3.469305 v _121_/X (sky130_fd_sc_hd__a21o_4)
                                                         _056_ (net)
                      0.049774    0.001300    3.470605 v _125_/A3 (sky130_fd_sc_hd__a31o_4)
     3    0.012897    0.046639    0.264764    3.735369 v _125_/X (sky130_fd_sc_hd__a31o_4)
                                                         _060_ (net)
                      0.046689    0.000795    3.736165 v _126_/B (sky130_fd_sc_hd__and2_2)
     3    0.013193    0.059429    0.227738    3.963903 v _126_/X (sky130_fd_sc_hd__and2_2)
                                                         _061_ (net)
                      0.059430    0.000348    3.964251 v _176_/A2 (sky130_fd_sc_hd__o31a_2)
     1    0.002318    0.048557    0.331917    4.296168 v _176_/X (sky130_fd_sc_hd__o31a_2)
                                                         _012_ (net)
                      0.048557    0.000112    4.296280 v _179_/A2 (sky130_fd_sc_hd__a21o_2)
     2    0.006143    0.041911    0.227791    4.524071 v _179_/X (sky130_fd_sc_hd__a21o_2)
                                                         _015_ (net)
                      0.041911    0.000333    4.524404 v _180_/B (sky130_fd_sc_hd__and2_2)
     1    0.004005    0.040013    0.195580    4.719984 v _180_/X (sky130_fd_sc_hd__and2_2)
                                                         net26 (net)
                      0.040013    0.000295    4.720279 v output26/A (sky130_fd_sc_hd__dlymetal6s2s_1)
     1    0.036131    0.180382    0.264321    4.984600 v output26/X (sky130_fd_sc_hd__dlymetal6s2s_1)
                                                         result[5] (net)
                      0.180404    0.002108    4.986708 v result[5] (out)
                                              4.986708   data arrival time

                      0.000000   10.000000   10.000000   clock __VIRTUAL_CLK__ (rise edge)
                                  0.000000   10.000000   clock network delay (ideal)
                                 -0.250000    9.750000   clock uncertainty
                                  0.000000    9.750000   clock reconvergence pessimism
                                 -2.000000    7.750000   output external delay
                                              7.750000   data required time
---------------------------------------------------------------------------------------------
                                              7.750000   data required time
                                             -4.986708   data arrival time
---------------------------------------------------------------------------------------------
                                              2.763292   slack (MET)


Startpoint: opcode[1] (input port clocked by __VIRTUAL_CLK__)
Endpoint: result[6] (output port clocked by __VIRTUAL_CLK__)
Path Group: __VIRTUAL_CLK__
Path Type: max

Fanout         Cap        Slew       Delay        Time   Description
---------------------------------------------------------------------------------------------
                      0.000000    0.000000    0.000000   clock __VIRTUAL_CLK__ (rise edge)
                                  0.000000    0.000000   clock network delay (ideal)
                                  2.000000    2.000000 v input external delay
     1    0.006219    0.016276    0.010680    2.010680 v opcode[1] (in)
                                                         opcode[1] (net)
                      0.016284    0.000000    2.010680 v input18/A (sky130_fd_sc_hd__buf_6)
     2    0.009411    0.024946    0.106991    2.117671 v input18/X (sky130_fd_sc_hd__buf_6)
                                                         net18 (net)
                      0.024946    0.000371    2.118041 v fanout31/A (sky130_fd_sc_hd__buf_6)
     2    0.010877    0.026064    0.112343    2.230384 v fanout31/X (sky130_fd_sc_hd__buf_6)
                                                         net31 (net)
                      0.026126    0.001023    2.231408 v _097_/A (sky130_fd_sc_hd__or3b_4)
     2    0.009071    0.074974    0.413935    2.645342 v _097_/X (sky130_fd_sc_hd__or3b_4)
                                                         _032_ (net)
                      0.074974    0.000650    2.645993 v max_cap30/A (sky130_fd_sc_hd__buf_8)
     3    0.017361    0.029181    0.141494    2.787487 v max_cap30/X (sky130_fd_sc_hd__buf_8)
                                                         net30 (net)
                      0.029202    0.001325    2.788812 v _116_/B (sky130_fd_sc_hd__xor2_2)
     2    0.013579    0.203123    0.197814    2.986626 ^ _116_/X (sky130_fd_sc_hd__xor2_2)
                                                         _051_ (net)
                      0.203123    0.000724    2.987350 ^ _117_/A_N (sky130_fd_sc_hd__and2b_2)
     1    0.007386    0.046639    0.269330    3.256680 v _117_/X (sky130_fd_sc_hd__and2b_2)
                                                         _052_ (net)
                      0.046640    0.000743    3.257422 v _121_/B1 (sky130_fd_sc_hd__a21o_4)
     4    0.017220    0.049754    0.211883    3.469305 v _121_/X (sky130_fd_sc_hd__a21o_4)
                                                         _056_ (net)
                      0.049774    0.001300    3.470605 v _125_/A3 (sky130_fd_sc_hd__a31o_4)
     3    0.012897    0.046639    0.264764    3.735369 v _125_/X (sky130_fd_sc_hd__a31o_4)
                                                         _060_ (net)
                      0.046689    0.000795    3.736165 v _126_/B (sky130_fd_sc_hd__and2_2)
     3    0.013193    0.059429    0.227738    3.963903 v _126_/X (sky130_fd_sc_hd__and2_2)
                                                         _061_ (net)
                      0.059429    0.000294    3.964197 v _175_/A2 (sky130_fd_sc_hd__o21ai_2)
     3    0.013862    0.191423    0.197207    4.161404 ^ _175_/Y (sky130_fd_sc_hd__o21ai_2)
                                                         _011_ (net)
                      0.191434    0.001193    4.162597 ^ _185_/B (sky130_fd_sc_hd__nand3_2)
     1    0.002847    0.057126    0.093382    4.255979 v _185_/Y (sky130_fd_sc_hd__nand3_2)
                                                         _020_ (net)
                      0.057128    0.000141    4.256121 v _189_/A3 (sky130_fd_sc_hd__a31o_2)
     2    0.006815    0.046362    0.269746    4.525867 v _189_/X (sky130_fd_sc_hd__a31o_2)
                                                         _024_ (net)
                      0.046384    0.000268    4.526134 v _190_/B (sky130_fd_sc_hd__and2_2)
     1    0.003269    0.037631    0.194141    4.720276 v _190_/X (sky130_fd_sc_hd__and2_2)
                                                         net27 (net)
                      0.037631    0.000202    4.720478 v output27/A (sky130_fd_sc_hd__dlymetal6s2s_1)
     1    0.034821    0.174484    0.258753    4.979230 v output27/X (sky130_fd_sc_hd__dlymetal6s2s_1)
                                                         result[6] (net)
                      0.174501    0.001892    4.981122 v result[6] (out)
                                              4.981122   data arrival time

                      0.000000   10.000000   10.000000   clock __VIRTUAL_CLK__ (rise edge)
                                  0.000000   10.000000   clock network delay (ideal)
                                 -0.250000    9.750000   clock uncertainty
                                  0.000000    9.750000   clock reconvergence pessimism
                                 -2.000000    7.750000   output external delay
                                              7.750000   data required time
---------------------------------------------------------------------------------------------
                                              7.750000   data required time
                                             -4.981122   data arrival time
---------------------------------------------------------------------------------------------
                                              2.768878   slack (MET)


Startpoint: opcode[1] (input port clocked by __VIRTUAL_CLK__)
Endpoint: result[4] (output port clocked by __VIRTUAL_CLK__)
Path Group: __VIRTUAL_CLK__
Path Type: max

Fanout         Cap        Slew       Delay        Time   Description
---------------------------------------------------------------------------------------------
                      0.000000    0.000000    0.000000   clock __VIRTUAL_CLK__ (rise edge)
                                  0.000000    0.000000   clock network delay (ideal)
                                  2.000000    2.000000 v input external delay
     1    0.006219    0.016276    0.010680    2.010680 v opcode[1] (in)
                                                         opcode[1] (net)
                      0.016284    0.000000    2.010680 v input18/A (sky130_fd_sc_hd__buf_6)
     2    0.009411    0.024946    0.106991    2.117671 v input18/X (sky130_fd_sc_hd__buf_6)
                                                         net18 (net)
                      0.024946    0.000371    2.118041 v fanout31/A (sky130_fd_sc_hd__buf_6)
     2    0.010877    0.026064    0.112343    2.230384 v fanout31/X (sky130_fd_sc_hd__buf_6)
                                                         net31 (net)
                      0.026126    0.001023    2.231408 v _097_/A (sky130_fd_sc_hd__or3b_4)
     2    0.009071    0.074974    0.413935    2.645342 v _097_/X (sky130_fd_sc_hd__or3b_4)
                                                         _032_ (net)
                      0.074974    0.000650    2.645993 v max_cap30/A (sky130_fd_sc_hd__buf_8)
     3    0.017361    0.029181    0.141494    2.787487 v max_cap30/X (sky130_fd_sc_hd__buf_8)
                                                         net30 (net)
                      0.029181    0.000909    2.788396 v rebuffer39/A (sky130_fd_sc_hd__buf_2)
     2    0.016497    0.052070    0.147016    2.935412 v rebuffer39/X (sky130_fd_sc_hd__buf_2)
                                                         net39 (net)
                      0.052084    0.000864    2.936276 v _111_/B (sky130_fd_sc_hd__xor2_2)
     3    0.009313    0.067455    0.163996    3.100272 v _111_/X (sky130_fd_sc_hd__xor2_2)
                                                         _046_ (net)
                      0.067456    0.000272    3.100544 v _114_/B (sky130_fd_sc_hd__and2_2)
     1    0.004924    0.042072    0.211066    3.311610 v _114_/X (sky130_fd_sc_hd__and2_2)
                                                         _049_ (net)
                      0.042072    0.000377    3.311987 v _115_/B (sky130_fd_sc_hd__nor2_2)
     5    0.023125    0.264201    0.230805    3.542792 ^ _115_/Y (sky130_fd_sc_hd__nor2_2)
                                                         _050_ (net)
                      0.264213    0.001569    3.544361 ^ _125_/A1 (sky130_fd_sc_hd__a31o_4)
     3    0.013817    0.063459    0.223830    3.768191 ^ _125_/X (sky130_fd_sc_hd__a31o_4)
                                                         _060_ (net)
                      0.063469    0.000856    3.769047 ^ _126_/B (sky130_fd_sc_hd__and2_2)
     3    0.014518    0.089525    0.190120    3.959167 ^ _126_/X (sky130_fd_sc_hd__and2_2)
                                                         _061_ (net)
                      0.089525    0.000464    3.959631 ^ _169_/A (sky130_fd_sc_hd__nor2_2)
     1    0.004023    0.030268    0.050440    4.010071 v _169_/Y (sky130_fd_sc_hd__nor2_2)
                                                         _006_ (net)
                      0.030269    0.000298    4.010369 v _172_/A1 (sky130_fd_sc_hd__o32a_2)
     2    0.008007    0.066453    0.411740    4.422110 v _172_/X (sky130_fd_sc_hd__o32a_2)
                                                         net25 (net)
                      0.066453    0.000486    4.422596 v output25/A (sky130_fd_sc_hd__clkdlybuf4s25_1)
     1    0.035286    0.262869    0.449493    4.872089 v output25/X (sky130_fd_sc_hd__clkdlybuf4s25_1)
                                                         result[4] (net)
                      0.262879    0.001974    4.874063 v result[4] (out)
                                              4.874063   data arrival time

                      0.000000   10.000000   10.000000   clock __VIRTUAL_CLK__ (rise edge)
                                  0.000000   10.000000   clock network delay (ideal)
                                 -0.250000    9.750000   clock uncertainty
                                  0.000000    9.750000   clock reconvergence pessimism
                                 -2.000000    7.750000   output external delay
                                              7.750000   data required time
---------------------------------------------------------------------------------------------
                                              7.750000   data required time
                                             -4.874063   data arrival time
---------------------------------------------------------------------------------------------
                                              2.875937   slack (MET)


Startpoint: opcode[1] (input port clocked by __VIRTUAL_CLK__)
Endpoint: result[3] (output port clocked by __VIRTUAL_CLK__)
Path Group: __VIRTUAL_CLK__
Path Type: max

Fanout         Cap        Slew       Delay        Time   Description
---------------------------------------------------------------------------------------------
                      0.000000    0.000000    0.000000   clock __VIRTUAL_CLK__ (rise edge)
                                  0.000000    0.000000   clock network delay (ideal)
                                  2.000000    2.000000 v input external delay
     1    0.006219    0.016276    0.010680    2.010680 v opcode[1] (in)
                                                         opcode[1] (net)
                      0.016284    0.000000    2.010680 v input18/A (sky130_fd_sc_hd__buf_6)
     2    0.009411    0.024946    0.106991    2.117671 v input18/X (sky130_fd_sc_hd__buf_6)
                                                         net18 (net)
                      0.024946    0.000371    2.118041 v fanout31/A (sky130_fd_sc_hd__buf_6)
     2    0.010877    0.026064    0.112343    2.230384 v fanout31/X (sky130_fd_sc_hd__buf_6)
                                                         net31 (net)
                      0.026126    0.001023    2.231408 v _097_/A (sky130_fd_sc_hd__or3b_4)
     2    0.009071    0.074974    0.413935    2.645342 v _097_/X (sky130_fd_sc_hd__or3b_4)
                                                         _032_ (net)
                      0.074974    0.000650    2.645993 v max_cap30/A (sky130_fd_sc_hd__buf_8)
     3    0.017361    0.029181    0.141494    2.787487 v max_cap30/X (sky130_fd_sc_hd__buf_8)
                                                         net30 (net)
                      0.029181    0.000909    2.788396 v rebuffer39/A (sky130_fd_sc_hd__buf_2)
     2    0.016497    0.052070    0.147016    2.935412 v rebuffer39/X (sky130_fd_sc_hd__buf_2)
                                                         net39 (net)
                      0.052084    0.000864    2.936276 v _111_/B (sky130_fd_sc_hd__xor2_2)
     3    0.009313    0.067455    0.163996    3.100272 v _111_/X (sky130_fd_sc_hd__xor2_2)
                                                         _046_ (net)
                      0.067456    0.000272    3.100544 v _114_/B (sky130_fd_sc_hd__and2_2)
     1    0.004924    0.042072    0.211066    3.311610 v _114_/X (sky130_fd_sc_hd__and2_2)
                                                         _049_ (net)
                      0.042072    0.000377    3.311987 v _115_/B (sky130_fd_sc_hd__nor2_2)
     5    0.023125    0.264201    0.230805    3.542792 ^ _115_/Y (sky130_fd_sc_hd__nor2_2)
                                                         _050_ (net)
                      0.264219    0.001935    3.544727 ^ _162_/A1 (sky130_fd_sc_hd__a21oi_2)
     2    0.006957    0.076049    0.106748    3.651474 v _162_/Y (sky130_fd_sc_hd__a21oi_2)
                                                         _000_ (net)
                      0.076049    0.000351    3.651826 v _164_/C (sky130_fd_sc_hd__or3_2)
     1    0.003209    0.076942    0.434342    4.086167 v _164_/X (sky130_fd_sc_hd__or3_2)
                                                         _002_ (net)
                      0.076942    0.000249    4.086417 v _167_/A2_N (sky130_fd_sc_hd__o2bb2a_2)
     2    0.009163    0.068813    0.283131    4.369548 ^ _167_/X (sky130_fd_sc_hd__o2bb2a_2)
                                                         net24 (net)
                      0.068813    0.000286    4.369834 ^ output24/A (sky130_fd_sc_hd__clkdlybuf4s25_1)
     1    0.034923    0.352593    0.494790    4.864625 ^ output24/X (sky130_fd_sc_hd__clkdlybuf4s25_1)
                                                         result[3] (net)
                      0.352598    0.001883    4.866508 ^ result[3] (out)
                                              4.866508   data arrival time

                      0.000000   10.000000   10.000000   clock __VIRTUAL_CLK__ (rise edge)
                                  0.000000   10.000000   clock network delay (ideal)
                                 -0.250000    9.750000   clock uncertainty
                                  0.000000    9.750000   clock reconvergence pessimism
                                 -2.000000    7.750000   output external delay
                                              7.750000   data required time
---------------------------------------------------------------------------------------------
                                              7.750000   data required time
                                             -4.866508   data arrival time
---------------------------------------------------------------------------------------------
                                              2.883493   slack (MET)


Startpoint: opcode[1] (input port clocked by __VIRTUAL_CLK__)
Endpoint: result[2] (output port clocked by __VIRTUAL_CLK__)
Path Group: __VIRTUAL_CLK__
Path Type: max

Fanout         Cap        Slew       Delay        Time   Description
---------------------------------------------------------------------------------------------
                      0.000000    0.000000    0.000000   clock __VIRTUAL_CLK__ (rise edge)
                                  0.000000    0.000000   clock network delay (ideal)
                                  2.000000    2.000000 v input external delay
     1    0.006219    0.016276    0.010680    2.010680 v opcode[1] (in)
                                                         opcode[1] (net)
                      0.016284    0.000000    2.010680 v input18/A (sky130_fd_sc_hd__buf_6)
     2    0.009411    0.024946    0.106991    2.117671 v input18/X (sky130_fd_sc_hd__buf_6)
                                                         net18 (net)
                      0.024946    0.000371    2.118041 v fanout31/A (sky130_fd_sc_hd__buf_6)
     2    0.010877    0.026064    0.112343    2.230384 v fanout31/X (sky130_fd_sc_hd__buf_6)
                                                         net31 (net)
                      0.026126    0.001023    2.231408 v _097_/A (sky130_fd_sc_hd__or3b_4)
     2    0.009071    0.074974    0.413935    2.645342 v _097_/X (sky130_fd_sc_hd__or3b_4)
                                                         _032_ (net)
                      0.074974    0.000650    2.645993 v max_cap30/A (sky130_fd_sc_hd__buf_8)
     3    0.017361    0.029181    0.141494    2.787487 v max_cap30/X (sky130_fd_sc_hd__buf_8)
                                                         net30 (net)
                      0.029181    0.000909    2.788396 v rebuffer39/A (sky130_fd_sc_hd__buf_2)
     2    0.016497    0.052070    0.147016    2.935412 v rebuffer39/X (sky130_fd_sc_hd__buf_2)
                                                         net39 (net)
                      0.052084    0.000864    2.936276 v _111_/B (sky130_fd_sc_hd__xor2_2)
     3    0.009313    0.067455    0.163996    3.100272 v _111_/X (sky130_fd_sc_hd__xor2_2)
                                                         _046_ (net)
                      0.067456    0.000272    3.100544 v _114_/B (sky130_fd_sc_hd__and2_2)
     1    0.004924    0.042072    0.211066    3.311610 v _114_/X (sky130_fd_sc_hd__and2_2)
                                                         _049_ (net)
                      0.042072    0.000377    3.311987 v _115_/B (sky130_fd_sc_hd__nor2_2)
     5    0.023125    0.264201    0.230805    3.542792 ^ _115_/Y (sky130_fd_sc_hd__nor2_2)
                                                         _050_ (net)
                      0.264223    0.002112    3.544903 ^ _157_/A1 (sky130_fd_sc_hd__a21oi_2)
     1    0.003910    0.065969    0.090876    3.635779 v _157_/Y (sky130_fd_sc_hd__a21oi_2)
                                                         _088_ (net)
                      0.065969    0.000177    3.635956 v _158_/B1 (sky130_fd_sc_hd__o21a_2)
     1    0.004039    0.037131    0.129248    3.765204 v _158_/X (sky130_fd_sc_hd__o21a_2)
                                                         _089_ (net)
                      0.037165    0.000259    3.765464 v _161_/A1 (sky130_fd_sc_hd__o32a_2)
     2    0.005205    0.060248    0.401997    4.167460 v _161_/X (sky130_fd_sc_hd__o32a_2)
                                                         net23 (net)
                      0.060248    0.000330    4.167790 v output23/A (sky130_fd_sc_hd__clkdlybuf4s25_1)
     1    0.035562    0.265201    0.447292    4.615082 v output23/X (sky130_fd_sc_hd__clkdlybuf4s25_1)
                                                         result[2] (net)
                      0.265236    0.003161    4.618242 v result[2] (out)
                                              4.618242   data arrival time

                      0.000000   10.000000   10.000000   clock __VIRTUAL_CLK__ (rise edge)
                                  0.000000   10.000000   clock network delay (ideal)
                                 -0.250000    9.750000   clock uncertainty
                                  0.000000    9.750000   clock reconvergence pessimism
                                 -2.000000    7.750000   output external delay
                                              7.750000   data required time
---------------------------------------------------------------------------------------------
                                              7.750000   data required time
                                             -4.618242   data arrival time
---------------------------------------------------------------------------------------------
                                              3.131757   slack (MET)


Startpoint: opcode[1] (input port clocked by __VIRTUAL_CLK__)
Endpoint: result[1] (output port clocked by __VIRTUAL_CLK__)
Path Group: __VIRTUAL_CLK__
Path Type: max

Fanout         Cap        Slew       Delay        Time   Description
---------------------------------------------------------------------------------------------
                      0.000000    0.000000    0.000000   clock __VIRTUAL_CLK__ (rise edge)
                                  0.000000    0.000000   clock network delay (ideal)
                                  2.000000    2.000000 v input external delay
     1    0.006219    0.016276    0.010680    2.010680 v opcode[1] (in)
                                                         opcode[1] (net)
                      0.016284    0.000000    2.010680 v input18/A (sky130_fd_sc_hd__buf_6)
     2    0.009411    0.024946    0.106991    2.117671 v input18/X (sky130_fd_sc_hd__buf_6)
                                                         net18 (net)
                      0.024946    0.000371    2.118041 v fanout31/A (sky130_fd_sc_hd__buf_6)
     2    0.010877    0.026064    0.112343    2.230384 v fanout31/X (sky130_fd_sc_hd__buf_6)
                                                         net31 (net)
                      0.026126    0.001023    2.231408 v _097_/A (sky130_fd_sc_hd__or3b_4)
     2    0.009071    0.074974    0.413935    2.645342 v _097_/X (sky130_fd_sc_hd__or3b_4)
                                                         _032_ (net)
                      0.074974    0.000650    2.645993 v max_cap30/A (sky130_fd_sc_hd__buf_8)
     3    0.017361    0.029181    0.141494    2.787487 v max_cap30/X (sky130_fd_sc_hd__buf_8)
                                                         net30 (net)
                      0.029202    0.001325    2.788812 v _116_/B (sky130_fd_sc_hd__xor2_2)
     2    0.012734    0.077655    0.164464    2.953275 v _116_/X (sky130_fd_sc_hd__xor2_2)
                                                         _051_ (net)
                      0.077664    0.000873    2.954149 v _118_/A (sky130_fd_sc_hd__xnor2_2)
     4    0.016194    0.246474    0.272010    3.226159 ^ _118_/Y (sky130_fd_sc_hd__xnor2_2)
                                                         _053_ (net)
                      0.246479    0.000967    3.227126 ^ _152_/A1 (sky130_fd_sc_hd__a21oi_2)
     1    0.002789    0.059320    0.082264    3.309390 v _152_/Y (sky130_fd_sc_hd__a21oi_2)
                                                         _084_ (net)
                      0.059320    0.000138    3.309528 v _153_/B1 (sky130_fd_sc_hd__o21a_2)
     1    0.004907    0.039118    0.128794    3.438322 v _153_/X (sky130_fd_sc_hd__o21a_2)
                                                         _085_ (net)
                      0.039118    0.000314    3.438636 v _156_/A (sky130_fd_sc_hd__or3_2)
     2    0.005974    0.087311    0.507749    3.946385 v _156_/X (sky130_fd_sc_hd__or3_2)
                                                         net22 (net)
                      0.087311    0.000272    3.946657 v output22/A (sky130_fd_sc_hd__clkdlybuf4s25_1)
     1    0.035247    0.262266    0.458862    4.405519 v output22/X (sky130_fd_sc_hd__clkdlybuf4s25_1)
                                                         result[1] (net)
                      0.262277    0.001930    4.407450 v result[1] (out)
                                              4.407450   data arrival time

                      0.000000   10.000000   10.000000   clock __VIRTUAL_CLK__ (rise edge)
                                  0.000000   10.000000   clock network delay (ideal)
                                 -0.250000    9.750000   clock uncertainty
                                  0.000000    9.750000   clock reconvergence pessimism
                                 -2.000000    7.750000   output external delay
                                              7.750000   data required time
---------------------------------------------------------------------------------------------
                                              7.750000   data required time
                                             -4.407450   data arrival time
---------------------------------------------------------------------------------------------
                                              3.342550   slack (MET)


Startpoint: opcode[1] (input port clocked by __VIRTUAL_CLK__)
Endpoint: result[0] (output port clocked by __VIRTUAL_CLK__)
Path Group: __VIRTUAL_CLK__
Path Type: max

Fanout         Cap        Slew       Delay        Time   Description
---------------------------------------------------------------------------------------------
                      0.000000    0.000000    0.000000   clock __VIRTUAL_CLK__ (rise edge)
                                  0.000000    0.000000   clock network delay (ideal)
                                  2.000000    2.000000 v input external delay
     1    0.006219    0.016276    0.010680    2.010680 v opcode[1] (in)
                                                         opcode[1] (net)
                      0.016284    0.000000    2.010680 v input18/A (sky130_fd_sc_hd__buf_6)
     2    0.009411    0.024946    0.106991    2.117671 v input18/X (sky130_fd_sc_hd__buf_6)
                                                         net18 (net)
                      0.024946    0.000371    2.118041 v fanout31/A (sky130_fd_sc_hd__buf_6)
     2    0.010877    0.026064    0.112343    2.230384 v fanout31/X (sky130_fd_sc_hd__buf_6)
                                                         net31 (net)
                      0.026091    0.000622    2.231006 v rebuffer34/A (sky130_fd_sc_hd__buf_2)
     9    0.037880    0.095095    0.185475    2.416481 v rebuffer34/X (sky130_fd_sc_hd__buf_2)
                                                         net34 (net)
                      0.095417    0.004380    2.420861 v _095_/B (sky130_fd_sc_hd__and2_2)
     8    0.038746    0.109156    0.307154    2.728015 v _095_/X (sky130_fd_sc_hd__and2_2)
                                                         _030_ (net)
                      0.109156    0.000472    2.728488 v _150_/B1 (sky130_fd_sc_hd__a31o_2)
     1    0.003439    0.038317    0.245860    2.974348 v _150_/X (sky130_fd_sc_hd__a31o_2)
                                                         _083_ (net)
                      0.038317    0.000265    2.974613 v _151_/A3 (sky130_fd_sc_hd__o32a_2)
     2    0.006508    0.063089    0.347484    3.322098 v _151_/X (sky130_fd_sc_hd__o32a_2)
                                                         net21 (net)
                      0.063089    0.000424    3.322521 v output21/A (sky130_fd_sc_hd__clkdlybuf4s25_1)
     1    0.035143    0.261885    0.447198    3.769719 v output21/X (sky130_fd_sc_hd__clkdlybuf4s25_1)
                                                         result[0] (net)
                      0.261895    0.001922    3.771641 v result[0] (out)
                                              3.771641   data arrival time

                      0.000000   10.000000   10.000000   clock __VIRTUAL_CLK__ (rise edge)
                                  0.000000   10.000000   clock network delay (ideal)
                                 -0.250000    9.750000   clock uncertainty
                                  0.000000    9.750000   clock reconvergence pessimism
                                 -2.000000    7.750000   output external delay
                                              7.750000   data required time
---------------------------------------------------------------------------------------------
                                              7.750000   data required time
                                             -3.771641   data arrival time
---------------------------------------------------------------------------------------------
                                              3.978359   slack (MET)



%OL_END_REPORT
%OL_CREATE_REPORT checks.rpt

===========================================================================
report_checks -unconstrained
===========================================================================
======================= max_tt_025C_1v80 Corner ===================================

Startpoint: opcode[1] (input port clocked by __VIRTUAL_CLK__)
Endpoint: zero (output port clocked by __VIRTUAL_CLK__)
Path Group: __VIRTUAL_CLK__
Path Type: max

Fanout         Cap        Slew       Delay        Time   Description
---------------------------------------------------------------------------------------------
                      0.000000    0.000000    0.000000   clock __VIRTUAL_CLK__ (rise edge)
                                  0.000000    0.000000   clock network delay (ideal)
                                  2.000000    2.000000 v input external delay
     1    0.006219    0.016276    0.010680    2.010680 v opcode[1] (in)
                                                         opcode[1] (net)
                      0.016284    0.000000    2.010680 v input18/A (sky130_fd_sc_hd__buf_6)
     2    0.009411    0.024946    0.106991    2.117671 v input18/X (sky130_fd_sc_hd__buf_6)
                                                         net18 (net)
                      0.024946    0.000371    2.118041 v fanout31/A (sky130_fd_sc_hd__buf_6)
     2    0.010877    0.026064    0.112343    2.230384 v fanout31/X (sky130_fd_sc_hd__buf_6)
                                                         net31 (net)
                      0.026126    0.001023    2.231408 v _097_/A (sky130_fd_sc_hd__or3b_4)
     2    0.009071    0.074974    0.413935    2.645342 v _097_/X (sky130_fd_sc_hd__or3b_4)
                                                         _032_ (net)
                      0.074974    0.000650    2.645993 v max_cap30/A (sky130_fd_sc_hd__buf_8)
     3    0.017361    0.029181    0.141494    2.787487 v max_cap30/X (sky130_fd_sc_hd__buf_8)
                                                         net30 (net)
                      0.029202    0.001325    2.788812 v _116_/B (sky130_fd_sc_hd__xor2_2)
     2    0.013579    0.203123    0.197814    2.986626 ^ _116_/X (sky130_fd_sc_hd__xor2_2)
                                                         _051_ (net)
                      0.203123    0.000724    2.987350 ^ _117_/A_N (sky130_fd_sc_hd__and2b_2)
     1    0.007386    0.046639    0.269330    3.256680 v _117_/X (sky130_fd_sc_hd__and2b_2)
                                                         _052_ (net)
                      0.046640    0.000743    3.257422 v _121_/B1 (sky130_fd_sc_hd__a21o_4)
     4    0.017220    0.049754    0.211883    3.469305 v _121_/X (sky130_fd_sc_hd__a21o_4)
                                                         _056_ (net)
                      0.049774    0.001300    3.470605 v _125_/A3 (sky130_fd_sc_hd__a31o_4)
     3    0.012897    0.046639    0.264764    3.735369 v _125_/X (sky130_fd_sc_hd__a31o_4)
                                                         _060_ (net)
                      0.046693    0.000886    3.736256 v _127_/A1 (sky130_fd_sc_hd__a2111o_2)
     2    0.007430    0.075454    0.453097    4.189353 v _127_/X (sky130_fd_sc_hd__a2111o_2)
                                                         _062_ (net)
                      0.075454    0.000541    4.189894 v _141_/B (sky130_fd_sc_hd__and3_4)
     1    0.002754    0.030404    0.180378    4.370272 v _141_/X (sky130_fd_sc_hd__and3_4)
                                                         _076_ (net)
                      0.030404    0.000135    4.370407 v _142_/B (sky130_fd_sc_hd__or4b_4)
     3    0.014936    0.103704    0.567065    4.937472 v _142_/X (sky130_fd_sc_hd__or4b_4)
                                                         _077_ (net)
                      0.103772    0.001028    4.938500 v _144_/B1 (sky130_fd_sc_hd__o21a_4)
     2    0.010872    0.042114    0.155424    5.093924 v _144_/X (sky130_fd_sc_hd__o21a_4)
                                                         net28 (net)
                      0.042114    0.000543    5.094467 v _193_/B1 (sky130_fd_sc_hd__a211oi_2)
     1    0.006420    0.195774    0.233386    5.327853 ^ _193_/Y (sky130_fd_sc_hd__a211oi_2)
                                                         net29 (net)
                      0.195774    0.000318    5.328171 ^ output29/A (sky130_fd_sc_hd__buf_6)
     1    0.034420    0.078098    0.174688    5.502859 ^ output29/X (sky130_fd_sc_hd__buf_6)
                                                         zero (net)
                      0.078144    0.001822    5.504681 ^ zero (out)
                                              5.504681   data arrival time

                      0.000000   10.000000   10.000000   clock __VIRTUAL_CLK__ (rise edge)
                                  0.000000   10.000000   clock network delay (ideal)
                                 -0.250000    9.750000   clock uncertainty
                                  0.000000    9.750000   clock reconvergence pessimism
                                 -2.000000    7.750000   output external delay
                                              7.750000   data required time
---------------------------------------------------------------------------------------------
                                              7.750000   data required time
                                             -5.504681   data arrival time
---------------------------------------------------------------------------------------------
                                              2.245319   slack (MET)




===========================================================================
report_checks --slack_max -0.01
============================================================================
======================= max_tt_025C_1v80 Corner ===================================

No paths found.


===========================================================================
 report_check_types -max_slew -max_cap -max_fanout -violators
============================================================================
======================= max_tt_025C_1v80 Corner ===================================



===========================================================================
report_parasitic_annotation -report_unannotated
============================================================================
Found 0 unannotated drivers.
Found 0 partially unannotated drivers.

===========================================================================
max slew violation count 0
%OL_METRIC_I design__max_slew_violation__count__corner:max_tt_025C_1v80 0
max fanout violation count 0
%OL_METRIC_I design__max_fanout_violation__count__corner:max_tt_025C_1v80 0
max cap violation count 0
%OL_METRIC_I design__max_cap_violation__count__corner:max_tt_025C_1v80 0
============================================================================

===========================================================================
check_setup -verbose -unconstrained_endpoints -multiple_clock -no_clock -no_input_delay -loops -generated_clocks
===========================================================================
%OL_END_REPORT
%OL_CREATE_REPORT power.rpt

===========================================================================
 report_power
============================================================================
======================= max_tt_025C_1v80 Corner ===================================

Group                    Internal    Switching      Leakage        Total
                            Power        Power        Power        Power (Watts)
------------------------------------------------------------------------
Sequential           0.000000e+00 0.000000e+00 0.000000e+00 0.000000e+00   0.0%
Combinational        4.505737e-05 4.813395e-05 5.616539e-10 9.319188e-05 100.0%
Clock                0.000000e+00 0.000000e+00 3.499243e-10 3.499243e-10   0.0%
Macro                0.000000e+00 0.000000e+00 0.000000e+00 0.000000e+00   0.0%
Pad                  0.000000e+00 0.000000e+00 0.000000e+00 0.000000e+00   0.0%
------------------------------------------------------------------------
Total                4.505737e-05 4.813395e-05 9.115786e-10 9.319223e-05 100.0%
                            48.3%        51.7%         0.0%
%OL_METRIC_F power__internal__total 4.505737160798162e-5
%OL_METRIC_F power__switching__total 4.813395207747817e-5
%OL_METRIC_F power__leakage__total 9.115786459013009e-10
%OL_METRIC_F power__total 9.319223318016157e-5

%OL_END_REPORT
%OL_CREATE_REPORT skew.min.rpt

===========================================================================
Clock Skew (Hold)
============================================================================
%OL_METRIC_F clock__skew__worst_hold__corner:max_tt_025C_1v80 0.0
======================= max_tt_025C_1v80 Corner ===================================

Clock __VIRTUAL_CLK__
No launch/capture paths found.

%OL_END_REPORT
%OL_CREATE_REPORT skew.max.rpt

===========================================================================
Clock Skew (Setup)
============================================================================
%OL_METRIC_F clock__skew__worst_setup__corner:max_tt_025C_1v80 0.0
======================= max_tt_025C_1v80 Corner ===================================

Clock __VIRTUAL_CLK__
No launch/capture paths found.

%OL_END_REPORT
%OL_CREATE_REPORT ws.min.rpt

===========================================================================
Worst Slack (Hold)
============================================================================
%OL_METRIC_F timing__hold__ws__corner:max_tt_025C_1v80 4.386543696880684
max_tt_025C_1v80: 4.386543696880684
%OL_END_REPORT
%OL_CREATE_REPORT ws.max.rpt

===========================================================================
Worst Slack (Setup)
============================================================================
%OL_METRIC_F timing__setup__ws__corner:max_tt_025C_1v80 2.2453191053067663
max_tt_025C_1v80: 2.2453191053067663
%OL_END_REPORT
%OL_CREATE_REPORT tns.min.rpt

===========================================================================
Total Negative Slack (Hold)
============================================================================
%OL_METRIC_F timing__hold__tns__corner:max_tt_025C_1v80 0.0
max_tt_025C_1v80: 0.0
%OL_END_REPORT
%OL_CREATE_REPORT tns.max.rpt

===========================================================================
Total Negative Slack (Setup)
============================================================================
%OL_METRIC_F timing__setup__tns__corner:max_tt_025C_1v80 0.0
max_tt_025C_1v80: 0.0
%OL_END_REPORT
%OL_CREATE_REPORT wns.min.rpt

===========================================================================
Worst Negative Slack (Hold)
============================================================================
%OL_METRIC_F timing__hold__wns__corner:max_tt_025C_1v80 0
max_tt_025C_1v80: 0
%OL_END_REPORT
%OL_CREATE_REPORT wns.max.rpt

===========================================================================
Worst Negative Slack (Setup)
============================================================================
%OL_METRIC_F timing__setup__wns__corner:max_tt_025C_1v80 0.0
max_tt_025C_1v80: 0.0
%OL_END_REPORT
%OL_CREATE_REPORT violator_list.rpt

===========================================================================
Violator List
============================================================================
%OL_METRIC_I timing__hold_vio__count__corner:max_tt_025C_1v80 0
%OL_METRIC_F timing__hold_r2r__ws__corner:max_tt_025C_1v80 inf
%OL_METRIC_I timing__hold_r2r_vio__count__corner:max_tt_025C_1v80 0
%OL_METRIC_I timing__setup_vio__count__corner:max_tt_025C_1v80 0
%OL_METRIC_F timing__setup_r2r__ws__corner:max_tt_025C_1v80 inf
%OL_METRIC_I timing__setup_r2r_vio__count__corner:max_tt_025C_1v80 0
%OL_END_REPORT
%OL_CREATE_REPORT unpropagated.rpt
__VIRTUAL_CLK__
%OL_END_REPORT
%OL_CREATE_REPORT clock.rpt
Clock: __VIRTUAL_CLK__
Sources: 
Generated: no
Virtual: yes
Propagated: no
Period: 10.000000

===========================================================================
report_clock_properties
============================================================================
Clock                   Period          Waveform
----------------------------------------------------
__VIRTUAL_CLK__      10.000000    0.000000  5.000000

===========================================================================
report_clock_latency
============================================================================
Clock __VIRTUAL_CLK__


===========================================================================
report_clock_min_period
============================================================================
__VIRTUAL_CLK__ period_min = 0.00 fmax = inf
%OL_END_REPORT
Writing SDF files for all corners…
Removing Clock latencies before writing libs…
Writing timing models for all corners…
Writing timing models for the max_tt_025C_1v80 corner to /home/thaituroblox/Desktop/8_BIT_COUNTER/Counter-8-Bit-/alu_project/runs/RUN_2026-09-26_04-41-42/55-openroad-stapostpnr/max_tt_025C_1v80/alu_8bit__max_tt_025C_1v80.lib…
