Reading timing models for corner nom_tt_025C_1v80…
Reading timing library for the 'nom_tt_025C_1v80' corner at '/home/thaituroblox/.ciel/ciel/ciel/sky130/versions/8afc8346a57fe1ab7934ba5a6056ea8b43078e71/sky130A/libs.ref/sky130_fd_sc_hd/lib/sky130_fd_sc_hd__tt_025C_1v80.lib'…
Reading OpenROAD database at '/home/thaituroblox/Desktop/8_BIT_COUNTER/Counter-8-Bit-/alu_project/runs/RUN_2026-09-26_04-41-42/21-openroad-generatepdn/alu_8bit.odb'…
Reading design constraints file at '/nix/store/8y4m6wgn5kqlbig1qwnwbxijqqp0jwib-python3-3.13.9-env/lib/python3.13/site-packages/librelane/scripts/base.sdc'…
[WARNING] No CLOCK_PORT found. A dummy clock will be used.
[WARNING STA-0366] port '__VIRTUAL_CLK__' not found.
[INFO] Using clock __VIRTUAL_CLK__…
[INFO] Setting output delay to: 2.0
[INFO] Setting input delay to: 2.0
[WARNING STA-0366] port '__VIRTUAL_CLK__' not found.
[INFO] Setting load to: 0.033442
[INFO] Setting clock uncertainty to: 0.25
[INFO] Setting clock transition to: 0.1499999999999999944488848768742172978818416595458984375
[WARNING STA-0419] transition time can not be specified for virtual clocks.
[INFO] Setting timing derate to: 5.0%
[WARNING STA-0450] virtual clock __VIRTUAL_CLK__ can not be propagated.
+ global_placement -density 0.623271 -skip_io -pad_right 0 -pad_left 0 -init_wirelength_coef 0.25
[INFO GPL-0001] ---- Initialize GPL Main Data Structures
[INFO GPL-0002] DBU: 1000
[INFO GPL-0003] SiteSize: (  0.460  2.720 ) um
[INFO GPL-0004] CoreBBox: (  5.520 10.880 ) ( 48.760 54.400 ) um
[INFO GPL-0036] Movable instances area:        950.912 um^2
[INFO GPL-0037] Total instances area:         1104.810 um^2
[INFO GPL-0035] Pin density area adjust:        78.274 um^2
[INFO GPL-0032] ---- Initialize Region: Top-level
[INFO GPL-0006] Number of instances:               161
[INFO GPL-0007] Movable instances:                 102
[INFO GPL-0008] Fixed instances:                    59
[INFO GPL-0009] Dummy instances:                     0
[INFO GPL-0010] Number of nets:                    121
[INFO GPL-0011] Number of pins:                    393
[INFO GPL-0012] Die BBox:  (  0.000  0.000 ) ( 54.650 65.370 ) um
[INFO GPL-0013] Core BBox: (  5.520 10.880 ) ( 48.760 54.400 ) um
[INFO GPL-0016] Core area:                    1881.805 um^2
[INFO GPL-0014] Region name: top-level.
[INFO GPL-0015] Region area:                  1881.805 um^2
[INFO GPL-0017] Fixed instances area:          153.898 um^2
[INFO GPL-0018] Movable instances area:       1029.186 um^2
[INFO GPL-0019] Utilization:                    59.563 %
[INFO GPL-0020] Standard cells area:          1029.186 um^2
[INFO GPL-0021] Large instances area:            0.000 um^2
[INFO GPL-0005] ---- Execute Conjugate Gradient Initial Placement.
[INFO GPL-0051] Source of initial instance position counters:
	Odb location = 0	Core center = 102	Region center = 0
[INFO GPL-0033] ---- Initialize Nesterov Region: Top-level
[INFO GPL-0023] Placement target density:       0.6233
[INFO GPL-0024] Movable insts average area:     10.090 um^2
[INFO GPL-0025] Ideal bin area:                 16.189 um^2
[INFO GPL-0026] Ideal bin count:                   116
[INFO GPL-0027] Total bin area:               1881.805 um^2
[INFO GPL-0028] Bin count (X, Y):           8 ,      8
[INFO GPL-0029] Bin size (W * H):       5.405 *  5.440 um
[INFO GPL-0030] Number of bins:                     64
[INFO GPL-0007] ---- Execute Nesterov Global Placement.
[INFO GPL-0031] HPWL: Half-Perimeter Wirelength
Iteration | Overflow |     HPWL (um) |  HPWL(%) |   Penalty | Group
---------------------------------------------------------------
        0 |   0.9299 |  2.371300e+02 |   +0.00% |  1.67e-13 |      
       10 |   0.9299 |  1.879450e+02 |  -20.74% |  2.72e-13 |      
       20 |   0.9299 |  1.879970e+02 |   +0.03% |  4.43e-13 |      
       30 |   0.9299 |  1.880390e+02 |   +0.02% |  7.21e-13 |      
       40 |   0.9299 |  1.880090e+02 |   -0.02% |  1.17e-12 |      
       50 |   0.9299 |  1.879310e+02 |   -0.04% |  1.91e-12 |      
       60 |   0.9299 |  1.878810e+02 |   -0.03% |  3.12e-12 |      
       70 |   0.9299 |  1.877490e+02 |   -0.07% |  5.07e-12 |      
       80 |   0.9298 |  1.877190e+02 |   -0.02% |  8.27e-12 |      
       90 |   0.9295 |  1.877020e+02 |   -0.01% |  1.35e-11 |      
      100 |   0.9290 |  1.875780e+02 |   -0.07% |  2.19e-11 |      
      110 |   0.9281 |  1.873770e+02 |   -0.11% |  3.57e-11 |      
      120 |   0.9262 |  1.877500e+02 |   +0.20% |  5.82e-11 |      
      130 |   0.9232 |  1.880790e+02 |   +0.18% |  9.48e-11 |      
      140 |   0.9160 |  1.914820e+02 |   +1.81% |  1.54e-10 |      
      150 |   0.8910 |  2.100370e+02 |   +9.69% |  2.51e-10 |      
      160 |   0.8591 |  2.848030e+02 |  +35.60% |  4.10e-10 |      
      170 |   0.7748 |  4.021960e+02 |  +41.22% |  6.67e-10 |      
      180 |   0.7510 |  4.550090e+02 |  +13.13% |  1.09e-09 |      
      190 |   0.7138 |  5.053070e+02 |  +11.05% |  1.77e-09 |      
      200 |   0.6686 |  5.707420e+02 |  +12.95% |  2.88e-09 |      
      210 |   0.6255 |  6.327670e+02 |  +10.87% |  4.70e-09 |      
      220 |   0.5765 |  6.935480e+02 |   +9.61% |  7.65e-09 |      
      230 |   0.5227 |  7.666370e+02 |  +10.54% |  1.25e-08 |      
      240 |   0.4809 |  8.284440e+02 |   +8.06% |  2.03e-08 |      
      250 |   0.4364 |  8.913540e+02 |   +7.59% |  3.31e-08 |      
      260 |   0.3888 |  9.546260e+02 |   +7.10% |  5.39e-08 |      
      270 |   0.3406 |  1.006024e+03 |   +5.38% |  8.77e-08 |      
      280 |   0.3067 |  1.049467e+03 |   +4.32% |  1.29e-07 |      
      290 |   0.2726 |  1.093195e+03 |   +4.17% |  1.90e-07 |      
      300 |   0.2385 |  1.118067e+03 |   +2.28% |  2.80e-07 |      
      310 |   0.2063 |  1.148953e+03 |   +2.76% |  4.13e-07 |      
      320 |   0.1674 |  1.170260e+03 |   +1.85% |  6.09e-07 |      
      330 |   0.1407 |  1.188926e+03 |   +1.60% |  8.97e-07 |      
      340 |   0.1121 |  1.210611e+03 |   +1.82% |  1.32e-06 |      
      345 |   0.0987 |  1.216486e+03 |          |  1.67e-06 |      
---------------------------------------------------------------
[INFO GPL-1001] Global placement finished at iteration 345
[INFO GPL-1002] Placed Cell Area             1029.1856
[INFO GPL-1003] Available Free Area          1727.9072
[INFO GPL-1004] Minimum Feasible Density        0.6000 (cell_area / free_area)
[INFO GPL-1006]   Suggested Target Densities:
[INFO GPL-1007]     - For 90% usage of free space: 0.6618
[INFO GPL-1008]     - For 80% usage of free space: 0.7445
[INFO GPL-1014] Final placement area: 1029.19 (+0.00%)
Setting global connections for newly added cells…
[INFO] Setting global connections...
[INFO ODB-0403] 0 connections made, 0 conflicts skipped.
Updating metrics…
Cell type report:                       Count       Area
  Fill cell                                32     120.12
  Tap cell                                 27      33.78
  Inverter                                  7      26.28
  Multi-Input combinational cell           95     924.64
  Total                                   161    1104.81
Writing OpenROAD database to '/home/thaituroblox/Desktop/8_BIT_COUNTER/Counter-8-Bit-/alu_project/runs/RUN_2026-09-26_04-41-42/24-openroad-globalplacementskipio/alu_8bit.odb'…
Writing netlist to '/home/thaituroblox/Desktop/8_BIT_COUNTER/Counter-8-Bit-/alu_project/runs/RUN_2026-09-26_04-41-42/24-openroad-globalplacementskipio/alu_8bit.nl.v'…
Writing powered netlist to '/home/thaituroblox/Desktop/8_BIT_COUNTER/Counter-8-Bit-/alu_project/runs/RUN_2026-09-26_04-41-42/24-openroad-globalplacementskipio/alu_8bit.pnl.v'…
Writing layout to '/home/thaituroblox/Desktop/8_BIT_COUNTER/Counter-8-Bit-/alu_project/runs/RUN_2026-09-26_04-41-42/24-openroad-globalplacementskipio/alu_8bit.def'…
Writing timing constraints to '/home/thaituroblox/Desktop/8_BIT_COUNTER/Counter-8-Bit-/alu_project/runs/RUN_2026-09-26_04-41-42/24-openroad-globalplacementskipio/alu_8bit.sdc'…
