
===========================================================================
report_checks -unconstrained
===========================================================================
======================= min_tt_025C_1v80 Corner ===================================

Startpoint: opcode[1] (input port clocked by __VIRTUAL_CLK__)
Endpoint: zero (output port clocked by __VIRTUAL_CLK__)
Path Group: __VIRTUAL_CLK__
Path Type: max

Fanout         Cap        Slew       Delay        Time   Description
---------------------------------------------------------------------------------------------
                      0.000000    0.000000    0.000000   clock __VIRTUAL_CLK__ (rise edge)
                                  0.000000    0.000000   clock network delay (ideal)
                                  2.000000    2.000000 v input external delay
     1    0.005966    0.015706    0.010137    2.010137 v opcode[1] (in)
                                                         opcode[1] (net)
                      0.015706    0.000000    2.010137 v input18/A (sky130_fd_sc_hd__buf_6)
     2    0.009004    0.024614    0.106377    2.116514 v input18/X (sky130_fd_sc_hd__buf_6)
                                                         net18 (net)
                      0.024614    0.000052    2.116566 v fanout31/A (sky130_fd_sc_hd__buf_6)
     2    0.009671    0.025144    0.111009    2.227575 v fanout31/X (sky130_fd_sc_hd__buf_6)
                                                         net31 (net)
                      0.025144    0.000304    2.227879 v _097_/A (sky130_fd_sc_hd__or3b_4)
     2    0.008920    0.074661    0.413206    2.641085 v _097_/X (sky130_fd_sc_hd__or3b_4)
                                                         _032_ (net)
                      0.074661    0.000078    2.641164 v max_cap30/A (sky130_fd_sc_hd__buf_8)
     3    0.016319    0.028517    0.140893    2.782056 v max_cap30/X (sky130_fd_sc_hd__buf_8)
                                                         net30 (net)
                      0.028517    0.000302    2.782359 v _116_/B (sky130_fd_sc_hd__xor2_2)
     2    0.013057    0.197553    0.193567    2.975926 ^ _116_/X (sky130_fd_sc_hd__xor2_2)
                                                         _051_ (net)
                      0.197553    0.000127    2.976053 ^ _117_/A_N (sky130_fd_sc_hd__and2b_2)
     1    0.006688    0.044956    0.266086    3.242138 v _117_/X (sky130_fd_sc_hd__and2b_2)
                                                         _052_ (net)
                      0.044956    0.000151    3.242290 v _121_/B1 (sky130_fd_sc_hd__a21o_4)
     4    0.016488    0.048576    0.210342    3.452632 v _121_/X (sky130_fd_sc_hd__a21o_4)
                                                         _056_ (net)
                      0.048577    0.000302    3.452934 v _125_/A3 (sky130_fd_sc_hd__a31o_4)
     3    0.011773    0.044853    0.262073    3.715008 v _125_/X (sky130_fd_sc_hd__a31o_4)
                                                         _060_ (net)
                      0.044853    0.000235    3.715243 v _127_/A1 (sky130_fd_sc_hd__a2111o_2)
     2    0.006837    0.073865    0.449712    4.164955 v _127_/X (sky130_fd_sc_hd__a2111o_2)
                                                         _062_ (net)
                      0.073865    0.000115    4.165070 v _141_/B (sky130_fd_sc_hd__and3_4)
     1    0.002687    0.030294    0.179443    4.344513 v _141_/X (sky130_fd_sc_hd__and3_4)
                                                         _076_ (net)
                      0.030294    0.000016    4.344528 v _142_/B (sky130_fd_sc_hd__or4b_4)
     3    0.014130    0.101794    0.564373    4.908901 v _142_/X (sky130_fd_sc_hd__or4b_4)
                                                         _077_ (net)
                      0.101794    0.000188    4.909089 v _144_/B1 (sky130_fd_sc_hd__o21a_4)
     2    0.010375    0.041365    0.153793    5.062882 v _144_/X (sky130_fd_sc_hd__o21a_4)
                                                         net28 (net)
                      0.041365    0.000065    5.062947 v _193_/B1 (sky130_fd_sc_hd__a211oi_2)
     1    0.006139    0.191601    0.229709    5.292656 ^ _193_/Y (sky130_fd_sc_hd__a211oi_2)
                                                         net29 (net)
                      0.191601    0.000061    5.292717 ^ output29/A (sky130_fd_sc_hd__buf_6)
     1    0.034288    0.077939    0.174486    5.467203 ^ output29/X (sky130_fd_sc_hd__buf_6)
                                                         zero (net)
                      0.077939    0.000274    5.467477 ^ zero (out)
                                              5.467477   data arrival time

                      0.000000   10.000000   10.000000   clock __VIRTUAL_CLK__ (rise edge)
                                  0.000000   10.000000   clock network delay (ideal)
                                 -0.250000    9.750000   clock uncertainty
                                  0.000000    9.750000   clock reconvergence pessimism
                                 -2.000000    7.750000   output external delay
                                              7.750000   data required time
---------------------------------------------------------------------------------------------
                                              7.750000   data required time
                                             -5.467477   data arrival time
---------------------------------------------------------------------------------------------
                                              2.282523   slack (MET)




===========================================================================
report_checks --slack_max -0.01
============================================================================
======================= min_tt_025C_1v80 Corner ===================================

No paths found.


===========================================================================
 report_check_types -max_slew -max_cap -max_fanout -violators
============================================================================
======================= min_tt_025C_1v80 Corner ===================================



===========================================================================
report_parasitic_annotation -report_unannotated
============================================================================
Found 0 unannotated drivers.
Found 0 partially unannotated drivers.

===========================================================================
max slew violation count 0
max fanout violation count 0
max cap violation count 0
============================================================================

===========================================================================
check_setup -verbose -unconstrained_endpoints -multiple_clock -no_clock -no_input_delay -loops -generated_clocks
===========================================================================
