
===========================================================================
report_checks -path_delay max (Setup)
============================================================================
======================= min_tt_025C_1v80 Corner ===================================

Startpoint: opcode[1] (input port clocked by __VIRTUAL_CLK__)
Endpoint: zero (output port clocked by __VIRTUAL_CLK__)
Path Group: __VIRTUAL_CLK__
Path Type: max

Fanout         Cap        Slew       Delay        Time   Description
---------------------------------------------------------------------------------------------
                      0.000000    0.000000    0.000000   clock __VIRTUAL_CLK__ (rise edge)
                                  0.000000    0.000000   clock network delay (ideal)
                                  2.000000    2.000000 v input external delay
     1    0.005966    0.015706    0.010137    2.010137 v opcode[1] (in)
                                                         opcode[1] (net)
                      0.015706    0.000000    2.010137 v input18/A (sky130_fd_sc_hd__buf_6)
     2    0.009004    0.024614    0.106377    2.116514 v input18/X (sky130_fd_sc_hd__buf_6)
                                                         net18 (net)
                      0.024614    0.000052    2.116566 v fanout31/A (sky130_fd_sc_hd__buf_6)
     2    0.009671    0.025144    0.111009    2.227575 v fanout31/X (sky130_fd_sc_hd__buf_6)
                                                         net31 (net)
                      0.025144    0.000304    2.227879 v _097_/A (sky130_fd_sc_hd__or3b_4)
     2    0.008920    0.074661    0.413206    2.641085 v _097_/X (sky130_fd_sc_hd__or3b_4)
                                                         _032_ (net)
                      0.074661    0.000078    2.641164 v max_cap30/A (sky130_fd_sc_hd__buf_8)
     3    0.016319    0.028517    0.140893    2.782056 v max_cap30/X (sky130_fd_sc_hd__buf_8)
                                                         net30 (net)
                      0.028517    0.000302    2.782359 v _116_/B (sky130_fd_sc_hd__xor2_2)
     2    0.013057    0.197553    0.193567    2.975926 ^ _116_/X (sky130_fd_sc_hd__xor2_2)
                                                         _051_ (net)
                      0.197553    0.000127    2.976053 ^ _117_/A_N (sky130_fd_sc_hd__and2b_2)
     1    0.006688    0.044956    0.266086    3.242138 v _117_/X (sky130_fd_sc_hd__and2b_2)
                                                         _052_ (net)
                      0.044956    0.000151    3.242290 v _121_/B1 (sky130_fd_sc_hd__a21o_4)
     4    0.016488    0.048576    0.210342    3.452632 v _121_/X (sky130_fd_sc_hd__a21o_4)
                                                         _056_ (net)
                      0.048577    0.000302    3.452934 v _125_/A3 (sky130_fd_sc_hd__a31o_4)
     3    0.011773    0.044853    0.262073    3.715008 v _125_/X (sky130_fd_sc_hd__a31o_4)
                                                         _060_ (net)
                      0.044853    0.000235    3.715243 v _127_/A1 (sky130_fd_sc_hd__a2111o_2)
     2    0.006837    0.073865    0.449712    4.164955 v _127_/X (sky130_fd_sc_hd__a2111o_2)
                                                         _062_ (net)
                      0.073865    0.000115    4.165070 v _141_/B (sky130_fd_sc_hd__and3_4)
     1    0.002687    0.030294    0.179443    4.344513 v _141_/X (sky130_fd_sc_hd__and3_4)
                                                         _076_ (net)
                      0.030294    0.000016    4.344528 v _142_/B (sky130_fd_sc_hd__or4b_4)
     3    0.014130    0.101794    0.564373    4.908901 v _142_/X (sky130_fd_sc_hd__or4b_4)
                                                         _077_ (net)
                      0.101794    0.000188    4.909089 v _144_/B1 (sky130_fd_sc_hd__o21a_4)
     2    0.010375    0.041365    0.153793    5.062882 v _144_/X (sky130_fd_sc_hd__o21a_4)
                                                         net28 (net)
                      0.041365    0.000065    5.062947 v _193_/B1 (sky130_fd_sc_hd__a211oi_2)
     1    0.006139    0.191601    0.229709    5.292656 ^ _193_/Y (sky130_fd_sc_hd__a211oi_2)
                                                         net29 (net)
                      0.191601    0.000061    5.292717 ^ output29/A (sky130_fd_sc_hd__buf_6)
     1    0.034288    0.077939    0.174486    5.467203 ^ output29/X (sky130_fd_sc_hd__buf_6)
                                                         zero (net)
                      0.077939    0.000274    5.467477 ^ zero (out)
                                              5.467477   data arrival time

                      0.000000   10.000000   10.000000   clock __VIRTUAL_CLK__ (rise edge)
                                  0.000000   10.000000   clock network delay (ideal)
                                 -0.250000    9.750000   clock uncertainty
                                  0.000000    9.750000   clock reconvergence pessimism
                                 -2.000000    7.750000   output external delay
                                              7.750000   data required time
---------------------------------------------------------------------------------------------
                                              7.750000   data required time
                                             -5.467477   data arrival time
---------------------------------------------------------------------------------------------
                                              2.282523   slack (MET)


Startpoint: opcode[1] (input port clocked by __VIRTUAL_CLK__)
Endpoint: overflow (output port clocked by __VIRTUAL_CLK__)
Path Group: __VIRTUAL_CLK__
Path Type: max

Fanout         Cap        Slew       Delay        Time   Description
---------------------------------------------------------------------------------------------
                      0.000000    0.000000    0.000000   clock __VIRTUAL_CLK__ (rise edge)
                                  0.000000    0.000000   clock network delay (ideal)
                                  2.000000    2.000000 v input external delay
     1    0.005966    0.015706    0.010137    2.010137 v opcode[1] (in)
                                                         opcode[1] (net)
                      0.015706    0.000000    2.010137 v input18/A (sky130_fd_sc_hd__buf_6)
     2    0.009004    0.024614    0.106377    2.116514 v input18/X (sky130_fd_sc_hd__buf_6)
                                                         net18 (net)
                      0.024614    0.000052    2.116566 v fanout31/A (sky130_fd_sc_hd__buf_6)
     2    0.009671    0.025144    0.111009    2.227575 v fanout31/X (sky130_fd_sc_hd__buf_6)
                                                         net31 (net)
                      0.025144    0.000304    2.227879 v _097_/A (sky130_fd_sc_hd__or3b_4)
     2    0.008920    0.074661    0.413206    2.641085 v _097_/X (sky130_fd_sc_hd__or3b_4)
                                                         _032_ (net)
                      0.074661    0.000078    2.641164 v max_cap30/A (sky130_fd_sc_hd__buf_8)
     3    0.016319    0.028517    0.140893    2.782056 v max_cap30/X (sky130_fd_sc_hd__buf_8)
                                                         net30 (net)
                      0.028517    0.000302    2.782359 v _116_/B (sky130_fd_sc_hd__xor2_2)
     2    0.013057    0.197553    0.193567    2.975926 ^ _116_/X (sky130_fd_sc_hd__xor2_2)
                                                         _051_ (net)
                      0.197553    0.000127    2.976053 ^ _117_/A_N (sky130_fd_sc_hd__and2b_2)
     1    0.006688    0.044956    0.266086    3.242138 v _117_/X (sky130_fd_sc_hd__and2b_2)
                                                         _052_ (net)
                      0.044956    0.000151    3.242290 v _121_/B1 (sky130_fd_sc_hd__a21o_4)
     4    0.016488    0.048576    0.210342    3.452632 v _121_/X (sky130_fd_sc_hd__a21o_4)
                                                         _056_ (net)
                      0.048577    0.000302    3.452934 v _125_/A3 (sky130_fd_sc_hd__a31o_4)
     3    0.011773    0.044853    0.262073    3.715008 v _125_/X (sky130_fd_sc_hd__a31o_4)
                                                         _060_ (net)
                      0.044853    0.000235    3.715243 v _127_/A1 (sky130_fd_sc_hd__a2111o_2)
     2    0.006837    0.073865    0.449712    4.164955 v _127_/X (sky130_fd_sc_hd__a2111o_2)
                                                         _062_ (net)
                      0.073865    0.000115    4.165070 v _141_/B (sky130_fd_sc_hd__and3_4)
     1    0.002687    0.030294    0.179443    4.344513 v _141_/X (sky130_fd_sc_hd__and3_4)
                                                         _076_ (net)
                      0.030294    0.000016    4.344528 v _142_/B (sky130_fd_sc_hd__or4b_4)
     3    0.014130    0.101794    0.564373    4.908901 v _142_/X (sky130_fd_sc_hd__or4b_4)
                                                         _077_ (net)
                      0.101794    0.000223    4.909124 v _145_/A1 (sky130_fd_sc_hd__a21o_2)
     1    0.004566    0.038765    0.221463    5.130587 v _145_/X (sky130_fd_sc_hd__a21o_2)
                                                         _079_ (net)
                      0.038765    0.000083    5.130670 v _146_/C (sky130_fd_sc_hd__and3_4)
     1    0.007484    0.036802    0.185512    5.316183 v _146_/X (sky130_fd_sc_hd__and3_4)
                                                         net20 (net)
                      0.036802    0.000101    5.316284 v output20/A (sky130_fd_sc_hd__buf_8)
     1    0.034762    0.040093    0.137330    5.453614 v output20/X (sky130_fd_sc_hd__buf_8)
                                                         overflow (net)
                      0.040094    0.000252    5.453866 v overflow (out)
                                              5.453866   data arrival time

                      0.000000   10.000000   10.000000   clock __VIRTUAL_CLK__ (rise edge)
                                  0.000000   10.000000   clock network delay (ideal)
                                 -0.250000    9.750000   clock uncertainty
                                  0.000000    9.750000   clock reconvergence pessimism
                                 -2.000000    7.750000   output external delay
                                              7.750000   data required time
---------------------------------------------------------------------------------------------
                                              7.750000   data required time
                                             -5.453866   data arrival time
---------------------------------------------------------------------------------------------
                                              2.296134   slack (MET)


Startpoint: opcode[1] (input port clocked by __VIRTUAL_CLK__)
Endpoint: result[7] (output port clocked by __VIRTUAL_CLK__)
Path Group: __VIRTUAL_CLK__
Path Type: max

Fanout         Cap        Slew       Delay        Time   Description
---------------------------------------------------------------------------------------------
                      0.000000    0.000000    0.000000   clock __VIRTUAL_CLK__ (rise edge)
                                  0.000000    0.000000   clock network delay (ideal)
                                  2.000000    2.000000 v input external delay
     1    0.005966    0.015706    0.010137    2.010137 v opcode[1] (in)
                                                         opcode[1] (net)
                      0.015706    0.000000    2.010137 v input18/A (sky130_fd_sc_hd__buf_6)
     2    0.009004    0.024614    0.106377    2.116514 v input18/X (sky130_fd_sc_hd__buf_6)
                                                         net18 (net)
                      0.024614    0.000052    2.116566 v fanout31/A (sky130_fd_sc_hd__buf_6)
     2    0.009671    0.025144    0.111009    2.227575 v fanout31/X (sky130_fd_sc_hd__buf_6)
                                                         net31 (net)
                      0.025144    0.000304    2.227879 v _097_/A (sky130_fd_sc_hd__or3b_4)
     2    0.008920    0.074661    0.413206    2.641085 v _097_/X (sky130_fd_sc_hd__or3b_4)
                                                         _032_ (net)
                      0.074661    0.000078    2.641164 v max_cap30/A (sky130_fd_sc_hd__buf_8)
     3    0.016319    0.028517    0.140893    2.782056 v max_cap30/X (sky130_fd_sc_hd__buf_8)
                                                         net30 (net)
                      0.028517    0.000302    2.782359 v _116_/B (sky130_fd_sc_hd__xor2_2)
     2    0.013057    0.197553    0.193567    2.975926 ^ _116_/X (sky130_fd_sc_hd__xor2_2)
                                                         _051_ (net)
                      0.197553    0.000127    2.976053 ^ _117_/A_N (sky130_fd_sc_hd__and2b_2)
     1    0.006688    0.044956    0.266086    3.242138 v _117_/X (sky130_fd_sc_hd__and2b_2)
                                                         _052_ (net)
                      0.044956    0.000151    3.242290 v _121_/B1 (sky130_fd_sc_hd__a21o_4)
     4    0.016488    0.048576    0.210342    3.452632 v _121_/X (sky130_fd_sc_hd__a21o_4)
                                                         _056_ (net)
                      0.048577    0.000302    3.452934 v _125_/A3 (sky130_fd_sc_hd__a31o_4)
     3    0.011773    0.044853    0.262073    3.715008 v _125_/X (sky130_fd_sc_hd__a31o_4)
                                                         _060_ (net)
                      0.044853    0.000235    3.715243 v _127_/A1 (sky130_fd_sc_hd__a2111o_2)
     2    0.006837    0.073865    0.449712    4.164955 v _127_/X (sky130_fd_sc_hd__a2111o_2)
                                                         _062_ (net)
                      0.073865    0.000115    4.165070 v _141_/B (sky130_fd_sc_hd__and3_4)
     1    0.002687    0.030294    0.179443    4.344513 v _141_/X (sky130_fd_sc_hd__and3_4)
                                                         _076_ (net)
                      0.030294    0.000016    4.344528 v _142_/B (sky130_fd_sc_hd__or4b_4)
     3    0.014130    0.101794    0.564373    4.908901 v _142_/X (sky130_fd_sc_hd__or4b_4)
                                                         _077_ (net)
                      0.101794    0.000188    4.909089 v _144_/B1 (sky130_fd_sc_hd__o21a_4)
     2    0.010375    0.041365    0.153793    5.062882 v _144_/X (sky130_fd_sc_hd__o21a_4)
                                                         net28 (net)
                      0.041365    0.000056    5.062938 v output28/A (sky130_fd_sc_hd__buf_6)
     1    0.034402    0.043724    0.142057    5.204994 v output28/X (sky130_fd_sc_hd__buf_6)
                                                         result[7] (net)
                      0.043725    0.000284    5.205278 v result[7] (out)
                                              5.205278   data arrival time

                      0.000000   10.000000   10.000000   clock __VIRTUAL_CLK__ (rise edge)
                                  0.000000   10.000000   clock network delay (ideal)
                                 -0.250000    9.750000   clock uncertainty
                                  0.000000    9.750000   clock reconvergence pessimism
                                 -2.000000    7.750000   output external delay
                                              7.750000   data required time
---------------------------------------------------------------------------------------------
                                              7.750000   data required time
                                             -5.205278   data arrival time
---------------------------------------------------------------------------------------------
                                              2.544722   slack (MET)


Startpoint: opcode[1] (input port clocked by __VIRTUAL_CLK__)
Endpoint: result[5] (output port clocked by __VIRTUAL_CLK__)
Path Group: __VIRTUAL_CLK__
Path Type: max

Fanout         Cap        Slew       Delay        Time   Description
---------------------------------------------------------------------------------------------
                      0.000000    0.000000    0.000000   clock __VIRTUAL_CLK__ (rise edge)
                                  0.000000    0.000000   clock network delay (ideal)
                                  2.000000    2.000000 v input external delay
     1    0.005966    0.015706    0.010137    2.010137 v opcode[1] (in)
                                                         opcode[1] (net)
                      0.015706    0.000000    2.010137 v input18/A (sky130_fd_sc_hd__buf_6)
     2    0.009004    0.024614    0.106377    2.116514 v input18/X (sky130_fd_sc_hd__buf_6)
                                                         net18 (net)
                      0.024614    0.000052    2.116566 v fanout31/A (sky130_fd_sc_hd__buf_6)
     2    0.009671    0.025144    0.111009    2.227575 v fanout31/X (sky130_fd_sc_hd__buf_6)
                                                         net31 (net)
                      0.025144    0.000304    2.227879 v _097_/A (sky130_fd_sc_hd__or3b_4)
     2    0.008920    0.074661    0.413206    2.641085 v _097_/X (sky130_fd_sc_hd__or3b_4)
                                                         _032_ (net)
                      0.074661    0.000078    2.641164 v max_cap30/A (sky130_fd_sc_hd__buf_8)
     3    0.016319    0.028517    0.140893    2.782056 v max_cap30/X (sky130_fd_sc_hd__buf_8)
                                                         net30 (net)
                      0.028517    0.000302    2.782359 v _116_/B (sky130_fd_sc_hd__xor2_2)
     2    0.013057    0.197553    0.193567    2.975926 ^ _116_/X (sky130_fd_sc_hd__xor2_2)
                                                         _051_ (net)
                      0.197553    0.000127    2.976053 ^ _117_/A_N (sky130_fd_sc_hd__and2b_2)
     1    0.006688    0.044956    0.266086    3.242138 v _117_/X (sky130_fd_sc_hd__and2b_2)
                                                         _052_ (net)
                      0.044956    0.000151    3.242290 v _121_/B1 (sky130_fd_sc_hd__a21o_4)
     4    0.016488    0.048576    0.210342    3.452632 v _121_/X (sky130_fd_sc_hd__a21o_4)
                                                         _056_ (net)
                      0.048577    0.000302    3.452934 v _125_/A3 (sky130_fd_sc_hd__a31o_4)
     3    0.011773    0.044853    0.262073    3.715008 v _125_/X (sky130_fd_sc_hd__a31o_4)
                                                         _060_ (net)
                      0.044853    0.000215    3.715223 v _126_/B (sky130_fd_sc_hd__and2_2)
     3    0.012578    0.058374    0.225595    3.940818 v _126_/X (sky130_fd_sc_hd__and2_2)
                                                         _061_ (net)
                      0.058374    0.000047    3.940865 v _176_/A2 (sky130_fd_sc_hd__o31a_2)
     1    0.002298    0.049107    0.331390    4.272255 v _176_/X (sky130_fd_sc_hd__o31a_2)
                                                         _012_ (net)
                      0.049107    0.000009    4.272264 v _179_/A2 (sky130_fd_sc_hd__a21o_2)
     2    0.005659    0.040861    0.226491    4.498755 v _179_/X (sky130_fd_sc_hd__a21o_2)
                                                         _015_ (net)
                      0.040861    0.000055    4.498810 v _180_/B (sky130_fd_sc_hd__and2_2)
     1    0.003531    0.038438    0.192886    4.691696 v _180_/X (sky130_fd_sc_hd__and2_2)
                                                         net26 (net)
                      0.038438    0.000056    4.691751 v output26/A (sky130_fd_sc_hd__dlymetal6s2s_1)
     1    0.035702    0.178058    0.263307    4.955058 v output26/X (sky130_fd_sc_hd__dlymetal6s2s_1)
                                                         result[5] (net)
                      0.178058    0.000432    4.955491 v result[5] (out)
                                              4.955491   data arrival time

                      0.000000   10.000000   10.000000   clock __VIRTUAL_CLK__ (rise edge)
                                  0.000000   10.000000   clock network delay (ideal)
                                 -0.250000    9.750000   clock uncertainty
                                  0.000000    9.750000   clock reconvergence pessimism
                                 -2.000000    7.750000   output external delay
                                              7.750000   data required time
---------------------------------------------------------------------------------------------
                                              7.750000   data required time
                                             -4.955491   data arrival time
---------------------------------------------------------------------------------------------
                                              2.794510   slack (MET)


Startpoint: opcode[1] (input port clocked by __VIRTUAL_CLK__)
Endpoint: result[6] (output port clocked by __VIRTUAL_CLK__)
Path Group: __VIRTUAL_CLK__
Path Type: max

Fanout         Cap        Slew       Delay        Time   Description
---------------------------------------------------------------------------------------------
                      0.000000    0.000000    0.000000   clock __VIRTUAL_CLK__ (rise edge)
                                  0.000000    0.000000   clock network delay (ideal)
                                  2.000000    2.000000 v input external delay
     1    0.005966    0.015706    0.010137    2.010137 v opcode[1] (in)
                                                         opcode[1] (net)
                      0.015706    0.000000    2.010137 v input18/A (sky130_fd_sc_hd__buf_6)
     2    0.009004    0.024614    0.106377    2.116514 v input18/X (sky130_fd_sc_hd__buf_6)
                                                         net18 (net)
                      0.024614    0.000052    2.116566 v fanout31/A (sky130_fd_sc_hd__buf_6)
     2    0.009671    0.025144    0.111009    2.227575 v fanout31/X (sky130_fd_sc_hd__buf_6)
                                                         net31 (net)
                      0.025144    0.000304    2.227879 v _097_/A (sky130_fd_sc_hd__or3b_4)
     2    0.008920    0.074661    0.413206    2.641085 v _097_/X (sky130_fd_sc_hd__or3b_4)
                                                         _032_ (net)
                      0.074661    0.000078    2.641164 v max_cap30/A (sky130_fd_sc_hd__buf_8)
     3    0.016319    0.028517    0.140893    2.782056 v max_cap30/X (sky130_fd_sc_hd__buf_8)
                                                         net30 (net)
                      0.028517    0.000302    2.782359 v _116_/B (sky130_fd_sc_hd__xor2_2)
     2    0.013057    0.197553    0.193567    2.975926 ^ _116_/X (sky130_fd_sc_hd__xor2_2)
                                                         _051_ (net)
                      0.197553    0.000127    2.976053 ^ _117_/A_N (sky130_fd_sc_hd__and2b_2)
     1    0.006688    0.044956    0.266086    3.242138 v _117_/X (sky130_fd_sc_hd__and2b_2)
                                                         _052_ (net)
                      0.044956    0.000151    3.242290 v _121_/B1 (sky130_fd_sc_hd__a21o_4)
     4    0.016488    0.048576    0.210342    3.452632 v _121_/X (sky130_fd_sc_hd__a21o_4)
                                                         _056_ (net)
                      0.048577    0.000302    3.452934 v _125_/A3 (sky130_fd_sc_hd__a31o_4)
     3    0.011773    0.044853    0.262073    3.715008 v _125_/X (sky130_fd_sc_hd__a31o_4)
                                                         _060_ (net)
                      0.044853    0.000215    3.715223 v _126_/B (sky130_fd_sc_hd__and2_2)
     3    0.012578    0.058374    0.225595    3.940818 v _126_/X (sky130_fd_sc_hd__and2_2)
                                                         _061_ (net)
                      0.058374    0.000030    3.940848 v _175_/A2 (sky130_fd_sc_hd__o21ai_2)
     3    0.013065    0.183392    0.190850    4.131697 ^ _175_/Y (sky130_fd_sc_hd__o21ai_2)
                                                         _011_ (net)
                      0.183392    0.000167    4.131865 ^ _185_/B (sky130_fd_sc_hd__nand3_2)
     1    0.002738    0.055532    0.091454    4.223318 v _185_/Y (sky130_fd_sc_hd__nand3_2)
                                                         _020_ (net)
                      0.055532    0.000017    4.223335 v _189_/A3 (sky130_fd_sc_hd__a31o_2)
     2    0.006553    0.045704    0.268219    4.491554 v _189_/X (sky130_fd_sc_hd__a31o_2)
                                                         _024_ (net)
                      0.045704    0.000027    4.491581 v _190_/B (sky130_fd_sc_hd__and2_2)
     1    0.002915    0.036691    0.192165    4.683746 v _190_/X (sky130_fd_sc_hd__and2_2)
                                                         net27 (net)
                      0.036691    0.000040    4.683786 v output27/A (sky130_fd_sc_hd__dlymetal6s2s_1)
     1    0.034670    0.173467    0.258802    4.942588 v output27/X (sky130_fd_sc_hd__dlymetal6s2s_1)
                                                         result[6] (net)
                      0.173467    0.000503    4.943090 v result[6] (out)
                                              4.943090   data arrival time

                      0.000000   10.000000   10.000000   clock __VIRTUAL_CLK__ (rise edge)
                                  0.000000   10.000000   clock network delay (ideal)
                                 -0.250000    9.750000   clock uncertainty
                                  0.000000    9.750000   clock reconvergence pessimism
                                 -2.000000    7.750000   output external delay
                                              7.750000   data required time
---------------------------------------------------------------------------------------------
                                              7.750000   data required time
                                             -4.943090   data arrival time
---------------------------------------------------------------------------------------------
                                              2.806910   slack (MET)


Startpoint: opcode[1] (input port clocked by __VIRTUAL_CLK__)
Endpoint: result[4] (output port clocked by __VIRTUAL_CLK__)
Path Group: __VIRTUAL_CLK__
Path Type: max

Fanout         Cap        Slew       Delay        Time   Description
---------------------------------------------------------------------------------------------
                      0.000000    0.000000    0.000000   clock __VIRTUAL_CLK__ (rise edge)
                                  0.000000    0.000000   clock network delay (ideal)
                                  2.000000    2.000000 v input external delay
     1    0.005966    0.015706    0.010137    2.010137 v opcode[1] (in)
                                                         opcode[1] (net)
                      0.015706    0.000000    2.010137 v input18/A (sky130_fd_sc_hd__buf_6)
     2    0.009004    0.024614    0.106377    2.116514 v input18/X (sky130_fd_sc_hd__buf_6)
                                                         net18 (net)
                      0.024614    0.000052    2.116566 v fanout31/A (sky130_fd_sc_hd__buf_6)
     2    0.009671    0.025144    0.111009    2.227575 v fanout31/X (sky130_fd_sc_hd__buf_6)
                                                         net31 (net)
                      0.025144    0.000304    2.227879 v _097_/A (sky130_fd_sc_hd__or3b_4)
     2    0.008920    0.074661    0.413206    2.641085 v _097_/X (sky130_fd_sc_hd__or3b_4)
                                                         _032_ (net)
                      0.074661    0.000078    2.641164 v max_cap30/A (sky130_fd_sc_hd__buf_8)
     3    0.016319    0.028517    0.140893    2.782056 v max_cap30/X (sky130_fd_sc_hd__buf_8)
                                                         net30 (net)
                      0.028517    0.000172    2.782228 v rebuffer39/A (sky130_fd_sc_hd__buf_2)
     2    0.015563    0.050134    0.145331    2.927560 v rebuffer39/X (sky130_fd_sc_hd__buf_2)
                                                         net39 (net)
                      0.050134    0.000126    2.927685 v _111_/B (sky130_fd_sc_hd__xor2_2)
     3    0.009057    0.066102    0.162803    3.090488 v _111_/X (sky130_fd_sc_hd__xor2_2)
                                                         _046_ (net)
                      0.066102    0.000028    3.090516 v _114_/B (sky130_fd_sc_hd__and2_2)
     1    0.004771    0.041754    0.209991    3.300507 v _114_/X (sky130_fd_sc_hd__and2_2)
                                                         _049_ (net)
                      0.041754    0.000051    3.300558 v _115_/B (sky130_fd_sc_hd__nor2_2)
     5    0.022089    0.253498    0.223606    3.524165 ^ _115_/Y (sky130_fd_sc_hd__nor2_2)
                                                         _050_ (net)
                      0.253499    0.000280    3.524445 ^ _125_/A1 (sky130_fd_sc_hd__a31o_4)
     3    0.012693    0.060117    0.218134    3.742579 ^ _125_/X (sky130_fd_sc_hd__a31o_4)
                                                         _060_ (net)
                      0.060117    0.000233    3.742812 ^ _126_/B (sky130_fd_sc_hd__and2_2)
     3    0.013903    0.086544    0.186985    3.929797 ^ _126_/X (sky130_fd_sc_hd__and2_2)
                                                         _061_ (net)
                      0.086544    0.000075    3.929873 ^ _169_/A (sky130_fd_sc_hd__nor2_2)
     1    0.003652    0.029218    0.048857    3.978730 v _169_/Y (sky130_fd_sc_hd__nor2_2)
                                                         _006_ (net)
                      0.029218    0.000051    3.978781 v _172_/A1 (sky130_fd_sc_hd__o32a_2)
     2    0.007201    0.064449    0.407857    4.386638 v _172_/X (sky130_fd_sc_hd__o32a_2)
                                                         net25 (net)
                      0.064449    0.000068    4.386705 v output25/A (sky130_fd_sc_hd__clkdlybuf4s25_1)
     1    0.035044    0.260709    0.448501    4.835206 v output25/X (sky130_fd_sc_hd__clkdlybuf4s25_1)
                                                         result[4] (net)
                      0.260709    0.000358    4.835564 v result[4] (out)
                                              4.835564   data arrival time

                      0.000000   10.000000   10.000000   clock __VIRTUAL_CLK__ (rise edge)
                                  0.000000   10.000000   clock network delay (ideal)
                                 -0.250000    9.750000   clock uncertainty
                                  0.000000    9.750000   clock reconvergence pessimism
                                 -2.000000    7.750000   output external delay
                                              7.750000   data required time
---------------------------------------------------------------------------------------------
                                              7.750000   data required time
                                             -4.835564   data arrival time
---------------------------------------------------------------------------------------------
                                              2.914436   slack (MET)


Startpoint: opcode[1] (input port clocked by __VIRTUAL_CLK__)
Endpoint: result[3] (output port clocked by __VIRTUAL_CLK__)
Path Group: __VIRTUAL_CLK__
Path Type: max

Fanout         Cap        Slew       Delay        Time   Description
---------------------------------------------------------------------------------------------
                      0.000000    0.000000    0.000000   clock __VIRTUAL_CLK__ (rise edge)
                                  0.000000    0.000000   clock network delay (ideal)
                                  2.000000    2.000000 v input external delay
     1    0.005966    0.015706    0.010137    2.010137 v opcode[1] (in)
                                                         opcode[1] (net)
                      0.015706    0.000000    2.010137 v input18/A (sky130_fd_sc_hd__buf_6)
     2    0.009004    0.024614    0.106377    2.116514 v input18/X (sky130_fd_sc_hd__buf_6)
                                                         net18 (net)
                      0.024614    0.000052    2.116566 v fanout31/A (sky130_fd_sc_hd__buf_6)
     2    0.009671    0.025144    0.111009    2.227575 v fanout31/X (sky130_fd_sc_hd__buf_6)
                                                         net31 (net)
                      0.025144    0.000304    2.227879 v _097_/A (sky130_fd_sc_hd__or3b_4)
     2    0.008920    0.074661    0.413206    2.641085 v _097_/X (sky130_fd_sc_hd__or3b_4)
                                                         _032_ (net)
                      0.074661    0.000078    2.641164 v max_cap30/A (sky130_fd_sc_hd__buf_8)
     3    0.016319    0.028517    0.140893    2.782056 v max_cap30/X (sky130_fd_sc_hd__buf_8)
                                                         net30 (net)
                      0.028517    0.000172    2.782228 v rebuffer39/A (sky130_fd_sc_hd__buf_2)
     2    0.015563    0.050134    0.145331    2.927560 v rebuffer39/X (sky130_fd_sc_hd__buf_2)
                                                         net39 (net)
                      0.050134    0.000126    2.927685 v _111_/B (sky130_fd_sc_hd__xor2_2)
     3    0.009057    0.066102    0.162803    3.090488 v _111_/X (sky130_fd_sc_hd__xor2_2)
                                                         _046_ (net)
                      0.066102    0.000028    3.090516 v _114_/B (sky130_fd_sc_hd__and2_2)
     1    0.004771    0.041754    0.209991    3.300507 v _114_/X (sky130_fd_sc_hd__and2_2)
                                                         _049_ (net)
                      0.041754    0.000051    3.300558 v _115_/B (sky130_fd_sc_hd__nor2_2)
     5    0.022089    0.253498    0.223606    3.524165 ^ _115_/Y (sky130_fd_sc_hd__nor2_2)
                                                         _050_ (net)
                      0.253499    0.000360    3.524524 ^ _162_/A1 (sky130_fd_sc_hd__a21oi_2)
     2    0.006767    0.073593    0.103993    3.628517 v _162_/Y (sky130_fd_sc_hd__a21oi_2)
                                                         _000_ (net)
                      0.073593    0.000049    3.628566 v _164_/C (sky130_fd_sc_hd__or3_2)
     1    0.002967    0.075879    0.431488    4.060054 v _164_/X (sky130_fd_sc_hd__or3_2)
                                                         _002_ (net)
                      0.075879    0.000036    4.060090 v _167_/A2_N (sky130_fd_sc_hd__o2bb2a_2)
     2    0.008249    0.064267    0.278528    4.338618 ^ _167_/X (sky130_fd_sc_hd__o2bb2a_2)
                                                         net24 (net)
                      0.064267    0.000023    4.338640 ^ output24/A (sky130_fd_sc_hd__clkdlybuf4s25_1)
     1    0.034711    0.350157    0.492768    4.831409 ^ output24/X (sky130_fd_sc_hd__clkdlybuf4s25_1)
                                                         result[3] (net)
                      0.350157    0.000299    4.831707 ^ result[3] (out)
                                              4.831707   data arrival time

                      0.000000   10.000000   10.000000   clock __VIRTUAL_CLK__ (rise edge)
                                  0.000000   10.000000   clock network delay (ideal)
                                 -0.250000    9.750000   clock uncertainty
                                  0.000000    9.750000   clock reconvergence pessimism
                                 -2.000000    7.750000   output external delay
                                              7.750000   data required time
---------------------------------------------------------------------------------------------
                                              7.750000   data required time
                                             -4.831707   data arrival time
---------------------------------------------------------------------------------------------
                                              2.918292   slack (MET)


Startpoint: opcode[1] (input port clocked by __VIRTUAL_CLK__)
Endpoint: result[2] (output port clocked by __VIRTUAL_CLK__)
Path Group: __VIRTUAL_CLK__
Path Type: max

Fanout         Cap        Slew       Delay        Time   Description
---------------------------------------------------------------------------------------------
                      0.000000    0.000000    0.000000   clock __VIRTUAL_CLK__ (rise edge)
                                  0.000000    0.000000   clock network delay (ideal)
                                  2.000000    2.000000 v input external delay
     1    0.005966    0.015706    0.010137    2.010137 v opcode[1] (in)
                                                         opcode[1] (net)
                      0.015706    0.000000    2.010137 v input18/A (sky130_fd_sc_hd__buf_6)
     2    0.009004    0.024614    0.106377    2.116514 v input18/X (sky130_fd_sc_hd__buf_6)
                                                         net18 (net)
                      0.024614    0.000052    2.116566 v fanout31/A (sky130_fd_sc_hd__buf_6)
     2    0.009671    0.025144    0.111009    2.227575 v fanout31/X (sky130_fd_sc_hd__buf_6)
                                                         net31 (net)
                      0.025144    0.000304    2.227879 v _097_/A (sky130_fd_sc_hd__or3b_4)
     2    0.008920    0.074661    0.413206    2.641085 v _097_/X (sky130_fd_sc_hd__or3b_4)
                                                         _032_ (net)
                      0.074661    0.000078    2.641164 v max_cap30/A (sky130_fd_sc_hd__buf_8)
     3    0.016319    0.028517    0.140893    2.782056 v max_cap30/X (sky130_fd_sc_hd__buf_8)
                                                         net30 (net)
                      0.028517    0.000172    2.782228 v rebuffer39/A (sky130_fd_sc_hd__buf_2)
     2    0.015563    0.050134    0.145331    2.927560 v rebuffer39/X (sky130_fd_sc_hd__buf_2)
                                                         net39 (net)
                      0.050134    0.000126    2.927685 v _111_/B (sky130_fd_sc_hd__xor2_2)
     3    0.009057    0.066102    0.162803    3.090488 v _111_/X (sky130_fd_sc_hd__xor2_2)
                                                         _046_ (net)
                      0.066102    0.000028    3.090516 v _114_/B (sky130_fd_sc_hd__and2_2)
     1    0.004771    0.041754    0.209991    3.300507 v _114_/X (sky130_fd_sc_hd__and2_2)
                                                         _049_ (net)
                      0.041754    0.000051    3.300558 v _115_/B (sky130_fd_sc_hd__nor2_2)
     5    0.022089    0.253498    0.223606    3.524165 ^ _115_/Y (sky130_fd_sc_hd__nor2_2)
                                                         _050_ (net)
                      0.253499    0.000377    3.524542 ^ _157_/A1 (sky130_fd_sc_hd__a21oi_2)
     1    0.003643    0.063486    0.087984    3.612526 v _157_/Y (sky130_fd_sc_hd__a21oi_2)
                                                         _088_ (net)
                      0.063486    0.000033    3.612558 v _158_/B1 (sky130_fd_sc_hd__o21a_2)
     1    0.003684    0.035903    0.126677    3.739236 v _158_/X (sky130_fd_sc_hd__o21a_2)
                                                         _089_ (net)
                      0.035903    0.000045    3.739281 v _161_/A1 (sky130_fd_sc_hd__o32a_2)
     2    0.004763    0.059280    0.399566    4.138847 v _161_/X (sky130_fd_sc_hd__o32a_2)
                                                         net23 (net)
                      0.059280    0.000040    4.138886 v output23/A (sky130_fd_sc_hd__clkdlybuf4s25_1)
     1    0.035239    0.262299    0.446887    4.585773 v output23/X (sky130_fd_sc_hd__clkdlybuf4s25_1)
                                                         result[2] (net)
                      0.262299    0.000778    4.586550 v result[2] (out)
                                              4.586550   data arrival time

                      0.000000   10.000000   10.000000   clock __VIRTUAL_CLK__ (rise edge)
                                  0.000000   10.000000   clock network delay (ideal)
                                 -0.250000    9.750000   clock uncertainty
                                  0.000000    9.750000   clock reconvergence pessimism
                                 -2.000000    7.750000   output external delay
                                              7.750000   data required time
---------------------------------------------------------------------------------------------
                                              7.750000   data required time
                                             -4.586550   data arrival time
---------------------------------------------------------------------------------------------
                                              3.163450   slack (MET)


Startpoint: opcode[1] (input port clocked by __VIRTUAL_CLK__)
Endpoint: result[1] (output port clocked by __VIRTUAL_CLK__)
Path Group: __VIRTUAL_CLK__
Path Type: max

Fanout         Cap        Slew       Delay        Time   Description
---------------------------------------------------------------------------------------------
                      0.000000    0.000000    0.000000   clock __VIRTUAL_CLK__ (rise edge)
                                  0.000000    0.000000   clock network delay (ideal)
                                  2.000000    2.000000 v input external delay
     1    0.005966    0.015706    0.010137    2.010137 v opcode[1] (in)
                                                         opcode[1] (net)
                      0.015706    0.000000    2.010137 v input18/A (sky130_fd_sc_hd__buf_6)
     2    0.009004    0.024614    0.106377    2.116514 v input18/X (sky130_fd_sc_hd__buf_6)
                                                         net18 (net)
                      0.024614    0.000052    2.116566 v fanout31/A (sky130_fd_sc_hd__buf_6)
     2    0.009671    0.025144    0.111009    2.227575 v fanout31/X (sky130_fd_sc_hd__buf_6)
                                                         net31 (net)
                      0.025144    0.000304    2.227879 v _097_/A (sky130_fd_sc_hd__or3b_4)
     2    0.008920    0.074661    0.413206    2.641085 v _097_/X (sky130_fd_sc_hd__or3b_4)
                                                         _032_ (net)
                      0.074661    0.000078    2.641164 v max_cap30/A (sky130_fd_sc_hd__buf_8)
     3    0.016319    0.028517    0.140893    2.782056 v max_cap30/X (sky130_fd_sc_hd__buf_8)
                                                         net30 (net)
                      0.028517    0.000302    2.782359 v _116_/B (sky130_fd_sc_hd__xor2_2)
     2    0.012212    0.075581    0.163253    2.945611 v _116_/X (sky130_fd_sc_hd__xor2_2)
                                                         _051_ (net)
                      0.075581    0.000104    2.945715 v _118_/A (sky130_fd_sc_hd__xnor2_2)
     4    0.015631    0.239817    0.266596    3.212312 ^ _118_/Y (sky130_fd_sc_hd__xnor2_2)
                                                         _053_ (net)
                      0.239817    0.000139    3.212451 ^ _152_/A1 (sky130_fd_sc_hd__a21oi_2)
     1    0.002706    0.058029    0.080921    3.293371 v _152_/Y (sky130_fd_sc_hd__a21oi_2)
                                                         _084_ (net)
                      0.058029    0.000014    3.293385 v _153_/B1 (sky130_fd_sc_hd__o21a_2)
     1    0.004271    0.037822    0.126318    3.419703 v _153_/X (sky130_fd_sc_hd__o21a_2)
                                                         _085_ (net)
                      0.037822    0.000071    3.419775 v _156_/A (sky130_fd_sc_hd__or3_2)
     2    0.005566    0.086086    0.505039    3.924814 v _156_/X (sky130_fd_sc_hd__or3_2)
                                                         net22 (net)
                      0.086086    0.000051    3.924864 v output22/A (sky130_fd_sc_hd__clkdlybuf4s25_1)
     1    0.034993    0.260015    0.458147    4.383011 v output22/X (sky130_fd_sc_hd__clkdlybuf4s25_1)
                                                         result[1] (net)
                      0.260015    0.000331    4.383342 v result[1] (out)
                                              4.383342   data arrival time

                      0.000000   10.000000   10.000000   clock __VIRTUAL_CLK__ (rise edge)
                                  0.000000   10.000000   clock network delay (ideal)
                                 -0.250000    9.750000   clock uncertainty
                                  0.000000    9.750000   clock reconvergence pessimism
                                 -2.000000    7.750000   output external delay
                                              7.750000   data required time
---------------------------------------------------------------------------------------------
                                              7.750000   data required time
                                             -4.383342   data arrival time
---------------------------------------------------------------------------------------------
                                              3.366658   slack (MET)


Startpoint: opcode[1] (input port clocked by __VIRTUAL_CLK__)
Endpoint: result[0] (output port clocked by __VIRTUAL_CLK__)
Path Group: __VIRTUAL_CLK__
Path Type: max

Fanout         Cap        Slew       Delay        Time   Description
---------------------------------------------------------------------------------------------
                      0.000000    0.000000    0.000000   clock __VIRTUAL_CLK__ (rise edge)
                                  0.000000    0.000000   clock network delay (ideal)
                                  2.000000    2.000000 v input external delay
     1    0.005966    0.015706    0.010137    2.010137 v opcode[1] (in)
                                                         opcode[1] (net)
                      0.015706    0.000000    2.010137 v input18/A (sky130_fd_sc_hd__buf_6)
     2    0.009004    0.024614    0.106377    2.116514 v input18/X (sky130_fd_sc_hd__buf_6)
                                                         net18 (net)
                      0.024614    0.000052    2.116566 v fanout31/A (sky130_fd_sc_hd__buf_6)
     2    0.009671    0.025144    0.111009    2.227575 v fanout31/X (sky130_fd_sc_hd__buf_6)
                                                         net31 (net)
                      0.025144    0.000126    2.227700 v rebuffer34/A (sky130_fd_sc_hd__buf_2)
     9    0.034673    0.090632    0.180717    2.408417 v rebuffer34/X (sky130_fd_sc_hd__buf_2)
                                                         net34 (net)
                      0.090646    0.001152    2.409569 v _095_/B (sky130_fd_sc_hd__and2_2)
     8    0.035252    0.103984    0.298897    2.708467 v _095_/X (sky130_fd_sc_hd__and2_2)
                                                         _030_ (net)
                      0.103984    0.000085    2.708552 v _150_/B1 (sky130_fd_sc_hd__a31o_2)
     1    0.003150    0.037323    0.242261    2.950812 v _150_/X (sky130_fd_sc_hd__a31o_2)
                                                         _083_ (net)
                      0.037323    0.000038    2.950850 v _151_/A3 (sky130_fd_sc_hd__o32a_2)
     2    0.005905    0.061801    0.344602    3.295452 v _151_/X (sky130_fd_sc_hd__o32a_2)
                                                         net21 (net)
                      0.061801    0.000074    3.295526 v output21/A (sky130_fd_sc_hd__clkdlybuf4s25_1)
     1    0.034902    0.259731    0.446530    3.742056 v output21/X (sky130_fd_sc_hd__clkdlybuf4s25_1)
                                                         result[0] (net)
                      0.259731    0.000324    3.742380 v result[0] (out)
                                              3.742380   data arrival time

                      0.000000   10.000000   10.000000   clock __VIRTUAL_CLK__ (rise edge)
                                  0.000000   10.000000   clock network delay (ideal)
                                 -0.250000    9.750000   clock uncertainty
                                  0.000000    9.750000   clock reconvergence pessimism
                                 -2.000000    7.750000   output external delay
                                              7.750000   data required time
---------------------------------------------------------------------------------------------
                                              7.750000   data required time
                                             -3.742380   data arrival time
---------------------------------------------------------------------------------------------
                                              4.007620   slack (MET)



