+ define_corners min_tt_025C_1v80
Reading timing models for corner min_tt_025C_1v80…
Reading cell library for the 'min_tt_025C_1v80' corner at '/home/thaituroblox/.ciel/ciel/ciel/sky130/versions/8afc8346a57fe1ab7934ba5a6056ea8b43078e71/sky130A/libs.ref/sky130_fd_sc_hd/lib/sky130_fd_sc_hd__tt_025C_1v80.lib'…
Reading top-level netlist at '/home/thaituroblox/Desktop/8_BIT_COUNTER/Counter-8-Bit-/alu_project/runs/RUN_2026-09-26_04-41-42/52-openroad-fillinsertion/alu_8bit.nl.v'…
Linking design 'alu_8bit' from netlist…
Warning: /home/thaituroblox/Desktop/8_BIT_COUNTER/Counter-8-Bit-/alu_project/runs/RUN_2026-09-26_04-41-42/52-openroad-fillinsertion/alu_8bit.nl.v line 155, module sky130_fd_sc_hd__fill_1 not found. Creating black box for FILLER_0_83.
Warning: /home/thaituroblox/Desktop/8_BIT_COUNTER/Counter-8-Bit-/alu_project/runs/RUN_2026-09-26_04-41-42/52-openroad-fillinsertion/alu_8bit.nl.v line 169, module sky130_fd_sc_hd__fill_2 not found. Creating black box for FILLER_11_67.
Warning: /home/thaituroblox/Desktop/8_BIT_COUNTER/Counter-8-Bit-/alu_project/runs/RUN_2026-09-26_04-41-42/52-openroad-fillinsertion/alu_8bit.nl.v line 304, module sky130_fd_sc_hd__tapvpwrvgnd_1 not found. Creating black box for TAP_TAPCELL_ROW_0_32.
Reading design constraints file at '/nix/store/8y4m6wgn5kqlbig1qwnwbxijqqp0jwib-python3-3.13.9-env/lib/python3.13/site-packages/librelane/scripts/base.sdc'…
[WARNING] No CLOCK_PORT found. A dummy clock will be used.
Warning: base.sdc line 15, port '__VIRTUAL_CLK__' not found.
[INFO] Using clock __VIRTUAL_CLK__…
[INFO] Setting output delay to: 2.0
[INFO] Setting input delay to: 2.0
Warning: base.sdc line 32, port '__VIRTUAL_CLK__' not found.
[INFO] Setting load to: 0.033442
[INFO] Setting clock uncertainty to: 0.25
[INFO] Setting clock transition to: 0.1499999999999999944488848768742172978818416595458984375
Warning: base.sdc line 69, transition time can not be specified for virtual clocks.
[INFO] Setting timing derate to: 5.0%
Warning: base.sdc line 79, virtual clock __VIRTUAL_CLK__ can not be propagated.
Reading top-level design parasitics for the 'min_tt_025C_1v80' corner at '/home/thaituroblox/Desktop/8_BIT_COUNTER/Counter-8-Bit-/alu_project/runs/RUN_2026-09-26_04-41-42/54-openroad-rcx/min/alu_8bit.min.spef'…
%OL_CREATE_REPORT min.rpt

===========================================================================
report_checks -path_delay min (Hold)
============================================================================
======================= min_tt_025C_1v80 Corner ===================================

Startpoint: opcode[2] (input port clocked by __VIRTUAL_CLK__)
Endpoint: result[7] (output port clocked by __VIRTUAL_CLK__)
Path Group: __VIRTUAL_CLK__
Path Type: min

Fanout         Cap        Slew       Delay        Time   Description
---------------------------------------------------------------------------------------------
                      0.000000    0.000000    0.000000   clock __VIRTUAL_CLK__ (rise edge)
                                  0.000000    0.000000   clock network delay (ideal)
                                  2.000000    2.000000 v input external delay
     1    0.004314    0.012135    0.006617    2.006617 v opcode[2] (in)
                                                         opcode[2] (net)
                      0.012135    0.000000    2.006617 v input19/A (sky130_fd_sc_hd__clkbuf_2)
    10    0.034797    0.133637    0.166862    2.173479 v input19/X (sky130_fd_sc_hd__clkbuf_2)
                                                         net19 (net)
                      0.133641    0.000823    2.174302 v _096_/A (sky130_fd_sc_hd__nand2_2)
     7    0.029125    0.157356    0.170616    2.344918 ^ _096_/Y (sky130_fd_sc_hd__nand2_2)
                                                         _031_ (net)
                      0.157406    0.000490    2.345408 ^ _144_/A2 (sky130_fd_sc_hd__o21a_4)
     2    0.011456    0.050120    0.146009    2.491417 ^ _144_/X (sky130_fd_sc_hd__o21a_4)
                                                         net28 (net)
                      0.050120    0.000055    2.491472 ^ output28/A (sky130_fd_sc_hd__buf_6)
     1    0.034402    0.076996    0.121016    2.612488 ^ output28/X (sky130_fd_sc_hd__buf_6)
                                                         result[7] (net)
                      0.076996    0.000257    2.612745 ^ result[7] (out)
                                              2.612745   data arrival time

                      0.000000    0.000000    0.000000   clock __VIRTUAL_CLK__ (rise edge)
                                  0.000000    0.000000   clock network delay (ideal)
                                  0.250000    0.250000   clock uncertainty
                                  0.000000    0.250000   clock reconvergence pessimism
                                 -2.000000   -1.750000   output external delay
                                             -1.750000   data required time
---------------------------------------------------------------------------------------------
                                             -1.750000   data required time
                                             -2.612745   data arrival time
---------------------------------------------------------------------------------------------
                                              4.362745   slack (MET)


Startpoint: opcode[2] (input port clocked by __VIRTUAL_CLK__)
Endpoint: zero (output port clocked by __VIRTUAL_CLK__)
Path Group: __VIRTUAL_CLK__
Path Type: min

Fanout         Cap        Slew       Delay        Time   Description
---------------------------------------------------------------------------------------------
                      0.000000    0.000000    0.000000   clock __VIRTUAL_CLK__ (rise edge)
                                  0.000000    0.000000   clock network delay (ideal)
                                  2.000000    2.000000 v input external delay
     1    0.004314    0.012135    0.006617    2.006617 v opcode[2] (in)
                                                         opcode[2] (net)
                      0.012135    0.000000    2.006617 v input19/A (sky130_fd_sc_hd__clkbuf_2)
    10    0.034797    0.133637    0.166862    2.173479 v input19/X (sky130_fd_sc_hd__clkbuf_2)
                                                         net19 (net)
                      0.133641    0.000823    2.174302 v _096_/A (sky130_fd_sc_hd__nand2_2)
     7    0.029125    0.157356    0.170616    2.344918 ^ _096_/Y (sky130_fd_sc_hd__nand2_2)
                                                         _031_ (net)
                      0.157406    0.000490    2.345408 ^ _144_/A2 (sky130_fd_sc_hd__o21a_4)
     2    0.011456    0.050120    0.146009    2.491417 ^ _144_/X (sky130_fd_sc_hd__o21a_4)
                                                         net28 (net)
                      0.050120    0.000066    2.491483 ^ _193_/B1 (sky130_fd_sc_hd__a211oi_2)
     1    0.005660    0.026343    0.042452    2.533935 v _193_/Y (sky130_fd_sc_hd__a211oi_2)
                                                         net29 (net)
                      0.026343    0.000051    2.533986 v output29/A (sky130_fd_sc_hd__buf_6)
     1    0.034288    0.043673    0.122256    2.656242 v output29/X (sky130_fd_sc_hd__buf_6)
                                                         zero (net)
                      0.043674    0.000248    2.656490 v zero (out)
                                              2.656490   data arrival time

                      0.000000    0.000000    0.000000   clock __VIRTUAL_CLK__ (rise edge)
                                  0.000000    0.000000   clock network delay (ideal)
                                  0.250000    0.250000   clock uncertainty
                                  0.000000    0.250000   clock reconvergence pessimism
                                 -2.000000   -1.750000   output external delay
                                             -1.750000   data required time
---------------------------------------------------------------------------------------------
                                             -1.750000   data required time
                                             -2.656490   data arrival time
---------------------------------------------------------------------------------------------
                                              4.406489   slack (MET)


Startpoint: a[7] (input port clocked by __VIRTUAL_CLK__)
Endpoint: overflow (output port clocked by __VIRTUAL_CLK__)
Path Group: __VIRTUAL_CLK__
Path Type: min

Fanout         Cap        Slew       Delay        Time   Description
---------------------------------------------------------------------------------------------
                      0.000000    0.000000    0.000000   clock __VIRTUAL_CLK__ (rise edge)
                                  0.000000    0.000000   clock network delay (ideal)
                                  2.000000    2.000000 v input external delay
     1    0.003321    0.009842    0.005029    2.005029 v a[7] (in)
                                                         a[7] (net)
                      0.009842    0.000000    2.005029 v input8/A (sky130_fd_sc_hd__clkdlybuf4s25_1)
     6    0.028048    0.211171    0.348739    2.353768 v input8/X (sky130_fd_sc_hd__clkdlybuf4s25_1)
                                                         net8 (net)
                      0.211171    0.000343    2.354111 v _143_/A (sky130_fd_sc_hd__nand2_2)
     1    0.003110    0.037173    0.097201    2.451313 ^ _143_/Y (sky130_fd_sc_hd__nand2_2)
                                                         _078_ (net)
                      0.037173    0.000031    2.451344 ^ _146_/B (sky130_fd_sc_hd__and3_4)
     1    0.008145    0.053291    0.168468    2.619811 ^ _146_/X (sky130_fd_sc_hd__and3_4)
                                                         net20 (net)
                      0.053291    0.000100    2.619911 ^ output20/A (sky130_fd_sc_hd__buf_8)
     1    0.034762    0.066411    0.113446    2.733357 ^ output20/X (sky130_fd_sc_hd__buf_8)
                                                         overflow (net)
                      0.066411    0.000228    2.733585 ^ overflow (out)
                                              2.733585   data arrival time

                      0.000000    0.000000    0.000000   clock __VIRTUAL_CLK__ (rise edge)
                                  0.000000    0.000000   clock network delay (ideal)
                                  0.250000    0.250000   clock uncertainty
                                  0.000000    0.250000   clock reconvergence pessimism
                                 -2.000000   -1.750000   output external delay
                                             -1.750000   data required time
---------------------------------------------------------------------------------------------
                                             -1.750000   data required time
                                             -2.733585   data arrival time
---------------------------------------------------------------------------------------------
                                              4.483585   slack (MET)


Startpoint: a[5] (input port clocked by __VIRTUAL_CLK__)
Endpoint: result[5] (output port clocked by __VIRTUAL_CLK__)
Path Group: __VIRTUAL_CLK__
Path Type: min

Fanout         Cap        Slew       Delay        Time   Description
---------------------------------------------------------------------------------------------
                      0.000000    0.000000    0.000000   clock __VIRTUAL_CLK__ (rise edge)
                                  0.000000    0.000000   clock network delay (ideal)
                                  2.000000    2.000000 ^ input external delay
     1    0.003510    0.022810    0.012148    2.012148 ^ a[5] (in)
                                                         a[5] (net)
                      0.022810    0.000000    2.012148 ^ input6/A (sky130_fd_sc_hd__clkdlybuf4s25_1)
     5    0.014088    0.150532    0.297956    2.310104 ^ input6/X (sky130_fd_sc_hd__clkdlybuf4s25_1)
                                                         net6 (net)
                      0.150532    0.000263    2.310367 ^ _173_/A (sky130_fd_sc_hd__or2_2)
     2    0.005269    0.040930    0.134939    2.445306 ^ _173_/X (sky130_fd_sc_hd__or2_2)
                                                         _009_ (net)
                      0.040930    0.000014    2.445320 ^ _180_/A (sky130_fd_sc_hd__and2_2)
     1    0.003689    0.040801    0.119829    2.565149 ^ _180_/X (sky130_fd_sc_hd__and2_2)
                                                         net26 (net)
                      0.040801    0.000053    2.565202 ^ output26/A (sky130_fd_sc_hd__dlymetal6s2s_1)
     1    0.035702    0.359413    0.294402    2.859604 ^ output26/X (sky130_fd_sc_hd__dlymetal6s2s_1)
                                                         result[5] (net)
                      0.359414    0.000391    2.859995 ^ result[5] (out)
                                              2.859995   data arrival time

                      0.000000    0.000000    0.000000   clock __VIRTUAL_CLK__ (rise edge)
                                  0.000000    0.000000   clock network delay (ideal)
                                  0.250000    0.250000   clock uncertainty
                                  0.000000    0.250000   clock reconvergence pessimism
                                 -2.000000   -1.750000   output external delay
                                             -1.750000   data required time
---------------------------------------------------------------------------------------------
                                             -1.750000   data required time
                                             -2.859995   data arrival time
---------------------------------------------------------------------------------------------
                                              4.609995   slack (MET)


Startpoint: a[2] (input port clocked by __VIRTUAL_CLK__)
Endpoint: result[2] (output port clocked by __VIRTUAL_CLK__)
Path Group: __VIRTUAL_CLK__
Path Type: min

Fanout         Cap        Slew       Delay        Time   Description
---------------------------------------------------------------------------------------------
                      0.000000    0.000000    0.000000   clock __VIRTUAL_CLK__ (rise edge)
                                  0.000000    0.000000   clock network delay (ideal)
                                  2.000000    2.000000 v input external delay
     1    0.003304    0.009804    0.005012    2.005012 v a[2] (in)
                                                         a[2] (net)
                      0.009804    0.000000    2.005012 v input3/A (sky130_fd_sc_hd__clkdlybuf4s25_1)
     4    0.013103    0.107721    0.272717    2.277729 v input3/X (sky130_fd_sc_hd__clkdlybuf4s25_1)
                                                         net3 (net)
                      0.107721    0.000144    2.277872 v _161_/B2 (sky130_fd_sc_hd__o32a_2)
     2    0.004763    0.040626    0.190683    2.468555 v _161_/X (sky130_fd_sc_hd__o32a_2)
                                                         net23 (net)
                      0.040626    0.000036    2.468591 v output23/A (sky130_fd_sc_hd__clkdlybuf4s25_1)
     1    0.035239    0.262234    0.396675    2.865266 v output23/X (sky130_fd_sc_hd__clkdlybuf4s25_1)
                                                         result[2] (net)
                      0.262234    0.000703    2.865969 v result[2] (out)
                                              2.865969   data arrival time

                      0.000000    0.000000    0.000000   clock __VIRTUAL_CLK__ (rise edge)
                                  0.000000    0.000000   clock network delay (ideal)
                                  0.250000    0.250000   clock uncertainty
                                  0.000000    0.250000   clock reconvergence pessimism
                                 -2.000000   -1.750000   output external delay
                                             -1.750000   data required time
---------------------------------------------------------------------------------------------
                                             -1.750000   data required time
                                             -2.865969   data arrival time
---------------------------------------------------------------------------------------------
                                              4.615969   slack (MET)


Startpoint: a[4] (input port clocked by __VIRTUAL_CLK__)
Endpoint: result[4] (output port clocked by __VIRTUAL_CLK__)
Path Group: __VIRTUAL_CLK__
Path Type: min

Fanout         Cap        Slew       Delay        Time   Description
---------------------------------------------------------------------------------------------
                      0.000000    0.000000    0.000000   clock __VIRTUAL_CLK__ (rise edge)
                                  0.000000    0.000000   clock network delay (ideal)
                                  2.000000    2.000000 v input external delay
     1    0.003938    0.011268    0.006017    2.006017 v a[4] (in)
                                                         a[4] (net)
                      0.011268    0.000000    2.006017 v input5/A (sky130_fd_sc_hd__clkdlybuf4s25_1)
     5    0.011951    0.099798    0.267381    2.273398 v input5/X (sky130_fd_sc_hd__clkdlybuf4s25_1)
                                                         net5 (net)
                      0.099798    0.000104    2.273502 v _172_/B2 (sky130_fd_sc_hd__o32a_2)
     2    0.007201    0.047357    0.195975    2.469477 v _172_/X (sky130_fd_sc_hd__o32a_2)
                                                         net25 (net)
                      0.047357    0.000061    2.469538 v output25/A (sky130_fd_sc_hd__clkdlybuf4s25_1)
     1    0.035044    0.260804    0.398741    2.868279 v output25/X (sky130_fd_sc_hd__clkdlybuf4s25_1)
                                                         result[4] (net)
                      0.260804    0.000324    2.868603 v result[4] (out)
                                              2.868603   data arrival time

                      0.000000    0.000000    0.000000   clock __VIRTUAL_CLK__ (rise edge)
                                  0.000000    0.000000   clock network delay (ideal)
                                  0.250000    0.250000   clock uncertainty
                                  0.000000    0.250000   clock reconvergence pessimism
                                 -2.000000   -1.750000   output external delay
                                             -1.750000   data required time
---------------------------------------------------------------------------------------------
                                             -1.750000   data required time
                                             -2.868603   data arrival time
---------------------------------------------------------------------------------------------
                                              4.618603   slack (MET)


Startpoint: a[6] (input port clocked by __VIRTUAL_CLK__)
Endpoint: result[6] (output port clocked by __VIRTUAL_CLK__)
Path Group: __VIRTUAL_CLK__
Path Type: min

Fanout         Cap        Slew       Delay        Time   Description
---------------------------------------------------------------------------------------------
                      0.000000    0.000000    0.000000   clock __VIRTUAL_CLK__ (rise edge)
                                  0.000000    0.000000   clock network delay (ideal)
                                  2.000000    2.000000 v input external delay
     1    0.003617    0.010527    0.005516    2.005516 v a[6] (in)
                                                         a[6] (net)
                      0.010527    0.000000    2.005516 v input7/A (sky130_fd_sc_hd__clkdlybuf4s25_1)
     4    0.022455    0.171536    0.320955    2.326471 v input7/X (sky130_fd_sc_hd__clkdlybuf4s25_1)
                                                         net7 (net)
                      0.171536    0.000211    2.326682 v _092_/A (sky130_fd_sc_hd__inv_2)
     3    0.016951    0.095956    0.132194    2.458876 ^ _092_/Y (sky130_fd_sc_hd__inv_2)
                                                         _027_ (net)
                      0.095956    0.000289    2.459165 ^ _181_/A (sky130_fd_sc_hd__nand2_2)
     2    0.006753    0.045202    0.059126    2.518291 v _181_/Y (sky130_fd_sc_hd__nand2_2)
                                                         _016_ (net)
                      0.045202    0.000029    2.518320 v _190_/A (sky130_fd_sc_hd__and2_2)
     1    0.002915    0.034516    0.154640    2.672960 v _190_/X (sky130_fd_sc_hd__and2_2)
                                                         net27 (net)
                      0.034516    0.000036    2.672996 v output27/A (sky130_fd_sc_hd__dlymetal6s2s_1)
     1    0.034670    0.173472    0.233285    2.906281 v output27/X (sky130_fd_sc_hd__dlymetal6s2s_1)
                                                         result[6] (net)
                      0.173472    0.000455    2.906736 v result[6] (out)
                                              2.906736   data arrival time

                      0.000000    0.000000    0.000000   clock __VIRTUAL_CLK__ (rise edge)
                                  0.000000    0.000000   clock network delay (ideal)
                                  0.250000    0.250000   clock uncertainty
                                  0.000000    0.250000   clock reconvergence pessimism
                                 -2.000000   -1.750000   output external delay
                                             -1.750000   data required time
---------------------------------------------------------------------------------------------
                                             -1.750000   data required time
                                             -2.906736   data arrival time
---------------------------------------------------------------------------------------------
                                              4.656735   slack (MET)


Startpoint: a[0] (input port clocked by __VIRTUAL_CLK__)
Endpoint: result[0] (output port clocked by __VIRTUAL_CLK__)
Path Group: __VIRTUAL_CLK__
Path Type: min

Fanout         Cap        Slew       Delay        Time   Description
---------------------------------------------------------------------------------------------
                      0.000000    0.000000    0.000000   clock __VIRTUAL_CLK__ (rise edge)
                                  0.000000    0.000000   clock network delay (ideal)
                                  2.000000    2.000000 v input external delay
     1    0.003332    0.009869    0.005054    2.005054 v a[0] (in)
                                                         a[0] (net)
                      0.009869    0.000000    2.005054 v input1/A (sky130_fd_sc_hd__clkdlybuf4s25_1)
     6    0.022939    0.174831    0.323169    2.328223 v input1/X (sky130_fd_sc_hd__clkdlybuf4s25_1)
                                                         net1 (net)
                      0.174831    0.000133    2.328356 v _151_/B2 (sky130_fd_sc_hd__o32a_2)
     2    0.005905    0.043663    0.221562    2.549918 v _151_/X (sky130_fd_sc_hd__o32a_2)
                                                         net21 (net)
                      0.043663    0.000067    2.549984 v output21/A (sky130_fd_sc_hd__clkdlybuf4s25_1)
     1    0.034902    0.259738    0.396547    2.946532 v output21/X (sky130_fd_sc_hd__clkdlybuf4s25_1)
                                                         result[0] (net)
                      0.259738    0.000294    2.946825 v result[0] (out)
                                              2.946825   data arrival time

                      0.000000    0.000000    0.000000   clock __VIRTUAL_CLK__ (rise edge)
                                  0.000000    0.000000   clock network delay (ideal)
                                  0.250000    0.250000   clock uncertainty
                                  0.000000    0.250000   clock reconvergence pessimism
                                 -2.000000   -1.750000   output external delay
                                             -1.750000   data required time
---------------------------------------------------------------------------------------------
                                             -1.750000   data required time
                                             -2.946825   data arrival time
---------------------------------------------------------------------------------------------
                                              4.696826   slack (MET)


Startpoint: opcode[2] (input port clocked by __VIRTUAL_CLK__)
Endpoint: result[1] (output port clocked by __VIRTUAL_CLK__)
Path Group: __VIRTUAL_CLK__
Path Type: min

Fanout         Cap        Slew       Delay        Time   Description
---------------------------------------------------------------------------------------------
                      0.000000    0.000000    0.000000   clock __VIRTUAL_CLK__ (rise edge)
                                  0.000000    0.000000   clock network delay (ideal)
                                  2.000000    2.000000 ^ input external delay
     1    0.004544    0.027300    0.015533    2.015533 ^ opcode[2] (in)
                                                         opcode[2] (net)
                      0.027300    0.000000    2.015533 ^ input19/A (sky130_fd_sc_hd__clkbuf_2)
    10    0.037320    0.204727    0.200659    2.216192 ^ input19/X (sky130_fd_sc_hd__clkbuf_2)
                                                         net19 (net)
                      0.204728    0.000294    2.216487 ^ _154_/A1 (sky130_fd_sc_hd__o211a_2)
     1    0.004466    0.049771    0.199384    2.415870 ^ _154_/X (sky130_fd_sc_hd__o211a_2)
                                                         _086_ (net)
                      0.049771    0.000068    2.415938 ^ _156_/B (sky130_fd_sc_hd__or3_2)
     2    0.005957    0.041588    0.107417    2.523355 ^ _156_/X (sky130_fd_sc_hd__or3_2)
                                                         net22 (net)
                      0.041588    0.000049    2.523405 ^ output22/A (sky130_fd_sc_hd__clkdlybuf4s25_1)
     1    0.034993    0.353064    0.440130    2.963535 ^ output22/X (sky130_fd_sc_hd__clkdlybuf4s25_1)
                                                         result[1] (net)
                      0.353064    0.000300    2.963834 ^ result[1] (out)
                                              2.963834   data arrival time

                      0.000000    0.000000    0.000000   clock __VIRTUAL_CLK__ (rise edge)
                                  0.000000    0.000000   clock network delay (ideal)
                                  0.250000    0.250000   clock uncertainty
                                  0.000000    0.250000   clock reconvergence pessimism
                                 -2.000000   -1.750000   output external delay
                                             -1.750000   data required time
---------------------------------------------------------------------------------------------
                                             -1.750000   data required time
                                             -2.963834   data arrival time
---------------------------------------------------------------------------------------------
                                              4.713834   slack (MET)


Startpoint: a[3] (input port clocked by __VIRTUAL_CLK__)
Endpoint: result[3] (output port clocked by __VIRTUAL_CLK__)
Path Group: __VIRTUAL_CLK__
Path Type: min

Fanout         Cap        Slew       Delay        Time   Description
---------------------------------------------------------------------------------------------
                      0.000000    0.000000    0.000000   clock __VIRTUAL_CLK__ (rise edge)
                                  0.000000    0.000000   clock network delay (ideal)
                                  2.000000    2.000000 v input external delay
     1    0.004554    0.012659    0.006993    2.006993 v a[3] (in)
                                                         a[3] (net)
                      0.012659    0.000000    2.006993 v input4/A (sky130_fd_sc_hd__clkdlybuf4s25_1)
     4    0.015474    0.123972    0.285993    2.292986 v input4/X (sky130_fd_sc_hd__clkdlybuf4s25_1)
                                                         net4 (net)
                      0.123972    0.000173    2.293158 v _167_/B2 (sky130_fd_sc_hd__o2bb2a_2)
     2    0.007733    0.043904    0.277179    2.570337 v _167_/X (sky130_fd_sc_hd__o2bb2a_2)
                                                         net24 (net)
                      0.043904    0.000019    2.570356 v output24/A (sky130_fd_sc_hd__clkdlybuf4s25_1)
     1    0.034711    0.258370    0.395705    2.966061 v output24/X (sky130_fd_sc_hd__clkdlybuf4s25_1)
                                                         result[3] (net)
                      0.258370    0.000271    2.966332 v result[3] (out)
                                              2.966332   data arrival time

                      0.000000    0.000000    0.000000   clock __VIRTUAL_CLK__ (rise edge)
                                  0.000000    0.000000   clock network delay (ideal)
                                  0.250000    0.250000   clock uncertainty
                                  0.000000    0.250000   clock reconvergence pessimism
                                 -2.000000   -1.750000   output external delay
                                             -1.750000   data required time
---------------------------------------------------------------------------------------------
                                             -1.750000   data required time
                                             -2.966332   data arrival time
---------------------------------------------------------------------------------------------
                                              4.716331   slack (MET)



%OL_END_REPORT
%OL_CREATE_REPORT max.rpt

===========================================================================
report_checks -path_delay max (Setup)
============================================================================
======================= min_tt_025C_1v80 Corner ===================================

Startpoint: opcode[1] (input port clocked by __VIRTUAL_CLK__)
Endpoint: zero (output port clocked by __VIRTUAL_CLK__)
Path Group: __VIRTUAL_CLK__
Path Type: max

Fanout         Cap        Slew       Delay        Time   Description
---------------------------------------------------------------------------------------------
                      0.000000    0.000000    0.000000   clock __VIRTUAL_CLK__ (rise edge)
                                  0.000000    0.000000   clock network delay (ideal)
                                  2.000000    2.000000 v input external delay
     1    0.005966    0.015706    0.010137    2.010137 v opcode[1] (in)
                                                         opcode[1] (net)
                      0.015706    0.000000    2.010137 v input18/A (sky130_fd_sc_hd__buf_6)
     2    0.009004    0.024614    0.106377    2.116514 v input18/X (sky130_fd_sc_hd__buf_6)
                                                         net18 (net)
                      0.024614    0.000052    2.116566 v fanout31/A (sky130_fd_sc_hd__buf_6)
     2    0.009671    0.025144    0.111009    2.227575 v fanout31/X (sky130_fd_sc_hd__buf_6)
                                                         net31 (net)
                      0.025144    0.000304    2.227879 v _097_/A (sky130_fd_sc_hd__or3b_4)
     2    0.008920    0.074661    0.413206    2.641085 v _097_/X (sky130_fd_sc_hd__or3b_4)
                                                         _032_ (net)
                      0.074661    0.000078    2.641164 v max_cap30/A (sky130_fd_sc_hd__buf_8)
     3    0.016319    0.028517    0.140893    2.782056 v max_cap30/X (sky130_fd_sc_hd__buf_8)
                                                         net30 (net)
                      0.028517    0.000302    2.782359 v _116_/B (sky130_fd_sc_hd__xor2_2)
     2    0.013057    0.197553    0.193567    2.975926 ^ _116_/X (sky130_fd_sc_hd__xor2_2)
                                                         _051_ (net)
                      0.197553    0.000127    2.976053 ^ _117_/A_N (sky130_fd_sc_hd__and2b_2)
     1    0.006688    0.044956    0.266086    3.242138 v _117_/X (sky130_fd_sc_hd__and2b_2)
                                                         _052_ (net)
                      0.044956    0.000151    3.242290 v _121_/B1 (sky130_fd_sc_hd__a21o_4)
     4    0.016488    0.048576    0.210342    3.452632 v _121_/X (sky130_fd_sc_hd__a21o_4)
                                                         _056_ (net)
                      0.048577    0.000302    3.452934 v _125_/A3 (sky130_fd_sc_hd__a31o_4)
     3    0.011773    0.044853    0.262073    3.715008 v _125_/X (sky130_fd_sc_hd__a31o_4)
                                                         _060_ (net)
                      0.044853    0.000235    3.715243 v _127_/A1 (sky130_fd_sc_hd__a2111o_2)
     2    0.006837    0.073865    0.449712    4.164955 v _127_/X (sky130_fd_sc_hd__a2111o_2)
                                                         _062_ (net)
                      0.073865    0.000115    4.165070 v _141_/B (sky130_fd_sc_hd__and3_4)
     1    0.002687    0.030294    0.179443    4.344513 v _141_/X (sky130_fd_sc_hd__and3_4)
                                                         _076_ (net)
                      0.030294    0.000016    4.344528 v _142_/B (sky130_fd_sc_hd__or4b_4)
     3    0.014130    0.101794    0.564373    4.908901 v _142_/X (sky130_fd_sc_hd__or4b_4)
                                                         _077_ (net)
                      0.101794    0.000188    4.909089 v _144_/B1 (sky130_fd_sc_hd__o21a_4)
     2    0.010375    0.041365    0.153793    5.062882 v _144_/X (sky130_fd_sc_hd__o21a_4)
                                                         net28 (net)
                      0.041365    0.000065    5.062947 v _193_/B1 (sky130_fd_sc_hd__a211oi_2)
     1    0.006139    0.191601    0.229709    5.292656 ^ _193_/Y (sky130_fd_sc_hd__a211oi_2)
                                                         net29 (net)
                      0.191601    0.000061    5.292717 ^ output29/A (sky130_fd_sc_hd__buf_6)
     1    0.034288    0.077939    0.174486    5.467203 ^ output29/X (sky130_fd_sc_hd__buf_6)
                                                         zero (net)
                      0.077939    0.000274    5.467477 ^ zero (out)
                                              5.467477   data arrival time

                      0.000000   10.000000   10.000000   clock __VIRTUAL_CLK__ (rise edge)
                                  0.000000   10.000000   clock network delay (ideal)
                                 -0.250000    9.750000   clock uncertainty
                                  0.000000    9.750000   clock reconvergence pessimism
                                 -2.000000    7.750000   output external delay
                                              7.750000   data required time
---------------------------------------------------------------------------------------------
                                              7.750000   data required time
                                             -5.467477   data arrival time
---------------------------------------------------------------------------------------------
                                              2.282523   slack (MET)


Startpoint: opcode[1] (input port clocked by __VIRTUAL_CLK__)
Endpoint: overflow (output port clocked by __VIRTUAL_CLK__)
Path Group: __VIRTUAL_CLK__
Path Type: max

Fanout         Cap        Slew       Delay        Time   Description
---------------------------------------------------------------------------------------------
                      0.000000    0.000000    0.000000   clock __VIRTUAL_CLK__ (rise edge)
                                  0.000000    0.000000   clock network delay (ideal)
                                  2.000000    2.000000 v input external delay
     1    0.005966    0.015706    0.010137    2.010137 v opcode[1] (in)
                                                         opcode[1] (net)
                      0.015706    0.000000    2.010137 v input18/A (sky130_fd_sc_hd__buf_6)
     2    0.009004    0.024614    0.106377    2.116514 v input18/X (sky130_fd_sc_hd__buf_6)
                                                         net18 (net)
                      0.024614    0.000052    2.116566 v fanout31/A (sky130_fd_sc_hd__buf_6)
     2    0.009671    0.025144    0.111009    2.227575 v fanout31/X (sky130_fd_sc_hd__buf_6)
                                                         net31 (net)
                      0.025144    0.000304    2.227879 v _097_/A (sky130_fd_sc_hd__or3b_4)
     2    0.008920    0.074661    0.413206    2.641085 v _097_/X (sky130_fd_sc_hd__or3b_4)
                                                         _032_ (net)
                      0.074661    0.000078    2.641164 v max_cap30/A (sky130_fd_sc_hd__buf_8)
     3    0.016319    0.028517    0.140893    2.782056 v max_cap30/X (sky130_fd_sc_hd__buf_8)
                                                         net30 (net)
                      0.028517    0.000302    2.782359 v _116_/B (sky130_fd_sc_hd__xor2_2)
     2    0.013057    0.197553    0.193567    2.975926 ^ _116_/X (sky130_fd_sc_hd__xor2_2)
                                                         _051_ (net)
                      0.197553    0.000127    2.976053 ^ _117_/A_N (sky130_fd_sc_hd__and2b_2)
     1    0.006688    0.044956    0.266086    3.242138 v _117_/X (sky130_fd_sc_hd__and2b_2)
                                                         _052_ (net)
                      0.044956    0.000151    3.242290 v _121_/B1 (sky130_fd_sc_hd__a21o_4)
     4    0.016488    0.048576    0.210342    3.452632 v _121_/X (sky130_fd_sc_hd__a21o_4)
                                                         _056_ (net)
                      0.048577    0.000302    3.452934 v _125_/A3 (sky130_fd_sc_hd__a31o_4)
     3    0.011773    0.044853    0.262073    3.715008 v _125_/X (sky130_fd_sc_hd__a31o_4)
                                                         _060_ (net)
                      0.044853    0.000235    3.715243 v _127_/A1 (sky130_fd_sc_hd__a2111o_2)
     2    0.006837    0.073865    0.449712    4.164955 v _127_/X (sky130_fd_sc_hd__a2111o_2)
                                                         _062_ (net)
                      0.073865    0.000115    4.165070 v _141_/B (sky130_fd_sc_hd__and3_4)
     1    0.002687    0.030294    0.179443    4.344513 v _141_/X (sky130_fd_sc_hd__and3_4)
                                                         _076_ (net)
                      0.030294    0.000016    4.344528 v _142_/B (sky130_fd_sc_hd__or4b_4)
     3    0.014130    0.101794    0.564373    4.908901 v _142_/X (sky130_fd_sc_hd__or4b_4)
                                                         _077_ (net)
                      0.101794    0.000223    4.909124 v _145_/A1 (sky130_fd_sc_hd__a21o_2)
     1    0.004566    0.038765    0.221463    5.130587 v _145_/X (sky130_fd_sc_hd__a21o_2)
                                                         _079_ (net)
                      0.038765    0.000083    5.130670 v _146_/C (sky130_fd_sc_hd__and3_4)
     1    0.007484    0.036802    0.185512    5.316183 v _146_/X (sky130_fd_sc_hd__and3_4)
                                                         net20 (net)
                      0.036802    0.000101    5.316284 v output20/A (sky130_fd_sc_hd__buf_8)
     1    0.034762    0.040093    0.137330    5.453614 v output20/X (sky130_fd_sc_hd__buf_8)
                                                         overflow (net)
                      0.040094    0.000252    5.453866 v overflow (out)
                                              5.453866   data arrival time

                      0.000000   10.000000   10.000000   clock __VIRTUAL_CLK__ (rise edge)
                                  0.000000   10.000000   clock network delay (ideal)
                                 -0.250000    9.750000   clock uncertainty
                                  0.000000    9.750000   clock reconvergence pessimism
                                 -2.000000    7.750000   output external delay
                                              7.750000   data required time
---------------------------------------------------------------------------------------------
                                              7.750000   data required time
                                             -5.453866   data arrival time
---------------------------------------------------------------------------------------------
                                              2.296134   slack (MET)


Startpoint: opcode[1] (input port clocked by __VIRTUAL_CLK__)
Endpoint: result[7] (output port clocked by __VIRTUAL_CLK__)
Path Group: __VIRTUAL_CLK__
Path Type: max

Fanout         Cap        Slew       Delay        Time   Description
---------------------------------------------------------------------------------------------
                      0.000000    0.000000    0.000000   clock __VIRTUAL_CLK__ (rise edge)
                                  0.000000    0.000000   clock network delay (ideal)
                                  2.000000    2.000000 v input external delay
     1    0.005966    0.015706    0.010137    2.010137 v opcode[1] (in)
                                                         opcode[1] (net)
                      0.015706    0.000000    2.010137 v input18/A (sky130_fd_sc_hd__buf_6)
     2    0.009004    0.024614    0.106377    2.116514 v input18/X (sky130_fd_sc_hd__buf_6)
                                                         net18 (net)
                      0.024614    0.000052    2.116566 v fanout31/A (sky130_fd_sc_hd__buf_6)
     2    0.009671    0.025144    0.111009    2.227575 v fanout31/X (sky130_fd_sc_hd__buf_6)
                                                         net31 (net)
                      0.025144    0.000304    2.227879 v _097_/A (sky130_fd_sc_hd__or3b_4)
     2    0.008920    0.074661    0.413206    2.641085 v _097_/X (sky130_fd_sc_hd__or3b_4)
                                                         _032_ (net)
                      0.074661    0.000078    2.641164 v max_cap30/A (sky130_fd_sc_hd__buf_8)
     3    0.016319    0.028517    0.140893    2.782056 v max_cap30/X (sky130_fd_sc_hd__buf_8)
                                                         net30 (net)
                      0.028517    0.000302    2.782359 v _116_/B (sky130_fd_sc_hd__xor2_2)
     2    0.013057    0.197553    0.193567    2.975926 ^ _116_/X (sky130_fd_sc_hd__xor2_2)
                                                         _051_ (net)
                      0.197553    0.000127    2.976053 ^ _117_/A_N (sky130_fd_sc_hd__and2b_2)
     1    0.006688    0.044956    0.266086    3.242138 v _117_/X (sky130_fd_sc_hd__and2b_2)
                                                         _052_ (net)
                      0.044956    0.000151    3.242290 v _121_/B1 (sky130_fd_sc_hd__a21o_4)
     4    0.016488    0.048576    0.210342    3.452632 v _121_/X (sky130_fd_sc_hd__a21o_4)
                                                         _056_ (net)
                      0.048577    0.000302    3.452934 v _125_/A3 (sky130_fd_sc_hd__a31o_4)
     3    0.011773    0.044853    0.262073    3.715008 v _125_/X (sky130_fd_sc_hd__a31o_4)
                                                         _060_ (net)
                      0.044853    0.000235    3.715243 v _127_/A1 (sky130_fd_sc_hd__a2111o_2)
     2    0.006837    0.073865    0.449712    4.164955 v _127_/X (sky130_fd_sc_hd__a2111o_2)
                                                         _062_ (net)
                      0.073865    0.000115    4.165070 v _141_/B (sky130_fd_sc_hd__and3_4)
     1    0.002687    0.030294    0.179443    4.344513 v _141_/X (sky130_fd_sc_hd__and3_4)
                                                         _076_ (net)
                      0.030294    0.000016    4.344528 v _142_/B (sky130_fd_sc_hd__or4b_4)
     3    0.014130    0.101794    0.564373    4.908901 v _142_/X (sky130_fd_sc_hd__or4b_4)
                                                         _077_ (net)
                      0.101794    0.000188    4.909089 v _144_/B1 (sky130_fd_sc_hd__o21a_4)
     2    0.010375    0.041365    0.153793    5.062882 v _144_/X (sky130_fd_sc_hd__o21a_4)
                                                         net28 (net)
                      0.041365    0.000056    5.062938 v output28/A (sky130_fd_sc_hd__buf_6)
     1    0.034402    0.043724    0.142057    5.204994 v output28/X (sky130_fd_sc_hd__buf_6)
                                                         result[7] (net)
                      0.043725    0.000284    5.205278 v result[7] (out)
                                              5.205278   data arrival time

                      0.000000   10.000000   10.000000   clock __VIRTUAL_CLK__ (rise edge)
                                  0.000000   10.000000   clock network delay (ideal)
                                 -0.250000    9.750000   clock uncertainty
                                  0.000000    9.750000   clock reconvergence pessimism
                                 -2.000000    7.750000   output external delay
                                              7.750000   data required time
---------------------------------------------------------------------------------------------
                                              7.750000   data required time
                                             -5.205278   data arrival time
---------------------------------------------------------------------------------------------
                                              2.544722   slack (MET)


Startpoint: opcode[1] (input port clocked by __VIRTUAL_CLK__)
Endpoint: result[5] (output port clocked by __VIRTUAL_CLK__)
Path Group: __VIRTUAL_CLK__
Path Type: max

Fanout         Cap        Slew       Delay        Time   Description
---------------------------------------------------------------------------------------------
                      0.000000    0.000000    0.000000   clock __VIRTUAL_CLK__ (rise edge)
                                  0.000000    0.000000   clock network delay (ideal)
                                  2.000000    2.000000 v input external delay
     1    0.005966    0.015706    0.010137    2.010137 v opcode[1] (in)
                                                         opcode[1] (net)
                      0.015706    0.000000    2.010137 v input18/A (sky130_fd_sc_hd__buf_6)
     2    0.009004    0.024614    0.106377    2.116514 v input18/X (sky130_fd_sc_hd__buf_6)
                                                         net18 (net)
                      0.024614    0.000052    2.116566 v fanout31/A (sky130_fd_sc_hd__buf_6)
     2    0.009671    0.025144    0.111009    2.227575 v fanout31/X (sky130_fd_sc_hd__buf_6)
                                                         net31 (net)
                      0.025144    0.000304    2.227879 v _097_/A (sky130_fd_sc_hd__or3b_4)
     2    0.008920    0.074661    0.413206    2.641085 v _097_/X (sky130_fd_sc_hd__or3b_4)
                                                         _032_ (net)
                      0.074661    0.000078    2.641164 v max_cap30/A (sky130_fd_sc_hd__buf_8)
     3    0.016319    0.028517    0.140893    2.782056 v max_cap30/X (sky130_fd_sc_hd__buf_8)
                                                         net30 (net)
                      0.028517    0.000302    2.782359 v _116_/B (sky130_fd_sc_hd__xor2_2)
     2    0.013057    0.197553    0.193567    2.975926 ^ _116_/X (sky130_fd_sc_hd__xor2_2)
                                                         _051_ (net)
                      0.197553    0.000127    2.976053 ^ _117_/A_N (sky130_fd_sc_hd__and2b_2)
     1    0.006688    0.044956    0.266086    3.242138 v _117_/X (sky130_fd_sc_hd__and2b_2)
                                                         _052_ (net)
                      0.044956    0.000151    3.242290 v _121_/B1 (sky130_fd_sc_hd__a21o_4)
     4    0.016488    0.048576    0.210342    3.452632 v _121_/X (sky130_fd_sc_hd__a21o_4)
                                                         _056_ (net)
                      0.048577    0.000302    3.452934 v _125_/A3 (sky130_fd_sc_hd__a31o_4)
     3    0.011773    0.044853    0.262073    3.715008 v _125_/X (sky130_fd_sc_hd__a31o_4)
                                                         _060_ (net)
                      0.044853    0.000215    3.715223 v _126_/B (sky130_fd_sc_hd__and2_2)
     3    0.012578    0.058374    0.225595    3.940818 v _126_/X (sky130_fd_sc_hd__and2_2)
                                                         _061_ (net)
                      0.058374    0.000047    3.940865 v _176_/A2 (sky130_fd_sc_hd__o31a_2)
     1    0.002298    0.049107    0.331390    4.272255 v _176_/X (sky130_fd_sc_hd__o31a_2)
                                                         _012_ (net)
                      0.049107    0.000009    4.272264 v _179_/A2 (sky130_fd_sc_hd__a21o_2)
     2    0.005659    0.040861    0.226491    4.498755 v _179_/X (sky130_fd_sc_hd__a21o_2)
                                                         _015_ (net)
                      0.040861    0.000055    4.498810 v _180_/B (sky130_fd_sc_hd__and2_2)
     1    0.003531    0.038438    0.192886    4.691696 v _180_/X (sky130_fd_sc_hd__and2_2)
                                                         net26 (net)
                      0.038438    0.000056    4.691751 v output26/A (sky130_fd_sc_hd__dlymetal6s2s_1)
     1    0.035702    0.178058    0.263307    4.955058 v output26/X (sky130_fd_sc_hd__dlymetal6s2s_1)
                                                         result[5] (net)
                      0.178058    0.000432    4.955491 v result[5] (out)
                                              4.955491   data arrival time

                      0.000000   10.000000   10.000000   clock __VIRTUAL_CLK__ (rise edge)
                                  0.000000   10.000000   clock network delay (ideal)
                                 -0.250000    9.750000   clock uncertainty
                                  0.000000    9.750000   clock reconvergence pessimism
                                 -2.000000    7.750000   output external delay
                                              7.750000   data required time
---------------------------------------------------------------------------------------------
                                              7.750000   data required time
                                             -4.955491   data arrival time
---------------------------------------------------------------------------------------------
                                              2.794510   slack (MET)


Startpoint: opcode[1] (input port clocked by __VIRTUAL_CLK__)
Endpoint: result[6] (output port clocked by __VIRTUAL_CLK__)
Path Group: __VIRTUAL_CLK__
Path Type: max

Fanout         Cap        Slew       Delay        Time   Description
---------------------------------------------------------------------------------------------
                      0.000000    0.000000    0.000000   clock __VIRTUAL_CLK__ (rise edge)
                                  0.000000    0.000000   clock network delay (ideal)
                                  2.000000    2.000000 v input external delay
     1    0.005966    0.015706    0.010137    2.010137 v opcode[1] (in)
                                                         opcode[1] (net)
                      0.015706    0.000000    2.010137 v input18/A (sky130_fd_sc_hd__buf_6)
     2    0.009004    0.024614    0.106377    2.116514 v input18/X (sky130_fd_sc_hd__buf_6)
                                                         net18 (net)
                      0.024614    0.000052    2.116566 v fanout31/A (sky130_fd_sc_hd__buf_6)
     2    0.009671    0.025144    0.111009    2.227575 v fanout31/X (sky130_fd_sc_hd__buf_6)
                                                         net31 (net)
                      0.025144    0.000304    2.227879 v _097_/A (sky130_fd_sc_hd__or3b_4)
     2    0.008920    0.074661    0.413206    2.641085 v _097_/X (sky130_fd_sc_hd__or3b_4)
                                                         _032_ (net)
                      0.074661    0.000078    2.641164 v max_cap30/A (sky130_fd_sc_hd__buf_8)
     3    0.016319    0.028517    0.140893    2.782056 v max_cap30/X (sky130_fd_sc_hd__buf_8)
                                                         net30 (net)
                      0.028517    0.000302    2.782359 v _116_/B (sky130_fd_sc_hd__xor2_2)
     2    0.013057    0.197553    0.193567    2.975926 ^ _116_/X (sky130_fd_sc_hd__xor2_2)
                                                         _051_ (net)
                      0.197553    0.000127    2.976053 ^ _117_/A_N (sky130_fd_sc_hd__and2b_2)
     1    0.006688    0.044956    0.266086    3.242138 v _117_/X (sky130_fd_sc_hd__and2b_2)
                                                         _052_ (net)
                      0.044956    0.000151    3.242290 v _121_/B1 (sky130_fd_sc_hd__a21o_4)
     4    0.016488    0.048576    0.210342    3.452632 v _121_/X (sky130_fd_sc_hd__a21o_4)
                                                         _056_ (net)
                      0.048577    0.000302    3.452934 v _125_/A3 (sky130_fd_sc_hd__a31o_4)
     3    0.011773    0.044853    0.262073    3.715008 v _125_/X (sky130_fd_sc_hd__a31o_4)
                                                         _060_ (net)
                      0.044853    0.000215    3.715223 v _126_/B (sky130_fd_sc_hd__and2_2)
     3    0.012578    0.058374    0.225595    3.940818 v _126_/X (sky130_fd_sc_hd__and2_2)
                                                         _061_ (net)
                      0.058374    0.000030    3.940848 v _175_/A2 (sky130_fd_sc_hd__o21ai_2)
     3    0.013065    0.183392    0.190850    4.131697 ^ _175_/Y (sky130_fd_sc_hd__o21ai_2)
                                                         _011_ (net)
                      0.183392    0.000167    4.131865 ^ _185_/B (sky130_fd_sc_hd__nand3_2)
     1    0.002738    0.055532    0.091454    4.223318 v _185_/Y (sky130_fd_sc_hd__nand3_2)
                                                         _020_ (net)
                      0.055532    0.000017    4.223335 v _189_/A3 (sky130_fd_sc_hd__a31o_2)
     2    0.006553    0.045704    0.268219    4.491554 v _189_/X (sky130_fd_sc_hd__a31o_2)
                                                         _024_ (net)
                      0.045704    0.000027    4.491581 v _190_/B (sky130_fd_sc_hd__and2_2)
     1    0.002915    0.036691    0.192165    4.683746 v _190_/X (sky130_fd_sc_hd__and2_2)
                                                         net27 (net)
                      0.036691    0.000040    4.683786 v output27/A (sky130_fd_sc_hd__dlymetal6s2s_1)
     1    0.034670    0.173467    0.258802    4.942588 v output27/X (sky130_fd_sc_hd__dlymetal6s2s_1)
                                                         result[6] (net)
                      0.173467    0.000503    4.943090 v result[6] (out)
                                              4.943090   data arrival time

                      0.000000   10.000000   10.000000   clock __VIRTUAL_CLK__ (rise edge)
                                  0.000000   10.000000   clock network delay (ideal)
                                 -0.250000    9.750000   clock uncertainty
                                  0.000000    9.750000   clock reconvergence pessimism
                                 -2.000000    7.750000   output external delay
                                              7.750000   data required time
---------------------------------------------------------------------------------------------
                                              7.750000   data required time
                                             -4.943090   data arrival time
---------------------------------------------------------------------------------------------
                                              2.806910   slack (MET)


Startpoint: opcode[1] (input port clocked by __VIRTUAL_CLK__)
Endpoint: result[4] (output port clocked by __VIRTUAL_CLK__)
Path Group: __VIRTUAL_CLK__
Path Type: max

Fanout         Cap        Slew       Delay        Time   Description
---------------------------------------------------------------------------------------------
                      0.000000    0.000000    0.000000   clock __VIRTUAL_CLK__ (rise edge)
                                  0.000000    0.000000   clock network delay (ideal)
                                  2.000000    2.000000 v input external delay
     1    0.005966    0.015706    0.010137    2.010137 v opcode[1] (in)
                                                         opcode[1] (net)
                      0.015706    0.000000    2.010137 v input18/A (sky130_fd_sc_hd__buf_6)
     2    0.009004    0.024614    0.106377    2.116514 v input18/X (sky130_fd_sc_hd__buf_6)
                                                         net18 (net)
                      0.024614    0.000052    2.116566 v fanout31/A (sky130_fd_sc_hd__buf_6)
     2    0.009671    0.025144    0.111009    2.227575 v fanout31/X (sky130_fd_sc_hd__buf_6)
                                                         net31 (net)
                      0.025144    0.000304    2.227879 v _097_/A (sky130_fd_sc_hd__or3b_4)
     2    0.008920    0.074661    0.413206    2.641085 v _097_/X (sky130_fd_sc_hd__or3b_4)
                                                         _032_ (net)
                      0.074661    0.000078    2.641164 v max_cap30/A (sky130_fd_sc_hd__buf_8)
     3    0.016319    0.028517    0.140893    2.782056 v max_cap30/X (sky130_fd_sc_hd__buf_8)
                                                         net30 (net)
                      0.028517    0.000172    2.782228 v rebuffer39/A (sky130_fd_sc_hd__buf_2)
     2    0.015563    0.050134    0.145331    2.927560 v rebuffer39/X (sky130_fd_sc_hd__buf_2)
                                                         net39 (net)
                      0.050134    0.000126    2.927685 v _111_/B (sky130_fd_sc_hd__xor2_2)
     3    0.009057    0.066102    0.162803    3.090488 v _111_/X (sky130_fd_sc_hd__xor2_2)
                                                         _046_ (net)
                      0.066102    0.000028    3.090516 v _114_/B (sky130_fd_sc_hd__and2_2)
     1    0.004771    0.041754    0.209991    3.300507 v _114_/X (sky130_fd_sc_hd__and2_2)
                                                         _049_ (net)
                      0.041754    0.000051    3.300558 v _115_/B (sky130_fd_sc_hd__nor2_2)
     5    0.022089    0.253498    0.223606    3.524165 ^ _115_/Y (sky130_fd_sc_hd__nor2_2)
                                                         _050_ (net)
                      0.253499    0.000280    3.524445 ^ _125_/A1 (sky130_fd_sc_hd__a31o_4)
     3    0.012693    0.060117    0.218134    3.742579 ^ _125_/X (sky130_fd_sc_hd__a31o_4)
                                                         _060_ (net)
                      0.060117    0.000233    3.742812 ^ _126_/B (sky130_fd_sc_hd__and2_2)
     3    0.013903    0.086544    0.186985    3.929797 ^ _126_/X (sky130_fd_sc_hd__and2_2)
                                                         _061_ (net)
                      0.086544    0.000075    3.929873 ^ _169_/A (sky130_fd_sc_hd__nor2_2)
     1    0.003652    0.029218    0.048857    3.978730 v _169_/Y (sky130_fd_sc_hd__nor2_2)
                                                         _006_ (net)
                      0.029218    0.000051    3.978781 v _172_/A1 (sky130_fd_sc_hd__o32a_2)
     2    0.007201    0.064449    0.407857    4.386638 v _172_/X (sky130_fd_sc_hd__o32a_2)
                                                         net25 (net)
                      0.064449    0.000068    4.386705 v output25/A (sky130_fd_sc_hd__clkdlybuf4s25_1)
     1    0.035044    0.260709    0.448501    4.835206 v output25/X (sky130_fd_sc_hd__clkdlybuf4s25_1)
                                                         result[4] (net)
                      0.260709    0.000358    4.835564 v result[4] (out)
                                              4.835564   data arrival time

                      0.000000   10.000000   10.000000   clock __VIRTUAL_CLK__ (rise edge)
                                  0.000000   10.000000   clock network delay (ideal)
                                 -0.250000    9.750000   clock uncertainty
                                  0.000000    9.750000   clock reconvergence pessimism
                                 -2.000000    7.750000   output external delay
                                              7.750000   data required time
---------------------------------------------------------------------------------------------
                                              7.750000   data required time
                                             -4.835564   data arrival time
---------------------------------------------------------------------------------------------
                                              2.914436   slack (MET)


Startpoint: opcode[1] (input port clocked by __VIRTUAL_CLK__)
Endpoint: result[3] (output port clocked by __VIRTUAL_CLK__)
Path Group: __VIRTUAL_CLK__
Path Type: max

Fanout         Cap        Slew       Delay        Time   Description
---------------------------------------------------------------------------------------------
                      0.000000    0.000000    0.000000   clock __VIRTUAL_CLK__ (rise edge)
                                  0.000000    0.000000   clock network delay (ideal)
                                  2.000000    2.000000 v input external delay
     1    0.005966    0.015706    0.010137    2.010137 v opcode[1] (in)
                                                         opcode[1] (net)
                      0.015706    0.000000    2.010137 v input18/A (sky130_fd_sc_hd__buf_6)
     2    0.009004    0.024614    0.106377    2.116514 v input18/X (sky130_fd_sc_hd__buf_6)
                                                         net18 (net)
                      0.024614    0.000052    2.116566 v fanout31/A (sky130_fd_sc_hd__buf_6)
     2    0.009671    0.025144    0.111009    2.227575 v fanout31/X (sky130_fd_sc_hd__buf_6)
                                                         net31 (net)
                      0.025144    0.000304    2.227879 v _097_/A (sky130_fd_sc_hd__or3b_4)
     2    0.008920    0.074661    0.413206    2.641085 v _097_/X (sky130_fd_sc_hd__or3b_4)
                                                         _032_ (net)
                      0.074661    0.000078    2.641164 v max_cap30/A (sky130_fd_sc_hd__buf_8)
     3    0.016319    0.028517    0.140893    2.782056 v max_cap30/X (sky130_fd_sc_hd__buf_8)
                                                         net30 (net)
                      0.028517    0.000172    2.782228 v rebuffer39/A (sky130_fd_sc_hd__buf_2)
     2    0.015563    0.050134    0.145331    2.927560 v rebuffer39/X (sky130_fd_sc_hd__buf_2)
                                                         net39 (net)
                      0.050134    0.000126    2.927685 v _111_/B (sky130_fd_sc_hd__xor2_2)
     3    0.009057    0.066102    0.162803    3.090488 v _111_/X (sky130_fd_sc_hd__xor2_2)
                                                         _046_ (net)
                      0.066102    0.000028    3.090516 v _114_/B (sky130_fd_sc_hd__and2_2)
     1    0.004771    0.041754    0.209991    3.300507 v _114_/X (sky130_fd_sc_hd__and2_2)
                                                         _049_ (net)
                      0.041754    0.000051    3.300558 v _115_/B (sky130_fd_sc_hd__nor2_2)
     5    0.022089    0.253498    0.223606    3.524165 ^ _115_/Y (sky130_fd_sc_hd__nor2_2)
                                                         _050_ (net)
                      0.253499    0.000360    3.524524 ^ _162_/A1 (sky130_fd_sc_hd__a21oi_2)
     2    0.006767    0.073593    0.103993    3.628517 v _162_/Y (sky130_fd_sc_hd__a21oi_2)
                                                         _000_ (net)
                      0.073593    0.000049    3.628566 v _164_/C (sky130_fd_sc_hd__or3_2)
     1    0.002967    0.075879    0.431488    4.060054 v _164_/X (sky130_fd_sc_hd__or3_2)
                                                         _002_ (net)
                      0.075879    0.000036    4.060090 v _167_/A2_N (sky130_fd_sc_hd__o2bb2a_2)
     2    0.008249    0.064267    0.278528    4.338618 ^ _167_/X (sky130_fd_sc_hd__o2bb2a_2)
                                                         net24 (net)
                      0.064267    0.000023    4.338640 ^ output24/A (sky130_fd_sc_hd__clkdlybuf4s25_1)
     1    0.034711    0.350157    0.492768    4.831409 ^ output24/X (sky130_fd_sc_hd__clkdlybuf4s25_1)
                                                         result[3] (net)
                      0.350157    0.000299    4.831707 ^ result[3] (out)
                                              4.831707   data arrival time

                      0.000000   10.000000   10.000000   clock __VIRTUAL_CLK__ (rise edge)
                                  0.000000   10.000000   clock network delay (ideal)
                                 -0.250000    9.750000   clock uncertainty
                                  0.000000    9.750000   clock reconvergence pessimism
                                 -2.000000    7.750000   output external delay
                                              7.750000   data required time
---------------------------------------------------------------------------------------------
                                              7.750000   data required time
                                             -4.831707   data arrival time
---------------------------------------------------------------------------------------------
                                              2.918292   slack (MET)


Startpoint: opcode[1] (input port clocked by __VIRTUAL_CLK__)
Endpoint: result[2] (output port clocked by __VIRTUAL_CLK__)
Path Group: __VIRTUAL_CLK__
Path Type: max

Fanout         Cap        Slew       Delay        Time   Description
---------------------------------------------------------------------------------------------
                      0.000000    0.000000    0.000000   clock __VIRTUAL_CLK__ (rise edge)
                                  0.000000    0.000000   clock network delay (ideal)
                                  2.000000    2.000000 v input external delay
     1    0.005966    0.015706    0.010137    2.010137 v opcode[1] (in)
                                                         opcode[1] (net)
                      0.015706    0.000000    2.010137 v input18/A (sky130_fd_sc_hd__buf_6)
     2    0.009004    0.024614    0.106377    2.116514 v input18/X (sky130_fd_sc_hd__buf_6)
                                                         net18 (net)
                      0.024614    0.000052    2.116566 v fanout31/A (sky130_fd_sc_hd__buf_6)
     2    0.009671    0.025144    0.111009    2.227575 v fanout31/X (sky130_fd_sc_hd__buf_6)
                                                         net31 (net)
                      0.025144    0.000304    2.227879 v _097_/A (sky130_fd_sc_hd__or3b_4)
     2    0.008920    0.074661    0.413206    2.641085 v _097_/X (sky130_fd_sc_hd__or3b_4)
                                                         _032_ (net)
                      0.074661    0.000078    2.641164 v max_cap30/A (sky130_fd_sc_hd__buf_8)
     3    0.016319    0.028517    0.140893    2.782056 v max_cap30/X (sky130_fd_sc_hd__buf_8)
                                                         net30 (net)
                      0.028517    0.000172    2.782228 v rebuffer39/A (sky130_fd_sc_hd__buf_2)
     2    0.015563    0.050134    0.145331    2.927560 v rebuffer39/X (sky130_fd_sc_hd__buf_2)
                                                         net39 (net)
                      0.050134    0.000126    2.927685 v _111_/B (sky130_fd_sc_hd__xor2_2)
     3    0.009057    0.066102    0.162803    3.090488 v _111_/X (sky130_fd_sc_hd__xor2_2)
                                                         _046_ (net)
                      0.066102    0.000028    3.090516 v _114_/B (sky130_fd_sc_hd__and2_2)
     1    0.004771    0.041754    0.209991    3.300507 v _114_/X (sky130_fd_sc_hd__and2_2)
                                                         _049_ (net)
                      0.041754    0.000051    3.300558 v _115_/B (sky130_fd_sc_hd__nor2_2)
     5    0.022089    0.253498    0.223606    3.524165 ^ _115_/Y (sky130_fd_sc_hd__nor2_2)
                                                         _050_ (net)
                      0.253499    0.000377    3.524542 ^ _157_/A1 (sky130_fd_sc_hd__a21oi_2)
     1    0.003643    0.063486    0.087984    3.612526 v _157_/Y (sky130_fd_sc_hd__a21oi_2)
                                                         _088_ (net)
                      0.063486    0.000033    3.612558 v _158_/B1 (sky130_fd_sc_hd__o21a_2)
     1    0.003684    0.035903    0.126677    3.739236 v _158_/X (sky130_fd_sc_hd__o21a_2)
                                                         _089_ (net)
                      0.035903    0.000045    3.739281 v _161_/A1 (sky130_fd_sc_hd__o32a_2)
     2    0.004763    0.059280    0.399566    4.138847 v _161_/X (sky130_fd_sc_hd__o32a_2)
                                                         net23 (net)
                      0.059280    0.000040    4.138886 v output23/A (sky130_fd_sc_hd__clkdlybuf4s25_1)
     1    0.035239    0.262299    0.446887    4.585773 v output23/X (sky130_fd_sc_hd__clkdlybuf4s25_1)
                                                         result[2] (net)
                      0.262299    0.000778    4.586550 v result[2] (out)
                                              4.586550   data arrival time

                      0.000000   10.000000   10.000000   clock __VIRTUAL_CLK__ (rise edge)
                                  0.000000   10.000000   clock network delay (ideal)
                                 -0.250000    9.750000   clock uncertainty
                                  0.000000    9.750000   clock reconvergence pessimism
                                 -2.000000    7.750000   output external delay
                                              7.750000   data required time
---------------------------------------------------------------------------------------------
                                              7.750000   data required time
                                             -4.586550   data arrival time
---------------------------------------------------------------------------------------------
                                              3.163450   slack (MET)


Startpoint: opcode[1] (input port clocked by __VIRTUAL_CLK__)
Endpoint: result[1] (output port clocked by __VIRTUAL_CLK__)
Path Group: __VIRTUAL_CLK__
Path Type: max

Fanout         Cap        Slew       Delay        Time   Description
---------------------------------------------------------------------------------------------
                      0.000000    0.000000    0.000000   clock __VIRTUAL_CLK__ (rise edge)
                                  0.000000    0.000000   clock network delay (ideal)
                                  2.000000    2.000000 v input external delay
     1    0.005966    0.015706    0.010137    2.010137 v opcode[1] (in)
                                                         opcode[1] (net)
                      0.015706    0.000000    2.010137 v input18/A (sky130_fd_sc_hd__buf_6)
     2    0.009004    0.024614    0.106377    2.116514 v input18/X (sky130_fd_sc_hd__buf_6)
                                                         net18 (net)
                      0.024614    0.000052    2.116566 v fanout31/A (sky130_fd_sc_hd__buf_6)
     2    0.009671    0.025144    0.111009    2.227575 v fanout31/X (sky130_fd_sc_hd__buf_6)
                                                         net31 (net)
                      0.025144    0.000304    2.227879 v _097_/A (sky130_fd_sc_hd__or3b_4)
     2    0.008920    0.074661    0.413206    2.641085 v _097_/X (sky130_fd_sc_hd__or3b_4)
                                                         _032_ (net)
                      0.074661    0.000078    2.641164 v max_cap30/A (sky130_fd_sc_hd__buf_8)
     3    0.016319    0.028517    0.140893    2.782056 v max_cap30/X (sky130_fd_sc_hd__buf_8)
                                                         net30 (net)
                      0.028517    0.000302    2.782359 v _116_/B (sky130_fd_sc_hd__xor2_2)
     2    0.012212    0.075581    0.163253    2.945611 v _116_/X (sky130_fd_sc_hd__xor2_2)
                                                         _051_ (net)
                      0.075581    0.000104    2.945715 v _118_/A (sky130_fd_sc_hd__xnor2_2)
     4    0.015631    0.239817    0.266596    3.212312 ^ _118_/Y (sky130_fd_sc_hd__xnor2_2)
                                                         _053_ (net)
                      0.239817    0.000139    3.212451 ^ _152_/A1 (sky130_fd_sc_hd__a21oi_2)
     1    0.002706    0.058029    0.080921    3.293371 v _152_/Y (sky130_fd_sc_hd__a21oi_2)
                                                         _084_ (net)
                      0.058029    0.000014    3.293385 v _153_/B1 (sky130_fd_sc_hd__o21a_2)
     1    0.004271    0.037822    0.126318    3.419703 v _153_/X (sky130_fd_sc_hd__o21a_2)
                                                         _085_ (net)
                      0.037822    0.000071    3.419775 v _156_/A (sky130_fd_sc_hd__or3_2)
     2    0.005566    0.086086    0.505039    3.924814 v _156_/X (sky130_fd_sc_hd__or3_2)
                                                         net22 (net)
                      0.086086    0.000051    3.924864 v output22/A (sky130_fd_sc_hd__clkdlybuf4s25_1)
     1    0.034993    0.260015    0.458147    4.383011 v output22/X (sky130_fd_sc_hd__clkdlybuf4s25_1)
                                                         result[1] (net)
                      0.260015    0.000331    4.383342 v result[1] (out)
                                              4.383342   data arrival time

                      0.000000   10.000000   10.000000   clock __VIRTUAL_CLK__ (rise edge)
                                  0.000000   10.000000   clock network delay (ideal)
                                 -0.250000    9.750000   clock uncertainty
                                  0.000000    9.750000   clock reconvergence pessimism
                                 -2.000000    7.750000   output external delay
                                              7.750000   data required time
---------------------------------------------------------------------------------------------
                                              7.750000   data required time
                                             -4.383342   data arrival time
---------------------------------------------------------------------------------------------
                                              3.366658   slack (MET)


Startpoint: opcode[1] (input port clocked by __VIRTUAL_CLK__)
Endpoint: result[0] (output port clocked by __VIRTUAL_CLK__)
Path Group: __VIRTUAL_CLK__
Path Type: max

Fanout         Cap        Slew       Delay        Time   Description
---------------------------------------------------------------------------------------------
                      0.000000    0.000000    0.000000   clock __VIRTUAL_CLK__ (rise edge)
                                  0.000000    0.000000   clock network delay (ideal)
                                  2.000000    2.000000 v input external delay
     1    0.005966    0.015706    0.010137    2.010137 v opcode[1] (in)
                                                         opcode[1] (net)
                      0.015706    0.000000    2.010137 v input18/A (sky130_fd_sc_hd__buf_6)
     2    0.009004    0.024614    0.106377    2.116514 v input18/X (sky130_fd_sc_hd__buf_6)
                                                         net18 (net)
                      0.024614    0.000052    2.116566 v fanout31/A (sky130_fd_sc_hd__buf_6)
     2    0.009671    0.025144    0.111009    2.227575 v fanout31/X (sky130_fd_sc_hd__buf_6)
                                                         net31 (net)
                      0.025144    0.000126    2.227700 v rebuffer34/A (sky130_fd_sc_hd__buf_2)
     9    0.034673    0.090632    0.180717    2.408417 v rebuffer34/X (sky130_fd_sc_hd__buf_2)
                                                         net34 (net)
                      0.090646    0.001152    2.409569 v _095_/B (sky130_fd_sc_hd__and2_2)
     8    0.035252    0.103984    0.298897    2.708467 v _095_/X (sky130_fd_sc_hd__and2_2)
                                                         _030_ (net)
                      0.103984    0.000085    2.708552 v _150_/B1 (sky130_fd_sc_hd__a31o_2)
     1    0.003150    0.037323    0.242261    2.950812 v _150_/X (sky130_fd_sc_hd__a31o_2)
                                                         _083_ (net)
                      0.037323    0.000038    2.950850 v _151_/A3 (sky130_fd_sc_hd__o32a_2)
     2    0.005905    0.061801    0.344602    3.295452 v _151_/X (sky130_fd_sc_hd__o32a_2)
                                                         net21 (net)
                      0.061801    0.000074    3.295526 v output21/A (sky130_fd_sc_hd__clkdlybuf4s25_1)
     1    0.034902    0.259731    0.446530    3.742056 v output21/X (sky130_fd_sc_hd__clkdlybuf4s25_1)
                                                         result[0] (net)
                      0.259731    0.000324    3.742380 v result[0] (out)
                                              3.742380   data arrival time

                      0.000000   10.000000   10.000000   clock __VIRTUAL_CLK__ (rise edge)
                                  0.000000   10.000000   clock network delay (ideal)
                                 -0.250000    9.750000   clock uncertainty
                                  0.000000    9.750000   clock reconvergence pessimism
                                 -2.000000    7.750000   output external delay
                                              7.750000   data required time
---------------------------------------------------------------------------------------------
                                              7.750000   data required time
                                             -3.742380   data arrival time
---------------------------------------------------------------------------------------------
                                              4.007620   slack (MET)



%OL_END_REPORT
%OL_CREATE_REPORT checks.rpt

===========================================================================
report_checks -unconstrained
===========================================================================
======================= min_tt_025C_1v80 Corner ===================================

Startpoint: opcode[1] (input port clocked by __VIRTUAL_CLK__)
Endpoint: zero (output port clocked by __VIRTUAL_CLK__)
Path Group: __VIRTUAL_CLK__
Path Type: max

Fanout         Cap        Slew       Delay        Time   Description
---------------------------------------------------------------------------------------------
                      0.000000    0.000000    0.000000   clock __VIRTUAL_CLK__ (rise edge)
                                  0.000000    0.000000   clock network delay (ideal)
                                  2.000000    2.000000 v input external delay
     1    0.005966    0.015706    0.010137    2.010137 v opcode[1] (in)
                                                         opcode[1] (net)
                      0.015706    0.000000    2.010137 v input18/A (sky130_fd_sc_hd__buf_6)
     2    0.009004    0.024614    0.106377    2.116514 v input18/X (sky130_fd_sc_hd__buf_6)
                                                         net18 (net)
                      0.024614    0.000052    2.116566 v fanout31/A (sky130_fd_sc_hd__buf_6)
     2    0.009671    0.025144    0.111009    2.227575 v fanout31/X (sky130_fd_sc_hd__buf_6)
                                                         net31 (net)
                      0.025144    0.000304    2.227879 v _097_/A (sky130_fd_sc_hd__or3b_4)
     2    0.008920    0.074661    0.413206    2.641085 v _097_/X (sky130_fd_sc_hd__or3b_4)
                                                         _032_ (net)
                      0.074661    0.000078    2.641164 v max_cap30/A (sky130_fd_sc_hd__buf_8)
     3    0.016319    0.028517    0.140893    2.782056 v max_cap30/X (sky130_fd_sc_hd__buf_8)
                                                         net30 (net)
                      0.028517    0.000302    2.782359 v _116_/B (sky130_fd_sc_hd__xor2_2)
     2    0.013057    0.197553    0.193567    2.975926 ^ _116_/X (sky130_fd_sc_hd__xor2_2)
                                                         _051_ (net)
                      0.197553    0.000127    2.976053 ^ _117_/A_N (sky130_fd_sc_hd__and2b_2)
     1    0.006688    0.044956    0.266086    3.242138 v _117_/X (sky130_fd_sc_hd__and2b_2)
                                                         _052_ (net)
                      0.044956    0.000151    3.242290 v _121_/B1 (sky130_fd_sc_hd__a21o_4)
     4    0.016488    0.048576    0.210342    3.452632 v _121_/X (sky130_fd_sc_hd__a21o_4)
                                                         _056_ (net)
                      0.048577    0.000302    3.452934 v _125_/A3 (sky130_fd_sc_hd__a31o_4)
     3    0.011773    0.044853    0.262073    3.715008 v _125_/X (sky130_fd_sc_hd__a31o_4)
                                                         _060_ (net)
                      0.044853    0.000235    3.715243 v _127_/A1 (sky130_fd_sc_hd__a2111o_2)
     2    0.006837    0.073865    0.449712    4.164955 v _127_/X (sky130_fd_sc_hd__a2111o_2)
                                                         _062_ (net)
                      0.073865    0.000115    4.165070 v _141_/B (sky130_fd_sc_hd__and3_4)
     1    0.002687    0.030294    0.179443    4.344513 v _141_/X (sky130_fd_sc_hd__and3_4)
                                                         _076_ (net)
                      0.030294    0.000016    4.344528 v _142_/B (sky130_fd_sc_hd__or4b_4)
     3    0.014130    0.101794    0.564373    4.908901 v _142_/X (sky130_fd_sc_hd__or4b_4)
                                                         _077_ (net)
                      0.101794    0.000188    4.909089 v _144_/B1 (sky130_fd_sc_hd__o21a_4)
     2    0.010375    0.041365    0.153793    5.062882 v _144_/X (sky130_fd_sc_hd__o21a_4)
                                                         net28 (net)
                      0.041365    0.000065    5.062947 v _193_/B1 (sky130_fd_sc_hd__a211oi_2)
     1    0.006139    0.191601    0.229709    5.292656 ^ _193_/Y (sky130_fd_sc_hd__a211oi_2)
                                                         net29 (net)
                      0.191601    0.000061    5.292717 ^ output29/A (sky130_fd_sc_hd__buf_6)
     1    0.034288    0.077939    0.174486    5.467203 ^ output29/X (sky130_fd_sc_hd__buf_6)
                                                         zero (net)
                      0.077939    0.000274    5.467477 ^ zero (out)
                                              5.467477   data arrival time

                      0.000000   10.000000   10.000000   clock __VIRTUAL_CLK__ (rise edge)
                                  0.000000   10.000000   clock network delay (ideal)
                                 -0.250000    9.750000   clock uncertainty
                                  0.000000    9.750000   clock reconvergence pessimism
                                 -2.000000    7.750000   output external delay
                                              7.750000   data required time
---------------------------------------------------------------------------------------------
                                              7.750000   data required time
                                             -5.467477   data arrival time
---------------------------------------------------------------------------------------------
                                              2.282523   slack (MET)




===========================================================================
report_checks --slack_max -0.01
============================================================================
======================= min_tt_025C_1v80 Corner ===================================

No paths found.


===========================================================================
 report_check_types -max_slew -max_cap -max_fanout -violators
============================================================================
======================= min_tt_025C_1v80 Corner ===================================



===========================================================================
report_parasitic_annotation -report_unannotated
============================================================================
Found 0 unannotated drivers.
Found 0 partially unannotated drivers.

===========================================================================
max slew violation count 0
%OL_METRIC_I design__max_slew_violation__count__corner:min_tt_025C_1v80 0
max fanout violation count 0
%OL_METRIC_I design__max_fanout_violation__count__corner:min_tt_025C_1v80 0
max cap violation count 0
%OL_METRIC_I design__max_cap_violation__count__corner:min_tt_025C_1v80 0
============================================================================

===========================================================================
check_setup -verbose -unconstrained_endpoints -multiple_clock -no_clock -no_input_delay -loops -generated_clocks
===========================================================================
%OL_END_REPORT
%OL_CREATE_REPORT power.rpt

===========================================================================
 report_power
============================================================================
======================= min_tt_025C_1v80 Corner ===================================

Group                    Internal    Switching      Leakage        Total
                            Power        Power        Power        Power (Watts)
------------------------------------------------------------------------
Sequential           0.000000e+00 0.000000e+00 0.000000e+00 0.000000e+00   0.0%
Combinational        4.500758e-05 4.614238e-05 5.616539e-10 9.115053e-05 100.0%
Clock                0.000000e+00 0.000000e+00 3.499243e-10 3.499243e-10   0.0%
Macro                0.000000e+00 0.000000e+00 0.000000e+00 0.000000e+00   0.0%
Pad                  0.000000e+00 0.000000e+00 0.000000e+00 0.000000e+00   0.0%
------------------------------------------------------------------------
Total                4.500758e-05 4.614238e-05 9.115786e-10 9.115088e-05 100.0%
                            49.4%        50.6%         0.0%
%OL_METRIC_F power__internal__total 4.500757859204896e-5
%OL_METRIC_F power__switching__total 4.61423842352815e-5
%OL_METRIC_F power__leakage__total 9.115786459013009e-10
%OL_METRIC_F power__total 9.115087596001104e-5

%OL_END_REPORT
%OL_CREATE_REPORT skew.min.rpt

===========================================================================
Clock Skew (Hold)
============================================================================
%OL_METRIC_F clock__skew__worst_hold__corner:min_tt_025C_1v80 0.0
======================= min_tt_025C_1v80 Corner ===================================

Clock __VIRTUAL_CLK__
No launch/capture paths found.

%OL_END_REPORT
%OL_CREATE_REPORT skew.max.rpt

===========================================================================
Clock Skew (Setup)
============================================================================
%OL_METRIC_F clock__skew__worst_setup__corner:min_tt_025C_1v80 0.0
======================= min_tt_025C_1v80 Corner ===================================

Clock __VIRTUAL_CLK__
No launch/capture paths found.

%OL_END_REPORT
%OL_CREATE_REPORT ws.min.rpt

===========================================================================
Worst Slack (Hold)
============================================================================
%OL_METRIC_F timing__hold__ws__corner:min_tt_025C_1v80 4.362744955451745
min_tt_025C_1v80: 4.362744955451745
%OL_END_REPORT
%OL_CREATE_REPORT ws.max.rpt

===========================================================================
Worst Slack (Setup)
============================================================================
%OL_METRIC_F timing__setup__ws__corner:min_tt_025C_1v80 2.2825231240033665
min_tt_025C_1v80: 2.2825231240033665
%OL_END_REPORT
%OL_CREATE_REPORT tns.min.rpt

===========================================================================
Total Negative Slack (Hold)
============================================================================
%OL_METRIC_F timing__hold__tns__corner:min_tt_025C_1v80 0.0
min_tt_025C_1v80: 0.0
%OL_END_REPORT
%OL_CREATE_REPORT tns.max.rpt

===========================================================================
Total Negative Slack (Setup)
============================================================================
%OL_METRIC_F timing__setup__tns__corner:min_tt_025C_1v80 0.0
min_tt_025C_1v80: 0.0
%OL_END_REPORT
%OL_CREATE_REPORT wns.min.rpt

===========================================================================
Worst Negative Slack (Hold)
============================================================================
%OL_METRIC_F timing__hold__wns__corner:min_tt_025C_1v80 0
min_tt_025C_1v80: 0
%OL_END_REPORT
%OL_CREATE_REPORT wns.max.rpt

===========================================================================
Worst Negative Slack (Setup)
============================================================================
%OL_METRIC_F timing__setup__wns__corner:min_tt_025C_1v80 0.0
min_tt_025C_1v80: 0.0
%OL_END_REPORT
%OL_CREATE_REPORT violator_list.rpt

===========================================================================
Violator List
============================================================================
%OL_METRIC_I timing__hold_vio__count__corner:min_tt_025C_1v80 0
%OL_METRIC_F timing__hold_r2r__ws__corner:min_tt_025C_1v80 inf
%OL_METRIC_I timing__hold_r2r_vio__count__corner:min_tt_025C_1v80 0
%OL_METRIC_I timing__setup_vio__count__corner:min_tt_025C_1v80 0
%OL_METRIC_F timing__setup_r2r__ws__corner:min_tt_025C_1v80 inf
%OL_METRIC_I timing__setup_r2r_vio__count__corner:min_tt_025C_1v80 0
%OL_END_REPORT
%OL_CREATE_REPORT unpropagated.rpt
__VIRTUAL_CLK__
%OL_END_REPORT
%OL_CREATE_REPORT clock.rpt
Clock: __VIRTUAL_CLK__
Sources: 
Generated: no
Virtual: yes
Propagated: no
Period: 10.000000

===========================================================================
report_clock_properties
============================================================================
Clock                   Period          Waveform
----------------------------------------------------
__VIRTUAL_CLK__      10.000000    0.000000  5.000000

===========================================================================
report_clock_latency
============================================================================
Clock __VIRTUAL_CLK__


===========================================================================
report_clock_min_period
============================================================================
__VIRTUAL_CLK__ period_min = 0.00 fmax = inf
%OL_END_REPORT
Writing SDF files for all corners…
Removing Clock latencies before writing libs…
Writing timing models for all corners…
Writing timing models for the min_tt_025C_1v80 corner to /home/thaituroblox/Desktop/8_BIT_COUNTER/Counter-8-Bit-/alu_project/runs/RUN_2026-09-26_04-41-42/55-openroad-stapostpnr/min_tt_025C_1v80/alu_8bit__min_tt_025C_1v80.lib…
