┏━━━━━━━━━━━━━━━━━━━━━━┳━━━━━━━━━━┳━━━━━━━━━━┳━━━━━━━━━━┳━━━━━━━━━━┳━━━━━━━━━━━┳━━━━━━━━━━┳━━━━━━━━━━━┳━━━━━━━━━━┳━━━━━━━━━━━┳━━━━━━━━━━┳━━━━━━━━━━━┳━━━━━━━━━━┓
┃                      ┃ Hold     ┃ Reg to   ┃          ┃          ┃ of which  ┃ Setup    ┃           ┃          ┃           ┃ of which ┃           ┃          ┃
┃                      ┃ Worst    ┃ Reg      ┃          ┃ Hold Vio ┃ reg to    ┃ Worst    ┃ Reg to    ┃ Setup    ┃ Setup Vio ┃ reg to   ┃ Max Cap   ┃ Max Slew ┃
┃ Corner/Group         ┃ Slack    ┃ Paths    ┃ Hold TNS ┃ Count    ┃ reg       ┃ Slack    ┃ Reg Paths ┃ TNS      ┃ Count     ┃ reg      ┃ Violatio… ┃ Violati… ┃
┡━━━━━━━━━━━━━━━━━━━━━━╇━━━━━━━━━━╇━━━━━━━━━━╇━━━━━━━━━━╇━━━━━━━━━━╇━━━━━━━━━━━╇━━━━━━━━━━╇━━━━━━━━━━━╇━━━━━━━━━━╇━━━━━━━━━━━╇━━━━━━━━━━╇━━━━━━━━━━━╇━━━━━━━━━━┩
│ Overall              │ 4.1625   │ N/A      │ 0.0000   │ 0        │ 0         │ -0.9680  │ N/A       │ -2.5227  │ 15        │ 0        │ 0         │ 0        │
│ nom_tt_025C_1v80     │ 4.3745   │ N/A      │ 0.0000   │ 0        │ 0         │ 2.2642   │ N/A       │ 0.0000   │ 0         │ 0        │ 0         │ 0        │
│ nom_ss_100C_1v60     │ 4.8970   │ N/A      │ 0.0000   │ 0        │ 0         │ -0.9257  │ N/A       │ -2.3616  │ 5         │ 0        │ 0         │ 0        │
│ nom_ff_n40C_1v95     │ 4.1705   │ N/A      │ 0.0000   │ 0        │ 0         │ 3.5986   │ N/A       │ 0.0000   │ 0         │ 0        │ 0         │ 0        │
│ min_tt_025C_1v80     │ 4.3627   │ N/A      │ 0.0000   │ 0        │ 0         │ 2.2825   │ N/A       │ 0.0000   │ 0         │ 0        │ 0         │ 0        │
│ min_ss_100C_1v60     │ 4.8765   │ N/A      │ 0.0000   │ 0        │ 0         │ -0.8988  │ N/A       │ -2.2348  │ 5         │ 0        │ 0         │ 0        │
│ min_ff_n40C_1v95     │ 4.1625   │ N/A      │ 0.0000   │ 0        │ 0         │ 3.6101   │ N/A       │ 0.0000   │ 0         │ 0        │ 0         │ 0        │
│ max_tt_025C_1v80     │ 4.3865   │ N/A      │ 0.0000   │ 0        │ 0         │ 2.2453   │ N/A       │ 0.0000   │ 0         │ 0        │ 0         │ 0        │
│ max_ss_100C_1v60     │ 4.9174   │ N/A      │ 0.0000   │ 0        │ 0         │ -0.9680  │ N/A       │ -2.5227  │ 5         │ 0        │ 0         │ 0        │
│ max_ff_n40C_1v95     │ 4.1788   │ N/A      │ 0.0000   │ 0        │ 0         │ 3.5857   │ N/A       │ 0.0000   │ 0         │ 0        │ 0         │ 0        │
└──────────────────────┴──────────┴──────────┴──────────┴──────────┴───────────┴──────────┴───────────┴──────────┴───────────┴──────────┴───────────┴──────────┘
