
===========================================================================
report_checks -unconstrained
===========================================================================
======================= min_ss_100C_1v60 Corner ===================================

Startpoint: opcode[1] (input port clocked by __VIRTUAL_CLK__)
Endpoint: zero (output port clocked by __VIRTUAL_CLK__)
Path Group: __VIRTUAL_CLK__
Path Type: max

Fanout         Cap        Slew       Delay        Time   Description
---------------------------------------------------------------------------------------------
                      0.000000    0.000000    0.000000   clock __VIRTUAL_CLK__ (rise edge)
                                  0.000000    0.000000   clock network delay (ideal)
                                  2.000000    2.000000 v input external delay
     1    0.006029    0.031202    0.020287    2.020287 v opcode[1] (in)
                                                         opcode[1] (net)
                      0.031202    0.000000    2.020287 v input18/A (sky130_fd_sc_hd__buf_6)
     2    0.009085    0.042556    0.198923    2.219210 v input18/X (sky130_fd_sc_hd__buf_6)
                                                         net18 (net)
                      0.042556    0.000052    2.219262 v fanout31/A (sky130_fd_sc_hd__buf_6)
     2    0.009692    0.043343    0.205424    2.424686 v fanout31/X (sky130_fd_sc_hd__buf_6)
                                                         net31 (net)
                      0.043343    0.000306    2.424993 v _097_/A (sky130_fd_sc_hd__or3b_4)
     2    0.008777    0.132882    0.808183    3.233175 v _097_/X (sky130_fd_sc_hd__or3b_4)
                                                         _032_ (net)
                      0.132882    0.000077    3.233253 v max_cap30/A (sky130_fd_sc_hd__buf_8)
     3    0.016460    0.047937    0.259668    3.492921 v max_cap30/X (sky130_fd_sc_hd__buf_8)
                                                         net30 (net)
                      0.047937    0.000307    3.493227 v _116_/B (sky130_fd_sc_hd__xor2_2)
     2    0.012982    0.317065    0.317333    3.810560 ^ _116_/X (sky130_fd_sc_hd__xor2_2)
                                                         _051_ (net)
                      0.317065    0.000125    3.810685 ^ _117_/A_N (sky130_fd_sc_hd__and2b_2)
     1    0.006805    0.088722    0.585818    4.396503 v _117_/X (sky130_fd_sc_hd__and2b_2)
                                                         _052_ (net)
                      0.088722    0.000155    4.396658 v _121_/B1 (sky130_fd_sc_hd__a21o_4)
     4    0.016653    0.084908    0.394834    4.791492 v _121_/X (sky130_fd_sc_hd__a21o_4)
                                                         _056_ (net)
                      0.084908    0.000306    4.791797 v _125_/A3 (sky130_fd_sc_hd__a31o_4)
     3    0.011808    0.076472    0.476500    5.268297 v _125_/X (sky130_fd_sc_hd__a31o_4)
                                                         _060_ (net)
                      0.076472    0.000236    5.268533 v _127_/A1 (sky130_fd_sc_hd__a2111o_2)
     2    0.006852    0.132638    0.888897    6.157429 v _127_/X (sky130_fd_sc_hd__a2111o_2)
                                                         _062_ (net)
                      0.132638    0.000115    6.157545 v _141_/B (sky130_fd_sc_hd__and3_4)
     1    0.002717    0.050446    0.338161    6.495706 v _141_/X (sky130_fd_sc_hd__and3_4)
                                                         _076_ (net)
                      0.050446    0.000016    6.495721 v _142_/B (sky130_fd_sc_hd__or4b_4)
     3    0.014297    0.186108    1.122284    7.618005 v _142_/X (sky130_fd_sc_hd__or4b_4)
                                                         _077_ (net)
                      0.186108    0.000190    7.618195 v _144_/B1 (sky130_fd_sc_hd__o21a_4)
     2    0.010519    0.072604    0.294231    7.912426 v _144_/X (sky130_fd_sc_hd__o21a_4)
                                                         net28 (net)
                      0.072604    0.000066    7.912492 v _193_/B1 (sky130_fd_sc_hd__a211oi_2)
     1    0.006102    0.317053    0.394424    8.306916 ^ _193_/Y (sky130_fd_sc_hd__a211oi_2)
                                                         net29 (net)
                      0.317053    0.000060    8.306976 ^ output29/A (sky130_fd_sc_hd__buf_6)
     1    0.034288    0.124300    0.341563    8.648540 ^ output29/X (sky130_fd_sc_hd__buf_6)
                                                         zero (net)
                      0.124300    0.000274    8.648813 ^ zero (out)
                                              8.648813   data arrival time

                      0.000000   10.000000   10.000000   clock __VIRTUAL_CLK__ (rise edge)
                                  0.000000   10.000000   clock network delay (ideal)
                                 -0.250000    9.750000   clock uncertainty
                                  0.000000    9.750000   clock reconvergence pessimism
                                 -2.000000    7.750000   output external delay
                                              7.750000   data required time
---------------------------------------------------------------------------------------------
                                              7.750000   data required time
                                             -8.648813   data arrival time
---------------------------------------------------------------------------------------------
                                             -0.898813   slack (VIOLATED)




===========================================================================
report_checks --slack_max -0.01
============================================================================
======================= min_ss_100C_1v60 Corner ===================================

Startpoint: opcode[1] (input port clocked by __VIRTUAL_CLK__)
Endpoint: zero (output port clocked by __VIRTUAL_CLK__)
Path Group: __VIRTUAL_CLK__
Path Type: max

Fanout         Cap        Slew       Delay        Time   Description
---------------------------------------------------------------------------------------------
                      0.000000    0.000000    0.000000   clock __VIRTUAL_CLK__ (rise edge)
                                  0.000000    0.000000   clock network delay (ideal)
                                  2.000000    2.000000 v input external delay
     1    0.006029    0.031202    0.020287    2.020287 v opcode[1] (in)
                                                         opcode[1] (net)
                      0.031202    0.000000    2.020287 v input18/A (sky130_fd_sc_hd__buf_6)
     2    0.009085    0.042556    0.198923    2.219210 v input18/X (sky130_fd_sc_hd__buf_6)
                                                         net18 (net)
                      0.042556    0.000052    2.219262 v fanout31/A (sky130_fd_sc_hd__buf_6)
     2    0.009692    0.043343    0.205424    2.424686 v fanout31/X (sky130_fd_sc_hd__buf_6)
                                                         net31 (net)
                      0.043343    0.000306    2.424993 v _097_/A (sky130_fd_sc_hd__or3b_4)
     2    0.008777    0.132882    0.808183    3.233175 v _097_/X (sky130_fd_sc_hd__or3b_4)
                                                         _032_ (net)
                      0.132882    0.000077    3.233253 v max_cap30/A (sky130_fd_sc_hd__buf_8)
     3    0.016460    0.047937    0.259668    3.492921 v max_cap30/X (sky130_fd_sc_hd__buf_8)
                                                         net30 (net)
                      0.047937    0.000307    3.493227 v _116_/B (sky130_fd_sc_hd__xor2_2)
     2    0.012982    0.317065    0.317333    3.810560 ^ _116_/X (sky130_fd_sc_hd__xor2_2)
                                                         _051_ (net)
                      0.317065    0.000125    3.810685 ^ _117_/A_N (sky130_fd_sc_hd__and2b_2)
     1    0.006805    0.088722    0.585818    4.396503 v _117_/X (sky130_fd_sc_hd__and2b_2)
                                                         _052_ (net)
                      0.088722    0.000155    4.396658 v _121_/B1 (sky130_fd_sc_hd__a21o_4)
     4    0.016653    0.084908    0.394834    4.791492 v _121_/X (sky130_fd_sc_hd__a21o_4)
                                                         _056_ (net)
                      0.084908    0.000306    4.791797 v _125_/A3 (sky130_fd_sc_hd__a31o_4)
     3    0.011808    0.076472    0.476500    5.268297 v _125_/X (sky130_fd_sc_hd__a31o_4)
                                                         _060_ (net)
                      0.076472    0.000236    5.268533 v _127_/A1 (sky130_fd_sc_hd__a2111o_2)
     2    0.006852    0.132638    0.888897    6.157429 v _127_/X (sky130_fd_sc_hd__a2111o_2)
                                                         _062_ (net)
                      0.132638    0.000115    6.157545 v _141_/B (sky130_fd_sc_hd__and3_4)
     1    0.002717    0.050446    0.338161    6.495706 v _141_/X (sky130_fd_sc_hd__and3_4)
                                                         _076_ (net)
                      0.050446    0.000016    6.495721 v _142_/B (sky130_fd_sc_hd__or4b_4)
     3    0.014297    0.186108    1.122284    7.618005 v _142_/X (sky130_fd_sc_hd__or4b_4)
                                                         _077_ (net)
                      0.186108    0.000190    7.618195 v _144_/B1 (sky130_fd_sc_hd__o21a_4)
     2    0.010519    0.072604    0.294231    7.912426 v _144_/X (sky130_fd_sc_hd__o21a_4)
                                                         net28 (net)
                      0.072604    0.000066    7.912492 v _193_/B1 (sky130_fd_sc_hd__a211oi_2)
     1    0.006102    0.317053    0.394424    8.306916 ^ _193_/Y (sky130_fd_sc_hd__a211oi_2)
                                                         net29 (net)
                      0.317053    0.000060    8.306976 ^ output29/A (sky130_fd_sc_hd__buf_6)
     1    0.034288    0.124300    0.341563    8.648540 ^ output29/X (sky130_fd_sc_hd__buf_6)
                                                         zero (net)
                      0.124300    0.000274    8.648813 ^ zero (out)
                                              8.648813   data arrival time

                      0.000000   10.000000   10.000000   clock __VIRTUAL_CLK__ (rise edge)
                                  0.000000   10.000000   clock network delay (ideal)
                                 -0.250000    9.750000   clock uncertainty
                                  0.000000    9.750000   clock reconvergence pessimism
                                 -2.000000    7.750000   output external delay
                                              7.750000   data required time
---------------------------------------------------------------------------------------------
                                              7.750000   data required time
                                             -8.648813   data arrival time
---------------------------------------------------------------------------------------------
                                             -0.898813   slack (VIOLATED)




===========================================================================
 report_check_types -max_slew -max_cap -max_fanout -violators
============================================================================
======================= min_ss_100C_1v60 Corner ===================================



===========================================================================
report_parasitic_annotation -report_unannotated
============================================================================
Found 0 unannotated drivers.
Found 0 partially unannotated drivers.

===========================================================================
max slew violation count 0
max fanout violation count 0
max cap violation count 0
============================================================================

===========================================================================
check_setup -verbose -unconstrained_endpoints -multiple_clock -no_clock -no_input_delay -loops -generated_clocks
===========================================================================
