
===========================================================================
report_checks -path_delay max (Setup)
============================================================================
======================= min_ss_100C_1v60 Corner ===================================

Startpoint: opcode[1] (input port clocked by __VIRTUAL_CLK__)
Endpoint: zero (output port clocked by __VIRTUAL_CLK__)
Path Group: __VIRTUAL_CLK__
Path Type: max

Fanout         Cap        Slew       Delay        Time   Description
---------------------------------------------------------------------------------------------
                      0.000000    0.000000    0.000000   clock __VIRTUAL_CLK__ (rise edge)
                                  0.000000    0.000000   clock network delay (ideal)
                                  2.000000    2.000000 v input external delay
     1    0.006029    0.031202    0.020287    2.020287 v opcode[1] (in)
                                                         opcode[1] (net)
                      0.031202    0.000000    2.020287 v input18/A (sky130_fd_sc_hd__buf_6)
     2    0.009085    0.042556    0.198923    2.219210 v input18/X (sky130_fd_sc_hd__buf_6)
                                                         net18 (net)
                      0.042556    0.000052    2.219262 v fanout31/A (sky130_fd_sc_hd__buf_6)
     2    0.009692    0.043343    0.205424    2.424686 v fanout31/X (sky130_fd_sc_hd__buf_6)
                                                         net31 (net)
                      0.043343    0.000306    2.424993 v _097_/A (sky130_fd_sc_hd__or3b_4)
     2    0.008777    0.132882    0.808183    3.233175 v _097_/X (sky130_fd_sc_hd__or3b_4)
                                                         _032_ (net)
                      0.132882    0.000077    3.233253 v max_cap30/A (sky130_fd_sc_hd__buf_8)
     3    0.016460    0.047937    0.259668    3.492921 v max_cap30/X (sky130_fd_sc_hd__buf_8)
                                                         net30 (net)
                      0.047937    0.000307    3.493227 v _116_/B (sky130_fd_sc_hd__xor2_2)
     2    0.012982    0.317065    0.317333    3.810560 ^ _116_/X (sky130_fd_sc_hd__xor2_2)
                                                         _051_ (net)
                      0.317065    0.000125    3.810685 ^ _117_/A_N (sky130_fd_sc_hd__and2b_2)
     1    0.006805    0.088722    0.585818    4.396503 v _117_/X (sky130_fd_sc_hd__and2b_2)
                                                         _052_ (net)
                      0.088722    0.000155    4.396658 v _121_/B1 (sky130_fd_sc_hd__a21o_4)
     4    0.016653    0.084908    0.394834    4.791492 v _121_/X (sky130_fd_sc_hd__a21o_4)
                                                         _056_ (net)
                      0.084908    0.000306    4.791797 v _125_/A3 (sky130_fd_sc_hd__a31o_4)
     3    0.011808    0.076472    0.476500    5.268297 v _125_/X (sky130_fd_sc_hd__a31o_4)
                                                         _060_ (net)
                      0.076472    0.000236    5.268533 v _127_/A1 (sky130_fd_sc_hd__a2111o_2)
     2    0.006852    0.132638    0.888897    6.157429 v _127_/X (sky130_fd_sc_hd__a2111o_2)
                                                         _062_ (net)
                      0.132638    0.000115    6.157545 v _141_/B (sky130_fd_sc_hd__and3_4)
     1    0.002717    0.050446    0.338161    6.495706 v _141_/X (sky130_fd_sc_hd__and3_4)
                                                         _076_ (net)
                      0.050446    0.000016    6.495721 v _142_/B (sky130_fd_sc_hd__or4b_4)
     3    0.014297    0.186108    1.122284    7.618005 v _142_/X (sky130_fd_sc_hd__or4b_4)
                                                         _077_ (net)
                      0.186108    0.000190    7.618195 v _144_/B1 (sky130_fd_sc_hd__o21a_4)
     2    0.010519    0.072604    0.294231    7.912426 v _144_/X (sky130_fd_sc_hd__o21a_4)
                                                         net28 (net)
                      0.072604    0.000066    7.912492 v _193_/B1 (sky130_fd_sc_hd__a211oi_2)
     1    0.006102    0.317053    0.394424    8.306916 ^ _193_/Y (sky130_fd_sc_hd__a211oi_2)
                                                         net29 (net)
                      0.317053    0.000060    8.306976 ^ output29/A (sky130_fd_sc_hd__buf_6)
     1    0.034288    0.124300    0.341563    8.648540 ^ output29/X (sky130_fd_sc_hd__buf_6)
                                                         zero (net)
                      0.124300    0.000274    8.648813 ^ zero (out)
                                              8.648813   data arrival time

                      0.000000   10.000000   10.000000   clock __VIRTUAL_CLK__ (rise edge)
                                  0.000000   10.000000   clock network delay (ideal)
                                 -0.250000    9.750000   clock uncertainty
                                  0.000000    9.750000   clock reconvergence pessimism
                                 -2.000000    7.750000   output external delay
                                              7.750000   data required time
---------------------------------------------------------------------------------------------
                                              7.750000   data required time
                                             -8.648813   data arrival time
---------------------------------------------------------------------------------------------
                                             -0.898813   slack (VIOLATED)


Startpoint: opcode[1] (input port clocked by __VIRTUAL_CLK__)
Endpoint: overflow (output port clocked by __VIRTUAL_CLK__)
Path Group: __VIRTUAL_CLK__
Path Type: max

Fanout         Cap        Slew       Delay        Time   Description
---------------------------------------------------------------------------------------------
                      0.000000    0.000000    0.000000   clock __VIRTUAL_CLK__ (rise edge)
                                  0.000000    0.000000   clock network delay (ideal)
                                  2.000000    2.000000 v input external delay
     1    0.006029    0.031202    0.020287    2.020287 v opcode[1] (in)
                                                         opcode[1] (net)
                      0.031202    0.000000    2.020287 v input18/A (sky130_fd_sc_hd__buf_6)
     2    0.009085    0.042556    0.198923    2.219210 v input18/X (sky130_fd_sc_hd__buf_6)
                                                         net18 (net)
                      0.042556    0.000052    2.219262 v fanout31/A (sky130_fd_sc_hd__buf_6)
     2    0.009692    0.043343    0.205424    2.424686 v fanout31/X (sky130_fd_sc_hd__buf_6)
                                                         net31 (net)
                      0.043343    0.000306    2.424993 v _097_/A (sky130_fd_sc_hd__or3b_4)
     2    0.008777    0.132882    0.808183    3.233175 v _097_/X (sky130_fd_sc_hd__or3b_4)
                                                         _032_ (net)
                      0.132882    0.000077    3.233253 v max_cap30/A (sky130_fd_sc_hd__buf_8)
     3    0.016460    0.047937    0.259668    3.492921 v max_cap30/X (sky130_fd_sc_hd__buf_8)
                                                         net30 (net)
                      0.047937    0.000307    3.493227 v _116_/B (sky130_fd_sc_hd__xor2_2)
     2    0.012982    0.317065    0.317333    3.810560 ^ _116_/X (sky130_fd_sc_hd__xor2_2)
                                                         _051_ (net)
                      0.317065    0.000125    3.810685 ^ _117_/A_N (sky130_fd_sc_hd__and2b_2)
     1    0.006805    0.088722    0.585818    4.396503 v _117_/X (sky130_fd_sc_hd__and2b_2)
                                                         _052_ (net)
                      0.088722    0.000155    4.396658 v _121_/B1 (sky130_fd_sc_hd__a21o_4)
     4    0.016653    0.084908    0.394834    4.791492 v _121_/X (sky130_fd_sc_hd__a21o_4)
                                                         _056_ (net)
                      0.084908    0.000306    4.791797 v _125_/A3 (sky130_fd_sc_hd__a31o_4)
     3    0.011808    0.076472    0.476500    5.268297 v _125_/X (sky130_fd_sc_hd__a31o_4)
                                                         _060_ (net)
                      0.076472    0.000236    5.268533 v _127_/A1 (sky130_fd_sc_hd__a2111o_2)
     2    0.006852    0.132638    0.888897    6.157429 v _127_/X (sky130_fd_sc_hd__a2111o_2)
                                                         _062_ (net)
                      0.132638    0.000115    6.157545 v _141_/B (sky130_fd_sc_hd__and3_4)
     1    0.002717    0.050446    0.338161    6.495706 v _141_/X (sky130_fd_sc_hd__and3_4)
                                                         _076_ (net)
                      0.050446    0.000016    6.495721 v _142_/B (sky130_fd_sc_hd__or4b_4)
     3    0.014297    0.186108    1.122284    7.618005 v _142_/X (sky130_fd_sc_hd__or4b_4)
                                                         _077_ (net)
                      0.186108    0.000253    7.618258 v rebuffer36/A (sky130_fd_sc_hd__buf_6)
     1    0.005457    0.036815    0.268228    7.886487 v rebuffer36/X (sky130_fd_sc_hd__buf_6)
                                                         net36 (net)
                      0.036815    0.000072    7.886559 v _143_/B (sky130_fd_sc_hd__nand2_2)
     1    0.003109    0.103840    0.082715    7.969274 ^ _143_/Y (sky130_fd_sc_hd__nand2_2)
                                                         _078_ (net)
                      0.103840    0.000034    7.969307 ^ _146_/B (sky130_fd_sc_hd__and3_4)
     1    0.007964    0.103469    0.436516    8.405823 ^ _146_/X (sky130_fd_sc_hd__and3_4)
                                                         net20 (net)
                      0.103469    0.000108    8.405931 ^ output20/A (sky130_fd_sc_hd__buf_8)
     1    0.034762    0.105589    0.231728    8.637660 ^ output20/X (sky130_fd_sc_hd__buf_8)
                                                         overflow (net)
                      0.105589    0.000251    8.637911 ^ overflow (out)
                                              8.637911   data arrival time

                      0.000000   10.000000   10.000000   clock __VIRTUAL_CLK__ (rise edge)
                                  0.000000   10.000000   clock network delay (ideal)
                                 -0.250000    9.750000   clock uncertainty
                                  0.000000    9.750000   clock reconvergence pessimism
                                 -2.000000    7.750000   output external delay
                                              7.750000   data required time
---------------------------------------------------------------------------------------------
                                              7.750000   data required time
                                             -8.637911   data arrival time
---------------------------------------------------------------------------------------------
                                             -0.887911   slack (VIOLATED)


Startpoint: opcode[1] (input port clocked by __VIRTUAL_CLK__)
Endpoint: result[7] (output port clocked by __VIRTUAL_CLK__)
Path Group: __VIRTUAL_CLK__
Path Type: max

Fanout         Cap        Slew       Delay        Time   Description
---------------------------------------------------------------------------------------------
                      0.000000    0.000000    0.000000   clock __VIRTUAL_CLK__ (rise edge)
                                  0.000000    0.000000   clock network delay (ideal)
                                  2.000000    2.000000 v input external delay
     1    0.006029    0.031202    0.020287    2.020287 v opcode[1] (in)
                                                         opcode[1] (net)
                      0.031202    0.000000    2.020287 v input18/A (sky130_fd_sc_hd__buf_6)
     2    0.009085    0.042556    0.198923    2.219210 v input18/X (sky130_fd_sc_hd__buf_6)
                                                         net18 (net)
                      0.042556    0.000052    2.219262 v fanout31/A (sky130_fd_sc_hd__buf_6)
     2    0.009692    0.043343    0.205424    2.424686 v fanout31/X (sky130_fd_sc_hd__buf_6)
                                                         net31 (net)
                      0.043343    0.000306    2.424993 v _097_/A (sky130_fd_sc_hd__or3b_4)
     2    0.008777    0.132882    0.808183    3.233175 v _097_/X (sky130_fd_sc_hd__or3b_4)
                                                         _032_ (net)
                      0.132882    0.000077    3.233253 v max_cap30/A (sky130_fd_sc_hd__buf_8)
     3    0.016460    0.047937    0.259668    3.492921 v max_cap30/X (sky130_fd_sc_hd__buf_8)
                                                         net30 (net)
                      0.047937    0.000307    3.493227 v _116_/B (sky130_fd_sc_hd__xor2_2)
     2    0.012982    0.317065    0.317333    3.810560 ^ _116_/X (sky130_fd_sc_hd__xor2_2)
                                                         _051_ (net)
                      0.317065    0.000125    3.810685 ^ _117_/A_N (sky130_fd_sc_hd__and2b_2)
     1    0.006805    0.088722    0.585818    4.396503 v _117_/X (sky130_fd_sc_hd__and2b_2)
                                                         _052_ (net)
                      0.088722    0.000155    4.396658 v _121_/B1 (sky130_fd_sc_hd__a21o_4)
     4    0.016653    0.084908    0.394834    4.791492 v _121_/X (sky130_fd_sc_hd__a21o_4)
                                                         _056_ (net)
                      0.084908    0.000306    4.791797 v _125_/A3 (sky130_fd_sc_hd__a31o_4)
     3    0.011808    0.076472    0.476500    5.268297 v _125_/X (sky130_fd_sc_hd__a31o_4)
                                                         _060_ (net)
                      0.076472    0.000236    5.268533 v _127_/A1 (sky130_fd_sc_hd__a2111o_2)
     2    0.006852    0.132638    0.888897    6.157429 v _127_/X (sky130_fd_sc_hd__a2111o_2)
                                                         _062_ (net)
                      0.132638    0.000115    6.157545 v _141_/B (sky130_fd_sc_hd__and3_4)
     1    0.002717    0.050446    0.338161    6.495706 v _141_/X (sky130_fd_sc_hd__and3_4)
                                                         _076_ (net)
                      0.050446    0.000016    6.495721 v _142_/B (sky130_fd_sc_hd__or4b_4)
     3    0.014297    0.186108    1.122284    7.618005 v _142_/X (sky130_fd_sc_hd__or4b_4)
                                                         _077_ (net)
                      0.186108    0.000190    7.618195 v _144_/B1 (sky130_fd_sc_hd__o21a_4)
     2    0.010519    0.072604    0.294231    7.912426 v _144_/X (sky130_fd_sc_hd__o21a_4)
                                                         net28 (net)
                      0.072604    0.000056    7.912482 v output28/A (sky130_fd_sc_hd__buf_6)
     1    0.034402    0.076109    0.260873    8.173355 v output28/X (sky130_fd_sc_hd__buf_6)
                                                         result[7] (net)
                      0.076109    0.000284    8.173639 v result[7] (out)
                                              8.173639   data arrival time

                      0.000000   10.000000   10.000000   clock __VIRTUAL_CLK__ (rise edge)
                                  0.000000   10.000000   clock network delay (ideal)
                                 -0.250000    9.750000   clock uncertainty
                                  0.000000    9.750000   clock reconvergence pessimism
                                 -2.000000    7.750000   output external delay
                                              7.750000   data required time
---------------------------------------------------------------------------------------------
                                              7.750000   data required time
                                             -8.173639   data arrival time
---------------------------------------------------------------------------------------------
                                             -0.423640   slack (VIOLATED)


Startpoint: opcode[1] (input port clocked by __VIRTUAL_CLK__)
Endpoint: result[5] (output port clocked by __VIRTUAL_CLK__)
Path Group: __VIRTUAL_CLK__
Path Type: max

Fanout         Cap        Slew       Delay        Time   Description
---------------------------------------------------------------------------------------------
                      0.000000    0.000000    0.000000   clock __VIRTUAL_CLK__ (rise edge)
                                  0.000000    0.000000   clock network delay (ideal)
                                  2.000000    2.000000 v input external delay
     1    0.006029    0.031202    0.020287    2.020287 v opcode[1] (in)
                                                         opcode[1] (net)
                      0.031202    0.000000    2.020287 v input18/A (sky130_fd_sc_hd__buf_6)
     2    0.009085    0.042556    0.198923    2.219210 v input18/X (sky130_fd_sc_hd__buf_6)
                                                         net18 (net)
                      0.042556    0.000052    2.219262 v fanout31/A (sky130_fd_sc_hd__buf_6)
     2    0.009692    0.043343    0.205424    2.424686 v fanout31/X (sky130_fd_sc_hd__buf_6)
                                                         net31 (net)
                      0.043343    0.000306    2.424993 v _097_/A (sky130_fd_sc_hd__or3b_4)
     2    0.008777    0.132882    0.808183    3.233175 v _097_/X (sky130_fd_sc_hd__or3b_4)
                                                         _032_ (net)
                      0.132882    0.000077    3.233253 v max_cap30/A (sky130_fd_sc_hd__buf_8)
     3    0.016460    0.047937    0.259668    3.492921 v max_cap30/X (sky130_fd_sc_hd__buf_8)
                                                         net30 (net)
                      0.047937    0.000307    3.493227 v _116_/B (sky130_fd_sc_hd__xor2_2)
     2    0.012982    0.317065    0.317333    3.810560 ^ _116_/X (sky130_fd_sc_hd__xor2_2)
                                                         _051_ (net)
                      0.317065    0.000125    3.810685 ^ _117_/A_N (sky130_fd_sc_hd__and2b_2)
     1    0.006805    0.088722    0.585818    4.396503 v _117_/X (sky130_fd_sc_hd__and2b_2)
                                                         _052_ (net)
                      0.088722    0.000155    4.396658 v _121_/B1 (sky130_fd_sc_hd__a21o_4)
     4    0.016653    0.084908    0.394834    4.791492 v _121_/X (sky130_fd_sc_hd__a21o_4)
                                                         _056_ (net)
                      0.084908    0.000306    4.791797 v _125_/A3 (sky130_fd_sc_hd__a31o_4)
     3    0.011808    0.076472    0.476500    5.268297 v _125_/X (sky130_fd_sc_hd__a31o_4)
                                                         _060_ (net)
                      0.076472    0.000216    5.268512 v _126_/B (sky130_fd_sc_hd__and2_2)
     3    0.012714    0.111610    0.475092    5.743604 v _126_/X (sky130_fd_sc_hd__and2_2)
                                                         _061_ (net)
                      0.111610    0.000048    5.743651 v _176_/A2 (sky130_fd_sc_hd__o31a_2)
     1    0.002332    0.085882    0.652927    6.396578 v _176_/X (sky130_fd_sc_hd__o31a_2)
                                                         _012_ (net)
                      0.085882    0.000009    6.396587 v _179_/A2 (sky130_fd_sc_hd__a21o_2)
     2    0.005643    0.071933    0.420674    6.817261 v _179_/X (sky130_fd_sc_hd__a21o_2)
                                                         _015_ (net)
                      0.071933    0.000055    6.817316 v _180_/B (sky130_fd_sc_hd__and2_2)
     1    0.003470    0.072910    0.415806    7.233121 v _180_/X (sky130_fd_sc_hd__and2_2)
                                                         net26 (net)
                      0.072910    0.000055    7.233176 v output26/A (sky130_fd_sc_hd__dlymetal6s2s_1)
     1    0.035702    0.342643    0.530784    7.763960 v output26/X (sky130_fd_sc_hd__dlymetal6s2s_1)
                                                         result[5] (net)
                      0.342643    0.000432    7.764392 v result[5] (out)
                                              7.764392   data arrival time

                      0.000000   10.000000   10.000000   clock __VIRTUAL_CLK__ (rise edge)
                                  0.000000   10.000000   clock network delay (ideal)
                                 -0.250000    9.750000   clock uncertainty
                                  0.000000    9.750000   clock reconvergence pessimism
                                 -2.000000    7.750000   output external delay
                                              7.750000   data required time
---------------------------------------------------------------------------------------------
                                              7.750000   data required time
                                             -7.764392   data arrival time
---------------------------------------------------------------------------------------------
                                             -0.014392   slack (VIOLATED)


Startpoint: opcode[1] (input port clocked by __VIRTUAL_CLK__)
Endpoint: result[6] (output port clocked by __VIRTUAL_CLK__)
Path Group: __VIRTUAL_CLK__
Path Type: max

Fanout         Cap        Slew       Delay        Time   Description
---------------------------------------------------------------------------------------------
                      0.000000    0.000000    0.000000   clock __VIRTUAL_CLK__ (rise edge)
                                  0.000000    0.000000   clock network delay (ideal)
                                  2.000000    2.000000 v input external delay
     1    0.006029    0.031202    0.020287    2.020287 v opcode[1] (in)
                                                         opcode[1] (net)
                      0.031202    0.000000    2.020287 v input18/A (sky130_fd_sc_hd__buf_6)
     2    0.009085    0.042556    0.198923    2.219210 v input18/X (sky130_fd_sc_hd__buf_6)
                                                         net18 (net)
                      0.042556    0.000052    2.219262 v fanout31/A (sky130_fd_sc_hd__buf_6)
     2    0.009692    0.043343    0.205424    2.424686 v fanout31/X (sky130_fd_sc_hd__buf_6)
                                                         net31 (net)
                      0.043343    0.000306    2.424993 v _097_/A (sky130_fd_sc_hd__or3b_4)
     2    0.008777    0.132882    0.808183    3.233175 v _097_/X (sky130_fd_sc_hd__or3b_4)
                                                         _032_ (net)
                      0.132882    0.000077    3.233253 v max_cap30/A (sky130_fd_sc_hd__buf_8)
     3    0.016460    0.047937    0.259668    3.492921 v max_cap30/X (sky130_fd_sc_hd__buf_8)
                                                         net30 (net)
                      0.047937    0.000174    3.493095 v rebuffer39/A (sky130_fd_sc_hd__buf_2)
     2    0.015791    0.096614    0.286887    3.779982 v rebuffer39/X (sky130_fd_sc_hd__buf_2)
                                                         net39 (net)
                      0.096614    0.000128    3.780110 v _111_/B (sky130_fd_sc_hd__xor2_2)
     3    0.009097    0.125270    0.309996    4.090105 v _111_/X (sky130_fd_sc_hd__xor2_2)
                                                         _046_ (net)
                      0.125270    0.000028    4.090134 v _114_/B (sky130_fd_sc_hd__and2_2)
     1    0.004816    0.079355    0.454640    4.544774 v _114_/X (sky130_fd_sc_hd__and2_2)
                                                         _049_ (net)
                      0.079355    0.000052    4.544826 v _115_/B (sky130_fd_sc_hd__nor2_2)
     5    0.022052    0.413244    0.379880    4.924706 ^ _115_/Y (sky130_fd_sc_hd__nor2_2)
                                                         _050_ (net)
                      0.413244    0.000280    4.924985 ^ _125_/A1 (sky130_fd_sc_hd__a31o_4)
     3    0.012587    0.101840    0.466713    5.391699 ^ _125_/X (sky130_fd_sc_hd__a31o_4)
                                                         _060_ (net)
                      0.101840    0.000231    5.391930 ^ _126_/B (sky130_fd_sc_hd__and2_2)
     3    0.013842    0.146103    0.366842    5.758772 ^ _126_/X (sky130_fd_sc_hd__and2_2)
                                                         _061_ (net)
                      0.146103    0.000034    5.758806 ^ _175_/A2 (sky130_fd_sc_hd__o21ai_2)
     3    0.012531    0.137192    0.187097    5.945903 v _175_/Y (sky130_fd_sc_hd__o21ai_2)
                                                         _011_ (net)
                      0.137192    0.000051    5.945954 v _184_/A2 (sky130_fd_sc_hd__a21o_2)
     1    0.002848    0.057196    0.420441    6.366395 v _184_/X (sky130_fd_sc_hd__a21o_2)
                                                         _019_ (net)
                      0.057196    0.000029    6.366424 v _189_/A2 (sky130_fd_sc_hd__a31o_2)
     2    0.006553    0.080736    0.455537    6.821960 v _189_/X (sky130_fd_sc_hd__a31o_2)
                                                         _024_ (net)
                      0.080736    0.000027    6.821987 v _190_/B (sky130_fd_sc_hd__and2_2)
     1    0.002854    0.070210    0.415041    7.237029 v _190_/X (sky130_fd_sc_hd__and2_2)
                                                         net27 (net)
                      0.070210    0.000039    7.237067 v output27/A (sky130_fd_sc_hd__dlymetal6s2s_1)
     1    0.034670    0.333886    0.522452    7.759520 v output27/X (sky130_fd_sc_hd__dlymetal6s2s_1)
                                                         result[6] (net)
                      0.333886    0.000503    7.760022 v result[6] (out)
                                              7.760022   data arrival time

                      0.000000   10.000000   10.000000   clock __VIRTUAL_CLK__ (rise edge)
                                  0.000000   10.000000   clock network delay (ideal)
                                 -0.250000    9.750000   clock uncertainty
                                  0.000000    9.750000   clock reconvergence pessimism
                                 -2.000000    7.750000   output external delay
                                              7.750000   data required time
---------------------------------------------------------------------------------------------
                                              7.750000   data required time
                                             -7.760022   data arrival time
---------------------------------------------------------------------------------------------
                                             -0.010022   slack (VIOLATED)


Startpoint: opcode[1] (input port clocked by __VIRTUAL_CLK__)
Endpoint: result[3] (output port clocked by __VIRTUAL_CLK__)
Path Group: __VIRTUAL_CLK__
Path Type: max

Fanout         Cap        Slew       Delay        Time   Description
---------------------------------------------------------------------------------------------
                      0.000000    0.000000    0.000000   clock __VIRTUAL_CLK__ (rise edge)
                                  0.000000    0.000000   clock network delay (ideal)
                                  2.000000    2.000000 v input external delay
     1    0.006029    0.031202    0.020287    2.020287 v opcode[1] (in)
                                                         opcode[1] (net)
                      0.031202    0.000000    2.020287 v input18/A (sky130_fd_sc_hd__buf_6)
     2    0.009085    0.042556    0.198923    2.219210 v input18/X (sky130_fd_sc_hd__buf_6)
                                                         net18 (net)
                      0.042556    0.000052    2.219262 v fanout31/A (sky130_fd_sc_hd__buf_6)
     2    0.009692    0.043343    0.205424    2.424686 v fanout31/X (sky130_fd_sc_hd__buf_6)
                                                         net31 (net)
                      0.043343    0.000306    2.424993 v _097_/A (sky130_fd_sc_hd__or3b_4)
     2    0.008777    0.132882    0.808183    3.233175 v _097_/X (sky130_fd_sc_hd__or3b_4)
                                                         _032_ (net)
                      0.132882    0.000077    3.233253 v max_cap30/A (sky130_fd_sc_hd__buf_8)
     3    0.016460    0.047937    0.259668    3.492921 v max_cap30/X (sky130_fd_sc_hd__buf_8)
                                                         net30 (net)
                      0.047937    0.000174    3.493095 v rebuffer39/A (sky130_fd_sc_hd__buf_2)
     2    0.015791    0.096614    0.286887    3.779982 v rebuffer39/X (sky130_fd_sc_hd__buf_2)
                                                         net39 (net)
                      0.096614    0.000128    3.780110 v _111_/B (sky130_fd_sc_hd__xor2_2)
     3    0.009097    0.125270    0.309996    4.090105 v _111_/X (sky130_fd_sc_hd__xor2_2)
                                                         _046_ (net)
                      0.125270    0.000028    4.090134 v _114_/B (sky130_fd_sc_hd__and2_2)
     1    0.004816    0.079355    0.454640    4.544774 v _114_/X (sky130_fd_sc_hd__and2_2)
                                                         _049_ (net)
                      0.079355    0.000052    4.544826 v _115_/B (sky130_fd_sc_hd__nor2_2)
     5    0.022052    0.413244    0.379880    4.924706 ^ _115_/Y (sky130_fd_sc_hd__nor2_2)
                                                         _050_ (net)
                      0.413244    0.000359    4.925065 ^ _162_/A1 (sky130_fd_sc_hd__a21oi_2)
     2    0.006788    0.128303    0.248200    5.173265 v _162_/Y (sky130_fd_sc_hd__a21oi_2)
                                                         _000_ (net)
                      0.128303    0.000049    5.173314 v _164_/C (sky130_fd_sc_hd__or3_2)
     1    0.002942    0.162002    1.027698    6.201012 v _164_/X (sky130_fd_sc_hd__or3_2)
                                                         _002_ (net)
                      0.162002    0.000035    6.201047 v _167_/A2_N (sky130_fd_sc_hd__o2bb2a_2)
     2    0.008228    0.110841    0.562147    6.763194 ^ _167_/X (sky130_fd_sc_hd__o2bb2a_2)
                                                         net24 (net)
                      0.110841    0.000022    6.763216 ^ output24/A (sky130_fd_sc_hd__clkdlybuf4s25_1)
     1    0.034711    0.559964    0.876450    7.639666 ^ output24/X (sky130_fd_sc_hd__clkdlybuf4s25_1)
                                                         result[3] (net)
                      0.559964    0.000299    7.639966 ^ result[3] (out)
                                              7.639966   data arrival time

                      0.000000   10.000000   10.000000   clock __VIRTUAL_CLK__ (rise edge)
                                  0.000000   10.000000   clock network delay (ideal)
                                 -0.250000    9.750000   clock uncertainty
                                  0.000000    9.750000   clock reconvergence pessimism
                                 -2.000000    7.750000   output external delay
                                              7.750000   data required time
---------------------------------------------------------------------------------------------
                                              7.750000   data required time
                                             -7.639966   data arrival time
---------------------------------------------------------------------------------------------
                                              0.110035   slack (MET)


Startpoint: opcode[1] (input port clocked by __VIRTUAL_CLK__)
Endpoint: result[4] (output port clocked by __VIRTUAL_CLK__)
Path Group: __VIRTUAL_CLK__
Path Type: max

Fanout         Cap        Slew       Delay        Time   Description
---------------------------------------------------------------------------------------------
                      0.000000    0.000000    0.000000   clock __VIRTUAL_CLK__ (rise edge)
                                  0.000000    0.000000   clock network delay (ideal)
                                  2.000000    2.000000 v input external delay
     1    0.006029    0.031202    0.020287    2.020287 v opcode[1] (in)
                                                         opcode[1] (net)
                      0.031202    0.000000    2.020287 v input18/A (sky130_fd_sc_hd__buf_6)
     2    0.009085    0.042556    0.198923    2.219210 v input18/X (sky130_fd_sc_hd__buf_6)
                                                         net18 (net)
                      0.042556    0.000052    2.219262 v fanout31/A (sky130_fd_sc_hd__buf_6)
     2    0.009692    0.043343    0.205424    2.424686 v fanout31/X (sky130_fd_sc_hd__buf_6)
                                                         net31 (net)
                      0.043343    0.000306    2.424993 v _097_/A (sky130_fd_sc_hd__or3b_4)
     2    0.008777    0.132882    0.808183    3.233175 v _097_/X (sky130_fd_sc_hd__or3b_4)
                                                         _032_ (net)
                      0.132882    0.000077    3.233253 v max_cap30/A (sky130_fd_sc_hd__buf_8)
     3    0.016460    0.047937    0.259668    3.492921 v max_cap30/X (sky130_fd_sc_hd__buf_8)
                                                         net30 (net)
                      0.047937    0.000174    3.493095 v rebuffer39/A (sky130_fd_sc_hd__buf_2)
     2    0.015791    0.096614    0.286887    3.779982 v rebuffer39/X (sky130_fd_sc_hd__buf_2)
                                                         net39 (net)
                      0.096614    0.000128    3.780110 v _111_/B (sky130_fd_sc_hd__xor2_2)
     3    0.009097    0.125270    0.309996    4.090105 v _111_/X (sky130_fd_sc_hd__xor2_2)
                                                         _046_ (net)
                      0.125270    0.000028    4.090134 v _114_/B (sky130_fd_sc_hd__and2_2)
     1    0.004816    0.079355    0.454640    4.544774 v _114_/X (sky130_fd_sc_hd__and2_2)
                                                         _049_ (net)
                      0.079355    0.000052    4.544826 v _115_/B (sky130_fd_sc_hd__nor2_2)
     5    0.022052    0.413244    0.379880    4.924706 ^ _115_/Y (sky130_fd_sc_hd__nor2_2)
                                                         _050_ (net)
                      0.413244    0.000280    4.924985 ^ _125_/A1 (sky130_fd_sc_hd__a31o_4)
     3    0.012587    0.101840    0.466713    5.391699 ^ _125_/X (sky130_fd_sc_hd__a31o_4)
                                                         _060_ (net)
                      0.101840    0.000231    5.391930 ^ _126_/B (sky130_fd_sc_hd__and2_2)
     3    0.013842    0.146103    0.366842    5.758772 ^ _126_/X (sky130_fd_sc_hd__and2_2)
                                                         _061_ (net)
                      0.146103    0.000075    5.758847 ^ _169_/A (sky130_fd_sc_hd__nor2_2)
     1    0.003690    0.047315    0.104716    5.863563 v _169_/Y (sky130_fd_sc_hd__nor2_2)
                                                         _006_ (net)
                      0.047315    0.000052    5.863614 v _172_/A1 (sky130_fd_sc_hd__o32a_2)
     2    0.007257    0.129030    0.766975    6.630589 v _172_/X (sky130_fd_sc_hd__o32a_2)
                                                         net25 (net)
                      0.129030    0.000068    6.630657 v output25/A (sky130_fd_sc_hd__clkdlybuf4s25_1)
     1    0.035044    0.473587    0.842308    7.472965 v output25/X (sky130_fd_sc_hd__clkdlybuf4s25_1)
                                                         result[4] (net)
                      0.473587    0.000358    7.473322 v result[4] (out)
                                              7.473322   data arrival time

                      0.000000   10.000000   10.000000   clock __VIRTUAL_CLK__ (rise edge)
                                  0.000000   10.000000   clock network delay (ideal)
                                 -0.250000    9.750000   clock uncertainty
                                  0.000000    9.750000   clock reconvergence pessimism
                                 -2.000000    7.750000   output external delay
                                              7.750000   data required time
---------------------------------------------------------------------------------------------
                                              7.750000   data required time
                                             -7.473322   data arrival time
---------------------------------------------------------------------------------------------
                                              0.276677   slack (MET)


Startpoint: opcode[1] (input port clocked by __VIRTUAL_CLK__)
Endpoint: result[2] (output port clocked by __VIRTUAL_CLK__)
Path Group: __VIRTUAL_CLK__
Path Type: max

Fanout         Cap        Slew       Delay        Time   Description
---------------------------------------------------------------------------------------------
                      0.000000    0.000000    0.000000   clock __VIRTUAL_CLK__ (rise edge)
                                  0.000000    0.000000   clock network delay (ideal)
                                  2.000000    2.000000 v input external delay
     1    0.006029    0.031202    0.020287    2.020287 v opcode[1] (in)
                                                         opcode[1] (net)
                      0.031202    0.000000    2.020287 v input18/A (sky130_fd_sc_hd__buf_6)
     2    0.009085    0.042556    0.198923    2.219210 v input18/X (sky130_fd_sc_hd__buf_6)
                                                         net18 (net)
                      0.042556    0.000052    2.219262 v fanout31/A (sky130_fd_sc_hd__buf_6)
     2    0.009692    0.043343    0.205424    2.424686 v fanout31/X (sky130_fd_sc_hd__buf_6)
                                                         net31 (net)
                      0.043343    0.000306    2.424993 v _097_/A (sky130_fd_sc_hd__or3b_4)
     2    0.008777    0.132882    0.808183    3.233175 v _097_/X (sky130_fd_sc_hd__or3b_4)
                                                         _032_ (net)
                      0.132882    0.000077    3.233253 v max_cap30/A (sky130_fd_sc_hd__buf_8)
     3    0.016460    0.047937    0.259668    3.492921 v max_cap30/X (sky130_fd_sc_hd__buf_8)
                                                         net30 (net)
                      0.047937    0.000174    3.493095 v rebuffer39/A (sky130_fd_sc_hd__buf_2)
     2    0.015791    0.096614    0.286887    3.779982 v rebuffer39/X (sky130_fd_sc_hd__buf_2)
                                                         net39 (net)
                      0.096614    0.000128    3.780110 v _111_/B (sky130_fd_sc_hd__xor2_2)
     3    0.009097    0.125270    0.309996    4.090105 v _111_/X (sky130_fd_sc_hd__xor2_2)
                                                         _046_ (net)
                      0.125270    0.000028    4.090134 v _114_/B (sky130_fd_sc_hd__and2_2)
     1    0.004816    0.079355    0.454640    4.544774 v _114_/X (sky130_fd_sc_hd__and2_2)
                                                         _049_ (net)
                      0.079355    0.000052    4.544826 v _115_/B (sky130_fd_sc_hd__nor2_2)
     5    0.022052    0.413244    0.379880    4.924706 ^ _115_/Y (sky130_fd_sc_hd__nor2_2)
                                                         _050_ (net)
                      0.413244    0.000377    4.925082 ^ _157_/A1 (sky130_fd_sc_hd__a21oi_2)
     1    0.003673    0.109749    0.222078    5.147160 v _157_/Y (sky130_fd_sc_hd__a21oi_2)
                                                         _088_ (net)
                      0.109749    0.000033    5.147193 v _158_/B1 (sky130_fd_sc_hd__o21a_2)
     1    0.003722    0.062549    0.241709    5.388902 v _158_/X (sky130_fd_sc_hd__o21a_2)
                                                         _089_ (net)
                      0.062549    0.000046    5.388948 v _161_/A1 (sky130_fd_sc_hd__o32a_2)
     2    0.004741    0.116332    0.749293    6.138241 v _161_/X (sky130_fd_sc_hd__o32a_2)
                                                         net23 (net)
                      0.116332    0.000040    6.138281 v output23/A (sky130_fd_sc_hd__clkdlybuf4s25_1)
     1    0.035239    0.476210    0.837816    6.976096 v output23/X (sky130_fd_sc_hd__clkdlybuf4s25_1)
                                                         result[2] (net)
                      0.476210    0.000778    6.976874 v result[2] (out)
                                              6.976874   data arrival time

                      0.000000   10.000000   10.000000   clock __VIRTUAL_CLK__ (rise edge)
                                  0.000000   10.000000   clock network delay (ideal)
                                 -0.250000    9.750000   clock uncertainty
                                  0.000000    9.750000   clock reconvergence pessimism
                                 -2.000000    7.750000   output external delay
                                              7.750000   data required time
---------------------------------------------------------------------------------------------
                                              7.750000   data required time
                                             -6.976874   data arrival time
---------------------------------------------------------------------------------------------
                                              0.773126   slack (MET)


Startpoint: opcode[1] (input port clocked by __VIRTUAL_CLK__)
Endpoint: result[1] (output port clocked by __VIRTUAL_CLK__)
Path Group: __VIRTUAL_CLK__
Path Type: max

Fanout         Cap        Slew       Delay        Time   Description
---------------------------------------------------------------------------------------------
                      0.000000    0.000000    0.000000   clock __VIRTUAL_CLK__ (rise edge)
                                  0.000000    0.000000   clock network delay (ideal)
                                  2.000000    2.000000 v input external delay
     1    0.006029    0.031202    0.020287    2.020287 v opcode[1] (in)
                                                         opcode[1] (net)
                      0.031202    0.000000    2.020287 v input18/A (sky130_fd_sc_hd__buf_6)
     2    0.009085    0.042556    0.198923    2.219210 v input18/X (sky130_fd_sc_hd__buf_6)
                                                         net18 (net)
                      0.042556    0.000052    2.219262 v fanout31/A (sky130_fd_sc_hd__buf_6)
     2    0.009692    0.043343    0.205424    2.424686 v fanout31/X (sky130_fd_sc_hd__buf_6)
                                                         net31 (net)
                      0.043343    0.000306    2.424993 v _097_/A (sky130_fd_sc_hd__or3b_4)
     2    0.008777    0.132882    0.808183    3.233175 v _097_/X (sky130_fd_sc_hd__or3b_4)
                                                         _032_ (net)
                      0.132882    0.000077    3.233253 v max_cap30/A (sky130_fd_sc_hd__buf_8)
     3    0.016460    0.047937    0.259668    3.492921 v max_cap30/X (sky130_fd_sc_hd__buf_8)
                                                         net30 (net)
                      0.047937    0.000307    3.493227 v _116_/B (sky130_fd_sc_hd__xor2_2)
     2    0.012263    0.147445    0.309160    3.802387 v _116_/X (sky130_fd_sc_hd__xor2_2)
                                                         _051_ (net)
                      0.147445    0.000105    3.802492 v _118_/A (sky130_fd_sc_hd__xnor2_2)
     4    0.015587    0.389053    0.445759    4.248251 ^ _118_/Y (sky130_fd_sc_hd__xnor2_2)
                                                         _053_ (net)
                      0.389053    0.000138    4.248389 ^ _152_/A1 (sky130_fd_sc_hd__a21oi_2)
     1    0.002736    0.100466    0.205876    4.454265 v _152_/Y (sky130_fd_sc_hd__a21oi_2)
                                                         _084_ (net)
                      0.100466    0.000014    4.454279 v _153_/B1 (sky130_fd_sc_hd__o21a_2)
     1    0.004225    0.065539    0.240618    4.694898 v _153_/X (sky130_fd_sc_hd__o21a_2)
                                                         _085_ (net)
                      0.065539    0.000071    4.694968 v _156_/A (sky130_fd_sc_hd__or3_2)
     2    0.005541    0.185832    1.189108    5.884076 v _156_/X (sky130_fd_sc_hd__or3_2)
                                                         net22 (net)
                      0.185832    0.000051    5.884126 v output22/A (sky130_fd_sc_hd__clkdlybuf4s25_1)
     1    0.034993    0.472830    0.869179    6.753305 v output22/X (sky130_fd_sc_hd__clkdlybuf4s25_1)
                                                         result[1] (net)
                      0.472830    0.000331    6.753636 v result[1] (out)
                                              6.753636   data arrival time

                      0.000000   10.000000   10.000000   clock __VIRTUAL_CLK__ (rise edge)
                                  0.000000   10.000000   clock network delay (ideal)
                                 -0.250000    9.750000   clock uncertainty
                                  0.000000    9.750000   clock reconvergence pessimism
                                 -2.000000    7.750000   output external delay
                                              7.750000   data required time
---------------------------------------------------------------------------------------------
                                              7.750000   data required time
                                             -6.753636   data arrival time
---------------------------------------------------------------------------------------------
                                              0.996364   slack (MET)


Startpoint: opcode[1] (input port clocked by __VIRTUAL_CLK__)
Endpoint: result[0] (output port clocked by __VIRTUAL_CLK__)
Path Group: __VIRTUAL_CLK__
Path Type: max

Fanout         Cap        Slew       Delay        Time   Description
---------------------------------------------------------------------------------------------
                      0.000000    0.000000    0.000000   clock __VIRTUAL_CLK__ (rise edge)
                                  0.000000    0.000000   clock network delay (ideal)
                                  2.000000    2.000000 v input external delay
     1    0.006029    0.031202    0.020287    2.020287 v opcode[1] (in)
                                                         opcode[1] (net)
                      0.031202    0.000000    2.020287 v input18/A (sky130_fd_sc_hd__buf_6)
     2    0.009085    0.042556    0.198923    2.219210 v input18/X (sky130_fd_sc_hd__buf_6)
                                                         net18 (net)
                      0.042556    0.000052    2.219262 v fanout31/A (sky130_fd_sc_hd__buf_6)
     2    0.009692    0.043343    0.205424    2.424686 v fanout31/X (sky130_fd_sc_hd__buf_6)
                                                         net31 (net)
                      0.043343    0.000126    2.424812 v rebuffer34/A (sky130_fd_sc_hd__buf_2)
     9    0.034837    0.168358    0.350708    2.775521 v rebuffer34/X (sky130_fd_sc_hd__buf_2)
                                                         net34 (net)
                      0.168363    0.001155    2.776676 v _095_/B (sky130_fd_sc_hd__and2_2)
     8    0.035743    0.198062    0.618770    3.395446 v _095_/X (sky130_fd_sc_hd__and2_2)
                                                         _030_ (net)
                      0.198062    0.000087    3.395532 v _150_/B1 (sky130_fd_sc_hd__a31o_2)
     1    0.003182    0.063818    0.460903    3.856435 v _150_/X (sky130_fd_sc_hd__a31o_2)
                                                         _083_ (net)
                      0.063818    0.000038    3.856473 v _151_/A3 (sky130_fd_sc_hd__o32a_2)
     2    0.005877    0.121772    0.652600    4.509073 v _151_/X (sky130_fd_sc_hd__o32a_2)
                                                         net21 (net)
                      0.121772    0.000073    4.509147 v output21/A (sky130_fd_sc_hd__clkdlybuf4s25_1)
     1    0.034902    0.471794    0.837422    5.346568 v output21/X (sky130_fd_sc_hd__clkdlybuf4s25_1)
                                                         result[0] (net)
                      0.471794    0.000324    5.346892 v result[0] (out)
                                              5.346892   data arrival time

                      0.000000   10.000000   10.000000   clock __VIRTUAL_CLK__ (rise edge)
                                  0.000000   10.000000   clock network delay (ideal)
                                 -0.250000    9.750000   clock uncertainty
                                  0.000000    9.750000   clock reconvergence pessimism
                                 -2.000000    7.750000   output external delay
                                              7.750000   data required time
---------------------------------------------------------------------------------------------
                                              7.750000   data required time
                                             -5.346892   data arrival time
---------------------------------------------------------------------------------------------
                                              2.403108   slack (MET)



