+ define_corners min_ss_100C_1v60
Reading timing models for corner min_ss_100C_1v60…
Reading cell library for the 'min_ss_100C_1v60' corner at '/home/thaituroblox/.ciel/ciel/ciel/sky130/versions/8afc8346a57fe1ab7934ba5a6056ea8b43078e71/sky130A/libs.ref/sky130_fd_sc_hd/lib/sky130_fd_sc_hd__ss_100C_1v60.lib'…
Reading top-level netlist at '/home/thaituroblox/Desktop/8_BIT_COUNTER/Counter-8-Bit-/alu_project/runs/RUN_2026-09-26_04-41-42/52-openroad-fillinsertion/alu_8bit.nl.v'…
Linking design 'alu_8bit' from netlist…
Warning: /home/thaituroblox/Desktop/8_BIT_COUNTER/Counter-8-Bit-/alu_project/runs/RUN_2026-09-26_04-41-42/52-openroad-fillinsertion/alu_8bit.nl.v line 155, module sky130_fd_sc_hd__fill_1 not found. Creating black box for FILLER_0_83.
Warning: /home/thaituroblox/Desktop/8_BIT_COUNTER/Counter-8-Bit-/alu_project/runs/RUN_2026-09-26_04-41-42/52-openroad-fillinsertion/alu_8bit.nl.v line 169, module sky130_fd_sc_hd__fill_2 not found. Creating black box for FILLER_11_67.
Warning: /home/thaituroblox/Desktop/8_BIT_COUNTER/Counter-8-Bit-/alu_project/runs/RUN_2026-09-26_04-41-42/52-openroad-fillinsertion/alu_8bit.nl.v line 304, module sky130_fd_sc_hd__tapvpwrvgnd_1 not found. Creating black box for TAP_TAPCELL_ROW_0_32.
Reading design constraints file at '/nix/store/8y4m6wgn5kqlbig1qwnwbxijqqp0jwib-python3-3.13.9-env/lib/python3.13/site-packages/librelane/scripts/base.sdc'…
[WARNING] No CLOCK_PORT found. A dummy clock will be used.
Warning: base.sdc line 15, port '__VIRTUAL_CLK__' not found.
[INFO] Using clock __VIRTUAL_CLK__…
[INFO] Setting output delay to: 2.0
[INFO] Setting input delay to: 2.0
Warning: base.sdc line 32, port '__VIRTUAL_CLK__' not found.
[INFO] Setting load to: 0.033442
[INFO] Setting clock uncertainty to: 0.25
[INFO] Setting clock transition to: 0.1499999999999999944488848768742172978818416595458984375
Warning: base.sdc line 69, transition time can not be specified for virtual clocks.
[INFO] Setting timing derate to: 5.0%
Warning: base.sdc line 79, virtual clock __VIRTUAL_CLK__ can not be propagated.
Reading top-level design parasitics for the 'min_ss_100C_1v60' corner at '/home/thaituroblox/Desktop/8_BIT_COUNTER/Counter-8-Bit-/alu_project/runs/RUN_2026-09-26_04-41-42/54-openroad-rcx/min/alu_8bit.min.spef'…
%OL_CREATE_REPORT min.rpt

===========================================================================
report_checks -path_delay min (Hold)
============================================================================
======================= min_ss_100C_1v60 Corner ===================================

Startpoint: opcode[2] (input port clocked by __VIRTUAL_CLK__)
Endpoint: result[7] (output port clocked by __VIRTUAL_CLK__)
Path Group: __VIRTUAL_CLK__
Path Type: min

Fanout         Cap        Slew       Delay        Time   Description
---------------------------------------------------------------------------------------------
                      0.000000    0.000000    0.000000   clock __VIRTUAL_CLK__ (rise edge)
                                  0.000000    0.000000   clock network delay (ideal)
                                  2.000000    2.000000 v input external delay
     1    0.004337    0.024473    0.013342    2.013342 v opcode[2] (in)
                                                         opcode[2] (net)
                      0.024473    0.000000    2.013342 v input19/A (sky130_fd_sc_hd__clkbuf_2)
    10    0.034951    0.245558    0.302930    2.316272 v input19/X (sky130_fd_sc_hd__clkbuf_2)
                                                         net19 (net)
                      0.245558    0.000826    2.317099 v _096_/A (sky130_fd_sc_hd__nand2_2)
     7    0.029032    0.250623    0.292790    2.609888 ^ _096_/Y (sky130_fd_sc_hd__nand2_2)
                                                         _031_ (net)
                      0.250623    0.000489    2.610377 ^ _144_/A2 (sky130_fd_sc_hd__o21a_4)
     2    0.011392    0.084528    0.297423    2.907800 ^ _144_/X (sky130_fd_sc_hd__o21a_4)
                                                         net28 (net)
                      0.084528    0.000055    2.907855 ^ output28/A (sky130_fd_sc_hd__buf_6)
     1    0.034402    0.123093    0.218348    3.126203 ^ output28/X (sky130_fd_sc_hd__buf_6)
                                                         result[7] (net)
                      0.123093    0.000257    3.126460 ^ result[7] (out)
                                              3.126460   data arrival time

                      0.000000    0.000000    0.000000   clock __VIRTUAL_CLK__ (rise edge)
                                  0.000000    0.000000   clock network delay (ideal)
                                  0.250000    0.250000   clock uncertainty
                                  0.000000    0.250000   clock reconvergence pessimism
                                 -2.000000   -1.750000   output external delay
                                             -1.750000   data required time
---------------------------------------------------------------------------------------------
                                             -1.750000   data required time
                                             -3.126460   data arrival time
---------------------------------------------------------------------------------------------
                                              4.876460   slack (MET)


Startpoint: opcode[2] (input port clocked by __VIRTUAL_CLK__)
Endpoint: zero (output port clocked by __VIRTUAL_CLK__)
Path Group: __VIRTUAL_CLK__
Path Type: min

Fanout         Cap        Slew       Delay        Time   Description
---------------------------------------------------------------------------------------------
                      0.000000    0.000000    0.000000   clock __VIRTUAL_CLK__ (rise edge)
                                  0.000000    0.000000   clock network delay (ideal)
                                  2.000000    2.000000 v input external delay
     1    0.004337    0.024473    0.013342    2.013342 v opcode[2] (in)
                                                         opcode[2] (net)
                      0.024473    0.000000    2.013342 v input19/A (sky130_fd_sc_hd__clkbuf_2)
    10    0.034951    0.245558    0.302930    2.316272 v input19/X (sky130_fd_sc_hd__clkbuf_2)
                                                         net19 (net)
                      0.245558    0.000826    2.317099 v _096_/A (sky130_fd_sc_hd__nand2_2)
     7    0.029032    0.250623    0.292790    2.609888 ^ _096_/Y (sky130_fd_sc_hd__nand2_2)
                                                         _031_ (net)
                      0.250623    0.000489    2.610377 ^ _144_/A2 (sky130_fd_sc_hd__o21a_4)
     2    0.011392    0.084528    0.297423    2.907800 ^ _144_/X (sky130_fd_sc_hd__o21a_4)
                                                         net28 (net)
                      0.084528    0.000066    2.907866 ^ _193_/B1 (sky130_fd_sc_hd__a211oi_2)
     1    0.005723    0.044772    0.082351    2.990217 v _193_/Y (sky130_fd_sc_hd__a211oi_2)
                                                         net29 (net)
                      0.044772    0.000051    2.990268 v output29/A (sky130_fd_sc_hd__buf_6)
     1    0.034288    0.075926    0.223855    3.214123 v output29/X (sky130_fd_sc_hd__buf_6)
                                                         zero (net)
                      0.075926    0.000248    3.214371 v zero (out)
                                              3.214371   data arrival time

                      0.000000    0.000000    0.000000   clock __VIRTUAL_CLK__ (rise edge)
                                  0.000000    0.000000   clock network delay (ideal)
                                  0.250000    0.250000   clock uncertainty
                                  0.000000    0.250000   clock reconvergence pessimism
                                 -2.000000   -1.750000   output external delay
                                             -1.750000   data required time
---------------------------------------------------------------------------------------------
                                             -1.750000   data required time
                                             -3.214371   data arrival time
---------------------------------------------------------------------------------------------
                                              4.964370   slack (MET)


Startpoint: opcode[2] (input port clocked by __VIRTUAL_CLK__)
Endpoint: overflow (output port clocked by __VIRTUAL_CLK__)
Path Group: __VIRTUAL_CLK__
Path Type: min

Fanout         Cap        Slew       Delay        Time   Description
---------------------------------------------------------------------------------------------
                      0.000000    0.000000    0.000000   clock __VIRTUAL_CLK__ (rise edge)
                                  0.000000    0.000000   clock network delay (ideal)
                                  2.000000    2.000000 ^ input external delay
     1    0.004522    0.043902    0.023604    2.023604 ^ opcode[2] (in)
                                                         opcode[2] (net)
                      0.043902    0.000000    2.023604 ^ input19/A (sky130_fd_sc_hd__clkbuf_2)
    10    0.037015    0.316926    0.339170    2.362774 ^ input19/X (sky130_fd_sc_hd__clkbuf_2)
                                                         net19 (net)
                      0.317017    0.000868    2.363642 ^ _133_/A (sky130_fd_sc_hd__or2_2)
     5    0.025581    0.217481    0.394803    2.758445 ^ _133_/X (sky130_fd_sc_hd__or2_2)
                                                         _068_ (net)
                      0.217481    0.000428    2.758873 ^ _140_/B (sky130_fd_sc_hd__nor2_2)
     2    0.007051    0.048087    0.121438    2.880311 v _140_/Y (sky130_fd_sc_hd__nor2_2)
                                                         _075_ (net)
                      0.048087    0.000057    2.880368 v _146_/A (sky130_fd_sc_hd__and3_4)
     1    0.007363    0.056725    0.250968    3.131336 v _146_/X (sky130_fd_sc_hd__and3_4)
                                                         net20 (net)
                      0.056725    0.000090    3.131426 v output20/A (sky130_fd_sc_hd__buf_8)
     1    0.034762    0.067984    0.221842    3.353268 v output20/X (sky130_fd_sc_hd__buf_8)
                                                         overflow (net)
                      0.067984    0.000228    3.353496 v overflow (out)
                                              3.353496   data arrival time

                      0.000000    0.000000    0.000000   clock __VIRTUAL_CLK__ (rise edge)
                                  0.000000    0.000000   clock network delay (ideal)
                                  0.250000    0.250000   clock uncertainty
                                  0.000000    0.250000   clock reconvergence pessimism
                                 -2.000000   -1.750000   output external delay
                                             -1.750000   data required time
---------------------------------------------------------------------------------------------
                                             -1.750000   data required time
                                             -3.353496   data arrival time
---------------------------------------------------------------------------------------------
                                              5.103496   slack (MET)


Startpoint: a[5] (input port clocked by __VIRTUAL_CLK__)
Endpoint: result[5] (output port clocked by __VIRTUAL_CLK__)
Path Group: __VIRTUAL_CLK__
Path Type: min

Fanout         Cap        Slew       Delay        Time   Description
---------------------------------------------------------------------------------------------
                      0.000000    0.000000    0.000000   clock __VIRTUAL_CLK__ (rise edge)
                                  0.000000    0.000000   clock network delay (ideal)
                                  2.000000    2.000000 ^ input external delay
     1    0.003480    0.036792    0.018392    2.018392 ^ a[5] (in)
                                                         a[5] (net)
                      0.036792    0.000000    2.018392 ^ input6/A (sky130_fd_sc_hd__clkdlybuf4s25_1)
     5    0.013789    0.236954    0.542682    2.561074 ^ input6/X (sky130_fd_sc_hd__clkdlybuf4s25_1)
                                                         net6 (net)
                      0.236954    0.000257    2.561332 ^ _173_/A (sky130_fd_sc_hd__or2_2)
     2    0.005206    0.065837    0.254237    2.815569 ^ _173_/X (sky130_fd_sc_hd__or2_2)
                                                         _009_ (net)
                      0.065837    0.000014    2.815583 ^ _180_/A (sky130_fd_sc_hd__and2_2)
     1    0.003585    0.072432    0.240433    3.056016 ^ _180_/X (sky130_fd_sc_hd__and2_2)
                                                         net26 (net)
                      0.072432    0.000052    3.056068 ^ output26/A (sky130_fd_sc_hd__dlymetal6s2s_1)
     1    0.035702    0.553811    0.482882    3.538950 ^ output26/X (sky130_fd_sc_hd__dlymetal6s2s_1)
                                                         result[5] (net)
                      0.553811    0.000391    3.539341 ^ result[5] (out)
                                              3.539341   data arrival time

                      0.000000    0.000000    0.000000   clock __VIRTUAL_CLK__ (rise edge)
                                  0.000000    0.000000   clock network delay (ideal)
                                  0.250000    0.250000   clock uncertainty
                                  0.000000    0.250000   clock reconvergence pessimism
                                 -2.000000   -1.750000   output external delay
                                             -1.750000   data required time
---------------------------------------------------------------------------------------------
                                             -1.750000   data required time
                                             -3.539341   data arrival time
---------------------------------------------------------------------------------------------
                                              5.289340   slack (MET)


Startpoint: a[2] (input port clocked by __VIRTUAL_CLK__)
Endpoint: result[2] (output port clocked by __VIRTUAL_CLK__)
Path Group: __VIRTUAL_CLK__
Path Type: min

Fanout         Cap        Slew       Delay        Time   Description
---------------------------------------------------------------------------------------------
                      0.000000    0.000000    0.000000   clock __VIRTUAL_CLK__ (rise edge)
                                  0.000000    0.000000   clock network delay (ideal)
                                  2.000000    2.000000 v input external delay
     1    0.003322    0.020474    0.010324    2.010324 v a[2] (in)
                                                         a[2] (net)
                      0.020474    0.000000    2.010324 v input3/A (sky130_fd_sc_hd__clkdlybuf4s25_1)
     4    0.013191    0.197459    0.517778    2.528101 v input3/X (sky130_fd_sc_hd__clkdlybuf4s25_1)
                                                         net3 (net)
                      0.197459    0.000145    2.528246 v _161_/B2 (sky130_fd_sc_hd__o32a_2)
     2    0.004741    0.077833    0.380530    2.908776 v _161_/X (sky130_fd_sc_hd__o32a_2)
                                                         net23 (net)
                      0.077833    0.000036    2.908812 v output23/A (sky130_fd_sc_hd__clkdlybuf4s25_1)
     1    0.035239    0.476286    0.741255    3.650067 v output23/X (sky130_fd_sc_hd__clkdlybuf4s25_1)
                                                         result[2] (net)
                      0.476286    0.000704    3.650770 v result[2] (out)
                                              3.650770   data arrival time

                      0.000000    0.000000    0.000000   clock __VIRTUAL_CLK__ (rise edge)
                                  0.000000    0.000000   clock network delay (ideal)
                                  0.250000    0.250000   clock uncertainty
                                  0.000000    0.250000   clock reconvergence pessimism
                                 -2.000000   -1.750000   output external delay
                                             -1.750000   data required time
---------------------------------------------------------------------------------------------
                                             -1.750000   data required time
                                             -3.650770   data arrival time
---------------------------------------------------------------------------------------------
                                              5.400771   slack (MET)


Startpoint: a[4] (input port clocked by __VIRTUAL_CLK__)
Endpoint: result[4] (output port clocked by __VIRTUAL_CLK__)
Path Group: __VIRTUAL_CLK__
Path Type: min

Fanout         Cap        Slew       Delay        Time   Description
---------------------------------------------------------------------------------------------
                      0.000000    0.000000    0.000000   clock __VIRTUAL_CLK__ (rise edge)
                                  0.000000    0.000000   clock network delay (ideal)
                                  2.000000    2.000000 v input external delay
     1    0.003956    0.022960    0.012207    2.012207 v a[4] (in)
                                                         a[4] (net)
                      0.022960    0.000000    2.012207 v input5/A (sky130_fd_sc_hd__clkdlybuf4s25_1)
     5    0.011902    0.183580    0.506432    2.518639 v input5/X (sky130_fd_sc_hd__clkdlybuf4s25_1)
                                                         net5 (net)
                      0.183580    0.000103    2.518742 v _172_/B2 (sky130_fd_sc_hd__o32a_2)
     2    0.007257    0.092358    0.392118    2.910860 v _172_/X (sky130_fd_sc_hd__o32a_2)
                                                         net25 (net)
                      0.092358    0.000062    2.910922 v output25/A (sky130_fd_sc_hd__clkdlybuf4s25_1)
     1    0.035044    0.473649    0.746105    3.657026 v output25/X (sky130_fd_sc_hd__clkdlybuf4s25_1)
                                                         result[4] (net)
                      0.473649    0.000324    3.657350 v result[4] (out)
                                              3.657350   data arrival time

                      0.000000    0.000000    0.000000   clock __VIRTUAL_CLK__ (rise edge)
                                  0.000000    0.000000   clock network delay (ideal)
                                  0.250000    0.250000   clock uncertainty
                                  0.000000    0.250000   clock reconvergence pessimism
                                 -2.000000   -1.750000   output external delay
                                             -1.750000   data required time
---------------------------------------------------------------------------------------------
                                             -1.750000   data required time
                                             -3.657350   data arrival time
---------------------------------------------------------------------------------------------
                                              5.407350   slack (MET)


Startpoint: a[6] (input port clocked by __VIRTUAL_CLK__)
Endpoint: result[6] (output port clocked by __VIRTUAL_CLK__)
Path Group: __VIRTUAL_CLK__
Path Type: min

Fanout         Cap        Slew       Delay        Time   Description
---------------------------------------------------------------------------------------------
                      0.000000    0.000000    0.000000   clock __VIRTUAL_CLK__ (rise edge)
                                  0.000000    0.000000   clock network delay (ideal)
                                  2.000000    2.000000 ^ input external delay
     1    0.003812    0.039037    0.020064    2.020064 ^ a[6] (in)
                                                         a[6] (net)
                      0.039037    0.000000    2.020064 ^ input7/A (sky130_fd_sc_hd__clkdlybuf4s25_1)
     4    0.024126    0.396331    0.651997    2.672061 ^ input7/X (sky130_fd_sc_hd__clkdlybuf4s25_1)
                                                         net7 (net)
                      0.396331    0.000227    2.672288 ^ _092_/A (sky130_fd_sc_hd__inv_2)
     3    0.016086    0.128608    0.210408    2.882696 v _092_/Y (sky130_fd_sc_hd__inv_2)
                                                         _027_ (net)
                      0.128608    0.000276    2.882972 v _181_/A (sky130_fd_sc_hd__nand2_2)
     2    0.007020    0.082261    0.122921    3.005893 ^ _181_/Y (sky130_fd_sc_hd__nand2_2)
                                                         _016_ (net)
                      0.082261    0.000030    3.005923 ^ _190_/A (sky130_fd_sc_hd__and2_2)
     1    0.002969    0.068252    0.241940    3.247863 ^ _190_/X (sky130_fd_sc_hd__and2_2)
                                                         net27 (net)
                      0.068252    0.000037    3.247900 ^ output27/A (sky130_fd_sc_hd__dlymetal6s2s_1)
     1    0.034670    0.538941    0.471000    3.718900 ^ output27/X (sky130_fd_sc_hd__dlymetal6s2s_1)
                                                         result[6] (net)
                      0.538941    0.000455    3.719355 ^ result[6] (out)
                                              3.719355   data arrival time

                      0.000000    0.000000    0.000000   clock __VIRTUAL_CLK__ (rise edge)
                                  0.000000    0.000000   clock network delay (ideal)
                                  0.250000    0.250000   clock uncertainty
                                  0.000000    0.250000   clock reconvergence pessimism
                                 -2.000000   -1.750000   output external delay
                                             -1.750000   data required time
---------------------------------------------------------------------------------------------
                                             -1.750000   data required time
                                             -3.719355   data arrival time
---------------------------------------------------------------------------------------------
                                              5.469355   slack (MET)


Startpoint: opcode[2] (input port clocked by __VIRTUAL_CLK__)
Endpoint: result[0] (output port clocked by __VIRTUAL_CLK__)
Path Group: __VIRTUAL_CLK__
Path Type: min

Fanout         Cap        Slew       Delay        Time   Description
---------------------------------------------------------------------------------------------
                      0.000000    0.000000    0.000000   clock __VIRTUAL_CLK__ (rise edge)
                                  0.000000    0.000000   clock network delay (ideal)
                                  2.000000    2.000000 v input external delay
     1    0.004337    0.024473    0.013342    2.013342 v opcode[2] (in)
                                                         opcode[2] (net)
                      0.024473    0.000000    2.013342 v input19/A (sky130_fd_sc_hd__clkbuf_2)
    10    0.034951    0.245558    0.302930    2.316272 v input19/X (sky130_fd_sc_hd__clkbuf_2)
                                                         net19 (net)
                      0.245558    0.000826    2.317099 v _096_/A (sky130_fd_sc_hd__nand2_2)
     7    0.029032    0.250623    0.292790    2.609888 ^ _096_/Y (sky130_fd_sc_hd__nand2_2)
                                                         _031_ (net)
                      0.250623    0.000528    2.610417 ^ _151_/B1 (sky130_fd_sc_hd__o32a_2)
     2    0.006208    0.082965    0.352803    2.963220 ^ _151_/X (sky130_fd_sc_hd__o32a_2)
                                                         net21 (net)
                      0.082965    0.000070    2.963290 ^ output21/A (sky130_fd_sc_hd__clkdlybuf4s25_1)
     1    0.034902    0.562815    0.783093    3.746383 ^ output21/X (sky130_fd_sc_hd__clkdlybuf4s25_1)
                                                         result[0] (net)
                      0.562815    0.000294    3.746677 ^ result[0] (out)
                                              3.746677   data arrival time

                      0.000000    0.000000    0.000000   clock __VIRTUAL_CLK__ (rise edge)
                                  0.000000    0.000000   clock network delay (ideal)
                                  0.250000    0.250000   clock uncertainty
                                  0.000000    0.250000   clock reconvergence pessimism
                                 -2.000000   -1.750000   output external delay
                                             -1.750000   data required time
---------------------------------------------------------------------------------------------
                                             -1.750000   data required time
                                             -3.746677   data arrival time
---------------------------------------------------------------------------------------------
                                              5.496677   slack (MET)


Startpoint: a[3] (input port clocked by __VIRTUAL_CLK__)
Endpoint: result[3] (output port clocked by __VIRTUAL_CLK__)
Path Group: __VIRTUAL_CLK__
Path Type: min

Fanout         Cap        Slew       Delay        Time   Description
---------------------------------------------------------------------------------------------
                      0.000000    0.000000    0.000000   clock __VIRTUAL_CLK__ (rise edge)
                                  0.000000    0.000000   clock network delay (ideal)
                                  2.000000    2.000000 ^ input external delay
     1    0.004749    0.045460    0.024746    2.024746 ^ a[3] (in)
                                                         a[3] (net)
                      0.045460    0.000000    2.024746 ^ input4/A (sky130_fd_sc_hd__clkdlybuf4s25_1)
     4    0.016613    0.280457    0.575882    2.600628 ^ input4/X (sky130_fd_sc_hd__clkdlybuf4s25_1)
                                                         net4 (net)
                      0.280457    0.000186    2.600814 ^ _167_/B2 (sky130_fd_sc_hd__o2bb2a_2)
     2    0.008228    0.107621    0.392973    2.993787 ^ _167_/X (sky130_fd_sc_hd__o2bb2a_2)
                                                         net24 (net)
                      0.107621    0.000020    2.993807 ^ output24/A (sky130_fd_sc_hd__clkdlybuf4s25_1)
     1    0.034711    0.559952    0.791607    3.785414 ^ output24/X (sky130_fd_sc_hd__clkdlybuf4s25_1)
                                                         result[3] (net)
                      0.559952    0.000271    3.785684 ^ result[3] (out)
                                              3.785684   data arrival time

                      0.000000    0.000000    0.000000   clock __VIRTUAL_CLK__ (rise edge)
                                  0.000000    0.000000   clock network delay (ideal)
                                  0.250000    0.250000   clock uncertainty
                                  0.000000    0.250000   clock reconvergence pessimism
                                 -2.000000   -1.750000   output external delay
                                             -1.750000   data required time
---------------------------------------------------------------------------------------------
                                             -1.750000   data required time
                                             -3.785684   data arrival time
---------------------------------------------------------------------------------------------
                                              5.535684   slack (MET)


Startpoint: opcode[2] (input port clocked by __VIRTUAL_CLK__)
Endpoint: result[1] (output port clocked by __VIRTUAL_CLK__)
Path Group: __VIRTUAL_CLK__
Path Type: min

Fanout         Cap        Slew       Delay        Time   Description
---------------------------------------------------------------------------------------------
                      0.000000    0.000000    0.000000   clock __VIRTUAL_CLK__ (rise edge)
                                  0.000000    0.000000   clock network delay (ideal)
                                  2.000000    2.000000 ^ input external delay
     1    0.004522    0.043902    0.023604    2.023604 ^ opcode[2] (in)
                                                         opcode[2] (net)
                      0.043902    0.000000    2.023604 ^ input19/A (sky130_fd_sc_hd__clkbuf_2)
    10    0.037015    0.316926    0.339170    2.362774 ^ input19/X (sky130_fd_sc_hd__clkbuf_2)
                                                         net19 (net)
                      0.316926    0.000292    2.363066 ^ _154_/A1 (sky130_fd_sc_hd__o211a_2)
     1    0.004392    0.089797    0.447162    2.810228 ^ _154_/X (sky130_fd_sc_hd__o211a_2)
                                                         _086_ (net)
                      0.089797    0.000067    2.810295 ^ _156_/B (sky130_fd_sc_hd__or3_2)
     2    0.005853    0.068993    0.199506    3.009800 ^ _156_/X (sky130_fd_sc_hd__or3_2)
                                                         net22 (net)
                      0.068993    0.000049    3.009849 ^ output22/A (sky130_fd_sc_hd__clkdlybuf4s25_1)
     1    0.034993    0.564183    0.778267    3.788116 ^ output22/X (sky130_fd_sc_hd__clkdlybuf4s25_1)
                                                         result[1] (net)
                      0.564183    0.000299    3.788415 ^ result[1] (out)
                                              3.788415   data arrival time

                      0.000000    0.000000    0.000000   clock __VIRTUAL_CLK__ (rise edge)
                                  0.000000    0.000000   clock network delay (ideal)
                                  0.250000    0.250000   clock uncertainty
                                  0.000000    0.250000   clock reconvergence pessimism
                                 -2.000000   -1.750000   output external delay
                                             -1.750000   data required time
---------------------------------------------------------------------------------------------
                                             -1.750000   data required time
                                             -3.788415   data arrival time
---------------------------------------------------------------------------------------------
                                              5.538415   slack (MET)



%OL_END_REPORT
%OL_CREATE_REPORT max.rpt

===========================================================================
report_checks -path_delay max (Setup)
============================================================================
======================= min_ss_100C_1v60 Corner ===================================

Startpoint: opcode[1] (input port clocked by __VIRTUAL_CLK__)
Endpoint: zero (output port clocked by __VIRTUAL_CLK__)
Path Group: __VIRTUAL_CLK__
Path Type: max

Fanout         Cap        Slew       Delay        Time   Description
---------------------------------------------------------------------------------------------
                      0.000000    0.000000    0.000000   clock __VIRTUAL_CLK__ (rise edge)
                                  0.000000    0.000000   clock network delay (ideal)
                                  2.000000    2.000000 v input external delay
     1    0.006029    0.031202    0.020287    2.020287 v opcode[1] (in)
                                                         opcode[1] (net)
                      0.031202    0.000000    2.020287 v input18/A (sky130_fd_sc_hd__buf_6)
     2    0.009085    0.042556    0.198923    2.219210 v input18/X (sky130_fd_sc_hd__buf_6)
                                                         net18 (net)
                      0.042556    0.000052    2.219262 v fanout31/A (sky130_fd_sc_hd__buf_6)
     2    0.009692    0.043343    0.205424    2.424686 v fanout31/X (sky130_fd_sc_hd__buf_6)
                                                         net31 (net)
                      0.043343    0.000306    2.424993 v _097_/A (sky130_fd_sc_hd__or3b_4)
     2    0.008777    0.132882    0.808183    3.233175 v _097_/X (sky130_fd_sc_hd__or3b_4)
                                                         _032_ (net)
                      0.132882    0.000077    3.233253 v max_cap30/A (sky130_fd_sc_hd__buf_8)
     3    0.016460    0.047937    0.259668    3.492921 v max_cap30/X (sky130_fd_sc_hd__buf_8)
                                                         net30 (net)
                      0.047937    0.000307    3.493227 v _116_/B (sky130_fd_sc_hd__xor2_2)
     2    0.012982    0.317065    0.317333    3.810560 ^ _116_/X (sky130_fd_sc_hd__xor2_2)
                                                         _051_ (net)
                      0.317065    0.000125    3.810685 ^ _117_/A_N (sky130_fd_sc_hd__and2b_2)
     1    0.006805    0.088722    0.585818    4.396503 v _117_/X (sky130_fd_sc_hd__and2b_2)
                                                         _052_ (net)
                      0.088722    0.000155    4.396658 v _121_/B1 (sky130_fd_sc_hd__a21o_4)
     4    0.016653    0.084908    0.394834    4.791492 v _121_/X (sky130_fd_sc_hd__a21o_4)
                                                         _056_ (net)
                      0.084908    0.000306    4.791797 v _125_/A3 (sky130_fd_sc_hd__a31o_4)
     3    0.011808    0.076472    0.476500    5.268297 v _125_/X (sky130_fd_sc_hd__a31o_4)
                                                         _060_ (net)
                      0.076472    0.000236    5.268533 v _127_/A1 (sky130_fd_sc_hd__a2111o_2)
     2    0.006852    0.132638    0.888897    6.157429 v _127_/X (sky130_fd_sc_hd__a2111o_2)
                                                         _062_ (net)
                      0.132638    0.000115    6.157545 v _141_/B (sky130_fd_sc_hd__and3_4)
     1    0.002717    0.050446    0.338161    6.495706 v _141_/X (sky130_fd_sc_hd__and3_4)
                                                         _076_ (net)
                      0.050446    0.000016    6.495721 v _142_/B (sky130_fd_sc_hd__or4b_4)
     3    0.014297    0.186108    1.122284    7.618005 v _142_/X (sky130_fd_sc_hd__or4b_4)
                                                         _077_ (net)
                      0.186108    0.000190    7.618195 v _144_/B1 (sky130_fd_sc_hd__o21a_4)
     2    0.010519    0.072604    0.294231    7.912426 v _144_/X (sky130_fd_sc_hd__o21a_4)
                                                         net28 (net)
                      0.072604    0.000066    7.912492 v _193_/B1 (sky130_fd_sc_hd__a211oi_2)
     1    0.006102    0.317053    0.394424    8.306916 ^ _193_/Y (sky130_fd_sc_hd__a211oi_2)
                                                         net29 (net)
                      0.317053    0.000060    8.306976 ^ output29/A (sky130_fd_sc_hd__buf_6)
     1    0.034288    0.124300    0.341563    8.648540 ^ output29/X (sky130_fd_sc_hd__buf_6)
                                                         zero (net)
                      0.124300    0.000274    8.648813 ^ zero (out)
                                              8.648813   data arrival time

                      0.000000   10.000000   10.000000   clock __VIRTUAL_CLK__ (rise edge)
                                  0.000000   10.000000   clock network delay (ideal)
                                 -0.250000    9.750000   clock uncertainty
                                  0.000000    9.750000   clock reconvergence pessimism
                                 -2.000000    7.750000   output external delay
                                              7.750000   data required time
---------------------------------------------------------------------------------------------
                                              7.750000   data required time
                                             -8.648813   data arrival time
---------------------------------------------------------------------------------------------
                                             -0.898813   slack (VIOLATED)


Startpoint: opcode[1] (input port clocked by __VIRTUAL_CLK__)
Endpoint: overflow (output port clocked by __VIRTUAL_CLK__)
Path Group: __VIRTUAL_CLK__
Path Type: max

Fanout         Cap        Slew       Delay        Time   Description
---------------------------------------------------------------------------------------------
                      0.000000    0.000000    0.000000   clock __VIRTUAL_CLK__ (rise edge)
                                  0.000000    0.000000   clock network delay (ideal)
                                  2.000000    2.000000 v input external delay
     1    0.006029    0.031202    0.020287    2.020287 v opcode[1] (in)
                                                         opcode[1] (net)
                      0.031202    0.000000    2.020287 v input18/A (sky130_fd_sc_hd__buf_6)
     2    0.009085    0.042556    0.198923    2.219210 v input18/X (sky130_fd_sc_hd__buf_6)
                                                         net18 (net)
                      0.042556    0.000052    2.219262 v fanout31/A (sky130_fd_sc_hd__buf_6)
     2    0.009692    0.043343    0.205424    2.424686 v fanout31/X (sky130_fd_sc_hd__buf_6)
                                                         net31 (net)
                      0.043343    0.000306    2.424993 v _097_/A (sky130_fd_sc_hd__or3b_4)
     2    0.008777    0.132882    0.808183    3.233175 v _097_/X (sky130_fd_sc_hd__or3b_4)
                                                         _032_ (net)
                      0.132882    0.000077    3.233253 v max_cap30/A (sky130_fd_sc_hd__buf_8)
     3    0.016460    0.047937    0.259668    3.492921 v max_cap30/X (sky130_fd_sc_hd__buf_8)
                                                         net30 (net)
                      0.047937    0.000307    3.493227 v _116_/B (sky130_fd_sc_hd__xor2_2)
     2    0.012982    0.317065    0.317333    3.810560 ^ _116_/X (sky130_fd_sc_hd__xor2_2)
                                                         _051_ (net)
                      0.317065    0.000125    3.810685 ^ _117_/A_N (sky130_fd_sc_hd__and2b_2)
     1    0.006805    0.088722    0.585818    4.396503 v _117_/X (sky130_fd_sc_hd__and2b_2)
                                                         _052_ (net)
                      0.088722    0.000155    4.396658 v _121_/B1 (sky130_fd_sc_hd__a21o_4)
     4    0.016653    0.084908    0.394834    4.791492 v _121_/X (sky130_fd_sc_hd__a21o_4)
                                                         _056_ (net)
                      0.084908    0.000306    4.791797 v _125_/A3 (sky130_fd_sc_hd__a31o_4)
     3    0.011808    0.076472    0.476500    5.268297 v _125_/X (sky130_fd_sc_hd__a31o_4)
                                                         _060_ (net)
                      0.076472    0.000236    5.268533 v _127_/A1 (sky130_fd_sc_hd__a2111o_2)
     2    0.006852    0.132638    0.888897    6.157429 v _127_/X (sky130_fd_sc_hd__a2111o_2)
                                                         _062_ (net)
                      0.132638    0.000115    6.157545 v _141_/B (sky130_fd_sc_hd__and3_4)
     1    0.002717    0.050446    0.338161    6.495706 v _141_/X (sky130_fd_sc_hd__and3_4)
                                                         _076_ (net)
                      0.050446    0.000016    6.495721 v _142_/B (sky130_fd_sc_hd__or4b_4)
     3    0.014297    0.186108    1.122284    7.618005 v _142_/X (sky130_fd_sc_hd__or4b_4)
                                                         _077_ (net)
                      0.186108    0.000253    7.618258 v rebuffer36/A (sky130_fd_sc_hd__buf_6)
     1    0.005457    0.036815    0.268228    7.886487 v rebuffer36/X (sky130_fd_sc_hd__buf_6)
                                                         net36 (net)
                      0.036815    0.000072    7.886559 v _143_/B (sky130_fd_sc_hd__nand2_2)
     1    0.003109    0.103840    0.082715    7.969274 ^ _143_/Y (sky130_fd_sc_hd__nand2_2)
                                                         _078_ (net)
                      0.103840    0.000034    7.969307 ^ _146_/B (sky130_fd_sc_hd__and3_4)
     1    0.007964    0.103469    0.436516    8.405823 ^ _146_/X (sky130_fd_sc_hd__and3_4)
                                                         net20 (net)
                      0.103469    0.000108    8.405931 ^ output20/A (sky130_fd_sc_hd__buf_8)
     1    0.034762    0.105589    0.231728    8.637660 ^ output20/X (sky130_fd_sc_hd__buf_8)
                                                         overflow (net)
                      0.105589    0.000251    8.637911 ^ overflow (out)
                                              8.637911   data arrival time

                      0.000000   10.000000   10.000000   clock __VIRTUAL_CLK__ (rise edge)
                                  0.000000   10.000000   clock network delay (ideal)
                                 -0.250000    9.750000   clock uncertainty
                                  0.000000    9.750000   clock reconvergence pessimism
                                 -2.000000    7.750000   output external delay
                                              7.750000   data required time
---------------------------------------------------------------------------------------------
                                              7.750000   data required time
                                             -8.637911   data arrival time
---------------------------------------------------------------------------------------------
                                             -0.887911   slack (VIOLATED)


Startpoint: opcode[1] (input port clocked by __VIRTUAL_CLK__)
Endpoint: result[7] (output port clocked by __VIRTUAL_CLK__)
Path Group: __VIRTUAL_CLK__
Path Type: max

Fanout         Cap        Slew       Delay        Time   Description
---------------------------------------------------------------------------------------------
                      0.000000    0.000000    0.000000   clock __VIRTUAL_CLK__ (rise edge)
                                  0.000000    0.000000   clock network delay (ideal)
                                  2.000000    2.000000 v input external delay
     1    0.006029    0.031202    0.020287    2.020287 v opcode[1] (in)
                                                         opcode[1] (net)
                      0.031202    0.000000    2.020287 v input18/A (sky130_fd_sc_hd__buf_6)
     2    0.009085    0.042556    0.198923    2.219210 v input18/X (sky130_fd_sc_hd__buf_6)
                                                         net18 (net)
                      0.042556    0.000052    2.219262 v fanout31/A (sky130_fd_sc_hd__buf_6)
     2    0.009692    0.043343    0.205424    2.424686 v fanout31/X (sky130_fd_sc_hd__buf_6)
                                                         net31 (net)
                      0.043343    0.000306    2.424993 v _097_/A (sky130_fd_sc_hd__or3b_4)
     2    0.008777    0.132882    0.808183    3.233175 v _097_/X (sky130_fd_sc_hd__or3b_4)
                                                         _032_ (net)
                      0.132882    0.000077    3.233253 v max_cap30/A (sky130_fd_sc_hd__buf_8)
     3    0.016460    0.047937    0.259668    3.492921 v max_cap30/X (sky130_fd_sc_hd__buf_8)
                                                         net30 (net)
                      0.047937    0.000307    3.493227 v _116_/B (sky130_fd_sc_hd__xor2_2)
     2    0.012982    0.317065    0.317333    3.810560 ^ _116_/X (sky130_fd_sc_hd__xor2_2)
                                                         _051_ (net)
                      0.317065    0.000125    3.810685 ^ _117_/A_N (sky130_fd_sc_hd__and2b_2)
     1    0.006805    0.088722    0.585818    4.396503 v _117_/X (sky130_fd_sc_hd__and2b_2)
                                                         _052_ (net)
                      0.088722    0.000155    4.396658 v _121_/B1 (sky130_fd_sc_hd__a21o_4)
     4    0.016653    0.084908    0.394834    4.791492 v _121_/X (sky130_fd_sc_hd__a21o_4)
                                                         _056_ (net)
                      0.084908    0.000306    4.791797 v _125_/A3 (sky130_fd_sc_hd__a31o_4)
     3    0.011808    0.076472    0.476500    5.268297 v _125_/X (sky130_fd_sc_hd__a31o_4)
                                                         _060_ (net)
                      0.076472    0.000236    5.268533 v _127_/A1 (sky130_fd_sc_hd__a2111o_2)
     2    0.006852    0.132638    0.888897    6.157429 v _127_/X (sky130_fd_sc_hd__a2111o_2)
                                                         _062_ (net)
                      0.132638    0.000115    6.157545 v _141_/B (sky130_fd_sc_hd__and3_4)
     1    0.002717    0.050446    0.338161    6.495706 v _141_/X (sky130_fd_sc_hd__and3_4)
                                                         _076_ (net)
                      0.050446    0.000016    6.495721 v _142_/B (sky130_fd_sc_hd__or4b_4)
     3    0.014297    0.186108    1.122284    7.618005 v _142_/X (sky130_fd_sc_hd__or4b_4)
                                                         _077_ (net)
                      0.186108    0.000190    7.618195 v _144_/B1 (sky130_fd_sc_hd__o21a_4)
     2    0.010519    0.072604    0.294231    7.912426 v _144_/X (sky130_fd_sc_hd__o21a_4)
                                                         net28 (net)
                      0.072604    0.000056    7.912482 v output28/A (sky130_fd_sc_hd__buf_6)
     1    0.034402    0.076109    0.260873    8.173355 v output28/X (sky130_fd_sc_hd__buf_6)
                                                         result[7] (net)
                      0.076109    0.000284    8.173639 v result[7] (out)
                                              8.173639   data arrival time

                      0.000000   10.000000   10.000000   clock __VIRTUAL_CLK__ (rise edge)
                                  0.000000   10.000000   clock network delay (ideal)
                                 -0.250000    9.750000   clock uncertainty
                                  0.000000    9.750000   clock reconvergence pessimism
                                 -2.000000    7.750000   output external delay
                                              7.750000   data required time
---------------------------------------------------------------------------------------------
                                              7.750000   data required time
                                             -8.173639   data arrival time
---------------------------------------------------------------------------------------------
                                             -0.423640   slack (VIOLATED)


Startpoint: opcode[1] (input port clocked by __VIRTUAL_CLK__)
Endpoint: result[5] (output port clocked by __VIRTUAL_CLK__)
Path Group: __VIRTUAL_CLK__
Path Type: max

Fanout         Cap        Slew       Delay        Time   Description
---------------------------------------------------------------------------------------------
                      0.000000    0.000000    0.000000   clock __VIRTUAL_CLK__ (rise edge)
                                  0.000000    0.000000   clock network delay (ideal)
                                  2.000000    2.000000 v input external delay
     1    0.006029    0.031202    0.020287    2.020287 v opcode[1] (in)
                                                         opcode[1] (net)
                      0.031202    0.000000    2.020287 v input18/A (sky130_fd_sc_hd__buf_6)
     2    0.009085    0.042556    0.198923    2.219210 v input18/X (sky130_fd_sc_hd__buf_6)
                                                         net18 (net)
                      0.042556    0.000052    2.219262 v fanout31/A (sky130_fd_sc_hd__buf_6)
     2    0.009692    0.043343    0.205424    2.424686 v fanout31/X (sky130_fd_sc_hd__buf_6)
                                                         net31 (net)
                      0.043343    0.000306    2.424993 v _097_/A (sky130_fd_sc_hd__or3b_4)
     2    0.008777    0.132882    0.808183    3.233175 v _097_/X (sky130_fd_sc_hd__or3b_4)
                                                         _032_ (net)
                      0.132882    0.000077    3.233253 v max_cap30/A (sky130_fd_sc_hd__buf_8)
     3    0.016460    0.047937    0.259668    3.492921 v max_cap30/X (sky130_fd_sc_hd__buf_8)
                                                         net30 (net)
                      0.047937    0.000307    3.493227 v _116_/B (sky130_fd_sc_hd__xor2_2)
     2    0.012982    0.317065    0.317333    3.810560 ^ _116_/X (sky130_fd_sc_hd__xor2_2)
                                                         _051_ (net)
                      0.317065    0.000125    3.810685 ^ _117_/A_N (sky130_fd_sc_hd__and2b_2)
     1    0.006805    0.088722    0.585818    4.396503 v _117_/X (sky130_fd_sc_hd__and2b_2)
                                                         _052_ (net)
                      0.088722    0.000155    4.396658 v _121_/B1 (sky130_fd_sc_hd__a21o_4)
     4    0.016653    0.084908    0.394834    4.791492 v _121_/X (sky130_fd_sc_hd__a21o_4)
                                                         _056_ (net)
                      0.084908    0.000306    4.791797 v _125_/A3 (sky130_fd_sc_hd__a31o_4)
     3    0.011808    0.076472    0.476500    5.268297 v _125_/X (sky130_fd_sc_hd__a31o_4)
                                                         _060_ (net)
                      0.076472    0.000216    5.268512 v _126_/B (sky130_fd_sc_hd__and2_2)
     3    0.012714    0.111610    0.475092    5.743604 v _126_/X (sky130_fd_sc_hd__and2_2)
                                                         _061_ (net)
                      0.111610    0.000048    5.743651 v _176_/A2 (sky130_fd_sc_hd__o31a_2)
     1    0.002332    0.085882    0.652927    6.396578 v _176_/X (sky130_fd_sc_hd__o31a_2)
                                                         _012_ (net)
                      0.085882    0.000009    6.396587 v _179_/A2 (sky130_fd_sc_hd__a21o_2)
     2    0.005643    0.071933    0.420674    6.817261 v _179_/X (sky130_fd_sc_hd__a21o_2)
                                                         _015_ (net)
                      0.071933    0.000055    6.817316 v _180_/B (sky130_fd_sc_hd__and2_2)
     1    0.003470    0.072910    0.415806    7.233121 v _180_/X (sky130_fd_sc_hd__and2_2)
                                                         net26 (net)
                      0.072910    0.000055    7.233176 v output26/A (sky130_fd_sc_hd__dlymetal6s2s_1)
     1    0.035702    0.342643    0.530784    7.763960 v output26/X (sky130_fd_sc_hd__dlymetal6s2s_1)
                                                         result[5] (net)
                      0.342643    0.000432    7.764392 v result[5] (out)
                                              7.764392   data arrival time

                      0.000000   10.000000   10.000000   clock __VIRTUAL_CLK__ (rise edge)
                                  0.000000   10.000000   clock network delay (ideal)
                                 -0.250000    9.750000   clock uncertainty
                                  0.000000    9.750000   clock reconvergence pessimism
                                 -2.000000    7.750000   output external delay
                                              7.750000   data required time
---------------------------------------------------------------------------------------------
                                              7.750000   data required time
                                             -7.764392   data arrival time
---------------------------------------------------------------------------------------------
                                             -0.014392   slack (VIOLATED)


Startpoint: opcode[1] (input port clocked by __VIRTUAL_CLK__)
Endpoint: result[6] (output port clocked by __VIRTUAL_CLK__)
Path Group: __VIRTUAL_CLK__
Path Type: max

Fanout         Cap        Slew       Delay        Time   Description
---------------------------------------------------------------------------------------------
                      0.000000    0.000000    0.000000   clock __VIRTUAL_CLK__ (rise edge)
                                  0.000000    0.000000   clock network delay (ideal)
                                  2.000000    2.000000 v input external delay
     1    0.006029    0.031202    0.020287    2.020287 v opcode[1] (in)
                                                         opcode[1] (net)
                      0.031202    0.000000    2.020287 v input18/A (sky130_fd_sc_hd__buf_6)
     2    0.009085    0.042556    0.198923    2.219210 v input18/X (sky130_fd_sc_hd__buf_6)
                                                         net18 (net)
                      0.042556    0.000052    2.219262 v fanout31/A (sky130_fd_sc_hd__buf_6)
     2    0.009692    0.043343    0.205424    2.424686 v fanout31/X (sky130_fd_sc_hd__buf_6)
                                                         net31 (net)
                      0.043343    0.000306    2.424993 v _097_/A (sky130_fd_sc_hd__or3b_4)
     2    0.008777    0.132882    0.808183    3.233175 v _097_/X (sky130_fd_sc_hd__or3b_4)
                                                         _032_ (net)
                      0.132882    0.000077    3.233253 v max_cap30/A (sky130_fd_sc_hd__buf_8)
     3    0.016460    0.047937    0.259668    3.492921 v max_cap30/X (sky130_fd_sc_hd__buf_8)
                                                         net30 (net)
                      0.047937    0.000174    3.493095 v rebuffer39/A (sky130_fd_sc_hd__buf_2)
     2    0.015791    0.096614    0.286887    3.779982 v rebuffer39/X (sky130_fd_sc_hd__buf_2)
                                                         net39 (net)
                      0.096614    0.000128    3.780110 v _111_/B (sky130_fd_sc_hd__xor2_2)
     3    0.009097    0.125270    0.309996    4.090105 v _111_/X (sky130_fd_sc_hd__xor2_2)
                                                         _046_ (net)
                      0.125270    0.000028    4.090134 v _114_/B (sky130_fd_sc_hd__and2_2)
     1    0.004816    0.079355    0.454640    4.544774 v _114_/X (sky130_fd_sc_hd__and2_2)
                                                         _049_ (net)
                      0.079355    0.000052    4.544826 v _115_/B (sky130_fd_sc_hd__nor2_2)
     5    0.022052    0.413244    0.379880    4.924706 ^ _115_/Y (sky130_fd_sc_hd__nor2_2)
                                                         _050_ (net)
                      0.413244    0.000280    4.924985 ^ _125_/A1 (sky130_fd_sc_hd__a31o_4)
     3    0.012587    0.101840    0.466713    5.391699 ^ _125_/X (sky130_fd_sc_hd__a31o_4)
                                                         _060_ (net)
                      0.101840    0.000231    5.391930 ^ _126_/B (sky130_fd_sc_hd__and2_2)
     3    0.013842    0.146103    0.366842    5.758772 ^ _126_/X (sky130_fd_sc_hd__and2_2)
                                                         _061_ (net)
                      0.146103    0.000034    5.758806 ^ _175_/A2 (sky130_fd_sc_hd__o21ai_2)
     3    0.012531    0.137192    0.187097    5.945903 v _175_/Y (sky130_fd_sc_hd__o21ai_2)
                                                         _011_ (net)
                      0.137192    0.000051    5.945954 v _184_/A2 (sky130_fd_sc_hd__a21o_2)
     1    0.002848    0.057196    0.420441    6.366395 v _184_/X (sky130_fd_sc_hd__a21o_2)
                                                         _019_ (net)
                      0.057196    0.000029    6.366424 v _189_/A2 (sky130_fd_sc_hd__a31o_2)
     2    0.006553    0.080736    0.455537    6.821960 v _189_/X (sky130_fd_sc_hd__a31o_2)
                                                         _024_ (net)
                      0.080736    0.000027    6.821987 v _190_/B (sky130_fd_sc_hd__and2_2)
     1    0.002854    0.070210    0.415041    7.237029 v _190_/X (sky130_fd_sc_hd__and2_2)
                                                         net27 (net)
                      0.070210    0.000039    7.237067 v output27/A (sky130_fd_sc_hd__dlymetal6s2s_1)
     1    0.034670    0.333886    0.522452    7.759520 v output27/X (sky130_fd_sc_hd__dlymetal6s2s_1)
                                                         result[6] (net)
                      0.333886    0.000503    7.760022 v result[6] (out)
                                              7.760022   data arrival time

                      0.000000   10.000000   10.000000   clock __VIRTUAL_CLK__ (rise edge)
                                  0.000000   10.000000   clock network delay (ideal)
                                 -0.250000    9.750000   clock uncertainty
                                  0.000000    9.750000   clock reconvergence pessimism
                                 -2.000000    7.750000   output external delay
                                              7.750000   data required time
---------------------------------------------------------------------------------------------
                                              7.750000   data required time
                                             -7.760022   data arrival time
---------------------------------------------------------------------------------------------
                                             -0.010022   slack (VIOLATED)


Startpoint: opcode[1] (input port clocked by __VIRTUAL_CLK__)
Endpoint: result[3] (output port clocked by __VIRTUAL_CLK__)
Path Group: __VIRTUAL_CLK__
Path Type: max

Fanout         Cap        Slew       Delay        Time   Description
---------------------------------------------------------------------------------------------
                      0.000000    0.000000    0.000000   clock __VIRTUAL_CLK__ (rise edge)
                                  0.000000    0.000000   clock network delay (ideal)
                                  2.000000    2.000000 v input external delay
     1    0.006029    0.031202    0.020287    2.020287 v opcode[1] (in)
                                                         opcode[1] (net)
                      0.031202    0.000000    2.020287 v input18/A (sky130_fd_sc_hd__buf_6)
     2    0.009085    0.042556    0.198923    2.219210 v input18/X (sky130_fd_sc_hd__buf_6)
                                                         net18 (net)
                      0.042556    0.000052    2.219262 v fanout31/A (sky130_fd_sc_hd__buf_6)
     2    0.009692    0.043343    0.205424    2.424686 v fanout31/X (sky130_fd_sc_hd__buf_6)
                                                         net31 (net)
                      0.043343    0.000306    2.424993 v _097_/A (sky130_fd_sc_hd__or3b_4)
     2    0.008777    0.132882    0.808183    3.233175 v _097_/X (sky130_fd_sc_hd__or3b_4)
                                                         _032_ (net)
                      0.132882    0.000077    3.233253 v max_cap30/A (sky130_fd_sc_hd__buf_8)
     3    0.016460    0.047937    0.259668    3.492921 v max_cap30/X (sky130_fd_sc_hd__buf_8)
                                                         net30 (net)
                      0.047937    0.000174    3.493095 v rebuffer39/A (sky130_fd_sc_hd__buf_2)
     2    0.015791    0.096614    0.286887    3.779982 v rebuffer39/X (sky130_fd_sc_hd__buf_2)
                                                         net39 (net)
                      0.096614    0.000128    3.780110 v _111_/B (sky130_fd_sc_hd__xor2_2)
     3    0.009097    0.125270    0.309996    4.090105 v _111_/X (sky130_fd_sc_hd__xor2_2)
                                                         _046_ (net)
                      0.125270    0.000028    4.090134 v _114_/B (sky130_fd_sc_hd__and2_2)
     1    0.004816    0.079355    0.454640    4.544774 v _114_/X (sky130_fd_sc_hd__and2_2)
                                                         _049_ (net)
                      0.079355    0.000052    4.544826 v _115_/B (sky130_fd_sc_hd__nor2_2)
     5    0.022052    0.413244    0.379880    4.924706 ^ _115_/Y (sky130_fd_sc_hd__nor2_2)
                                                         _050_ (net)
                      0.413244    0.000359    4.925065 ^ _162_/A1 (sky130_fd_sc_hd__a21oi_2)
     2    0.006788    0.128303    0.248200    5.173265 v _162_/Y (sky130_fd_sc_hd__a21oi_2)
                                                         _000_ (net)
                      0.128303    0.000049    5.173314 v _164_/C (sky130_fd_sc_hd__or3_2)
     1    0.002942    0.162002    1.027698    6.201012 v _164_/X (sky130_fd_sc_hd__or3_2)
                                                         _002_ (net)
                      0.162002    0.000035    6.201047 v _167_/A2_N (sky130_fd_sc_hd__o2bb2a_2)
     2    0.008228    0.110841    0.562147    6.763194 ^ _167_/X (sky130_fd_sc_hd__o2bb2a_2)
                                                         net24 (net)
                      0.110841    0.000022    6.763216 ^ output24/A (sky130_fd_sc_hd__clkdlybuf4s25_1)
     1    0.034711    0.559964    0.876450    7.639666 ^ output24/X (sky130_fd_sc_hd__clkdlybuf4s25_1)
                                                         result[3] (net)
                      0.559964    0.000299    7.639966 ^ result[3] (out)
                                              7.639966   data arrival time

                      0.000000   10.000000   10.000000   clock __VIRTUAL_CLK__ (rise edge)
                                  0.000000   10.000000   clock network delay (ideal)
                                 -0.250000    9.750000   clock uncertainty
                                  0.000000    9.750000   clock reconvergence pessimism
                                 -2.000000    7.750000   output external delay
                                              7.750000   data required time
---------------------------------------------------------------------------------------------
                                              7.750000   data required time
                                             -7.639966   data arrival time
---------------------------------------------------------------------------------------------
                                              0.110035   slack (MET)


Startpoint: opcode[1] (input port clocked by __VIRTUAL_CLK__)
Endpoint: result[4] (output port clocked by __VIRTUAL_CLK__)
Path Group: __VIRTUAL_CLK__
Path Type: max

Fanout         Cap        Slew       Delay        Time   Description
---------------------------------------------------------------------------------------------
                      0.000000    0.000000    0.000000   clock __VIRTUAL_CLK__ (rise edge)
                                  0.000000    0.000000   clock network delay (ideal)
                                  2.000000    2.000000 v input external delay
     1    0.006029    0.031202    0.020287    2.020287 v opcode[1] (in)
                                                         opcode[1] (net)
                      0.031202    0.000000    2.020287 v input18/A (sky130_fd_sc_hd__buf_6)
     2    0.009085    0.042556    0.198923    2.219210 v input18/X (sky130_fd_sc_hd__buf_6)
                                                         net18 (net)
                      0.042556    0.000052    2.219262 v fanout31/A (sky130_fd_sc_hd__buf_6)
     2    0.009692    0.043343    0.205424    2.424686 v fanout31/X (sky130_fd_sc_hd__buf_6)
                                                         net31 (net)
                      0.043343    0.000306    2.424993 v _097_/A (sky130_fd_sc_hd__or3b_4)
     2    0.008777    0.132882    0.808183    3.233175 v _097_/X (sky130_fd_sc_hd__or3b_4)
                                                         _032_ (net)
                      0.132882    0.000077    3.233253 v max_cap30/A (sky130_fd_sc_hd__buf_8)
     3    0.016460    0.047937    0.259668    3.492921 v max_cap30/X (sky130_fd_sc_hd__buf_8)
                                                         net30 (net)
                      0.047937    0.000174    3.493095 v rebuffer39/A (sky130_fd_sc_hd__buf_2)
     2    0.015791    0.096614    0.286887    3.779982 v rebuffer39/X (sky130_fd_sc_hd__buf_2)
                                                         net39 (net)
                      0.096614    0.000128    3.780110 v _111_/B (sky130_fd_sc_hd__xor2_2)
     3    0.009097    0.125270    0.309996    4.090105 v _111_/X (sky130_fd_sc_hd__xor2_2)
                                                         _046_ (net)
                      0.125270    0.000028    4.090134 v _114_/B (sky130_fd_sc_hd__and2_2)
     1    0.004816    0.079355    0.454640    4.544774 v _114_/X (sky130_fd_sc_hd__and2_2)
                                                         _049_ (net)
                      0.079355    0.000052    4.544826 v _115_/B (sky130_fd_sc_hd__nor2_2)
     5    0.022052    0.413244    0.379880    4.924706 ^ _115_/Y (sky130_fd_sc_hd__nor2_2)
                                                         _050_ (net)
                      0.413244    0.000280    4.924985 ^ _125_/A1 (sky130_fd_sc_hd__a31o_4)
     3    0.012587    0.101840    0.466713    5.391699 ^ _125_/X (sky130_fd_sc_hd__a31o_4)
                                                         _060_ (net)
                      0.101840    0.000231    5.391930 ^ _126_/B (sky130_fd_sc_hd__and2_2)
     3    0.013842    0.146103    0.366842    5.758772 ^ _126_/X (sky130_fd_sc_hd__and2_2)
                                                         _061_ (net)
                      0.146103    0.000075    5.758847 ^ _169_/A (sky130_fd_sc_hd__nor2_2)
     1    0.003690    0.047315    0.104716    5.863563 v _169_/Y (sky130_fd_sc_hd__nor2_2)
                                                         _006_ (net)
                      0.047315    0.000052    5.863614 v _172_/A1 (sky130_fd_sc_hd__o32a_2)
     2    0.007257    0.129030    0.766975    6.630589 v _172_/X (sky130_fd_sc_hd__o32a_2)
                                                         net25 (net)
                      0.129030    0.000068    6.630657 v output25/A (sky130_fd_sc_hd__clkdlybuf4s25_1)
     1    0.035044    0.473587    0.842308    7.472965 v output25/X (sky130_fd_sc_hd__clkdlybuf4s25_1)
                                                         result[4] (net)
                      0.473587    0.000358    7.473322 v result[4] (out)
                                              7.473322   data arrival time

                      0.000000   10.000000   10.000000   clock __VIRTUAL_CLK__ (rise edge)
                                  0.000000   10.000000   clock network delay (ideal)
                                 -0.250000    9.750000   clock uncertainty
                                  0.000000    9.750000   clock reconvergence pessimism
                                 -2.000000    7.750000   output external delay
                                              7.750000   data required time
---------------------------------------------------------------------------------------------
                                              7.750000   data required time
                                             -7.473322   data arrival time
---------------------------------------------------------------------------------------------
                                              0.276677   slack (MET)


Startpoint: opcode[1] (input port clocked by __VIRTUAL_CLK__)
Endpoint: result[2] (output port clocked by __VIRTUAL_CLK__)
Path Group: __VIRTUAL_CLK__
Path Type: max

Fanout         Cap        Slew       Delay        Time   Description
---------------------------------------------------------------------------------------------
                      0.000000    0.000000    0.000000   clock __VIRTUAL_CLK__ (rise edge)
                                  0.000000    0.000000   clock network delay (ideal)
                                  2.000000    2.000000 v input external delay
     1    0.006029    0.031202    0.020287    2.020287 v opcode[1] (in)
                                                         opcode[1] (net)
                      0.031202    0.000000    2.020287 v input18/A (sky130_fd_sc_hd__buf_6)
     2    0.009085    0.042556    0.198923    2.219210 v input18/X (sky130_fd_sc_hd__buf_6)
                                                         net18 (net)
                      0.042556    0.000052    2.219262 v fanout31/A (sky130_fd_sc_hd__buf_6)
     2    0.009692    0.043343    0.205424    2.424686 v fanout31/X (sky130_fd_sc_hd__buf_6)
                                                         net31 (net)
                      0.043343    0.000306    2.424993 v _097_/A (sky130_fd_sc_hd__or3b_4)
     2    0.008777    0.132882    0.808183    3.233175 v _097_/X (sky130_fd_sc_hd__or3b_4)
                                                         _032_ (net)
                      0.132882    0.000077    3.233253 v max_cap30/A (sky130_fd_sc_hd__buf_8)
     3    0.016460    0.047937    0.259668    3.492921 v max_cap30/X (sky130_fd_sc_hd__buf_8)
                                                         net30 (net)
                      0.047937    0.000174    3.493095 v rebuffer39/A (sky130_fd_sc_hd__buf_2)
     2    0.015791    0.096614    0.286887    3.779982 v rebuffer39/X (sky130_fd_sc_hd__buf_2)
                                                         net39 (net)
                      0.096614    0.000128    3.780110 v _111_/B (sky130_fd_sc_hd__xor2_2)
     3    0.009097    0.125270    0.309996    4.090105 v _111_/X (sky130_fd_sc_hd__xor2_2)
                                                         _046_ (net)
                      0.125270    0.000028    4.090134 v _114_/B (sky130_fd_sc_hd__and2_2)
     1    0.004816    0.079355    0.454640    4.544774 v _114_/X (sky130_fd_sc_hd__and2_2)
                                                         _049_ (net)
                      0.079355    0.000052    4.544826 v _115_/B (sky130_fd_sc_hd__nor2_2)
     5    0.022052    0.413244    0.379880    4.924706 ^ _115_/Y (sky130_fd_sc_hd__nor2_2)
                                                         _050_ (net)
                      0.413244    0.000377    4.925082 ^ _157_/A1 (sky130_fd_sc_hd__a21oi_2)
     1    0.003673    0.109749    0.222078    5.147160 v _157_/Y (sky130_fd_sc_hd__a21oi_2)
                                                         _088_ (net)
                      0.109749    0.000033    5.147193 v _158_/B1 (sky130_fd_sc_hd__o21a_2)
     1    0.003722    0.062549    0.241709    5.388902 v _158_/X (sky130_fd_sc_hd__o21a_2)
                                                         _089_ (net)
                      0.062549    0.000046    5.388948 v _161_/A1 (sky130_fd_sc_hd__o32a_2)
     2    0.004741    0.116332    0.749293    6.138241 v _161_/X (sky130_fd_sc_hd__o32a_2)
                                                         net23 (net)
                      0.116332    0.000040    6.138281 v output23/A (sky130_fd_sc_hd__clkdlybuf4s25_1)
     1    0.035239    0.476210    0.837816    6.976096 v output23/X (sky130_fd_sc_hd__clkdlybuf4s25_1)
                                                         result[2] (net)
                      0.476210    0.000778    6.976874 v result[2] (out)
                                              6.976874   data arrival time

                      0.000000   10.000000   10.000000   clock __VIRTUAL_CLK__ (rise edge)
                                  0.000000   10.000000   clock network delay (ideal)
                                 -0.250000    9.750000   clock uncertainty
                                  0.000000    9.750000   clock reconvergence pessimism
                                 -2.000000    7.750000   output external delay
                                              7.750000   data required time
---------------------------------------------------------------------------------------------
                                              7.750000   data required time
                                             -6.976874   data arrival time
---------------------------------------------------------------------------------------------
                                              0.773126   slack (MET)


Startpoint: opcode[1] (input port clocked by __VIRTUAL_CLK__)
Endpoint: result[1] (output port clocked by __VIRTUAL_CLK__)
Path Group: __VIRTUAL_CLK__
Path Type: max

Fanout         Cap        Slew       Delay        Time   Description
---------------------------------------------------------------------------------------------
                      0.000000    0.000000    0.000000   clock __VIRTUAL_CLK__ (rise edge)
                                  0.000000    0.000000   clock network delay (ideal)
                                  2.000000    2.000000 v input external delay
     1    0.006029    0.031202    0.020287    2.020287 v opcode[1] (in)
                                                         opcode[1] (net)
                      0.031202    0.000000    2.020287 v input18/A (sky130_fd_sc_hd__buf_6)
     2    0.009085    0.042556    0.198923    2.219210 v input18/X (sky130_fd_sc_hd__buf_6)
                                                         net18 (net)
                      0.042556    0.000052    2.219262 v fanout31/A (sky130_fd_sc_hd__buf_6)
     2    0.009692    0.043343    0.205424    2.424686 v fanout31/X (sky130_fd_sc_hd__buf_6)
                                                         net31 (net)
                      0.043343    0.000306    2.424993 v _097_/A (sky130_fd_sc_hd__or3b_4)
     2    0.008777    0.132882    0.808183    3.233175 v _097_/X (sky130_fd_sc_hd__or3b_4)
                                                         _032_ (net)
                      0.132882    0.000077    3.233253 v max_cap30/A (sky130_fd_sc_hd__buf_8)
     3    0.016460    0.047937    0.259668    3.492921 v max_cap30/X (sky130_fd_sc_hd__buf_8)
                                                         net30 (net)
                      0.047937    0.000307    3.493227 v _116_/B (sky130_fd_sc_hd__xor2_2)
     2    0.012263    0.147445    0.309160    3.802387 v _116_/X (sky130_fd_sc_hd__xor2_2)
                                                         _051_ (net)
                      0.147445    0.000105    3.802492 v _118_/A (sky130_fd_sc_hd__xnor2_2)
     4    0.015587    0.389053    0.445759    4.248251 ^ _118_/Y (sky130_fd_sc_hd__xnor2_2)
                                                         _053_ (net)
                      0.389053    0.000138    4.248389 ^ _152_/A1 (sky130_fd_sc_hd__a21oi_2)
     1    0.002736    0.100466    0.205876    4.454265 v _152_/Y (sky130_fd_sc_hd__a21oi_2)
                                                         _084_ (net)
                      0.100466    0.000014    4.454279 v _153_/B1 (sky130_fd_sc_hd__o21a_2)
     1    0.004225    0.065539    0.240618    4.694898 v _153_/X (sky130_fd_sc_hd__o21a_2)
                                                         _085_ (net)
                      0.065539    0.000071    4.694968 v _156_/A (sky130_fd_sc_hd__or3_2)
     2    0.005541    0.185832    1.189108    5.884076 v _156_/X (sky130_fd_sc_hd__or3_2)
                                                         net22 (net)
                      0.185832    0.000051    5.884126 v output22/A (sky130_fd_sc_hd__clkdlybuf4s25_1)
     1    0.034993    0.472830    0.869179    6.753305 v output22/X (sky130_fd_sc_hd__clkdlybuf4s25_1)
                                                         result[1] (net)
                      0.472830    0.000331    6.753636 v result[1] (out)
                                              6.753636   data arrival time

                      0.000000   10.000000   10.000000   clock __VIRTUAL_CLK__ (rise edge)
                                  0.000000   10.000000   clock network delay (ideal)
                                 -0.250000    9.750000   clock uncertainty
                                  0.000000    9.750000   clock reconvergence pessimism
                                 -2.000000    7.750000   output external delay
                                              7.750000   data required time
---------------------------------------------------------------------------------------------
                                              7.750000   data required time
                                             -6.753636   data arrival time
---------------------------------------------------------------------------------------------
                                              0.996364   slack (MET)


Startpoint: opcode[1] (input port clocked by __VIRTUAL_CLK__)
Endpoint: result[0] (output port clocked by __VIRTUAL_CLK__)
Path Group: __VIRTUAL_CLK__
Path Type: max

Fanout         Cap        Slew       Delay        Time   Description
---------------------------------------------------------------------------------------------
                      0.000000    0.000000    0.000000   clock __VIRTUAL_CLK__ (rise edge)
                                  0.000000    0.000000   clock network delay (ideal)
                                  2.000000    2.000000 v input external delay
     1    0.006029    0.031202    0.020287    2.020287 v opcode[1] (in)
                                                         opcode[1] (net)
                      0.031202    0.000000    2.020287 v input18/A (sky130_fd_sc_hd__buf_6)
     2    0.009085    0.042556    0.198923    2.219210 v input18/X (sky130_fd_sc_hd__buf_6)
                                                         net18 (net)
                      0.042556    0.000052    2.219262 v fanout31/A (sky130_fd_sc_hd__buf_6)
     2    0.009692    0.043343    0.205424    2.424686 v fanout31/X (sky130_fd_sc_hd__buf_6)
                                                         net31 (net)
                      0.043343    0.000126    2.424812 v rebuffer34/A (sky130_fd_sc_hd__buf_2)
     9    0.034837    0.168358    0.350708    2.775521 v rebuffer34/X (sky130_fd_sc_hd__buf_2)
                                                         net34 (net)
                      0.168363    0.001155    2.776676 v _095_/B (sky130_fd_sc_hd__and2_2)
     8    0.035743    0.198062    0.618770    3.395446 v _095_/X (sky130_fd_sc_hd__and2_2)
                                                         _030_ (net)
                      0.198062    0.000087    3.395532 v _150_/B1 (sky130_fd_sc_hd__a31o_2)
     1    0.003182    0.063818    0.460903    3.856435 v _150_/X (sky130_fd_sc_hd__a31o_2)
                                                         _083_ (net)
                      0.063818    0.000038    3.856473 v _151_/A3 (sky130_fd_sc_hd__o32a_2)
     2    0.005877    0.121772    0.652600    4.509073 v _151_/X (sky130_fd_sc_hd__o32a_2)
                                                         net21 (net)
                      0.121772    0.000073    4.509147 v output21/A (sky130_fd_sc_hd__clkdlybuf4s25_1)
     1    0.034902    0.471794    0.837422    5.346568 v output21/X (sky130_fd_sc_hd__clkdlybuf4s25_1)
                                                         result[0] (net)
                      0.471794    0.000324    5.346892 v result[0] (out)
                                              5.346892   data arrival time

                      0.000000   10.000000   10.000000   clock __VIRTUAL_CLK__ (rise edge)
                                  0.000000   10.000000   clock network delay (ideal)
                                 -0.250000    9.750000   clock uncertainty
                                  0.000000    9.750000   clock reconvergence pessimism
                                 -2.000000    7.750000   output external delay
                                              7.750000   data required time
---------------------------------------------------------------------------------------------
                                              7.750000   data required time
                                             -5.346892   data arrival time
---------------------------------------------------------------------------------------------
                                              2.403108   slack (MET)



%OL_END_REPORT
%OL_CREATE_REPORT checks.rpt

===========================================================================
report_checks -unconstrained
===========================================================================
======================= min_ss_100C_1v60 Corner ===================================

Startpoint: opcode[1] (input port clocked by __VIRTUAL_CLK__)
Endpoint: zero (output port clocked by __VIRTUAL_CLK__)
Path Group: __VIRTUAL_CLK__
Path Type: max

Fanout         Cap        Slew       Delay        Time   Description
---------------------------------------------------------------------------------------------
                      0.000000    0.000000    0.000000   clock __VIRTUAL_CLK__ (rise edge)
                                  0.000000    0.000000   clock network delay (ideal)
                                  2.000000    2.000000 v input external delay
     1    0.006029    0.031202    0.020287    2.020287 v opcode[1] (in)
                                                         opcode[1] (net)
                      0.031202    0.000000    2.020287 v input18/A (sky130_fd_sc_hd__buf_6)
     2    0.009085    0.042556    0.198923    2.219210 v input18/X (sky130_fd_sc_hd__buf_6)
                                                         net18 (net)
                      0.042556    0.000052    2.219262 v fanout31/A (sky130_fd_sc_hd__buf_6)
     2    0.009692    0.043343    0.205424    2.424686 v fanout31/X (sky130_fd_sc_hd__buf_6)
                                                         net31 (net)
                      0.043343    0.000306    2.424993 v _097_/A (sky130_fd_sc_hd__or3b_4)
     2    0.008777    0.132882    0.808183    3.233175 v _097_/X (sky130_fd_sc_hd__or3b_4)
                                                         _032_ (net)
                      0.132882    0.000077    3.233253 v max_cap30/A (sky130_fd_sc_hd__buf_8)
     3    0.016460    0.047937    0.259668    3.492921 v max_cap30/X (sky130_fd_sc_hd__buf_8)
                                                         net30 (net)
                      0.047937    0.000307    3.493227 v _116_/B (sky130_fd_sc_hd__xor2_2)
     2    0.012982    0.317065    0.317333    3.810560 ^ _116_/X (sky130_fd_sc_hd__xor2_2)
                                                         _051_ (net)
                      0.317065    0.000125    3.810685 ^ _117_/A_N (sky130_fd_sc_hd__and2b_2)
     1    0.006805    0.088722    0.585818    4.396503 v _117_/X (sky130_fd_sc_hd__and2b_2)
                                                         _052_ (net)
                      0.088722    0.000155    4.396658 v _121_/B1 (sky130_fd_sc_hd__a21o_4)
     4    0.016653    0.084908    0.394834    4.791492 v _121_/X (sky130_fd_sc_hd__a21o_4)
                                                         _056_ (net)
                      0.084908    0.000306    4.791797 v _125_/A3 (sky130_fd_sc_hd__a31o_4)
     3    0.011808    0.076472    0.476500    5.268297 v _125_/X (sky130_fd_sc_hd__a31o_4)
                                                         _060_ (net)
                      0.076472    0.000236    5.268533 v _127_/A1 (sky130_fd_sc_hd__a2111o_2)
     2    0.006852    0.132638    0.888897    6.157429 v _127_/X (sky130_fd_sc_hd__a2111o_2)
                                                         _062_ (net)
                      0.132638    0.000115    6.157545 v _141_/B (sky130_fd_sc_hd__and3_4)
     1    0.002717    0.050446    0.338161    6.495706 v _141_/X (sky130_fd_sc_hd__and3_4)
                                                         _076_ (net)
                      0.050446    0.000016    6.495721 v _142_/B (sky130_fd_sc_hd__or4b_4)
     3    0.014297    0.186108    1.122284    7.618005 v _142_/X (sky130_fd_sc_hd__or4b_4)
                                                         _077_ (net)
                      0.186108    0.000190    7.618195 v _144_/B1 (sky130_fd_sc_hd__o21a_4)
     2    0.010519    0.072604    0.294231    7.912426 v _144_/X (sky130_fd_sc_hd__o21a_4)
                                                         net28 (net)
                      0.072604    0.000066    7.912492 v _193_/B1 (sky130_fd_sc_hd__a211oi_2)
     1    0.006102    0.317053    0.394424    8.306916 ^ _193_/Y (sky130_fd_sc_hd__a211oi_2)
                                                         net29 (net)
                      0.317053    0.000060    8.306976 ^ output29/A (sky130_fd_sc_hd__buf_6)
     1    0.034288    0.124300    0.341563    8.648540 ^ output29/X (sky130_fd_sc_hd__buf_6)
                                                         zero (net)
                      0.124300    0.000274    8.648813 ^ zero (out)
                                              8.648813   data arrival time

                      0.000000   10.000000   10.000000   clock __VIRTUAL_CLK__ (rise edge)
                                  0.000000   10.000000   clock network delay (ideal)
                                 -0.250000    9.750000   clock uncertainty
                                  0.000000    9.750000   clock reconvergence pessimism
                                 -2.000000    7.750000   output external delay
                                              7.750000   data required time
---------------------------------------------------------------------------------------------
                                              7.750000   data required time
                                             -8.648813   data arrival time
---------------------------------------------------------------------------------------------
                                             -0.898813   slack (VIOLATED)




===========================================================================
report_checks --slack_max -0.01
============================================================================
======================= min_ss_100C_1v60 Corner ===================================

Startpoint: opcode[1] (input port clocked by __VIRTUAL_CLK__)
Endpoint: zero (output port clocked by __VIRTUAL_CLK__)
Path Group: __VIRTUAL_CLK__
Path Type: max

Fanout         Cap        Slew       Delay        Time   Description
---------------------------------------------------------------------------------------------
                      0.000000    0.000000    0.000000   clock __VIRTUAL_CLK__ (rise edge)
                                  0.000000    0.000000   clock network delay (ideal)
                                  2.000000    2.000000 v input external delay
     1    0.006029    0.031202    0.020287    2.020287 v opcode[1] (in)
                                                         opcode[1] (net)
                      0.031202    0.000000    2.020287 v input18/A (sky130_fd_sc_hd__buf_6)
     2    0.009085    0.042556    0.198923    2.219210 v input18/X (sky130_fd_sc_hd__buf_6)
                                                         net18 (net)
                      0.042556    0.000052    2.219262 v fanout31/A (sky130_fd_sc_hd__buf_6)
     2    0.009692    0.043343    0.205424    2.424686 v fanout31/X (sky130_fd_sc_hd__buf_6)
                                                         net31 (net)
                      0.043343    0.000306    2.424993 v _097_/A (sky130_fd_sc_hd__or3b_4)
     2    0.008777    0.132882    0.808183    3.233175 v _097_/X (sky130_fd_sc_hd__or3b_4)
                                                         _032_ (net)
                      0.132882    0.000077    3.233253 v max_cap30/A (sky130_fd_sc_hd__buf_8)
     3    0.016460    0.047937    0.259668    3.492921 v max_cap30/X (sky130_fd_sc_hd__buf_8)
                                                         net30 (net)
                      0.047937    0.000307    3.493227 v _116_/B (sky130_fd_sc_hd__xor2_2)
     2    0.012982    0.317065    0.317333    3.810560 ^ _116_/X (sky130_fd_sc_hd__xor2_2)
                                                         _051_ (net)
                      0.317065    0.000125    3.810685 ^ _117_/A_N (sky130_fd_sc_hd__and2b_2)
     1    0.006805    0.088722    0.585818    4.396503 v _117_/X (sky130_fd_sc_hd__and2b_2)
                                                         _052_ (net)
                      0.088722    0.000155    4.396658 v _121_/B1 (sky130_fd_sc_hd__a21o_4)
     4    0.016653    0.084908    0.394834    4.791492 v _121_/X (sky130_fd_sc_hd__a21o_4)
                                                         _056_ (net)
                      0.084908    0.000306    4.791797 v _125_/A3 (sky130_fd_sc_hd__a31o_4)
     3    0.011808    0.076472    0.476500    5.268297 v _125_/X (sky130_fd_sc_hd__a31o_4)
                                                         _060_ (net)
                      0.076472    0.000236    5.268533 v _127_/A1 (sky130_fd_sc_hd__a2111o_2)
     2    0.006852    0.132638    0.888897    6.157429 v _127_/X (sky130_fd_sc_hd__a2111o_2)
                                                         _062_ (net)
                      0.132638    0.000115    6.157545 v _141_/B (sky130_fd_sc_hd__and3_4)
     1    0.002717    0.050446    0.338161    6.495706 v _141_/X (sky130_fd_sc_hd__and3_4)
                                                         _076_ (net)
                      0.050446    0.000016    6.495721 v _142_/B (sky130_fd_sc_hd__or4b_4)
     3    0.014297    0.186108    1.122284    7.618005 v _142_/X (sky130_fd_sc_hd__or4b_4)
                                                         _077_ (net)
                      0.186108    0.000190    7.618195 v _144_/B1 (sky130_fd_sc_hd__o21a_4)
     2    0.010519    0.072604    0.294231    7.912426 v _144_/X (sky130_fd_sc_hd__o21a_4)
                                                         net28 (net)
                      0.072604    0.000066    7.912492 v _193_/B1 (sky130_fd_sc_hd__a211oi_2)
     1    0.006102    0.317053    0.394424    8.306916 ^ _193_/Y (sky130_fd_sc_hd__a211oi_2)
                                                         net29 (net)
                      0.317053    0.000060    8.306976 ^ output29/A (sky130_fd_sc_hd__buf_6)
     1    0.034288    0.124300    0.341563    8.648540 ^ output29/X (sky130_fd_sc_hd__buf_6)
                                                         zero (net)
                      0.124300    0.000274    8.648813 ^ zero (out)
                                              8.648813   data arrival time

                      0.000000   10.000000   10.000000   clock __VIRTUAL_CLK__ (rise edge)
                                  0.000000   10.000000   clock network delay (ideal)
                                 -0.250000    9.750000   clock uncertainty
                                  0.000000    9.750000   clock reconvergence pessimism
                                 -2.000000    7.750000   output external delay
                                              7.750000   data required time
---------------------------------------------------------------------------------------------
                                              7.750000   data required time
                                             -8.648813   data arrival time
---------------------------------------------------------------------------------------------
                                             -0.898813   slack (VIOLATED)




===========================================================================
 report_check_types -max_slew -max_cap -max_fanout -violators
============================================================================
======================= min_ss_100C_1v60 Corner ===================================



===========================================================================
report_parasitic_annotation -report_unannotated
============================================================================
Found 0 unannotated drivers.
Found 0 partially unannotated drivers.

===========================================================================
max slew violation count 0
%OL_METRIC_I design__max_slew_violation__count__corner:min_ss_100C_1v60 0
max fanout violation count 0
%OL_METRIC_I design__max_fanout_violation__count__corner:min_ss_100C_1v60 0
max cap violation count 0
%OL_METRIC_I design__max_cap_violation__count__corner:min_ss_100C_1v60 0
============================================================================

===========================================================================
check_setup -verbose -unconstrained_endpoints -multiple_clock -no_clock -no_input_delay -loops -generated_clocks
===========================================================================
%OL_END_REPORT
%OL_CREATE_REPORT power.rpt

===========================================================================
 report_power
============================================================================
======================= min_ss_100C_1v60 Corner ===================================

Group                    Internal    Switching      Leakage        Total
                            Power        Power        Power        Power (Watts)
------------------------------------------------------------------------
Sequential           0.000000e+00 0.000000e+00 0.000000e+00 0.000000e+00   0.0%
Combinational        3.691638e-05 3.632288e-05 7.698119e-07 7.400908e-05 100.0%
Clock                0.000000e+00 0.000000e+00 3.275709e-10 3.275709e-10   0.0%
Macro                0.000000e+00 0.000000e+00 0.000000e+00 0.000000e+00   0.0%
Pad                  0.000000e+00 0.000000e+00 0.000000e+00 0.000000e+00   0.0%
------------------------------------------------------------------------
Total                3.691638e-05 3.632288e-05 7.701395e-07 7.400940e-05 100.0%
                            49.9%        49.1%         1.0%
%OL_METRIC_F power__internal__total 3.6916379031026736e-5
%OL_METRIC_F power__switching__total 3.63228828064166e-5
%OL_METRIC_F power__leakage__total 7.701394793002692e-7
%OL_METRIC_F power__total 7.400940376101062e-5

%OL_END_REPORT
%OL_CREATE_REPORT skew.min.rpt

===========================================================================
Clock Skew (Hold)
============================================================================
%OL_METRIC_F clock__skew__worst_hold__corner:min_ss_100C_1v60 0.0
======================= min_ss_100C_1v60 Corner ===================================

Clock __VIRTUAL_CLK__
No launch/capture paths found.

%OL_END_REPORT
%OL_CREATE_REPORT skew.max.rpt

===========================================================================
Clock Skew (Setup)
============================================================================
%OL_METRIC_F clock__skew__worst_setup__corner:min_ss_100C_1v60 0.0
======================= min_ss_100C_1v60 Corner ===================================

Clock __VIRTUAL_CLK__
No launch/capture paths found.

%OL_END_REPORT
%OL_CREATE_REPORT ws.min.rpt

===========================================================================
Worst Slack (Hold)
============================================================================
%OL_METRIC_F timing__hold__ws__corner:min_ss_100C_1v60 4.876459818418578
min_ss_100C_1v60: 4.876459818418578
%OL_END_REPORT
%OL_CREATE_REPORT ws.max.rpt

===========================================================================
Worst Slack (Setup)
============================================================================
%OL_METRIC_F timing__setup__ws__corner:min_ss_100C_1v60 -0.8988134935177962
min_ss_100C_1v60: -0.8988134935177962
%OL_END_REPORT
%OL_CREATE_REPORT tns.min.rpt

===========================================================================
Total Negative Slack (Hold)
============================================================================
%OL_METRIC_F timing__hold__tns__corner:min_ss_100C_1v60 0.0
min_ss_100C_1v60: 0.0
%OL_END_REPORT
%OL_CREATE_REPORT tns.max.rpt

===========================================================================
Total Negative Slack (Setup)
============================================================================
%OL_METRIC_F timing__setup__tns__corner:min_ss_100C_1v60 -2.2347786476128704
min_ss_100C_1v60: -2.2347786476128704
%OL_END_REPORT
%OL_CREATE_REPORT wns.min.rpt

===========================================================================
Worst Negative Slack (Hold)
============================================================================
%OL_METRIC_F timing__hold__wns__corner:min_ss_100C_1v60 0
min_ss_100C_1v60: 0
%OL_END_REPORT
%OL_CREATE_REPORT wns.max.rpt

===========================================================================
Worst Negative Slack (Setup)
============================================================================
%OL_METRIC_F timing__setup__wns__corner:min_ss_100C_1v60 -0.8988134935177962
min_ss_100C_1v60: -0.8988134935177962
%OL_END_REPORT
%OL_CREATE_REPORT violator_list.rpt

===========================================================================
Violator List
============================================================================
[setup in-out] opcode[1] -> zero : -0.898813
[setup in-out] opcode[1] -> overflow : -0.887911
[setup in-out] opcode[1] -> result[7] : -0.423640
[setup in-out] opcode[1] -> result[5] : -0.014392
[setup in-out] opcode[1] -> result[6] : -0.010022
%OL_METRIC_I timing__hold_vio__count__corner:min_ss_100C_1v60 0
%OL_METRIC_F timing__hold_r2r__ws__corner:min_ss_100C_1v60 inf
%OL_METRIC_I timing__hold_r2r_vio__count__corner:min_ss_100C_1v60 0
%OL_METRIC_I timing__setup_vio__count__corner:min_ss_100C_1v60 5
%OL_METRIC_F timing__setup_r2r__ws__corner:min_ss_100C_1v60 inf
%OL_METRIC_I timing__setup_r2r_vio__count__corner:min_ss_100C_1v60 0
%OL_END_REPORT
%OL_CREATE_REPORT unpropagated.rpt
__VIRTUAL_CLK__
%OL_END_REPORT
%OL_CREATE_REPORT clock.rpt
Clock: __VIRTUAL_CLK__
Sources: 
Generated: no
Virtual: yes
Propagated: no
Period: 10.000000

===========================================================================
report_clock_properties
============================================================================
Clock                   Period          Waveform
----------------------------------------------------
__VIRTUAL_CLK__      10.000000    0.000000  5.000000

===========================================================================
report_clock_latency
============================================================================
Clock __VIRTUAL_CLK__


===========================================================================
report_clock_min_period
============================================================================
__VIRTUAL_CLK__ period_min = 0.00 fmax = inf
%OL_END_REPORT
Writing SDF files for all corners…
Removing Clock latencies before writing libs…
Writing timing models for all corners…
Writing timing models for the min_ss_100C_1v60 corner to /home/thaituroblox/Desktop/8_BIT_COUNTER/Counter-8-Bit-/alu_project/runs/RUN_2026-09-26_04-41-42/55-openroad-stapostpnr/min_ss_100C_1v60/alu_8bit__min_ss_100C_1v60.lib…
