Reading timing models for corner nom_tt_025C_1v80…
Reading timing library for the 'nom_tt_025C_1v80' corner at '/home/thaituroblox/.ciel/ciel/ciel/sky130/versions/8afc8346a57fe1ab7934ba5a6056ea8b43078e71/sky130A/libs.ref/sky130_fd_sc_hd/lib/sky130_fd_sc_hd__tt_025C_1v80.lib'…
Reading OpenROAD database at '/home/thaituroblox/Desktop/8_BIT_COUNTER/Counter-8-Bit-/alu_project/runs/RUN_2026-09-26_04-41-42/42-openroad-repairantennas/1-openroad-diodeinsertion/alu_8bit.odb'…
Reading design constraints file at '/nix/store/8y4m6wgn5kqlbig1qwnwbxijqqp0jwib-python3-3.13.9-env/lib/python3.13/site-packages/librelane/scripts/base.sdc'…
[WARNING] No CLOCK_PORT found. A dummy clock will be used.
[WARNING STA-0366] port '__VIRTUAL_CLK__' not found.
[INFO] Using clock __VIRTUAL_CLK__…
[INFO] Setting output delay to: 2.0
[INFO] Setting input delay to: 2.0
[WARNING STA-0366] port '__VIRTUAL_CLK__' not found.
[INFO] Setting load to: 0.033442
[INFO] Setting clock uncertainty to: 0.25
[INFO] Setting clock transition to: 0.1499999999999999944488848768742172978818416595458984375
[WARNING STA-0419] transition time can not be specified for virtual clocks.
[INFO] Setting timing derate to: 5.0%
[WARNING STA-0450] virtual clock __VIRTUAL_CLK__ can not be propagated.
[INFO ORD-0030] Using 16 thread(s).
+ detailed_route -droute_end_iter 64 -or_seed 42 -verbose 1 -output_drc /home/thaituroblox/Desktop/8_BIT_COUNTER/Counter-8-Bit-/alu_project/runs/RUN_2026-09-26_04-41-42/44-openroad-detailedrouting/drt-run-0/alu_8bit.drc
[INFO DRT-0149] Reading tech and libs.
[WARNING DRT-0349] LEF58_ENCLOSURE with no CUTCLASS is not supported. Skipping for layer mcon
[WARNING DRT-0349] LEF58_ENCLOSURE with no CUTCLASS is not supported. Skipping for layer mcon
[WARNING DRT-0349] LEF58_ENCLOSURE with no CUTCLASS is not supported. Skipping for layer via
[WARNING DRT-0349] LEF58_ENCLOSURE with no CUTCLASS is not supported. Skipping for layer via
[WARNING DRT-0349] LEF58_ENCLOSURE with no CUTCLASS is not supported. Skipping for layer via2
[WARNING DRT-0349] LEF58_ENCLOSURE with no CUTCLASS is not supported. Skipping for layer via2
[WARNING DRT-0349] LEF58_ENCLOSURE with no CUTCLASS is not supported. Skipping for layer via3
[WARNING DRT-0349] LEF58_ENCLOSURE with no CUTCLASS is not supported. Skipping for layer via3
[WARNING DRT-0349] LEF58_ENCLOSURE with no CUTCLASS is not supported. Skipping for layer via4
[WARNING DRT-0349] LEF58_ENCLOSURE with no CUTCLASS is not supported. Skipping for layer via4

Units:                1000
Number of layers:     13
Number of macros:     445
Number of vias:       29
Number of viarulegen: 25

[INFO DRT-0150] Reading design.

Design:                   alu_8bit
Die area:                 ( 0 0 ) ( 54650 65370 )
Number of track patterns: 12
Number of DEF vias:       0
Number of components:     200
Number of terminals:      31
Number of snets:          2
Number of nets:           160

[INFO DRT-0167] List of default vias:
  Layer via
    default via: M1M2_PR
  Layer via2
    default via: M2M3_PR
  Layer via3
    default via: M3M4_PR
  Layer via4
    default via: M4M5_PR
[INFO DRT-0162] Library cell analysis.
[INFO DRT-0163] Instance analysis.
[INFO DRT-0164] Number of unique instances = 80.
[INFO DRT-0168] Init region query.
[INFO DRT-0024]   Complete FR_MASTERSLICE.
[INFO DRT-0024]   Complete licon.
[INFO DRT-0024]   Complete li1.
[INFO DRT-0024]   Complete mcon.
[INFO DRT-0024]   Complete met1.
[INFO DRT-0024]   Complete via.
[INFO DRT-0024]   Complete met2.
[INFO DRT-0024]   Complete via2.
[INFO DRT-0024]   Complete met3.
[INFO DRT-0024]   Complete via3.
[INFO DRT-0024]   Complete met4.
[INFO DRT-0024]   Complete via4.
[INFO DRT-0024]   Complete met5.
[INFO DRT-0033] FR_MASTERSLICE shape region query size = 0.
[INFO DRT-0033] licon shape region query size = 0.
[INFO DRT-0033] li1 shape region query size = 4141.
[INFO DRT-0033] mcon shape region query size = 0.
[INFO DRT-0033] met1 shape region query size = 497.
[INFO DRT-0033] via shape region query size = 85.
[INFO DRT-0033] met2 shape region query size = 58.
[INFO DRT-0033] via2 shape region query size = 68.
[INFO DRT-0033] met3 shape region query size = 73.
[INFO DRT-0033] via3 shape region query size = 68.
[INFO DRT-0033] met4 shape region query size = 23.
[INFO DRT-0033] via4 shape region query size = 2.
[INFO DRT-0033] met5 shape region query size = 6.
[INFO DRT-0165] Start pin access.
[INFO DRT-0078]   Complete 588 pins.
[INFO DRT-0081]   Complete 80 unique inst patterns.
[INFO DRT-0084]   Complete 73 groups.
#scanned instances     = 200
#unique  instances     = 80
#stdCellGenAp          = 2015
#stdCellValidPlanarAp  = 21
#stdCellValidViaAp     = 1600
#stdCellPinNoAp        = 0
#stdCellPinCnt         = 471
#instTermValidViaApCnt = 0
#macroGenAp            = 0
#macroValidPlanarAp    = 0
#macroValidViaAp       = 0
#macroNoAp             = 0
[INFO DRT-0166] Complete pin access.
[INFO DRT-0267] cpu time = 00:00:19, elapsed time = 00:00:01, memory = 128.29 (MB), peak = 127.14 (MB)

[INFO DRT-0157] Number of guides:     985

[INFO DRT-0169] Post process guides.
[INFO DRT-0176] GCELLGRID X 0 DO 7 STEP 6900 ;
[INFO DRT-0177] GCELLGRID Y 0 DO 9 STEP 6900 ;
[INFO DRT-0028]   Complete FR_MASTERSLICE.
[INFO DRT-0028]   Complete licon.
[INFO DRT-0028]   Complete li1.
[INFO DRT-0028]   Complete mcon.
[INFO DRT-0028]   Complete met1.
[INFO DRT-0028]   Complete via.
[INFO DRT-0028]   Complete met2.
[INFO DRT-0028]   Complete via2.
[INFO DRT-0028]   Complete met3.
[INFO DRT-0028]   Complete via3.
[INFO DRT-0028]   Complete met4.
[INFO DRT-0028]   Complete via4.
[INFO DRT-0028]   Complete met5.
[INFO DRT-0178] Init guide query.
[INFO DRT-0035]   Complete FR_MASTERSLICE (guide).
[INFO DRT-0035]   Complete licon (guide).
[INFO DRT-0035]   Complete li1 (guide).
[INFO DRT-0035]   Complete mcon (guide).
[INFO DRT-0035]   Complete met1 (guide).
[INFO DRT-0035]   Complete via (guide).
[INFO DRT-0035]   Complete met2 (guide).
[INFO DRT-0035]   Complete via2 (guide).
[INFO DRT-0035]   Complete met3 (guide).
[INFO DRT-0035]   Complete via3 (guide).
[INFO DRT-0035]   Complete met4 (guide).
[INFO DRT-0035]   Complete via4 (guide).
[INFO DRT-0035]   Complete met5 (guide).
[INFO DRT-0036] FR_MASTERSLICE guide region query size = 0.
[INFO DRT-0036] licon guide region query size = 0.
[INFO DRT-0036] li1 guide region query size = 354.
[INFO DRT-0036] mcon guide region query size = 0.
[INFO DRT-0036] met1 guide region query size = 296.
[INFO DRT-0036] via guide region query size = 0.
[INFO DRT-0036] met2 guide region query size = 148.
[INFO DRT-0036] via2 guide region query size = 0.
[INFO DRT-0036] met3 guide region query size = 25.
[INFO DRT-0036] via3 guide region query size = 0.
[INFO DRT-0036] met4 guide region query size = 1.
[INFO DRT-0036] via4 guide region query size = 0.
[INFO DRT-0036] met5 guide region query size = 0.
[INFO DRT-0179] Init gr pin query.
[INFO DRT-0267] cpu time = 00:00:00, elapsed time = 00:00:00, memory = 128.77 (MB), peak = 127.39 (MB)
[INFO DRT-0245] skipped writing guide updates to database.
[INFO DRT-0185] Post process initialize RPin region query.
[INFO DRT-0181] Start track assignment.
[INFO DRT-0184] Done with 503 vertical wires in 1 frboxes and 321 horizontal wires in 1 frboxes.
[INFO DRT-0186] Done with 58 vertical wires in 1 frboxes and 75 horizontal wires in 1 frboxes.
[INFO DRT-0182] Complete track assignment.
[INFO DRT-0267] cpu time = 00:00:00, elapsed time = 00:00:00, memory = 130.19 (MB), peak = 128.79 (MB)
[INFO DRT-0187] Start routing data preparation.
[INFO DRT-0267] cpu time = 00:00:00, elapsed time = 00:00:00, memory = 130.19 (MB), peak = 128.79 (MB)
[INFO DRT-0194] Start detail routing.
[INFO DRT-0195] Start 0th optimization iteration.
    Completing 50% with 0 violations.
    elapsed time = 00:00:01, memory = 140.71 (MB).
    Completing 100% with 12 violations.
    elapsed time = 00:00:01, memory = 142.91 (MB).
[INFO DRT-0199]   Number of violations = 12.
Viol/Layer        met1   met2
Metal Spacing        5      0
Short                6      1
[INFO DRT-0267] cpu time = 00:00:01, elapsed time = 00:00:01, memory = 493.43 (MB), peak = 491.82 (MB)
Total wire length = 2691 um.
Total wire length on LAYER li1 = 0 um.
Total wire length on LAYER met1 = 1262 um.
Total wire length on LAYER met2 = 1233 um.
Total wire length on LAYER met3 = 196 um.
Total wire length on LAYER met4 = 0 um.
Total wire length on LAYER met5 = 0 um.
Total number of vias = 944.
Up-via summary (total 944):

----------------------
 FR_MASTERSLICE      0
            li1    477
           met1    441
           met2     26
           met3      0
           met4      0
----------------------
               944


[INFO DRT-0195] Start 1st optimization iteration.
    Completing 20% with 12 violations.
    elapsed time = 00:00:00, memory = 493.48 (MB).
    Completing 50% with 16 violations.
    elapsed time = 00:00:00, memory = 493.48 (MB).
    Completing 70% with 16 violations.
    elapsed time = 00:00:00, memory = 493.48 (MB).
    Completing 100% with 18 violations.
    elapsed time = 00:00:00, memory = 493.48 (MB).
[INFO DRT-0199]   Number of violations = 18.
Viol/Layer        met1
Metal Spacing        4
Short               14
[INFO DRT-0267] cpu time = 00:00:00, elapsed time = 00:00:00, memory = 493.60 (MB), peak = 491.95 (MB)
Total wire length = 2659 um.
Total wire length on LAYER li1 = 0 um.
Total wire length on LAYER met1 = 1232 um.
Total wire length on LAYER met2 = 1225 um.
Total wire length on LAYER met3 = 193 um.
Total wire length on LAYER met4 = 8 um.
Total wire length on LAYER met5 = 0 um.
Total number of vias = 958.
Up-via summary (total 958):

----------------------
 FR_MASTERSLICE      0
            li1    472
           met1    452
           met2     32
           met3      2
           met4      0
----------------------
               958


[INFO DRT-0195] Start 2nd optimization iteration.
    Completing 20% with 18 violations.
    elapsed time = 00:00:00, memory = 493.60 (MB).
    Completing 50% with 18 violations.
    elapsed time = 00:00:00, memory = 493.60 (MB).
    Completing 70% with 18 violations.
    elapsed time = 00:00:00, memory = 493.60 (MB).
    Completing 100% with 14 violations.
    elapsed time = 00:00:01, memory = 493.60 (MB).
[INFO DRT-0199]   Number of violations = 14.
Viol/Layer        met1   met2
Metal Spacing        4      0
Short                7      3
[INFO DRT-0267] cpu time = 00:00:01, elapsed time = 00:00:01, memory = 496.46 (MB), peak = 494.82 (MB)
Total wire length = 2656 um.
Total wire length on LAYER li1 = 0 um.
Total wire length on LAYER met1 = 1233 um.
Total wire length on LAYER met2 = 1221 um.
Total wire length on LAYER met3 = 187 um.
Total wire length on LAYER met4 = 13 um.
Total wire length on LAYER met5 = 0 um.
Total number of vias = 950.
Up-via summary (total 950):

----------------------
 FR_MASTERSLICE      0
            li1    475
           met1    445
           met2     28
           met3      2
           met4      0
----------------------
               950


[INFO DRT-0195] Start 3rd guides tiles iteration.
    Completing 20% with 14 violations.
    elapsed time = 00:00:00, memory = 511.20 (MB).
    Completing 50% with 14 violations.
    elapsed time = 00:00:00, memory = 511.20 (MB).
    Completing 70% with 3 violations.
    elapsed time = 00:00:00, memory = 511.20 (MB).
    Completing 100% with 0 violations.
    elapsed time = 00:00:00, memory = 511.20 (MB).
[INFO DRT-0199]   Number of violations = 0.
[INFO DRT-0267] cpu time = 00:00:00, elapsed time = 00:00:00, memory = 511.20 (MB), peak = 509.59 (MB)
Total wire length = 2658 um.
Total wire length on LAYER li1 = 0 um.
Total wire length on LAYER met1 = 1221 um.
Total wire length on LAYER met2 = 1221 um.
Total wire length on LAYER met3 = 202 um.
Total wire length on LAYER met4 = 13 um.
Total wire length on LAYER met5 = 0 um.
Total number of vias = 955.
Up-via summary (total 955):

----------------------
 FR_MASTERSLICE      0
            li1    475
           met1    444
           met2     34
           met3      2
           met4      0
----------------------
               955


[INFO DRT-0198] Complete detail routing.
Total wire length = 2658 um.
Total wire length on LAYER li1 = 0 um.
Total wire length on LAYER met1 = 1221 um.
Total wire length on LAYER met2 = 1221 um.
Total wire length on LAYER met3 = 202 um.
Total wire length on LAYER met4 = 13 um.
Total wire length on LAYER met5 = 0 um.
Total number of vias = 955.
Up-via summary (total 955):

----------------------
 FR_MASTERSLICE      0
            li1    475
           met1    444
           met2     34
           met3      2
           met4      0
----------------------
               955


[INFO DRT-0267] cpu time = 00:00:04, elapsed time = 00:00:04, memory = 511.31 (MB), peak = 509.73 (MB)

[INFO DRT-0180] Post processing.
+ check_antennas 
[INFO ANT-0002] Found 0 net violations.
[INFO ANT-0001] Found 0 pin violations.
Setting global connections for newly added cells…
[INFO] Setting global connections...
[INFO ODB-0403] 0 connections made, 0 conflicts skipped.
Updating metrics…
Cell type report:                       Count       Area
  Fill cell                                32     120.12
  Tap cell                                 27      33.78
  Timing Repair Buffer                     39     371.61
  Inverter                                  7      26.28
  Multi-Input combinational cell           95     959.67
  Total                                   200    1511.45
Writing OpenROAD database to '/home/thaituroblox/Desktop/8_BIT_COUNTER/Counter-8-Bit-/alu_project/runs/RUN_2026-09-26_04-41-42/44-openroad-detailedrouting/alu_8bit.odb'…
Writing netlist to '/home/thaituroblox/Desktop/8_BIT_COUNTER/Counter-8-Bit-/alu_project/runs/RUN_2026-09-26_04-41-42/44-openroad-detailedrouting/alu_8bit.nl.v'…
Writing powered netlist to '/home/thaituroblox/Desktop/8_BIT_COUNTER/Counter-8-Bit-/alu_project/runs/RUN_2026-09-26_04-41-42/44-openroad-detailedrouting/alu_8bit.pnl.v'…
Writing layout to '/home/thaituroblox/Desktop/8_BIT_COUNTER/Counter-8-Bit-/alu_project/runs/RUN_2026-09-26_04-41-42/44-openroad-detailedrouting/alu_8bit.def'…
Writing timing constraints to '/home/thaituroblox/Desktop/8_BIT_COUNTER/Counter-8-Bit-/alu_project/runs/RUN_2026-09-26_04-41-42/44-openroad-detailedrouting/alu_8bit.sdc'…
