                                                                        Cells by Master                                                                         
┏━━━━━━━━━━━━━━━━━━━━━━━━━━━━━━━━━━━━━━━━━━━━━━━━━━━━━━━━━━━━━━━━━━━━━━━━━━━━━━━━━━━━━━━━━━━━━━━━━━━━━━━━━━━━━━━━━━━━━━━━━━━━━━━━━━━┳━━━━━━━━━━━━━━━━━━━━━━━━━━┓
┃ Cell                                                                                                                              ┃ Count                    ┃
┡━━━━━━━━━━━━━━━━━━━━━━━━━━━━━━━━━━━━━━━━━━━━━━━━━━━━━━━━━━━━━━━━━━━━━━━━━━━━━━━━━━━━━━━━━━━━━━━━━━━━━━━━━━━━━━━━━━━━━━━━━━━━━━━━━━━╇━━━━━━━━━━━━━━━━━━━━━━━━━━┩
│ sky130_fd_sc_hd__a2111o_2                                                                                                         │ 2                        │
│ sky130_fd_sc_hd__a211o_2                                                                                                          │ 2                        │
│ sky130_fd_sc_hd__a211oi_2                                                                                                         │ 1                        │
│ sky130_fd_sc_hd__a21boi_2                                                                                                         │ 1                        │
│ sky130_fd_sc_hd__a21o_2                                                                                                           │ 4                        │
│ sky130_fd_sc_hd__a21o_4                                                                                                           │ 1                        │
│ sky130_fd_sc_hd__a21oi_2                                                                                                          │ 5                        │
│ sky130_fd_sc_hd__a221oi_2                                                                                                         │ 1                        │
│ sky130_fd_sc_hd__a2bb2o_2                                                                                                         │ 5                        │
│ sky130_fd_sc_hd__a311o_2                                                                                                          │ 1                        │
│ sky130_fd_sc_hd__a31o_2                                                                                                           │ 6                        │
│ sky130_fd_sc_hd__a31o_4                                                                                                           │ 1                        │
│ sky130_fd_sc_hd__a31oi_2                                                                                                          │ 1                        │
│ sky130_fd_sc_hd__and2_2                                                                                                           │ 5                        │
│ sky130_fd_sc_hd__and2b_2                                                                                                          │ 5                        │
│ sky130_fd_sc_hd__and3_4                                                                                                           │ 2                        │
│ sky130_fd_sc_hd__and3b_2                                                                                                          │ 1                        │
│ sky130_fd_sc_hd__buf_2                                                                                                            │ 6                        │
│ sky130_fd_sc_hd__buf_6                                                                                                            │ 5                        │
│ sky130_fd_sc_hd__buf_8                                                                                                            │ 2                        │
│ sky130_fd_sc_hd__clkbuf_2                                                                                                         │ 2                        │
│ sky130_fd_sc_hd__clkdlybuf4s25_1                                                                                                  │ 22                       │
│ sky130_fd_sc_hd__decap_3                                                                                                          │ 108                      │
│ sky130_fd_sc_hd__dlymetal6s2s_1                                                                                                   │ 2                        │
│ sky130_fd_sc_hd__fill_1                                                                                                           │ 32                       │
│ sky130_fd_sc_hd__fill_2                                                                                                           │ 18                       │
│ sky130_fd_sc_hd__inv_2                                                                                                            │ 7                        │
│ sky130_fd_sc_hd__nand2_2                                                                                                          │ 4                        │
│ sky130_fd_sc_hd__nand2b_2                                                                                                         │ 1                        │
│ sky130_fd_sc_hd__nand3_2                                                                                                          │ 1                        │
│ sky130_fd_sc_hd__nand3b_2                                                                                                         │ 1                        │
│ sky130_fd_sc_hd__nor2_2                                                                                                           │ 11                       │
│ sky130_fd_sc_hd__o211a_2                                                                                                          │ 1                        │
│ sky130_fd_sc_hd__o21a_2                                                                                                           │ 2                        │
│ sky130_fd_sc_hd__o21a_4                                                                                                           │ 1                        │
│ sky130_fd_sc_hd__o21ai_2                                                                                                          │ 3                        │
│ sky130_fd_sc_hd__o221a_2                                                                                                          │ 1                        │
│ sky130_fd_sc_hd__o22a_2                                                                                                           │ 2                        │
│ sky130_fd_sc_hd__o2bb2a_2                                                                                                         │ 1                        │
│ sky130_fd_sc_hd__o31a_2                                                                                                           │ 1                        │
│ sky130_fd_sc_hd__o32a_2                                                                                                           │ 3                        │
│ sky130_fd_sc_hd__or2_2                                                                                                            │ 2                        │
│ sky130_fd_sc_hd__or3_2                                                                                                            │ 3                        │
│ sky130_fd_sc_hd__or3b_4                                                                                                           │ 1                        │
│ sky130_fd_sc_hd__or4b_4                                                                                                           │ 1                        │
│ sky130_fd_sc_hd__tapvpwrvgnd_1                                                                                                    │ 27                       │
│ sky130_fd_sc_hd__xnor2_2                                                                                                          │ 5                        │
│ sky130_fd_sc_hd__xor2_2                                                                                                           │ 6                        │
└───────────────────────────────────────────────────────────────────────────────────────────────────────────────────────────────────┴──────────────────────────┘
