96. Printing statistics.

=== alu_8bit ===

        +----------Local Count, excluding submodules.
        | 
      208 wires
      231 wire bits
        6 public wires
       29 public wire bits
        6 ports
       29 port bits
      212 cells
       81   $_ANDNOT_
        1   $_AND_
        9   $_MUX_
       10   $_NAND_
       13   $_NOR_
       13   $_NOT_
        5   $_ORNOT_
       48   $_OR_
       17   $_XNOR_
       15   $_XOR_

   Area for cell type $_ANDNOT_ is unknown!
   Area for cell type $_AND_ is unknown!
   Area for cell type $_MUX_ is unknown!
   Area for cell type $_NAND_ is unknown!
   Area for cell type $_NOR_ is unknown!
   Area for cell type $_NOT_ is unknown!
   Area for cell type $_ORNOT_ is unknown!
   Area for cell type $_OR_ is unknown!
   Area for cell type $_XNOR_ is unknown!
   Area for cell type $_XOR_ is unknown!

