
===========================================================================
report_checks -unconstrained
===========================================================================
======================= nom_ff_n40C_1v95 Corner ===================================

Startpoint: opcode[1] (input port clocked by __VIRTUAL_CLK__)
Endpoint: overflow (output port clocked by __VIRTUAL_CLK__)
Path Group: __VIRTUAL_CLK__
Path Type: max

Fanout         Cap        Slew       Delay        Time   Description
---------------------------------------------------------------------------------------------
                      0.000000    0.000000    0.000000   clock __VIRTUAL_CLK__ (rise edge)
                                  0.000000    0.000000   clock network delay (ideal)
                                  2.000000    2.000000 v input external delay
     1    0.006161    0.010110    0.005853    2.005853 v opcode[1] (in)
                                                         opcode[1] (net)
                      0.010115    0.000000    2.005853 v input18/A (sky130_fd_sc_hd__buf_6)
     2    0.009304    0.018561    0.069235    2.075089 v input18/X (sky130_fd_sc_hd__buf_6)
                                                         net18 (net)
                      0.018561    0.000169    2.075257 v fanout31/A (sky130_fd_sc_hd__buf_6)
     2    0.010383    0.019179    0.073415    2.148673 v fanout31/X (sky130_fd_sc_hd__buf_6)
                                                         net31 (net)
                      0.019186    0.000535    2.149208 v _097_/A (sky130_fd_sc_hd__or3b_4)
     2    0.009088    0.052545    0.252649    2.401857 v _097_/X (sky130_fd_sc_hd__or3b_4)
                                                         _032_ (net)
                      0.052545    0.000251    2.402108 v max_cap30/A (sky130_fd_sc_hd__buf_8)
     3    0.016816    0.021712    0.093140    2.495248 v max_cap30/X (sky130_fd_sc_hd__buf_8)
                                                         net30 (net)
                      0.021712    0.000614    2.495862 v _116_/B (sky130_fd_sc_hd__xor2_2)
     2    0.013381    0.151095    0.140243    2.636105 ^ _116_/X (sky130_fd_sc_hd__xor2_2)
                                                         _051_ (net)
                      0.151095    0.000322    2.636427 ^ _117_/A_N (sky130_fd_sc_hd__and2b_2)
     1    0.007169    0.033776    0.156773    2.793199 v _117_/X (sky130_fd_sc_hd__and2b_2)
                                                         _052_ (net)
                      0.033794    0.000329    2.793528 v _121_/B1 (sky130_fd_sc_hd__a21o_4)
     4    0.016992    0.036920    0.103549    2.897077 v _121_/X (sky130_fd_sc_hd__a21o_4)
                                                         _056_ (net)
                      0.036930    0.000612    2.897689 v _125_/A3 (sky130_fd_sc_hd__a31o_4)
     3    0.012330    0.034584    0.170449    3.068138 v _125_/X (sky130_fd_sc_hd__a31o_4)
                                                         _060_ (net)
                      0.034589    0.000439    3.068577 v _127_/A1 (sky130_fd_sc_hd__a2111o_2)
     2    0.007316    0.052740    0.274308    3.342885 v _127_/X (sky130_fd_sc_hd__a2111o_2)
                                                         _062_ (net)
                      0.052740    0.000245    3.343130 v _141_/B (sky130_fd_sc_hd__and3_4)
     1    0.002721    0.023056    0.115298    3.458428 v _141_/X (sky130_fd_sc_hd__and3_4)
                                                         _076_ (net)
                      0.023056    0.000059    3.458487 v _142_/B (sky130_fd_sc_hd__or4b_4)
     3    0.014654    0.070845    0.338044    3.796531 v _142_/X (sky130_fd_sc_hd__or4b_4)
                                                         _077_ (net)
                      0.070845    0.000468    3.796999 v _145_/A1 (sky130_fd_sc_hd__a21o_2)
     1    0.004841    0.028937    0.140343    3.937342 v _145_/X (sky130_fd_sc_hd__a21o_2)
                                                         _079_ (net)
                      0.028979    0.000188    3.937530 v _146_/C (sky130_fd_sc_hd__and3_4)
     1    0.007583    0.028321    0.120661    4.058191 v _146_/X (sky130_fd_sc_hd__and3_4)
                                                         net20 (net)
                      0.028321    0.000266    4.058458 v output20/A (sky130_fd_sc_hd__buf_8)
     1    0.034884    0.030047    0.092172    4.150630 v output20/X (sky130_fd_sc_hd__buf_8)
                                                         overflow (net)
                      0.030067    0.000747    4.151376 v overflow (out)
                                              4.151376   data arrival time

                      0.000000   10.000000   10.000000   clock __VIRTUAL_CLK__ (rise edge)
                                  0.000000   10.000000   clock network delay (ideal)
                                 -0.250000    9.750000   clock uncertainty
                                  0.000000    9.750000   clock reconvergence pessimism
                                 -2.000000    7.750000   output external delay
                                              7.750000   data required time
---------------------------------------------------------------------------------------------
                                              7.750000   data required time
                                             -4.151376   data arrival time
---------------------------------------------------------------------------------------------
                                              3.598624   slack (MET)




===========================================================================
report_checks --slack_max -0.01
============================================================================
======================= nom_ff_n40C_1v95 Corner ===================================

No paths found.


===========================================================================
 report_check_types -max_slew -max_cap -max_fanout -violators
============================================================================
======================= nom_ff_n40C_1v95 Corner ===================================



===========================================================================
report_parasitic_annotation -report_unannotated
============================================================================
Found 0 unannotated drivers.
Found 0 partially unannotated drivers.

===========================================================================
max slew violation count 0
max fanout violation count 0
max cap violation count 0
============================================================================

===========================================================================
check_setup -verbose -unconstrained_endpoints -multiple_clock -no_clock -no_input_delay -loops -generated_clocks
===========================================================================
