
===========================================================================
report_checks -path_delay max (Setup)
============================================================================
======================= nom_ff_n40C_1v95 Corner ===================================

Startpoint: opcode[1] (input port clocked by __VIRTUAL_CLK__)
Endpoint: overflow (output port clocked by __VIRTUAL_CLK__)
Path Group: __VIRTUAL_CLK__
Path Type: max

Fanout         Cap        Slew       Delay        Time   Description
---------------------------------------------------------------------------------------------
                      0.000000    0.000000    0.000000   clock __VIRTUAL_CLK__ (rise edge)
                                  0.000000    0.000000   clock network delay (ideal)
                                  2.000000    2.000000 v input external delay
     1    0.006161    0.010110    0.005853    2.005853 v opcode[1] (in)
                                                         opcode[1] (net)
                      0.010115    0.000000    2.005853 v input18/A (sky130_fd_sc_hd__buf_6)
     2    0.009304    0.018561    0.069235    2.075089 v input18/X (sky130_fd_sc_hd__buf_6)
                                                         net18 (net)
                      0.018561    0.000169    2.075257 v fanout31/A (sky130_fd_sc_hd__buf_6)
     2    0.010383    0.019179    0.073415    2.148673 v fanout31/X (sky130_fd_sc_hd__buf_6)
                                                         net31 (net)
                      0.019186    0.000535    2.149208 v _097_/A (sky130_fd_sc_hd__or3b_4)
     2    0.009088    0.052545    0.252649    2.401857 v _097_/X (sky130_fd_sc_hd__or3b_4)
                                                         _032_ (net)
                      0.052545    0.000251    2.402108 v max_cap30/A (sky130_fd_sc_hd__buf_8)
     3    0.016816    0.021712    0.093140    2.495248 v max_cap30/X (sky130_fd_sc_hd__buf_8)
                                                         net30 (net)
                      0.021712    0.000614    2.495862 v _116_/B (sky130_fd_sc_hd__xor2_2)
     2    0.013381    0.151095    0.140243    2.636105 ^ _116_/X (sky130_fd_sc_hd__xor2_2)
                                                         _051_ (net)
                      0.151095    0.000322    2.636427 ^ _117_/A_N (sky130_fd_sc_hd__and2b_2)
     1    0.007169    0.033776    0.156773    2.793199 v _117_/X (sky130_fd_sc_hd__and2b_2)
                                                         _052_ (net)
                      0.033794    0.000329    2.793528 v _121_/B1 (sky130_fd_sc_hd__a21o_4)
     4    0.016992    0.036920    0.103549    2.897077 v _121_/X (sky130_fd_sc_hd__a21o_4)
                                                         _056_ (net)
                      0.036930    0.000612    2.897689 v _125_/A3 (sky130_fd_sc_hd__a31o_4)
     3    0.012330    0.034584    0.170449    3.068138 v _125_/X (sky130_fd_sc_hd__a31o_4)
                                                         _060_ (net)
                      0.034589    0.000439    3.068577 v _127_/A1 (sky130_fd_sc_hd__a2111o_2)
     2    0.007316    0.052740    0.274308    3.342885 v _127_/X (sky130_fd_sc_hd__a2111o_2)
                                                         _062_ (net)
                      0.052740    0.000245    3.343130 v _141_/B (sky130_fd_sc_hd__and3_4)
     1    0.002721    0.023056    0.115298    3.458428 v _141_/X (sky130_fd_sc_hd__and3_4)
                                                         _076_ (net)
                      0.023056    0.000059    3.458487 v _142_/B (sky130_fd_sc_hd__or4b_4)
     3    0.014654    0.070845    0.338044    3.796531 v _142_/X (sky130_fd_sc_hd__or4b_4)
                                                         _077_ (net)
                      0.070845    0.000468    3.796999 v _145_/A1 (sky130_fd_sc_hd__a21o_2)
     1    0.004841    0.028937    0.140343    3.937342 v _145_/X (sky130_fd_sc_hd__a21o_2)
                                                         _079_ (net)
                      0.028979    0.000188    3.937530 v _146_/C (sky130_fd_sc_hd__and3_4)
     1    0.007583    0.028321    0.120661    4.058191 v _146_/X (sky130_fd_sc_hd__and3_4)
                                                         net20 (net)
                      0.028321    0.000266    4.058458 v output20/A (sky130_fd_sc_hd__buf_8)
     1    0.034884    0.030047    0.092172    4.150630 v output20/X (sky130_fd_sc_hd__buf_8)
                                                         overflow (net)
                      0.030067    0.000747    4.151376 v overflow (out)
                                              4.151376   data arrival time

                      0.000000   10.000000   10.000000   clock __VIRTUAL_CLK__ (rise edge)
                                  0.000000   10.000000   clock network delay (ideal)
                                 -0.250000    9.750000   clock uncertainty
                                  0.000000    9.750000   clock reconvergence pessimism
                                 -2.000000    7.750000   output external delay
                                              7.750000   data required time
---------------------------------------------------------------------------------------------
                                              7.750000   data required time
                                             -4.151376   data arrival time
---------------------------------------------------------------------------------------------
                                              3.598624   slack (MET)


Startpoint: opcode[1] (input port clocked by __VIRTUAL_CLK__)
Endpoint: zero (output port clocked by __VIRTUAL_CLK__)
Path Group: __VIRTUAL_CLK__
Path Type: max

Fanout         Cap        Slew       Delay        Time   Description
---------------------------------------------------------------------------------------------
                      0.000000    0.000000    0.000000   clock __VIRTUAL_CLK__ (rise edge)
                                  0.000000    0.000000   clock network delay (ideal)
                                  2.000000    2.000000 v input external delay
     1    0.006161    0.010110    0.005853    2.005853 v opcode[1] (in)
                                                         opcode[1] (net)
                      0.010115    0.000000    2.005853 v input18/A (sky130_fd_sc_hd__buf_6)
     2    0.009304    0.018561    0.069235    2.075089 v input18/X (sky130_fd_sc_hd__buf_6)
                                                         net18 (net)
                      0.018561    0.000169    2.075257 v fanout31/A (sky130_fd_sc_hd__buf_6)
     2    0.010383    0.019179    0.073415    2.148673 v fanout31/X (sky130_fd_sc_hd__buf_6)
                                                         net31 (net)
                      0.019186    0.000535    2.149208 v _097_/A (sky130_fd_sc_hd__or3b_4)
     2    0.009088    0.052545    0.252649    2.401857 v _097_/X (sky130_fd_sc_hd__or3b_4)
                                                         _032_ (net)
                      0.052545    0.000251    2.402108 v max_cap30/A (sky130_fd_sc_hd__buf_8)
     3    0.016816    0.021712    0.093140    2.495248 v max_cap30/X (sky130_fd_sc_hd__buf_8)
                                                         net30 (net)
                      0.021712    0.000614    2.495862 v _116_/B (sky130_fd_sc_hd__xor2_2)
     2    0.013381    0.151095    0.140243    2.636105 ^ _116_/X (sky130_fd_sc_hd__xor2_2)
                                                         _051_ (net)
                      0.151095    0.000322    2.636427 ^ _117_/A_N (sky130_fd_sc_hd__and2b_2)
     1    0.007169    0.033776    0.156773    2.793199 v _117_/X (sky130_fd_sc_hd__and2b_2)
                                                         _052_ (net)
                      0.033794    0.000329    2.793528 v _121_/B1 (sky130_fd_sc_hd__a21o_4)
     4    0.016992    0.036920    0.103549    2.897077 v _121_/X (sky130_fd_sc_hd__a21o_4)
                                                         _056_ (net)
                      0.036930    0.000612    2.897689 v _125_/A3 (sky130_fd_sc_hd__a31o_4)
     3    0.012330    0.034584    0.170449    3.068138 v _125_/X (sky130_fd_sc_hd__a31o_4)
                                                         _060_ (net)
                      0.034589    0.000439    3.068577 v _127_/A1 (sky130_fd_sc_hd__a2111o_2)
     2    0.007316    0.052740    0.274308    3.342885 v _127_/X (sky130_fd_sc_hd__a2111o_2)
                                                         _062_ (net)
                      0.052740    0.000245    3.343130 v _141_/B (sky130_fd_sc_hd__and3_4)
     1    0.002721    0.023056    0.115298    3.458428 v _141_/X (sky130_fd_sc_hd__and3_4)
                                                         _076_ (net)
                      0.023056    0.000059    3.458487 v _142_/B (sky130_fd_sc_hd__or4b_4)
     3    0.014654    0.070845    0.338044    3.796531 v _142_/X (sky130_fd_sc_hd__or4b_4)
                                                         _077_ (net)
                      0.070845    0.000437    3.796969 v _144_/B1 (sky130_fd_sc_hd__o21a_4)
     2    0.010774    0.031489    0.098449    3.895417 v _144_/X (sky130_fd_sc_hd__o21a_4)
                                                         net28 (net)
                      0.031489    0.000224    3.895642 v _193_/B1 (sky130_fd_sc_hd__a211oi_2)
     1    0.006337    0.140485    0.111763    4.007404 ^ _193_/Y (sky130_fd_sc_hd__a211oi_2)
                                                         net29 (net)
                      0.140485    0.000165    4.007569 ^ output29/A (sky130_fd_sc_hd__buf_6)
     1    0.034373    0.058505    0.107306    4.114876 ^ output29/X (sky130_fd_sc_hd__buf_6)
                                                         zero (net)
                      0.058514    0.000767    4.115643 ^ zero (out)
                                              4.115643   data arrival time

                      0.000000   10.000000   10.000000   clock __VIRTUAL_CLK__ (rise edge)
                                  0.000000   10.000000   clock network delay (ideal)
                                 -0.250000    9.750000   clock uncertainty
                                  0.000000    9.750000   clock reconvergence pessimism
                                 -2.000000    7.750000   output external delay
                                              7.750000   data required time
---------------------------------------------------------------------------------------------
                                              7.750000   data required time
                                             -4.115643   data arrival time
---------------------------------------------------------------------------------------------
                                              3.634357   slack (MET)


Startpoint: opcode[1] (input port clocked by __VIRTUAL_CLK__)
Endpoint: result[7] (output port clocked by __VIRTUAL_CLK__)
Path Group: __VIRTUAL_CLK__
Path Type: max

Fanout         Cap        Slew       Delay        Time   Description
---------------------------------------------------------------------------------------------
                      0.000000    0.000000    0.000000   clock __VIRTUAL_CLK__ (rise edge)
                                  0.000000    0.000000   clock network delay (ideal)
                                  2.000000    2.000000 v input external delay
     1    0.006161    0.010110    0.005853    2.005853 v opcode[1] (in)
                                                         opcode[1] (net)
                      0.010115    0.000000    2.005853 v input18/A (sky130_fd_sc_hd__buf_6)
     2    0.009304    0.018561    0.069235    2.075089 v input18/X (sky130_fd_sc_hd__buf_6)
                                                         net18 (net)
                      0.018561    0.000169    2.075257 v fanout31/A (sky130_fd_sc_hd__buf_6)
     2    0.010383    0.019179    0.073415    2.148673 v fanout31/X (sky130_fd_sc_hd__buf_6)
                                                         net31 (net)
                      0.019186    0.000535    2.149208 v _097_/A (sky130_fd_sc_hd__or3b_4)
     2    0.009088    0.052545    0.252649    2.401857 v _097_/X (sky130_fd_sc_hd__or3b_4)
                                                         _032_ (net)
                      0.052545    0.000251    2.402108 v max_cap30/A (sky130_fd_sc_hd__buf_8)
     3    0.016816    0.021712    0.093140    2.495248 v max_cap30/X (sky130_fd_sc_hd__buf_8)
                                                         net30 (net)
                      0.021712    0.000614    2.495862 v _116_/B (sky130_fd_sc_hd__xor2_2)
     2    0.013381    0.151095    0.140243    2.636105 ^ _116_/X (sky130_fd_sc_hd__xor2_2)
                                                         _051_ (net)
                      0.151095    0.000322    2.636427 ^ _117_/A_N (sky130_fd_sc_hd__and2b_2)
     1    0.007169    0.033776    0.156773    2.793199 v _117_/X (sky130_fd_sc_hd__and2b_2)
                                                         _052_ (net)
                      0.033794    0.000329    2.793528 v _121_/B1 (sky130_fd_sc_hd__a21o_4)
     4    0.016992    0.036920    0.103549    2.897077 v _121_/X (sky130_fd_sc_hd__a21o_4)
                                                         _056_ (net)
                      0.036930    0.000612    2.897689 v _125_/A3 (sky130_fd_sc_hd__a31o_4)
     3    0.012330    0.034584    0.170449    3.068138 v _125_/X (sky130_fd_sc_hd__a31o_4)
                                                         _060_ (net)
                      0.034589    0.000439    3.068577 v _127_/A1 (sky130_fd_sc_hd__a2111o_2)
     2    0.007316    0.052740    0.274308    3.342885 v _127_/X (sky130_fd_sc_hd__a2111o_2)
                                                         _062_ (net)
                      0.052740    0.000245    3.343130 v _141_/B (sky130_fd_sc_hd__and3_4)
     1    0.002721    0.023056    0.115298    3.458428 v _141_/X (sky130_fd_sc_hd__and3_4)
                                                         _076_ (net)
                      0.023056    0.000059    3.458487 v _142_/B (sky130_fd_sc_hd__or4b_4)
     3    0.014654    0.070845    0.338044    3.796531 v _142_/X (sky130_fd_sc_hd__or4b_4)
                                                         _077_ (net)
                      0.070845    0.000437    3.796969 v _144_/B1 (sky130_fd_sc_hd__o21a_4)
     2    0.010774    0.031489    0.098449    3.895417 v _144_/X (sky130_fd_sc_hd__o21a_4)
                                                         net28 (net)
                      0.031489    0.000194    3.895612 v output28/A (sky130_fd_sc_hd__buf_6)
     1    0.034514    0.032238    0.095390    3.991002 v output28/X (sky130_fd_sc_hd__buf_6)
                                                         result[7] (net)
                      0.032259    0.000781    3.991783 v result[7] (out)
                                              3.991783   data arrival time

                      0.000000   10.000000   10.000000   clock __VIRTUAL_CLK__ (rise edge)
                                  0.000000   10.000000   clock network delay (ideal)
                                 -0.250000    9.750000   clock uncertainty
                                  0.000000    9.750000   clock reconvergence pessimism
                                 -2.000000    7.750000   output external delay
                                              7.750000   data required time
---------------------------------------------------------------------------------------------
                                              7.750000   data required time
                                             -3.991783   data arrival time
---------------------------------------------------------------------------------------------
                                              3.758217   slack (MET)


Startpoint: opcode[1] (input port clocked by __VIRTUAL_CLK__)
Endpoint: result[6] (output port clocked by __VIRTUAL_CLK__)
Path Group: __VIRTUAL_CLK__
Path Type: max

Fanout         Cap        Slew       Delay        Time   Description
---------------------------------------------------------------------------------------------
                      0.000000    0.000000    0.000000   clock __VIRTUAL_CLK__ (rise edge)
                                  0.000000    0.000000   clock network delay (ideal)
                                  2.000000    2.000000 v input external delay
     1    0.006161    0.010110    0.005853    2.005853 v opcode[1] (in)
                                                         opcode[1] (net)
                      0.010115    0.000000    2.005853 v input18/A (sky130_fd_sc_hd__buf_6)
     2    0.009304    0.018561    0.069235    2.075089 v input18/X (sky130_fd_sc_hd__buf_6)
                                                         net18 (net)
                      0.018561    0.000169    2.075257 v fanout31/A (sky130_fd_sc_hd__buf_6)
     2    0.010383    0.019179    0.073415    2.148673 v fanout31/X (sky130_fd_sc_hd__buf_6)
                                                         net31 (net)
                      0.019186    0.000535    2.149208 v _097_/A (sky130_fd_sc_hd__or3b_4)
     2    0.009088    0.052545    0.252649    2.401857 v _097_/X (sky130_fd_sc_hd__or3b_4)
                                                         _032_ (net)
                      0.052545    0.000251    2.402108 v max_cap30/A (sky130_fd_sc_hd__buf_8)
     3    0.016816    0.021712    0.093140    2.495248 v max_cap30/X (sky130_fd_sc_hd__buf_8)
                                                         net30 (net)
                      0.021712    0.000395    2.495643 v rebuffer39/A (sky130_fd_sc_hd__buf_2)
     2    0.015892    0.036002    0.095317    2.590960 v rebuffer39/X (sky130_fd_sc_hd__buf_2)
                                                         net39 (net)
                      0.036004    0.000328    2.591288 v _111_/B (sky130_fd_sc_hd__xor2_2)
     3    0.009338    0.048939    0.105494    2.696782 v _111_/X (sky130_fd_sc_hd__xor2_2)
                                                         _046_ (net)
                      0.048939    0.000118    2.696900 v _114_/B (sky130_fd_sc_hd__and2_2)
     1    0.004856    0.030680    0.132154    2.829055 v _114_/X (sky130_fd_sc_hd__and2_2)
                                                         _049_ (net)
                      0.030680    0.000154    2.829208 v _115_/B (sky130_fd_sc_hd__nor2_2)
     5    0.022715    0.187480    0.160600    2.989809 ^ _115_/Y (sky130_fd_sc_hd__nor2_2)
                                                         _050_ (net)
                      0.187483    0.000651    2.990459 ^ _125_/A1 (sky130_fd_sc_hd__a31o_4)
     3    0.013267    0.044778    0.120709    3.111169 ^ _125_/X (sky130_fd_sc_hd__a31o_4)
                                                         _060_ (net)
                      0.044781    0.000431    3.111600 ^ _126_/B (sky130_fd_sc_hd__and2_2)
     3    0.014181    0.063508    0.120576    3.232176 ^ _126_/X (sky130_fd_sc_hd__and2_2)
                                                         _061_ (net)
                      0.063508    0.000142    3.232317 ^ _175_/A2 (sky130_fd_sc_hd__o21ai_2)
     3    0.012883    0.047138    0.052680    3.284997 v _175_/Y (sky130_fd_sc_hd__o21ai_2)
                                                         _011_ (net)
                      0.047139    0.000188    3.285185 v _184_/A2 (sky130_fd_sc_hd__a21o_2)
     1    0.002879    0.024627    0.140822    3.426007 v _184_/X (sky130_fd_sc_hd__a21o_2)
                                                         _019_ (net)
                      0.024627    0.000089    3.426096 v _189_/A2 (sky130_fd_sc_hd__a31o_2)
     2    0.006759    0.035030    0.156614    3.582710 v _189_/X (sky130_fd_sc_hd__a31o_2)
                                                         _024_ (net)
                      0.035032    0.000111    3.582821 v _190_/B (sky130_fd_sc_hd__and2_2)
     1    0.003176    0.027152    0.121175    3.703996 v _190_/X (sky130_fd_sc_hd__and2_2)
                                                         net27 (net)
                      0.027152    0.000105    3.704101 v output27/A (sky130_fd_sc_hd__dlymetal6s2s_1)
     1    0.034746    0.120878    0.172337    3.876438 v output27/X (sky130_fd_sc_hd__dlymetal6s2s_1)
                                                         result[6] (net)
                      0.120883    0.000940    3.877378 v result[6] (out)
                                              3.877378   data arrival time

                      0.000000   10.000000   10.000000   clock __VIRTUAL_CLK__ (rise edge)
                                  0.000000   10.000000   clock network delay (ideal)
                                 -0.250000    9.750000   clock uncertainty
                                  0.000000    9.750000   clock reconvergence pessimism
                                 -2.000000    7.750000   output external delay
                                              7.750000   data required time
---------------------------------------------------------------------------------------------
                                              7.750000   data required time
                                             -3.877378   data arrival time
---------------------------------------------------------------------------------------------
                                              3.872622   slack (MET)


Startpoint: opcode[1] (input port clocked by __VIRTUAL_CLK__)
Endpoint: result[5] (output port clocked by __VIRTUAL_CLK__)
Path Group: __VIRTUAL_CLK__
Path Type: max

Fanout         Cap        Slew       Delay        Time   Description
---------------------------------------------------------------------------------------------
                      0.000000    0.000000    0.000000   clock __VIRTUAL_CLK__ (rise edge)
                                  0.000000    0.000000   clock network delay (ideal)
                                  2.000000    2.000000 v input external delay
     1    0.006161    0.010110    0.005853    2.005853 v opcode[1] (in)
                                                         opcode[1] (net)
                      0.010115    0.000000    2.005853 v input18/A (sky130_fd_sc_hd__buf_6)
     2    0.009304    0.018561    0.069235    2.075089 v input18/X (sky130_fd_sc_hd__buf_6)
                                                         net18 (net)
                      0.018561    0.000169    2.075257 v fanout31/A (sky130_fd_sc_hd__buf_6)
     2    0.010383    0.019179    0.073415    2.148673 v fanout31/X (sky130_fd_sc_hd__buf_6)
                                                         net31 (net)
                      0.019186    0.000535    2.149208 v _097_/A (sky130_fd_sc_hd__or3b_4)
     2    0.009088    0.052545    0.252649    2.401857 v _097_/X (sky130_fd_sc_hd__or3b_4)
                                                         _032_ (net)
                      0.052545    0.000251    2.402108 v max_cap30/A (sky130_fd_sc_hd__buf_8)
     3    0.016816    0.021712    0.093140    2.495248 v max_cap30/X (sky130_fd_sc_hd__buf_8)
                                                         net30 (net)
                      0.021712    0.000614    2.495862 v _116_/B (sky130_fd_sc_hd__xor2_2)
     2    0.013381    0.151095    0.140243    2.636105 ^ _116_/X (sky130_fd_sc_hd__xor2_2)
                                                         _051_ (net)
                      0.151095    0.000322    2.636427 ^ _117_/A_N (sky130_fd_sc_hd__and2b_2)
     1    0.007169    0.033776    0.156773    2.793199 v _117_/X (sky130_fd_sc_hd__and2b_2)
                                                         _052_ (net)
                      0.033794    0.000329    2.793528 v _121_/B1 (sky130_fd_sc_hd__a21o_4)
     4    0.016992    0.036920    0.103549    2.897077 v _121_/X (sky130_fd_sc_hd__a21o_4)
                                                         _056_ (net)
                      0.036930    0.000612    2.897689 v _125_/A3 (sky130_fd_sc_hd__a31o_4)
     3    0.012330    0.034584    0.170449    3.068138 v _125_/X (sky130_fd_sc_hd__a31o_4)
                                                         _060_ (net)
                      0.034588    0.000399    3.068537 v _126_/B (sky130_fd_sc_hd__and2_2)
     3    0.012844    0.043400    0.144677    3.213214 v _126_/X (sky130_fd_sc_hd__and2_2)
                                                         _061_ (net)
                      0.043400    0.000147    3.213361 v _176_/A2 (sky130_fd_sc_hd__o31a_2)
     1    0.002310    0.034673    0.199999    3.413360 v _176_/X (sky130_fd_sc_hd__o31a_2)
                                                         _012_ (net)
                      0.034673    0.000046    3.413406 v _179_/A2 (sky130_fd_sc_hd__a21o_2)
     2    0.006001    0.030765    0.145370    3.558776 v _179_/X (sky130_fd_sc_hd__a21o_2)
                                                         _015_ (net)
                      0.030765    0.000141    3.558918 v _180_/B (sky130_fd_sc_hd__and2_2)
     1    0.003884    0.028583    0.121784    3.680701 v _180_/X (sky130_fd_sc_hd__and2_2)
                                                         net26 (net)
                      0.028583    0.000144    3.680845 v output26/A (sky130_fd_sc_hd__dlymetal6s2s_1)
     1    0.035945    0.124623    0.175869    3.856714 v output26/X (sky130_fd_sc_hd__dlymetal6s2s_1)
                                                         result[5] (net)
                      0.124628    0.000976    3.857690 v result[5] (out)
                                              3.857690   data arrival time

                      0.000000   10.000000   10.000000   clock __VIRTUAL_CLK__ (rise edge)
                                  0.000000   10.000000   clock network delay (ideal)
                                 -0.250000    9.750000   clock uncertainty
                                  0.000000    9.750000   clock reconvergence pessimism
                                 -2.000000    7.750000   output external delay
                                              7.750000   data required time
---------------------------------------------------------------------------------------------
                                              7.750000   data required time
                                             -3.857690   data arrival time
---------------------------------------------------------------------------------------------
                                              3.892310   slack (MET)


Startpoint: opcode[1] (input port clocked by __VIRTUAL_CLK__)
Endpoint: result[4] (output port clocked by __VIRTUAL_CLK__)
Path Group: __VIRTUAL_CLK__
Path Type: max

Fanout         Cap        Slew       Delay        Time   Description
---------------------------------------------------------------------------------------------
                      0.000000    0.000000    0.000000   clock __VIRTUAL_CLK__ (rise edge)
                                  0.000000    0.000000   clock network delay (ideal)
                                  2.000000    2.000000 v input external delay
     1    0.006161    0.010110    0.005853    2.005853 v opcode[1] (in)
                                                         opcode[1] (net)
                      0.010115    0.000000    2.005853 v input18/A (sky130_fd_sc_hd__buf_6)
     2    0.009304    0.018561    0.069235    2.075089 v input18/X (sky130_fd_sc_hd__buf_6)
                                                         net18 (net)
                      0.018561    0.000169    2.075257 v fanout31/A (sky130_fd_sc_hd__buf_6)
     2    0.010383    0.019179    0.073415    2.148673 v fanout31/X (sky130_fd_sc_hd__buf_6)
                                                         net31 (net)
                      0.019186    0.000535    2.149208 v _097_/A (sky130_fd_sc_hd__or3b_4)
     2    0.009088    0.052545    0.252649    2.401857 v _097_/X (sky130_fd_sc_hd__or3b_4)
                                                         _032_ (net)
                      0.052545    0.000251    2.402108 v max_cap30/A (sky130_fd_sc_hd__buf_8)
     3    0.016816    0.021712    0.093140    2.495248 v max_cap30/X (sky130_fd_sc_hd__buf_8)
                                                         net30 (net)
                      0.021712    0.000395    2.495643 v rebuffer39/A (sky130_fd_sc_hd__buf_2)
     2    0.015892    0.036002    0.095317    2.590960 v rebuffer39/X (sky130_fd_sc_hd__buf_2)
                                                         net39 (net)
                      0.036004    0.000328    2.591288 v _111_/B (sky130_fd_sc_hd__xor2_2)
     3    0.009338    0.048939    0.105494    2.696782 v _111_/X (sky130_fd_sc_hd__xor2_2)
                                                         _046_ (net)
                      0.048939    0.000118    2.696900 v _114_/B (sky130_fd_sc_hd__and2_2)
     1    0.004856    0.030680    0.132154    2.829055 v _114_/X (sky130_fd_sc_hd__and2_2)
                                                         _049_ (net)
                      0.030680    0.000154    2.829208 v _115_/B (sky130_fd_sc_hd__nor2_2)
     5    0.022715    0.187480    0.160600    2.989809 ^ _115_/Y (sky130_fd_sc_hd__nor2_2)
                                                         _050_ (net)
                      0.187483    0.000651    2.990459 ^ _125_/A1 (sky130_fd_sc_hd__a31o_4)
     3    0.013267    0.044778    0.120709    3.111169 ^ _125_/X (sky130_fd_sc_hd__a31o_4)
                                                         _060_ (net)
                      0.044781    0.000431    3.111600 ^ _126_/B (sky130_fd_sc_hd__and2_2)
     3    0.014181    0.063508    0.120576    3.232176 ^ _126_/X (sky130_fd_sc_hd__and2_2)
                                                         _061_ (net)
                      0.063508    0.000205    3.232380 ^ _169_/A (sky130_fd_sc_hd__nor2_2)
     1    0.003844    0.023153    0.027376    3.259756 v _169_/Y (sky130_fd_sc_hd__nor2_2)
                                                         _006_ (net)
                      0.023153    0.000133    3.259889 v _172_/A1 (sky130_fd_sc_hd__o32a_2)
     2    0.007626    0.046755    0.237653    3.497542 v _172_/X (sky130_fd_sc_hd__o32a_2)
                                                         net25 (net)
                      0.046755    0.000191    3.497733 v output25/A (sky130_fd_sc_hd__clkdlybuf4s25_1)
     1    0.035233    0.179426    0.300544    3.798277 v output25/X (sky130_fd_sc_hd__clkdlybuf4s25_1)
                                                         result[4] (net)
                      0.179428    0.000879    3.799156 v result[4] (out)
                                              3.799156   data arrival time

                      0.000000   10.000000   10.000000   clock __VIRTUAL_CLK__ (rise edge)
                                  0.000000   10.000000   clock network delay (ideal)
                                 -0.250000    9.750000   clock uncertainty
                                  0.000000    9.750000   clock reconvergence pessimism
                                 -2.000000    7.750000   output external delay
                                              7.750000   data required time
---------------------------------------------------------------------------------------------
                                              7.750000   data required time
                                             -3.799156   data arrival time
---------------------------------------------------------------------------------------------
                                              3.950844   slack (MET)


Startpoint: opcode[1] (input port clocked by __VIRTUAL_CLK__)
Endpoint: result[3] (output port clocked by __VIRTUAL_CLK__)
Path Group: __VIRTUAL_CLK__
Path Type: max

Fanout         Cap        Slew       Delay        Time   Description
---------------------------------------------------------------------------------------------
                      0.000000    0.000000    0.000000   clock __VIRTUAL_CLK__ (rise edge)
                                  0.000000    0.000000   clock network delay (ideal)
                                  2.000000    2.000000 v input external delay
     1    0.006161    0.010110    0.005853    2.005853 v opcode[1] (in)
                                                         opcode[1] (net)
                      0.010115    0.000000    2.005853 v input18/A (sky130_fd_sc_hd__buf_6)
     2    0.009304    0.018561    0.069235    2.075089 v input18/X (sky130_fd_sc_hd__buf_6)
                                                         net18 (net)
                      0.018561    0.000169    2.075257 v fanout31/A (sky130_fd_sc_hd__buf_6)
     2    0.010383    0.019179    0.073415    2.148673 v fanout31/X (sky130_fd_sc_hd__buf_6)
                                                         net31 (net)
                      0.019186    0.000535    2.149208 v _097_/A (sky130_fd_sc_hd__or3b_4)
     2    0.009088    0.052545    0.252649    2.401857 v _097_/X (sky130_fd_sc_hd__or3b_4)
                                                         _032_ (net)
                      0.052545    0.000251    2.402108 v max_cap30/A (sky130_fd_sc_hd__buf_8)
     3    0.016816    0.021712    0.093140    2.495248 v max_cap30/X (sky130_fd_sc_hd__buf_8)
                                                         net30 (net)
                      0.021712    0.000614    2.495862 v _116_/B (sky130_fd_sc_hd__xor2_2)
     2    0.013381    0.151095    0.140243    2.636105 ^ _116_/X (sky130_fd_sc_hd__xor2_2)
                                                         _051_ (net)
                      0.151095    0.000322    2.636427 ^ _117_/A_N (sky130_fd_sc_hd__and2b_2)
     1    0.007169    0.033776    0.156773    2.793199 v _117_/X (sky130_fd_sc_hd__and2b_2)
                                                         _052_ (net)
                      0.033794    0.000329    2.793528 v _121_/B1 (sky130_fd_sc_hd__a21o_4)
     4    0.016992    0.036920    0.103549    2.897077 v _121_/X (sky130_fd_sc_hd__a21o_4)
                                                         _056_ (net)
                      0.036933    0.000681    2.897758 v rebuffer38/A (sky130_fd_sc_hd__buf_2)
     1    0.005363    0.021177    0.083360    2.981118 v rebuffer38/X (sky130_fd_sc_hd__buf_2)
                                                         net38 (net)
                      0.021183    0.000128    2.981246 v _162_/A2 (sky130_fd_sc_hd__a21oi_2)
     2    0.007589    0.092949    0.110349    3.091595 ^ _162_/Y (sky130_fd_sc_hd__a21oi_2)
                                                         _000_ (net)
                      0.092949    0.000220    3.091816 ^ _163_/A2 (sky130_fd_sc_hd__a21oi_2)
     1    0.003203    0.042279    0.037636    3.129452 v _163_/Y (sky130_fd_sc_hd__a21oi_2)
                                                         _001_ (net)
                      0.042279    0.000077    3.129529 v _166_/B1 (sky130_fd_sc_hd__o221a_2)
     1    0.002501    0.030598    0.154168    3.283698 v _166_/X (sky130_fd_sc_hd__o221a_2)
                                                         _004_ (net)
                      0.030598    0.000080    3.283777 v _167_/A1_N (sky130_fd_sc_hd__o2bb2a_2)
     2    0.008732    0.047096    0.157478    3.441256 ^ _167_/X (sky130_fd_sc_hd__o2bb2a_2)
                                                         net24 (net)
                      0.047096    0.000115    3.441371 ^ output24/A (sky130_fd_sc_hd__clkdlybuf4s25_1)
     1    0.034847    0.263470    0.342079    3.783450 ^ output24/X (sky130_fd_sc_hd__clkdlybuf4s25_1)
                                                         result[3] (net)
                      0.263470    0.000804    3.784253 ^ result[3] (out)
                                              3.784253   data arrival time

                      0.000000   10.000000   10.000000   clock __VIRTUAL_CLK__ (rise edge)
                                  0.000000   10.000000   clock network delay (ideal)
                                 -0.250000    9.750000   clock uncertainty
                                  0.000000    9.750000   clock reconvergence pessimism
                                 -2.000000    7.750000   output external delay
                                              7.750000   data required time
---------------------------------------------------------------------------------------------
                                              7.750000   data required time
                                             -3.784253   data arrival time
---------------------------------------------------------------------------------------------
                                              3.965746   slack (MET)


Startpoint: opcode[1] (input port clocked by __VIRTUAL_CLK__)
Endpoint: result[2] (output port clocked by __VIRTUAL_CLK__)
Path Group: __VIRTUAL_CLK__
Path Type: max

Fanout         Cap        Slew       Delay        Time   Description
---------------------------------------------------------------------------------------------
                      0.000000    0.000000    0.000000   clock __VIRTUAL_CLK__ (rise edge)
                                  0.000000    0.000000   clock network delay (ideal)
                                  2.000000    2.000000 v input external delay
     1    0.006161    0.010110    0.005853    2.005853 v opcode[1] (in)
                                                         opcode[1] (net)
                      0.010115    0.000000    2.005853 v input18/A (sky130_fd_sc_hd__buf_6)
     2    0.009304    0.018561    0.069235    2.075089 v input18/X (sky130_fd_sc_hd__buf_6)
                                                         net18 (net)
                      0.018561    0.000169    2.075257 v fanout31/A (sky130_fd_sc_hd__buf_6)
     2    0.010383    0.019179    0.073415    2.148673 v fanout31/X (sky130_fd_sc_hd__buf_6)
                                                         net31 (net)
                      0.019186    0.000535    2.149208 v _097_/A (sky130_fd_sc_hd__or3b_4)
     2    0.009088    0.052545    0.252649    2.401857 v _097_/X (sky130_fd_sc_hd__or3b_4)
                                                         _032_ (net)
                      0.052545    0.000251    2.402108 v max_cap30/A (sky130_fd_sc_hd__buf_8)
     3    0.016816    0.021712    0.093140    2.495248 v max_cap30/X (sky130_fd_sc_hd__buf_8)
                                                         net30 (net)
                      0.021712    0.000395    2.495643 v rebuffer39/A (sky130_fd_sc_hd__buf_2)
     2    0.015892    0.036002    0.095317    2.590960 v rebuffer39/X (sky130_fd_sc_hd__buf_2)
                                                         net39 (net)
                      0.036004    0.000328    2.591288 v _111_/B (sky130_fd_sc_hd__xor2_2)
     3    0.009338    0.048939    0.105494    2.696782 v _111_/X (sky130_fd_sc_hd__xor2_2)
                                                         _046_ (net)
                      0.048939    0.000118    2.696900 v _114_/B (sky130_fd_sc_hd__and2_2)
     1    0.004856    0.030680    0.132154    2.829055 v _114_/X (sky130_fd_sc_hd__and2_2)
                                                         _049_ (net)
                      0.030680    0.000154    2.829208 v _115_/B (sky130_fd_sc_hd__nor2_2)
     5    0.022715    0.187480    0.160600    2.989809 ^ _115_/Y (sky130_fd_sc_hd__nor2_2)
                                                         _050_ (net)
                      0.187485    0.000866    2.990675 ^ _157_/A1 (sky130_fd_sc_hd__a21oi_2)
     1    0.003872    0.045984    0.034247    3.024922 v _157_/Y (sky130_fd_sc_hd__a21oi_2)
                                                         _088_ (net)
                      0.045984    0.000099    3.025021 v _158_/B1 (sky130_fd_sc_hd__o21a_2)
     1    0.003909    0.026772    0.080720    3.105740 v _158_/X (sky130_fd_sc_hd__o21a_2)
                                                         _089_ (net)
                      0.026772    0.000126    3.105866 v _161_/A1 (sky130_fd_sc_hd__o32a_2)
     2    0.005017    0.042570    0.231202    3.337068 v _161_/X (sky130_fd_sc_hd__o32a_2)
                                                         net23 (net)
                      0.042570    0.000125    3.337193 v output23/A (sky130_fd_sc_hd__clkdlybuf4s25_1)
     1    0.035388    0.180461    0.298924    3.636117 v output23/X (sky130_fd_sc_hd__clkdlybuf4s25_1)
                                                         result[2] (net)
                      0.180469    0.001427    3.637543 v result[2] (out)
                                              3.637543   data arrival time

                      0.000000   10.000000   10.000000   clock __VIRTUAL_CLK__ (rise edge)
                                  0.000000   10.000000   clock network delay (ideal)
                                 -0.250000    9.750000   clock uncertainty
                                  0.000000    9.750000   clock reconvergence pessimism
                                 -2.000000    7.750000   output external delay
                                              7.750000   data required time
---------------------------------------------------------------------------------------------
                                              7.750000   data required time
                                             -3.637543   data arrival time
---------------------------------------------------------------------------------------------
                                              4.112457   slack (MET)


Startpoint: opcode[1] (input port clocked by __VIRTUAL_CLK__)
Endpoint: result[1] (output port clocked by __VIRTUAL_CLK__)
Path Group: __VIRTUAL_CLK__
Path Type: max

Fanout         Cap        Slew       Delay        Time   Description
---------------------------------------------------------------------------------------------
                      0.000000    0.000000    0.000000   clock __VIRTUAL_CLK__ (rise edge)
                                  0.000000    0.000000   clock network delay (ideal)
                                  2.000000    2.000000 v input external delay
     1    0.006161    0.010110    0.005853    2.005853 v opcode[1] (in)
                                                         opcode[1] (net)
                      0.010115    0.000000    2.005853 v input18/A (sky130_fd_sc_hd__buf_6)
     2    0.009304    0.018561    0.069235    2.075089 v input18/X (sky130_fd_sc_hd__buf_6)
                                                         net18 (net)
                      0.018561    0.000169    2.075257 v fanout31/A (sky130_fd_sc_hd__buf_6)
     2    0.010383    0.019179    0.073415    2.148673 v fanout31/X (sky130_fd_sc_hd__buf_6)
                                                         net31 (net)
                      0.019186    0.000535    2.149208 v _097_/A (sky130_fd_sc_hd__or3b_4)
     2    0.009088    0.052545    0.252649    2.401857 v _097_/X (sky130_fd_sc_hd__or3b_4)
                                                         _032_ (net)
                      0.052545    0.000251    2.402108 v max_cap30/A (sky130_fd_sc_hd__buf_8)
     3    0.016816    0.021712    0.093140    2.495248 v max_cap30/X (sky130_fd_sc_hd__buf_8)
                                                         net30 (net)
                      0.021712    0.000614    2.495862 v _116_/B (sky130_fd_sc_hd__xor2_2)
     2    0.012543    0.054305    0.105846    2.601707 v _116_/X (sky130_fd_sc_hd__xor2_2)
                                                         _051_ (net)
                      0.054307    0.000333    2.602040 v _118_/A (sky130_fd_sc_hd__xnor2_2)
     4    0.016024    0.183315    0.192094    2.794134 ^ _118_/Y (sky130_fd_sc_hd__xnor2_2)
                                                         _053_ (net)
                      0.183370    0.000385    2.794520 ^ _152_/A1 (sky130_fd_sc_hd__a21oi_2)
     1    0.002799    0.042561    0.030254    2.824773 v _152_/Y (sky130_fd_sc_hd__a21oi_2)
                                                         _084_ (net)
                      0.042561    0.000060    2.824833 v _153_/B1 (sky130_fd_sc_hd__o21a_2)
     1    0.004751    0.028773    0.081247    2.906080 v _153_/X (sky130_fd_sc_hd__o21a_2)
                                                         _085_ (net)
                      0.028773    0.000168    2.906247 v _156_/A (sky130_fd_sc_hd__or3_2)
     2    0.005890    0.057947    0.291095    3.197342 v _156_/X (sky130_fd_sc_hd__or3_2)
                                                         net22 (net)
                      0.057947    0.000133    3.197475 v output22/A (sky130_fd_sc_hd__clkdlybuf4s25_1)
     1    0.035169    0.178992    0.304929    3.502404 v output22/X (sky130_fd_sc_hd__clkdlybuf4s25_1)
                                                         result[1] (net)
                      0.178994    0.000843    3.503247 v result[1] (out)
                                              3.503247   data arrival time

                      0.000000   10.000000   10.000000   clock __VIRTUAL_CLK__ (rise edge)
                                  0.000000   10.000000   clock network delay (ideal)
                                 -0.250000    9.750000   clock uncertainty
                                  0.000000    9.750000   clock reconvergence pessimism
                                 -2.000000    7.750000   output external delay
                                              7.750000   data required time
---------------------------------------------------------------------------------------------
                                              7.750000   data required time
                                             -3.503247   data arrival time
---------------------------------------------------------------------------------------------
                                              4.246753   slack (MET)


Startpoint: opcode[1] (input port clocked by __VIRTUAL_CLK__)
Endpoint: result[0] (output port clocked by __VIRTUAL_CLK__)
Path Group: __VIRTUAL_CLK__
Path Type: max

Fanout         Cap        Slew       Delay        Time   Description
---------------------------------------------------------------------------------------------
                      0.000000    0.000000    0.000000   clock __VIRTUAL_CLK__ (rise edge)
                                  0.000000    0.000000   clock network delay (ideal)
                                  2.000000    2.000000 v input external delay
     1    0.006161    0.010110    0.005853    2.005853 v opcode[1] (in)
                                                         opcode[1] (net)
                      0.010115    0.000000    2.005853 v input18/A (sky130_fd_sc_hd__buf_6)
     2    0.009304    0.018561    0.069235    2.075089 v input18/X (sky130_fd_sc_hd__buf_6)
                                                         net18 (net)
                      0.018561    0.000169    2.075257 v fanout31/A (sky130_fd_sc_hd__buf_6)
     2    0.010383    0.019179    0.073415    2.148673 v fanout31/X (sky130_fd_sc_hd__buf_6)
                                                         net31 (net)
                      0.019179    0.000276    2.148949 v rebuffer34/A (sky130_fd_sc_hd__buf_2)
     9    0.036715    0.066722    0.121208    2.270157 v rebuffer34/X (sky130_fd_sc_hd__buf_2)
                                                         net34 (net)
                      0.066789    0.001987    2.272144 v _135_/B (sky130_fd_sc_hd__and3b_2)
     2    0.005627    0.033419    0.145322    2.417465 v _135_/X (sky130_fd_sc_hd__and3b_2)
                                                         _070_ (net)
                      0.033419    0.000148    2.417614 v _148_/B1 (sky130_fd_sc_hd__o22a_2)
     1    0.004779    0.030130    0.128321    2.545935 v _148_/X (sky130_fd_sc_hd__o22a_2)
                                                         _081_ (net)
                      0.030130    0.000178    2.546112 v _151_/A1 (sky130_fd_sc_hd__o32a_2)
     2    0.006349    0.044664    0.236408    2.782520 v _151_/X (sky130_fd_sc_hd__o32a_2)
                                                         net21 (net)
                      0.044664    0.000184    2.782704 v output21/A (sky130_fd_sc_hd__clkdlybuf4s25_1)
     1    0.035083    0.178745    0.299108    3.081811 v output21/X (sky130_fd_sc_hd__clkdlybuf4s25_1)
                                                         result[0] (net)
                      0.178747    0.000838    3.082649 v result[0] (out)
                                              3.082649   data arrival time

                      0.000000   10.000000   10.000000   clock __VIRTUAL_CLK__ (rise edge)
                                  0.000000   10.000000   clock network delay (ideal)
                                 -0.250000    9.750000   clock uncertainty
                                  0.000000    9.750000   clock reconvergence pessimism
                                 -2.000000    7.750000   output external delay
                                              7.750000   data required time
---------------------------------------------------------------------------------------------
                                              7.750000   data required time
                                             -3.082649   data arrival time
---------------------------------------------------------------------------------------------
                                              4.667351   slack (MET)



