+ define_corners nom_ff_n40C_1v95
Reading timing models for corner nom_ff_n40C_1v95…
Reading cell library for the 'nom_ff_n40C_1v95' corner at '/home/thaituroblox/.ciel/ciel/ciel/sky130/versions/8afc8346a57fe1ab7934ba5a6056ea8b43078e71/sky130A/libs.ref/sky130_fd_sc_hd/lib/sky130_fd_sc_hd__ff_n40C_1v95.lib'…
Reading top-level netlist at '/home/thaituroblox/Desktop/8_BIT_COUNTER/Counter-8-Bit-/alu_project/runs/RUN_2026-09-26_04-41-42/52-openroad-fillinsertion/alu_8bit.nl.v'…
Linking design 'alu_8bit' from netlist…
Warning: /home/thaituroblox/Desktop/8_BIT_COUNTER/Counter-8-Bit-/alu_project/runs/RUN_2026-09-26_04-41-42/52-openroad-fillinsertion/alu_8bit.nl.v line 155, module sky130_fd_sc_hd__fill_1 not found. Creating black box for FILLER_0_83.
Warning: /home/thaituroblox/Desktop/8_BIT_COUNTER/Counter-8-Bit-/alu_project/runs/RUN_2026-09-26_04-41-42/52-openroad-fillinsertion/alu_8bit.nl.v line 169, module sky130_fd_sc_hd__fill_2 not found. Creating black box for FILLER_11_67.
Warning: /home/thaituroblox/Desktop/8_BIT_COUNTER/Counter-8-Bit-/alu_project/runs/RUN_2026-09-26_04-41-42/52-openroad-fillinsertion/alu_8bit.nl.v line 304, module sky130_fd_sc_hd__tapvpwrvgnd_1 not found. Creating black box for TAP_TAPCELL_ROW_0_32.
Reading design constraints file at '/nix/store/8y4m6wgn5kqlbig1qwnwbxijqqp0jwib-python3-3.13.9-env/lib/python3.13/site-packages/librelane/scripts/base.sdc'…
[WARNING] No CLOCK_PORT found. A dummy clock will be used.
Warning: base.sdc line 15, port '__VIRTUAL_CLK__' not found.
[INFO] Using clock __VIRTUAL_CLK__…
[INFO] Setting output delay to: 2.0
[INFO] Setting input delay to: 2.0
Warning: base.sdc line 32, port '__VIRTUAL_CLK__' not found.
[INFO] Setting load to: 0.033442
[INFO] Setting clock uncertainty to: 0.25
[INFO] Setting clock transition to: 0.1499999999999999944488848768742172978818416595458984375
Warning: base.sdc line 69, transition time can not be specified for virtual clocks.
[INFO] Setting timing derate to: 5.0%
Warning: base.sdc line 79, virtual clock __VIRTUAL_CLK__ can not be propagated.
Reading top-level design parasitics for the 'nom_ff_n40C_1v95' corner at '/home/thaituroblox/Desktop/8_BIT_COUNTER/Counter-8-Bit-/alu_project/runs/RUN_2026-09-26_04-41-42/54-openroad-rcx/nom/alu_8bit.nom.spef'…
%OL_CREATE_REPORT min.rpt

===========================================================================
report_checks -path_delay min (Hold)
============================================================================
======================= nom_ff_n40C_1v95 Corner ===================================

Startpoint: opcode[2] (input port clocked by __VIRTUAL_CLK__)
Endpoint: result[7] (output port clocked by __VIRTUAL_CLK__)
Path Group: __VIRTUAL_CLK__
Path Type: min

Fanout         Cap        Slew       Delay        Time   Description
---------------------------------------------------------------------------------------------
                      0.000000    0.000000    0.000000   clock __VIRTUAL_CLK__ (rise edge)
                                  0.000000    0.000000   clock network delay (ideal)
                                  2.000000    2.000000 v input external delay
     1    0.004548    0.007437    0.003625    2.003625 v opcode[2] (in)
                                                         opcode[2] (net)
                      0.007437    0.000000    2.003625 v input19/A (sky130_fd_sc_hd__clkbuf_2)
    10    0.035922    0.095657    0.114533    2.118158 v input19/X (sky130_fd_sc_hd__clkbuf_2)
                                                         net19 (net)
                      0.095687    0.001512    2.119670 v _096_/A (sky130_fd_sc_hd__nand2_2)
     7    0.030887    0.124907    0.126317    2.245986 ^ _096_/Y (sky130_fd_sc_hd__nand2_2)
                                                         _031_ (net)
                      0.124919    0.000954    2.246940 ^ _144_/A2 (sky130_fd_sc_hd__o21a_4)
     2    0.011820    0.036096    0.090316    2.337256 ^ _144_/X (sky130_fd_sc_hd__o21a_4)
                                                         net28 (net)
                      0.036096    0.000192    2.337448 ^ output28/A (sky130_fd_sc_hd__buf_6)
     1    0.034514    0.057637    0.082322    2.419770 ^ output28/X (sky130_fd_sc_hd__buf_6)
                                                         result[7] (net)
                      0.057647    0.000707    2.420477 ^ result[7] (out)
                                              2.420477   data arrival time

                      0.000000    0.000000    0.000000   clock __VIRTUAL_CLK__ (rise edge)
                                  0.000000    0.000000   clock network delay (ideal)
                                  0.250000    0.250000   clock uncertainty
                                  0.000000    0.250000   clock reconvergence pessimism
                                 -2.000000   -1.750000   output external delay
                                             -1.750000   data required time
---------------------------------------------------------------------------------------------
                                             -1.750000   data required time
                                             -2.420477   data arrival time
---------------------------------------------------------------------------------------------
                                              4.170477   slack (MET)


Startpoint: opcode[2] (input port clocked by __VIRTUAL_CLK__)
Endpoint: zero (output port clocked by __VIRTUAL_CLK__)
Path Group: __VIRTUAL_CLK__
Path Type: min

Fanout         Cap        Slew       Delay        Time   Description
---------------------------------------------------------------------------------------------
                      0.000000    0.000000    0.000000   clock __VIRTUAL_CLK__ (rise edge)
                                  0.000000    0.000000   clock network delay (ideal)
                                  2.000000    2.000000 v input external delay
     1    0.004548    0.007437    0.003625    2.003625 v opcode[2] (in)
                                                         opcode[2] (net)
                      0.007437    0.000000    2.003625 v input19/A (sky130_fd_sc_hd__clkbuf_2)
    10    0.035922    0.095657    0.114533    2.118158 v input19/X (sky130_fd_sc_hd__clkbuf_2)
                                                         net19 (net)
                      0.095687    0.001512    2.119670 v _096_/A (sky130_fd_sc_hd__nand2_2)
     7    0.030887    0.124907    0.126317    2.245986 ^ _096_/Y (sky130_fd_sc_hd__nand2_2)
                                                         _031_ (net)
                      0.124919    0.000954    2.246940 ^ _144_/A2 (sky130_fd_sc_hd__o21a_4)
     2    0.011820    0.036096    0.090316    2.337256 ^ _144_/X (sky130_fd_sc_hd__o21a_4)
                                                         net28 (net)
                      0.036097    0.000224    2.337481 ^ _193_/B1 (sky130_fd_sc_hd__a211oi_2)
     1    0.005849    0.016747    0.026132    2.363612 v _193_/Y (sky130_fd_sc_hd__a211oi_2)
                                                         net29 (net)
                      0.016749    0.000137    2.363749 v output29/A (sky130_fd_sc_hd__buf_6)
     1    0.034373    0.032172    0.080566    2.444315 v output29/X (sky130_fd_sc_hd__buf_6)
                                                         zero (net)
                      0.032193    0.000693    2.445008 v zero (out)
                                              2.445008   data arrival time

                      0.000000    0.000000    0.000000   clock __VIRTUAL_CLK__ (rise edge)
                                  0.000000    0.000000   clock network delay (ideal)
                                  0.250000    0.250000   clock uncertainty
                                  0.000000    0.250000   clock reconvergence pessimism
                                 -2.000000   -1.750000   output external delay
                                             -1.750000   data required time
---------------------------------------------------------------------------------------------
                                             -1.750000   data required time
                                             -2.445008   data arrival time
---------------------------------------------------------------------------------------------
                                              4.195008   slack (MET)


Startpoint: a[7] (input port clocked by __VIRTUAL_CLK__)
Endpoint: overflow (output port clocked by __VIRTUAL_CLK__)
Path Group: __VIRTUAL_CLK__
Path Type: min

Fanout         Cap        Slew       Delay        Time   Description
---------------------------------------------------------------------------------------------
                      0.000000    0.000000    0.000000   clock __VIRTUAL_CLK__ (rise edge)
                                  0.000000    0.000000   clock network delay (ideal)
                                  2.000000    2.000000 v input external delay
     1    0.003519    0.005770    0.002767    2.002767 v a[7] (in)
                                                         a[7] (net)
                      0.005770    0.000000    2.002767 v input8/A (sky130_fd_sc_hd__clkdlybuf4s25_1)
     6    0.028724    0.148688    0.234176    2.236943 v input8/X (sky130_fd_sc_hd__clkdlybuf4s25_1)
                                                         net8 (net)
                      0.148691    0.000780    2.237723 v _143_/A (sky130_fd_sc_hd__nand2_2)
     1    0.003200    0.028477    0.065920    2.303643 ^ _143_/Y (sky130_fd_sc_hd__nand2_2)
                                                         _078_ (net)
                      0.028478    0.000092    2.303735 ^ _146_/B (sky130_fd_sc_hd__and3_4)
     1    0.008250    0.035447    0.099242    2.402978 ^ _146_/X (sky130_fd_sc_hd__and3_4)
                                                         net20 (net)
                      0.035447    0.000263    2.403241 ^ output20/A (sky130_fd_sc_hd__buf_8)
     1    0.034884    0.049994    0.076138    2.479379 ^ output20/X (sky130_fd_sc_hd__buf_8)
                                                         overflow (net)
                      0.050005    0.000676    2.480055 ^ overflow (out)
                                              2.480055   data arrival time

                      0.000000    0.000000    0.000000   clock __VIRTUAL_CLK__ (rise edge)
                                  0.000000    0.000000   clock network delay (ideal)
                                  0.250000    0.250000   clock uncertainty
                                  0.000000    0.250000   clock reconvergence pessimism
                                 -2.000000   -1.750000   output external delay
                                             -1.750000   data required time
---------------------------------------------------------------------------------------------
                                             -1.750000   data required time
                                             -2.480055   data arrival time
---------------------------------------------------------------------------------------------
                                              4.230055   slack (MET)


Startpoint: a[2] (input port clocked by __VIRTUAL_CLK__)
Endpoint: result[2] (output port clocked by __VIRTUAL_CLK__)
Path Group: __VIRTUAL_CLK__
Path Type: min

Fanout         Cap        Slew       Delay        Time   Description
---------------------------------------------------------------------------------------------
                      0.000000    0.000000    0.000000   clock __VIRTUAL_CLK__ (rise edge)
                                  0.000000    0.000000   clock network delay (ideal)
                                  2.000000    2.000000 v input external delay
     1    0.003428    0.005636    0.002698    2.002698 v a[2] (in)
                                                         a[2] (net)
                      0.005637    0.000000    2.002698 v input3/A (sky130_fd_sc_hd__clkdlybuf4s25_1)
     4    0.013552    0.076125    0.181092    2.183790 v input3/X (sky130_fd_sc_hd__clkdlybuf4s25_1)
                                                         net3 (net)
                      0.076126    0.000323    2.184114 v _161_/B2 (sky130_fd_sc_hd__o32a_2)
     2    0.005017    0.026966    0.117112    2.301225 v _161_/X (sky130_fd_sc_hd__o32a_2)
                                                         net23 (net)
                      0.026966    0.000113    2.301338 v output23/A (sky130_fd_sc_hd__clkdlybuf4s25_1)
     1    0.035388    0.180927    0.264432    2.565771 v output23/X (sky130_fd_sc_hd__clkdlybuf4s25_1)
                                                         result[2] (net)
                      0.180935    0.001291    2.567061 v result[2] (out)
                                              2.567061   data arrival time

                      0.000000    0.000000    0.000000   clock __VIRTUAL_CLK__ (rise edge)
                                  0.000000    0.000000   clock network delay (ideal)
                                  0.250000    0.250000   clock uncertainty
                                  0.000000    0.250000   clock reconvergence pessimism
                                 -2.000000   -1.750000   output external delay
                                             -1.750000   data required time
---------------------------------------------------------------------------------------------
                                             -1.750000   data required time
                                             -2.567061   data arrival time
---------------------------------------------------------------------------------------------
                                              4.317061   slack (MET)


Startpoint: a[4] (input port clocked by __VIRTUAL_CLK__)
Endpoint: result[4] (output port clocked by __VIRTUAL_CLK__)
Path Group: __VIRTUAL_CLK__
Path Type: min

Fanout         Cap        Slew       Delay        Time   Description
---------------------------------------------------------------------------------------------
                      0.000000    0.000000    0.000000   clock __VIRTUAL_CLK__ (rise edge)
                                  0.000000    0.000000   clock network delay (ideal)
                                  2.000000    2.000000 v input external delay
     1    0.004196    0.006810    0.003336    2.003336 v a[4] (in)
                                                         a[4] (net)
                      0.006811    0.000000    2.003336 v input5/A (sky130_fd_sc_hd__clkdlybuf4s25_1)
     5    0.012547    0.071322    0.177999    2.181335 v input5/X (sky130_fd_sc_hd__clkdlybuf4s25_1)
                                                         net5 (net)
                      0.071322    0.000273    2.181608 v _172_/B2 (sky130_fd_sc_hd__o32a_2)
     2    0.007626    0.030703    0.120424    2.302032 v _172_/X (sky130_fd_sc_hd__o32a_2)
                                                         net25 (net)
                      0.030703    0.000173    2.302205 v output25/A (sky130_fd_sc_hd__clkdlybuf4s25_1)
     1    0.035233    0.179906    0.265724    2.567929 v output25/X (sky130_fd_sc_hd__clkdlybuf4s25_1)
                                                         result[4] (net)
                      0.179908    0.000795    2.568724 v result[4] (out)
                                              2.568724   data arrival time

                      0.000000    0.000000    0.000000   clock __VIRTUAL_CLK__ (rise edge)
                                  0.000000    0.000000   clock network delay (ideal)
                                  0.250000    0.250000   clock uncertainty
                                  0.000000    0.250000   clock reconvergence pessimism
                                 -2.000000   -1.750000   output external delay
                                             -1.750000   data required time
---------------------------------------------------------------------------------------------
                                             -1.750000   data required time
                                             -2.568724   data arrival time
---------------------------------------------------------------------------------------------
                                              4.318724   slack (MET)


Startpoint: a[5] (input port clocked by __VIRTUAL_CLK__)
Endpoint: result[5] (output port clocked by __VIRTUAL_CLK__)
Path Group: __VIRTUAL_CLK__
Path Type: min

Fanout         Cap        Slew       Delay        Time   Description
---------------------------------------------------------------------------------------------
                      0.000000    0.000000    0.000000   clock __VIRTUAL_CLK__ (rise edge)
                                  0.000000    0.000000   clock network delay (ideal)
                                  2.000000    2.000000 ^ input external delay
     1    0.003636    0.016919    0.008965    2.008965 ^ a[5] (in)
                                                         a[5] (net)
                      0.016920    0.000000    2.008965 ^ input6/A (sky130_fd_sc_hd__clkdlybuf4s25_1)
     5    0.015019    0.118966    0.205642    2.214607 ^ input6/X (sky130_fd_sc_hd__clkdlybuf4s25_1)
                                                         net6 (net)
                      0.118967    0.000539    2.215146 ^ _173_/A (sky130_fd_sc_hd__or2_2)
     2    0.005573    0.031728    0.088444    2.303590 ^ _173_/X (sky130_fd_sc_hd__or2_2)
                                                         _009_ (net)
                      0.031728    0.000068    2.303658 ^ _180_/A (sky130_fd_sc_hd__and2_2)
     1    0.004053    0.028815    0.075240    2.378898 ^ _180_/X (sky130_fd_sc_hd__and2_2)
                                                         net26 (net)
                      0.028815    0.000136    2.379035 ^ output26/A (sky130_fd_sc_hd__dlymetal6s2s_1)
     1    0.035945    0.277181    0.216849    2.595884 ^ output26/X (sky130_fd_sc_hd__dlymetal6s2s_1)
                                                         result[5] (net)
                      0.277185    0.000883    2.596767 ^ result[5] (out)
                                              2.596767   data arrival time

                      0.000000    0.000000    0.000000   clock __VIRTUAL_CLK__ (rise edge)
                                  0.000000    0.000000   clock network delay (ideal)
                                  0.250000    0.250000   clock uncertainty
                                  0.000000    0.250000   clock reconvergence pessimism
                                 -2.000000   -1.750000   output external delay
                                             -1.750000   data required time
---------------------------------------------------------------------------------------------
                                             -1.750000   data required time
                                             -2.596767   data arrival time
---------------------------------------------------------------------------------------------
                                              4.346767   slack (MET)


Startpoint: a[6] (input port clocked by __VIRTUAL_CLK__)
Endpoint: result[6] (output port clocked by __VIRTUAL_CLK__)
Path Group: __VIRTUAL_CLK__
Path Type: min

Fanout         Cap        Slew       Delay        Time   Description
---------------------------------------------------------------------------------------------
                      0.000000    0.000000    0.000000   clock __VIRTUAL_CLK__ (rise edge)
                                  0.000000    0.000000   clock network delay (ideal)
                                  2.000000    2.000000 v input external delay
     1    0.003759    0.006120    0.002981    2.002981 v a[6] (in)
                                                         a[6] (net)
                      0.006121    0.000000    2.002981 v input7/A (sky130_fd_sc_hd__clkdlybuf4s25_1)
     4    0.022828    0.120659    0.213678    2.216660 v input7/X (sky130_fd_sc_hd__clkdlybuf4s25_1)
                                                         net7 (net)
                      0.120660    0.000496    2.217156 v _092_/A (sky130_fd_sc_hd__inv_2)
     3    0.017407    0.072011    0.094759    2.311915 ^ _092_/Y (sky130_fd_sc_hd__inv_2)
                                                         _027_ (net)
                      0.072016    0.000627    2.312542 ^ _181_/A (sky130_fd_sc_hd__nand2_2)
     2    0.006960    0.032488    0.033082    2.345624 v _181_/Y (sky130_fd_sc_hd__nand2_2)
                                                         _016_ (net)
                      0.032488    0.000111    2.345735 v _190_/A (sky130_fd_sc_hd__and2_2)
     1    0.003176    0.025086    0.096970    2.442706 v _190_/X (sky130_fd_sc_hd__and2_2)
                                                         net27 (net)
                      0.025086    0.000095    2.442801 v output27/A (sky130_fd_sc_hd__dlymetal6s2s_1)
     1    0.034746    0.120884    0.155158    2.597958 v output27/X (sky130_fd_sc_hd__dlymetal6s2s_1)
                                                         result[6] (net)
                      0.120889    0.000851    2.598809 v result[6] (out)
                                              2.598809   data arrival time

                      0.000000    0.000000    0.000000   clock __VIRTUAL_CLK__ (rise edge)
                                  0.000000    0.000000   clock network delay (ideal)
                                  0.250000    0.250000   clock uncertainty
                                  0.000000    0.250000   clock reconvergence pessimism
                                 -2.000000   -1.750000   output external delay
                                             -1.750000   data required time
---------------------------------------------------------------------------------------------
                                             -1.750000   data required time
                                             -2.598809   data arrival time
---------------------------------------------------------------------------------------------
                                              4.348809   slack (MET)


Startpoint: a[0] (input port clocked by __VIRTUAL_CLK__)
Endpoint: result[0] (output port clocked by __VIRTUAL_CLK__)
Path Group: __VIRTUAL_CLK__
Path Type: min

Fanout         Cap        Slew       Delay        Time   Description
---------------------------------------------------------------------------------------------
                      0.000000    0.000000    0.000000   clock __VIRTUAL_CLK__ (rise edge)
                                  0.000000    0.000000   clock network delay (ideal)
                                  2.000000    2.000000 v input external delay
     1    0.003492    0.005728    0.002752    2.002752 v a[0] (in)
                                                         a[0] (net)
                      0.005729    0.000000    2.002752 v input1/A (sky130_fd_sc_hd__clkdlybuf4s25_1)
     6    0.023554    0.124157    0.216074    2.218826 v input1/X (sky130_fd_sc_hd__clkdlybuf4s25_1)
                                                         net1 (net)
                      0.124157    0.000393    2.219219 v _151_/B2 (sky130_fd_sc_hd__o32a_2)
     2    0.006349    0.028798    0.138470    2.357689 v _151_/X (sky130_fd_sc_hd__o32a_2)
                                                         net21 (net)
                      0.028798    0.000166    2.357856 v output21/A (sky130_fd_sc_hd__clkdlybuf4s25_1)
     1    0.035083    0.179221    0.264495    2.622350 v output21/X (sky130_fd_sc_hd__clkdlybuf4s25_1)
                                                         result[0] (net)
                      0.179223    0.000758    2.623108 v result[0] (out)
                                              2.623108   data arrival time

                      0.000000    0.000000    0.000000   clock __VIRTUAL_CLK__ (rise edge)
                                  0.000000    0.000000   clock network delay (ideal)
                                  0.250000    0.250000   clock uncertainty
                                  0.000000    0.250000   clock reconvergence pessimism
                                 -2.000000   -1.750000   output external delay
                                             -1.750000   data required time
---------------------------------------------------------------------------------------------
                                             -1.750000   data required time
                                             -2.623108   data arrival time
---------------------------------------------------------------------------------------------
                                              4.373108   slack (MET)


Startpoint: a[3] (input port clocked by __VIRTUAL_CLK__)
Endpoint: result[3] (output port clocked by __VIRTUAL_CLK__)
Path Group: __VIRTUAL_CLK__
Path Type: min

Fanout         Cap        Slew       Delay        Time   Description
---------------------------------------------------------------------------------------------
                      0.000000    0.000000    0.000000   clock __VIRTUAL_CLK__ (rise edge)
                                  0.000000    0.000000   clock network delay (ideal)
                                  2.000000    2.000000 v input external delay
     1    0.004878    0.008022    0.003918    2.003918 v a[3] (in)
                                                         a[3] (net)
                      0.008023    0.000000    2.003918 v input4/A (sky130_fd_sc_hd__clkdlybuf4s25_1)
     4    0.015937    0.087514    0.190304    2.194222 v input4/X (sky130_fd_sc_hd__clkdlybuf4s25_1)
                                                         net4 (net)
                      0.087514    0.000371    2.194593 v _167_/B2 (sky130_fd_sc_hd__o2bb2a_2)
     2    0.008236    0.029562    0.169576    2.364170 v _167_/X (sky130_fd_sc_hd__o2bb2a_2)
                                                         net24 (net)
                      0.029562    0.000097    2.364267 v output24/A (sky130_fd_sc_hd__clkdlybuf4s25_1)
     1    0.034847    0.178040    0.263997    2.628264 v output24/X (sky130_fd_sc_hd__clkdlybuf4s25_1)
                                                         result[3] (net)
                      0.178041    0.000727    2.628991 v result[3] (out)
                                              2.628991   data arrival time

                      0.000000    0.000000    0.000000   clock __VIRTUAL_CLK__ (rise edge)
                                  0.000000    0.000000   clock network delay (ideal)
                                  0.250000    0.250000   clock uncertainty
                                  0.000000    0.250000   clock reconvergence pessimism
                                 -2.000000   -1.750000   output external delay
                                             -1.750000   data required time
---------------------------------------------------------------------------------------------
                                             -1.750000   data required time
                                             -2.628991   data arrival time
---------------------------------------------------------------------------------------------
                                              4.378992   slack (MET)


Startpoint: opcode[2] (input port clocked by __VIRTUAL_CLK__)
Endpoint: result[1] (output port clocked by __VIRTUAL_CLK__)
Path Group: __VIRTUAL_CLK__
Path Type: min

Fanout         Cap        Slew       Delay        Time   Description
---------------------------------------------------------------------------------------------
                      0.000000    0.000000    0.000000   clock __VIRTUAL_CLK__ (rise edge)
                                  0.000000    0.000000   clock network delay (ideal)
                                  2.000000    2.000000 ^ input external delay
     1    0.004777    0.020963    0.011807    2.011807 ^ opcode[2] (in)
                                                         opcode[2] (net)
                      0.020964    0.000000    2.011807 ^ input19/A (sky130_fd_sc_hd__clkbuf_2)
    10    0.038570    0.162768    0.146433    2.158240 ^ input19/X (sky130_fd_sc_hd__clkbuf_2)
                                                         net19 (net)
                      0.162773    0.000737    2.158977 ^ _154_/A1 (sky130_fd_sc_hd__o211a_2)
     1    0.004922    0.035874    0.114522    2.273499 ^ _154_/X (sky130_fd_sc_hd__o211a_2)
                                                         _086_ (net)
                      0.035874    0.000159    2.273658 ^ _156_/B (sky130_fd_sc_hd__or3_2)
     2    0.006309    0.031305    0.072763    2.346421 ^ _156_/X (sky130_fd_sc_hd__or3_2)
                                                         net22 (net)
                      0.031305    0.000129    2.346550 ^ output22/A (sky130_fd_sc_hd__clkdlybuf4s25_1)
     1    0.035169    0.266037    0.306702    2.653252 ^ output22/X (sky130_fd_sc_hd__clkdlybuf4s25_1)
                                                         result[1] (net)
                      0.266037    0.000763    2.654015 ^ result[1] (out)
                                              2.654015   data arrival time

                      0.000000    0.000000    0.000000   clock __VIRTUAL_CLK__ (rise edge)
                                  0.000000    0.000000   clock network delay (ideal)
                                  0.250000    0.250000   clock uncertainty
                                  0.000000    0.250000   clock reconvergence pessimism
                                 -2.000000   -1.750000   output external delay
                                             -1.750000   data required time
---------------------------------------------------------------------------------------------
                                             -1.750000   data required time
                                             -2.654015   data arrival time
---------------------------------------------------------------------------------------------
                                              4.404015   slack (MET)



%OL_END_REPORT
%OL_CREATE_REPORT max.rpt

===========================================================================
report_checks -path_delay max (Setup)
============================================================================
======================= nom_ff_n40C_1v95 Corner ===================================

Startpoint: opcode[1] (input port clocked by __VIRTUAL_CLK__)
Endpoint: overflow (output port clocked by __VIRTUAL_CLK__)
Path Group: __VIRTUAL_CLK__
Path Type: max

Fanout         Cap        Slew       Delay        Time   Description
---------------------------------------------------------------------------------------------
                      0.000000    0.000000    0.000000   clock __VIRTUAL_CLK__ (rise edge)
                                  0.000000    0.000000   clock network delay (ideal)
                                  2.000000    2.000000 v input external delay
     1    0.006161    0.010110    0.005853    2.005853 v opcode[1] (in)
                                                         opcode[1] (net)
                      0.010115    0.000000    2.005853 v input18/A (sky130_fd_sc_hd__buf_6)
     2    0.009304    0.018561    0.069235    2.075089 v input18/X (sky130_fd_sc_hd__buf_6)
                                                         net18 (net)
                      0.018561    0.000169    2.075257 v fanout31/A (sky130_fd_sc_hd__buf_6)
     2    0.010383    0.019179    0.073415    2.148673 v fanout31/X (sky130_fd_sc_hd__buf_6)
                                                         net31 (net)
                      0.019186    0.000535    2.149208 v _097_/A (sky130_fd_sc_hd__or3b_4)
     2    0.009088    0.052545    0.252649    2.401857 v _097_/X (sky130_fd_sc_hd__or3b_4)
                                                         _032_ (net)
                      0.052545    0.000251    2.402108 v max_cap30/A (sky130_fd_sc_hd__buf_8)
     3    0.016816    0.021712    0.093140    2.495248 v max_cap30/X (sky130_fd_sc_hd__buf_8)
                                                         net30 (net)
                      0.021712    0.000614    2.495862 v _116_/B (sky130_fd_sc_hd__xor2_2)
     2    0.013381    0.151095    0.140243    2.636105 ^ _116_/X (sky130_fd_sc_hd__xor2_2)
                                                         _051_ (net)
                      0.151095    0.000322    2.636427 ^ _117_/A_N (sky130_fd_sc_hd__and2b_2)
     1    0.007169    0.033776    0.156773    2.793199 v _117_/X (sky130_fd_sc_hd__and2b_2)
                                                         _052_ (net)
                      0.033794    0.000329    2.793528 v _121_/B1 (sky130_fd_sc_hd__a21o_4)
     4    0.016992    0.036920    0.103549    2.897077 v _121_/X (sky130_fd_sc_hd__a21o_4)
                                                         _056_ (net)
                      0.036930    0.000612    2.897689 v _125_/A3 (sky130_fd_sc_hd__a31o_4)
     3    0.012330    0.034584    0.170449    3.068138 v _125_/X (sky130_fd_sc_hd__a31o_4)
                                                         _060_ (net)
                      0.034589    0.000439    3.068577 v _127_/A1 (sky130_fd_sc_hd__a2111o_2)
     2    0.007316    0.052740    0.274308    3.342885 v _127_/X (sky130_fd_sc_hd__a2111o_2)
                                                         _062_ (net)
                      0.052740    0.000245    3.343130 v _141_/B (sky130_fd_sc_hd__and3_4)
     1    0.002721    0.023056    0.115298    3.458428 v _141_/X (sky130_fd_sc_hd__and3_4)
                                                         _076_ (net)
                      0.023056    0.000059    3.458487 v _142_/B (sky130_fd_sc_hd__or4b_4)
     3    0.014654    0.070845    0.338044    3.796531 v _142_/X (sky130_fd_sc_hd__or4b_4)
                                                         _077_ (net)
                      0.070845    0.000468    3.796999 v _145_/A1 (sky130_fd_sc_hd__a21o_2)
     1    0.004841    0.028937    0.140343    3.937342 v _145_/X (sky130_fd_sc_hd__a21o_2)
                                                         _079_ (net)
                      0.028979    0.000188    3.937530 v _146_/C (sky130_fd_sc_hd__and3_4)
     1    0.007583    0.028321    0.120661    4.058191 v _146_/X (sky130_fd_sc_hd__and3_4)
                                                         net20 (net)
                      0.028321    0.000266    4.058458 v output20/A (sky130_fd_sc_hd__buf_8)
     1    0.034884    0.030047    0.092172    4.150630 v output20/X (sky130_fd_sc_hd__buf_8)
                                                         overflow (net)
                      0.030067    0.000747    4.151376 v overflow (out)
                                              4.151376   data arrival time

                      0.000000   10.000000   10.000000   clock __VIRTUAL_CLK__ (rise edge)
                                  0.000000   10.000000   clock network delay (ideal)
                                 -0.250000    9.750000   clock uncertainty
                                  0.000000    9.750000   clock reconvergence pessimism
                                 -2.000000    7.750000   output external delay
                                              7.750000   data required time
---------------------------------------------------------------------------------------------
                                              7.750000   data required time
                                             -4.151376   data arrival time
---------------------------------------------------------------------------------------------
                                              3.598624   slack (MET)


Startpoint: opcode[1] (input port clocked by __VIRTUAL_CLK__)
Endpoint: zero (output port clocked by __VIRTUAL_CLK__)
Path Group: __VIRTUAL_CLK__
Path Type: max

Fanout         Cap        Slew       Delay        Time   Description
---------------------------------------------------------------------------------------------
                      0.000000    0.000000    0.000000   clock __VIRTUAL_CLK__ (rise edge)
                                  0.000000    0.000000   clock network delay (ideal)
                                  2.000000    2.000000 v input external delay
     1    0.006161    0.010110    0.005853    2.005853 v opcode[1] (in)
                                                         opcode[1] (net)
                      0.010115    0.000000    2.005853 v input18/A (sky130_fd_sc_hd__buf_6)
     2    0.009304    0.018561    0.069235    2.075089 v input18/X (sky130_fd_sc_hd__buf_6)
                                                         net18 (net)
                      0.018561    0.000169    2.075257 v fanout31/A (sky130_fd_sc_hd__buf_6)
     2    0.010383    0.019179    0.073415    2.148673 v fanout31/X (sky130_fd_sc_hd__buf_6)
                                                         net31 (net)
                      0.019186    0.000535    2.149208 v _097_/A (sky130_fd_sc_hd__or3b_4)
     2    0.009088    0.052545    0.252649    2.401857 v _097_/X (sky130_fd_sc_hd__or3b_4)
                                                         _032_ (net)
                      0.052545    0.000251    2.402108 v max_cap30/A (sky130_fd_sc_hd__buf_8)
     3    0.016816    0.021712    0.093140    2.495248 v max_cap30/X (sky130_fd_sc_hd__buf_8)
                                                         net30 (net)
                      0.021712    0.000614    2.495862 v _116_/B (sky130_fd_sc_hd__xor2_2)
     2    0.013381    0.151095    0.140243    2.636105 ^ _116_/X (sky130_fd_sc_hd__xor2_2)
                                                         _051_ (net)
                      0.151095    0.000322    2.636427 ^ _117_/A_N (sky130_fd_sc_hd__and2b_2)
     1    0.007169    0.033776    0.156773    2.793199 v _117_/X (sky130_fd_sc_hd__and2b_2)
                                                         _052_ (net)
                      0.033794    0.000329    2.793528 v _121_/B1 (sky130_fd_sc_hd__a21o_4)
     4    0.016992    0.036920    0.103549    2.897077 v _121_/X (sky130_fd_sc_hd__a21o_4)
                                                         _056_ (net)
                      0.036930    0.000612    2.897689 v _125_/A3 (sky130_fd_sc_hd__a31o_4)
     3    0.012330    0.034584    0.170449    3.068138 v _125_/X (sky130_fd_sc_hd__a31o_4)
                                                         _060_ (net)
                      0.034589    0.000439    3.068577 v _127_/A1 (sky130_fd_sc_hd__a2111o_2)
     2    0.007316    0.052740    0.274308    3.342885 v _127_/X (sky130_fd_sc_hd__a2111o_2)
                                                         _062_ (net)
                      0.052740    0.000245    3.343130 v _141_/B (sky130_fd_sc_hd__and3_4)
     1    0.002721    0.023056    0.115298    3.458428 v _141_/X (sky130_fd_sc_hd__and3_4)
                                                         _076_ (net)
                      0.023056    0.000059    3.458487 v _142_/B (sky130_fd_sc_hd__or4b_4)
     3    0.014654    0.070845    0.338044    3.796531 v _142_/X (sky130_fd_sc_hd__or4b_4)
                                                         _077_ (net)
                      0.070845    0.000437    3.796969 v _144_/B1 (sky130_fd_sc_hd__o21a_4)
     2    0.010774    0.031489    0.098449    3.895417 v _144_/X (sky130_fd_sc_hd__o21a_4)
                                                         net28 (net)
                      0.031489    0.000224    3.895642 v _193_/B1 (sky130_fd_sc_hd__a211oi_2)
     1    0.006337    0.140485    0.111763    4.007404 ^ _193_/Y (sky130_fd_sc_hd__a211oi_2)
                                                         net29 (net)
                      0.140485    0.000165    4.007569 ^ output29/A (sky130_fd_sc_hd__buf_6)
     1    0.034373    0.058505    0.107306    4.114876 ^ output29/X (sky130_fd_sc_hd__buf_6)
                                                         zero (net)
                      0.058514    0.000767    4.115643 ^ zero (out)
                                              4.115643   data arrival time

                      0.000000   10.000000   10.000000   clock __VIRTUAL_CLK__ (rise edge)
                                  0.000000   10.000000   clock network delay (ideal)
                                 -0.250000    9.750000   clock uncertainty
                                  0.000000    9.750000   clock reconvergence pessimism
                                 -2.000000    7.750000   output external delay
                                              7.750000   data required time
---------------------------------------------------------------------------------------------
                                              7.750000   data required time
                                             -4.115643   data arrival time
---------------------------------------------------------------------------------------------
                                              3.634357   slack (MET)


Startpoint: opcode[1] (input port clocked by __VIRTUAL_CLK__)
Endpoint: result[7] (output port clocked by __VIRTUAL_CLK__)
Path Group: __VIRTUAL_CLK__
Path Type: max

Fanout         Cap        Slew       Delay        Time   Description
---------------------------------------------------------------------------------------------
                      0.000000    0.000000    0.000000   clock __VIRTUAL_CLK__ (rise edge)
                                  0.000000    0.000000   clock network delay (ideal)
                                  2.000000    2.000000 v input external delay
     1    0.006161    0.010110    0.005853    2.005853 v opcode[1] (in)
                                                         opcode[1] (net)
                      0.010115    0.000000    2.005853 v input18/A (sky130_fd_sc_hd__buf_6)
     2    0.009304    0.018561    0.069235    2.075089 v input18/X (sky130_fd_sc_hd__buf_6)
                                                         net18 (net)
                      0.018561    0.000169    2.075257 v fanout31/A (sky130_fd_sc_hd__buf_6)
     2    0.010383    0.019179    0.073415    2.148673 v fanout31/X (sky130_fd_sc_hd__buf_6)
                                                         net31 (net)
                      0.019186    0.000535    2.149208 v _097_/A (sky130_fd_sc_hd__or3b_4)
     2    0.009088    0.052545    0.252649    2.401857 v _097_/X (sky130_fd_sc_hd__or3b_4)
                                                         _032_ (net)
                      0.052545    0.000251    2.402108 v max_cap30/A (sky130_fd_sc_hd__buf_8)
     3    0.016816    0.021712    0.093140    2.495248 v max_cap30/X (sky130_fd_sc_hd__buf_8)
                                                         net30 (net)
                      0.021712    0.000614    2.495862 v _116_/B (sky130_fd_sc_hd__xor2_2)
     2    0.013381    0.151095    0.140243    2.636105 ^ _116_/X (sky130_fd_sc_hd__xor2_2)
                                                         _051_ (net)
                      0.151095    0.000322    2.636427 ^ _117_/A_N (sky130_fd_sc_hd__and2b_2)
     1    0.007169    0.033776    0.156773    2.793199 v _117_/X (sky130_fd_sc_hd__and2b_2)
                                                         _052_ (net)
                      0.033794    0.000329    2.793528 v _121_/B1 (sky130_fd_sc_hd__a21o_4)
     4    0.016992    0.036920    0.103549    2.897077 v _121_/X (sky130_fd_sc_hd__a21o_4)
                                                         _056_ (net)
                      0.036930    0.000612    2.897689 v _125_/A3 (sky130_fd_sc_hd__a31o_4)
     3    0.012330    0.034584    0.170449    3.068138 v _125_/X (sky130_fd_sc_hd__a31o_4)
                                                         _060_ (net)
                      0.034589    0.000439    3.068577 v _127_/A1 (sky130_fd_sc_hd__a2111o_2)
     2    0.007316    0.052740    0.274308    3.342885 v _127_/X (sky130_fd_sc_hd__a2111o_2)
                                                         _062_ (net)
                      0.052740    0.000245    3.343130 v _141_/B (sky130_fd_sc_hd__and3_4)
     1    0.002721    0.023056    0.115298    3.458428 v _141_/X (sky130_fd_sc_hd__and3_4)
                                                         _076_ (net)
                      0.023056    0.000059    3.458487 v _142_/B (sky130_fd_sc_hd__or4b_4)
     3    0.014654    0.070845    0.338044    3.796531 v _142_/X (sky130_fd_sc_hd__or4b_4)
                                                         _077_ (net)
                      0.070845    0.000437    3.796969 v _144_/B1 (sky130_fd_sc_hd__o21a_4)
     2    0.010774    0.031489    0.098449    3.895417 v _144_/X (sky130_fd_sc_hd__o21a_4)
                                                         net28 (net)
                      0.031489    0.000194    3.895612 v output28/A (sky130_fd_sc_hd__buf_6)
     1    0.034514    0.032238    0.095390    3.991002 v output28/X (sky130_fd_sc_hd__buf_6)
                                                         result[7] (net)
                      0.032259    0.000781    3.991783 v result[7] (out)
                                              3.991783   data arrival time

                      0.000000   10.000000   10.000000   clock __VIRTUAL_CLK__ (rise edge)
                                  0.000000   10.000000   clock network delay (ideal)
                                 -0.250000    9.750000   clock uncertainty
                                  0.000000    9.750000   clock reconvergence pessimism
                                 -2.000000    7.750000   output external delay
                                              7.750000   data required time
---------------------------------------------------------------------------------------------
                                              7.750000   data required time
                                             -3.991783   data arrival time
---------------------------------------------------------------------------------------------
                                              3.758217   slack (MET)


Startpoint: opcode[1] (input port clocked by __VIRTUAL_CLK__)
Endpoint: result[6] (output port clocked by __VIRTUAL_CLK__)
Path Group: __VIRTUAL_CLK__
Path Type: max

Fanout         Cap        Slew       Delay        Time   Description
---------------------------------------------------------------------------------------------
                      0.000000    0.000000    0.000000   clock __VIRTUAL_CLK__ (rise edge)
                                  0.000000    0.000000   clock network delay (ideal)
                                  2.000000    2.000000 v input external delay
     1    0.006161    0.010110    0.005853    2.005853 v opcode[1] (in)
                                                         opcode[1] (net)
                      0.010115    0.000000    2.005853 v input18/A (sky130_fd_sc_hd__buf_6)
     2    0.009304    0.018561    0.069235    2.075089 v input18/X (sky130_fd_sc_hd__buf_6)
                                                         net18 (net)
                      0.018561    0.000169    2.075257 v fanout31/A (sky130_fd_sc_hd__buf_6)
     2    0.010383    0.019179    0.073415    2.148673 v fanout31/X (sky130_fd_sc_hd__buf_6)
                                                         net31 (net)
                      0.019186    0.000535    2.149208 v _097_/A (sky130_fd_sc_hd__or3b_4)
     2    0.009088    0.052545    0.252649    2.401857 v _097_/X (sky130_fd_sc_hd__or3b_4)
                                                         _032_ (net)
                      0.052545    0.000251    2.402108 v max_cap30/A (sky130_fd_sc_hd__buf_8)
     3    0.016816    0.021712    0.093140    2.495248 v max_cap30/X (sky130_fd_sc_hd__buf_8)
                                                         net30 (net)
                      0.021712    0.000395    2.495643 v rebuffer39/A (sky130_fd_sc_hd__buf_2)
     2    0.015892    0.036002    0.095317    2.590960 v rebuffer39/X (sky130_fd_sc_hd__buf_2)
                                                         net39 (net)
                      0.036004    0.000328    2.591288 v _111_/B (sky130_fd_sc_hd__xor2_2)
     3    0.009338    0.048939    0.105494    2.696782 v _111_/X (sky130_fd_sc_hd__xor2_2)
                                                         _046_ (net)
                      0.048939    0.000118    2.696900 v _114_/B (sky130_fd_sc_hd__and2_2)
     1    0.004856    0.030680    0.132154    2.829055 v _114_/X (sky130_fd_sc_hd__and2_2)
                                                         _049_ (net)
                      0.030680    0.000154    2.829208 v _115_/B (sky130_fd_sc_hd__nor2_2)
     5    0.022715    0.187480    0.160600    2.989809 ^ _115_/Y (sky130_fd_sc_hd__nor2_2)
                                                         _050_ (net)
                      0.187483    0.000651    2.990459 ^ _125_/A1 (sky130_fd_sc_hd__a31o_4)
     3    0.013267    0.044778    0.120709    3.111169 ^ _125_/X (sky130_fd_sc_hd__a31o_4)
                                                         _060_ (net)
                      0.044781    0.000431    3.111600 ^ _126_/B (sky130_fd_sc_hd__and2_2)
     3    0.014181    0.063508    0.120576    3.232176 ^ _126_/X (sky130_fd_sc_hd__and2_2)
                                                         _061_ (net)
                      0.063508    0.000142    3.232317 ^ _175_/A2 (sky130_fd_sc_hd__o21ai_2)
     3    0.012883    0.047138    0.052680    3.284997 v _175_/Y (sky130_fd_sc_hd__o21ai_2)
                                                         _011_ (net)
                      0.047139    0.000188    3.285185 v _184_/A2 (sky130_fd_sc_hd__a21o_2)
     1    0.002879    0.024627    0.140822    3.426007 v _184_/X (sky130_fd_sc_hd__a21o_2)
                                                         _019_ (net)
                      0.024627    0.000089    3.426096 v _189_/A2 (sky130_fd_sc_hd__a31o_2)
     2    0.006759    0.035030    0.156614    3.582710 v _189_/X (sky130_fd_sc_hd__a31o_2)
                                                         _024_ (net)
                      0.035032    0.000111    3.582821 v _190_/B (sky130_fd_sc_hd__and2_2)
     1    0.003176    0.027152    0.121175    3.703996 v _190_/X (sky130_fd_sc_hd__and2_2)
                                                         net27 (net)
                      0.027152    0.000105    3.704101 v output27/A (sky130_fd_sc_hd__dlymetal6s2s_1)
     1    0.034746    0.120878    0.172337    3.876438 v output27/X (sky130_fd_sc_hd__dlymetal6s2s_1)
                                                         result[6] (net)
                      0.120883    0.000940    3.877378 v result[6] (out)
                                              3.877378   data arrival time

                      0.000000   10.000000   10.000000   clock __VIRTUAL_CLK__ (rise edge)
                                  0.000000   10.000000   clock network delay (ideal)
                                 -0.250000    9.750000   clock uncertainty
                                  0.000000    9.750000   clock reconvergence pessimism
                                 -2.000000    7.750000   output external delay
                                              7.750000   data required time
---------------------------------------------------------------------------------------------
                                              7.750000   data required time
                                             -3.877378   data arrival time
---------------------------------------------------------------------------------------------
                                              3.872622   slack (MET)


Startpoint: opcode[1] (input port clocked by __VIRTUAL_CLK__)
Endpoint: result[5] (output port clocked by __VIRTUAL_CLK__)
Path Group: __VIRTUAL_CLK__
Path Type: max

Fanout         Cap        Slew       Delay        Time   Description
---------------------------------------------------------------------------------------------
                      0.000000    0.000000    0.000000   clock __VIRTUAL_CLK__ (rise edge)
                                  0.000000    0.000000   clock network delay (ideal)
                                  2.000000    2.000000 v input external delay
     1    0.006161    0.010110    0.005853    2.005853 v opcode[1] (in)
                                                         opcode[1] (net)
                      0.010115    0.000000    2.005853 v input18/A (sky130_fd_sc_hd__buf_6)
     2    0.009304    0.018561    0.069235    2.075089 v input18/X (sky130_fd_sc_hd__buf_6)
                                                         net18 (net)
                      0.018561    0.000169    2.075257 v fanout31/A (sky130_fd_sc_hd__buf_6)
     2    0.010383    0.019179    0.073415    2.148673 v fanout31/X (sky130_fd_sc_hd__buf_6)
                                                         net31 (net)
                      0.019186    0.000535    2.149208 v _097_/A (sky130_fd_sc_hd__or3b_4)
     2    0.009088    0.052545    0.252649    2.401857 v _097_/X (sky130_fd_sc_hd__or3b_4)
                                                         _032_ (net)
                      0.052545    0.000251    2.402108 v max_cap30/A (sky130_fd_sc_hd__buf_8)
     3    0.016816    0.021712    0.093140    2.495248 v max_cap30/X (sky130_fd_sc_hd__buf_8)
                                                         net30 (net)
                      0.021712    0.000614    2.495862 v _116_/B (sky130_fd_sc_hd__xor2_2)
     2    0.013381    0.151095    0.140243    2.636105 ^ _116_/X (sky130_fd_sc_hd__xor2_2)
                                                         _051_ (net)
                      0.151095    0.000322    2.636427 ^ _117_/A_N (sky130_fd_sc_hd__and2b_2)
     1    0.007169    0.033776    0.156773    2.793199 v _117_/X (sky130_fd_sc_hd__and2b_2)
                                                         _052_ (net)
                      0.033794    0.000329    2.793528 v _121_/B1 (sky130_fd_sc_hd__a21o_4)
     4    0.016992    0.036920    0.103549    2.897077 v _121_/X (sky130_fd_sc_hd__a21o_4)
                                                         _056_ (net)
                      0.036930    0.000612    2.897689 v _125_/A3 (sky130_fd_sc_hd__a31o_4)
     3    0.012330    0.034584    0.170449    3.068138 v _125_/X (sky130_fd_sc_hd__a31o_4)
                                                         _060_ (net)
                      0.034588    0.000399    3.068537 v _126_/B (sky130_fd_sc_hd__and2_2)
     3    0.012844    0.043400    0.144677    3.213214 v _126_/X (sky130_fd_sc_hd__and2_2)
                                                         _061_ (net)
                      0.043400    0.000147    3.213361 v _176_/A2 (sky130_fd_sc_hd__o31a_2)
     1    0.002310    0.034673    0.199999    3.413360 v _176_/X (sky130_fd_sc_hd__o31a_2)
                                                         _012_ (net)
                      0.034673    0.000046    3.413406 v _179_/A2 (sky130_fd_sc_hd__a21o_2)
     2    0.006001    0.030765    0.145370    3.558776 v _179_/X (sky130_fd_sc_hd__a21o_2)
                                                         _015_ (net)
                      0.030765    0.000141    3.558918 v _180_/B (sky130_fd_sc_hd__and2_2)
     1    0.003884    0.028583    0.121784    3.680701 v _180_/X (sky130_fd_sc_hd__and2_2)
                                                         net26 (net)
                      0.028583    0.000144    3.680845 v output26/A (sky130_fd_sc_hd__dlymetal6s2s_1)
     1    0.035945    0.124623    0.175869    3.856714 v output26/X (sky130_fd_sc_hd__dlymetal6s2s_1)
                                                         result[5] (net)
                      0.124628    0.000976    3.857690 v result[5] (out)
                                              3.857690   data arrival time

                      0.000000   10.000000   10.000000   clock __VIRTUAL_CLK__ (rise edge)
                                  0.000000   10.000000   clock network delay (ideal)
                                 -0.250000    9.750000   clock uncertainty
                                  0.000000    9.750000   clock reconvergence pessimism
                                 -2.000000    7.750000   output external delay
                                              7.750000   data required time
---------------------------------------------------------------------------------------------
                                              7.750000   data required time
                                             -3.857690   data arrival time
---------------------------------------------------------------------------------------------
                                              3.892310   slack (MET)


Startpoint: opcode[1] (input port clocked by __VIRTUAL_CLK__)
Endpoint: result[4] (output port clocked by __VIRTUAL_CLK__)
Path Group: __VIRTUAL_CLK__
Path Type: max

Fanout         Cap        Slew       Delay        Time   Description
---------------------------------------------------------------------------------------------
                      0.000000    0.000000    0.000000   clock __VIRTUAL_CLK__ (rise edge)
                                  0.000000    0.000000   clock network delay (ideal)
                                  2.000000    2.000000 v input external delay
     1    0.006161    0.010110    0.005853    2.005853 v opcode[1] (in)
                                                         opcode[1] (net)
                      0.010115    0.000000    2.005853 v input18/A (sky130_fd_sc_hd__buf_6)
     2    0.009304    0.018561    0.069235    2.075089 v input18/X (sky130_fd_sc_hd__buf_6)
                                                         net18 (net)
                      0.018561    0.000169    2.075257 v fanout31/A (sky130_fd_sc_hd__buf_6)
     2    0.010383    0.019179    0.073415    2.148673 v fanout31/X (sky130_fd_sc_hd__buf_6)
                                                         net31 (net)
                      0.019186    0.000535    2.149208 v _097_/A (sky130_fd_sc_hd__or3b_4)
     2    0.009088    0.052545    0.252649    2.401857 v _097_/X (sky130_fd_sc_hd__or3b_4)
                                                         _032_ (net)
                      0.052545    0.000251    2.402108 v max_cap30/A (sky130_fd_sc_hd__buf_8)
     3    0.016816    0.021712    0.093140    2.495248 v max_cap30/X (sky130_fd_sc_hd__buf_8)
                                                         net30 (net)
                      0.021712    0.000395    2.495643 v rebuffer39/A (sky130_fd_sc_hd__buf_2)
     2    0.015892    0.036002    0.095317    2.590960 v rebuffer39/X (sky130_fd_sc_hd__buf_2)
                                                         net39 (net)
                      0.036004    0.000328    2.591288 v _111_/B (sky130_fd_sc_hd__xor2_2)
     3    0.009338    0.048939    0.105494    2.696782 v _111_/X (sky130_fd_sc_hd__xor2_2)
                                                         _046_ (net)
                      0.048939    0.000118    2.696900 v _114_/B (sky130_fd_sc_hd__and2_2)
     1    0.004856    0.030680    0.132154    2.829055 v _114_/X (sky130_fd_sc_hd__and2_2)
                                                         _049_ (net)
                      0.030680    0.000154    2.829208 v _115_/B (sky130_fd_sc_hd__nor2_2)
     5    0.022715    0.187480    0.160600    2.989809 ^ _115_/Y (sky130_fd_sc_hd__nor2_2)
                                                         _050_ (net)
                      0.187483    0.000651    2.990459 ^ _125_/A1 (sky130_fd_sc_hd__a31o_4)
     3    0.013267    0.044778    0.120709    3.111169 ^ _125_/X (sky130_fd_sc_hd__a31o_4)
                                                         _060_ (net)
                      0.044781    0.000431    3.111600 ^ _126_/B (sky130_fd_sc_hd__and2_2)
     3    0.014181    0.063508    0.120576    3.232176 ^ _126_/X (sky130_fd_sc_hd__and2_2)
                                                         _061_ (net)
                      0.063508    0.000205    3.232380 ^ _169_/A (sky130_fd_sc_hd__nor2_2)
     1    0.003844    0.023153    0.027376    3.259756 v _169_/Y (sky130_fd_sc_hd__nor2_2)
                                                         _006_ (net)
                      0.023153    0.000133    3.259889 v _172_/A1 (sky130_fd_sc_hd__o32a_2)
     2    0.007626    0.046755    0.237653    3.497542 v _172_/X (sky130_fd_sc_hd__o32a_2)
                                                         net25 (net)
                      0.046755    0.000191    3.497733 v output25/A (sky130_fd_sc_hd__clkdlybuf4s25_1)
     1    0.035233    0.179426    0.300544    3.798277 v output25/X (sky130_fd_sc_hd__clkdlybuf4s25_1)
                                                         result[4] (net)
                      0.179428    0.000879    3.799156 v result[4] (out)
                                              3.799156   data arrival time

                      0.000000   10.000000   10.000000   clock __VIRTUAL_CLK__ (rise edge)
                                  0.000000   10.000000   clock network delay (ideal)
                                 -0.250000    9.750000   clock uncertainty
                                  0.000000    9.750000   clock reconvergence pessimism
                                 -2.000000    7.750000   output external delay
                                              7.750000   data required time
---------------------------------------------------------------------------------------------
                                              7.750000   data required time
                                             -3.799156   data arrival time
---------------------------------------------------------------------------------------------
                                              3.950844   slack (MET)


Startpoint: opcode[1] (input port clocked by __VIRTUAL_CLK__)
Endpoint: result[3] (output port clocked by __VIRTUAL_CLK__)
Path Group: __VIRTUAL_CLK__
Path Type: max

Fanout         Cap        Slew       Delay        Time   Description
---------------------------------------------------------------------------------------------
                      0.000000    0.000000    0.000000   clock __VIRTUAL_CLK__ (rise edge)
                                  0.000000    0.000000   clock network delay (ideal)
                                  2.000000    2.000000 v input external delay
     1    0.006161    0.010110    0.005853    2.005853 v opcode[1] (in)
                                                         opcode[1] (net)
                      0.010115    0.000000    2.005853 v input18/A (sky130_fd_sc_hd__buf_6)
     2    0.009304    0.018561    0.069235    2.075089 v input18/X (sky130_fd_sc_hd__buf_6)
                                                         net18 (net)
                      0.018561    0.000169    2.075257 v fanout31/A (sky130_fd_sc_hd__buf_6)
     2    0.010383    0.019179    0.073415    2.148673 v fanout31/X (sky130_fd_sc_hd__buf_6)
                                                         net31 (net)
                      0.019186    0.000535    2.149208 v _097_/A (sky130_fd_sc_hd__or3b_4)
     2    0.009088    0.052545    0.252649    2.401857 v _097_/X (sky130_fd_sc_hd__or3b_4)
                                                         _032_ (net)
                      0.052545    0.000251    2.402108 v max_cap30/A (sky130_fd_sc_hd__buf_8)
     3    0.016816    0.021712    0.093140    2.495248 v max_cap30/X (sky130_fd_sc_hd__buf_8)
                                                         net30 (net)
                      0.021712    0.000614    2.495862 v _116_/B (sky130_fd_sc_hd__xor2_2)
     2    0.013381    0.151095    0.140243    2.636105 ^ _116_/X (sky130_fd_sc_hd__xor2_2)
                                                         _051_ (net)
                      0.151095    0.000322    2.636427 ^ _117_/A_N (sky130_fd_sc_hd__and2b_2)
     1    0.007169    0.033776    0.156773    2.793199 v _117_/X (sky130_fd_sc_hd__and2b_2)
                                                         _052_ (net)
                      0.033794    0.000329    2.793528 v _121_/B1 (sky130_fd_sc_hd__a21o_4)
     4    0.016992    0.036920    0.103549    2.897077 v _121_/X (sky130_fd_sc_hd__a21o_4)
                                                         _056_ (net)
                      0.036933    0.000681    2.897758 v rebuffer38/A (sky130_fd_sc_hd__buf_2)
     1    0.005363    0.021177    0.083360    2.981118 v rebuffer38/X (sky130_fd_sc_hd__buf_2)
                                                         net38 (net)
                      0.021183    0.000128    2.981246 v _162_/A2 (sky130_fd_sc_hd__a21oi_2)
     2    0.007589    0.092949    0.110349    3.091595 ^ _162_/Y (sky130_fd_sc_hd__a21oi_2)
                                                         _000_ (net)
                      0.092949    0.000220    3.091816 ^ _163_/A2 (sky130_fd_sc_hd__a21oi_2)
     1    0.003203    0.042279    0.037636    3.129452 v _163_/Y (sky130_fd_sc_hd__a21oi_2)
                                                         _001_ (net)
                      0.042279    0.000077    3.129529 v _166_/B1 (sky130_fd_sc_hd__o221a_2)
     1    0.002501    0.030598    0.154168    3.283698 v _166_/X (sky130_fd_sc_hd__o221a_2)
                                                         _004_ (net)
                      0.030598    0.000080    3.283777 v _167_/A1_N (sky130_fd_sc_hd__o2bb2a_2)
     2    0.008732    0.047096    0.157478    3.441256 ^ _167_/X (sky130_fd_sc_hd__o2bb2a_2)
                                                         net24 (net)
                      0.047096    0.000115    3.441371 ^ output24/A (sky130_fd_sc_hd__clkdlybuf4s25_1)
     1    0.034847    0.263470    0.342079    3.783450 ^ output24/X (sky130_fd_sc_hd__clkdlybuf4s25_1)
                                                         result[3] (net)
                      0.263470    0.000804    3.784253 ^ result[3] (out)
                                              3.784253   data arrival time

                      0.000000   10.000000   10.000000   clock __VIRTUAL_CLK__ (rise edge)
                                  0.000000   10.000000   clock network delay (ideal)
                                 -0.250000    9.750000   clock uncertainty
                                  0.000000    9.750000   clock reconvergence pessimism
                                 -2.000000    7.750000   output external delay
                                              7.750000   data required time
---------------------------------------------------------------------------------------------
                                              7.750000   data required time
                                             -3.784253   data arrival time
---------------------------------------------------------------------------------------------
                                              3.965746   slack (MET)


Startpoint: opcode[1] (input port clocked by __VIRTUAL_CLK__)
Endpoint: result[2] (output port clocked by __VIRTUAL_CLK__)
Path Group: __VIRTUAL_CLK__
Path Type: max

Fanout         Cap        Slew       Delay        Time   Description
---------------------------------------------------------------------------------------------
                      0.000000    0.000000    0.000000   clock __VIRTUAL_CLK__ (rise edge)
                                  0.000000    0.000000   clock network delay (ideal)
                                  2.000000    2.000000 v input external delay
     1    0.006161    0.010110    0.005853    2.005853 v opcode[1] (in)
                                                         opcode[1] (net)
                      0.010115    0.000000    2.005853 v input18/A (sky130_fd_sc_hd__buf_6)
     2    0.009304    0.018561    0.069235    2.075089 v input18/X (sky130_fd_sc_hd__buf_6)
                                                         net18 (net)
                      0.018561    0.000169    2.075257 v fanout31/A (sky130_fd_sc_hd__buf_6)
     2    0.010383    0.019179    0.073415    2.148673 v fanout31/X (sky130_fd_sc_hd__buf_6)
                                                         net31 (net)
                      0.019186    0.000535    2.149208 v _097_/A (sky130_fd_sc_hd__or3b_4)
     2    0.009088    0.052545    0.252649    2.401857 v _097_/X (sky130_fd_sc_hd__or3b_4)
                                                         _032_ (net)
                      0.052545    0.000251    2.402108 v max_cap30/A (sky130_fd_sc_hd__buf_8)
     3    0.016816    0.021712    0.093140    2.495248 v max_cap30/X (sky130_fd_sc_hd__buf_8)
                                                         net30 (net)
                      0.021712    0.000395    2.495643 v rebuffer39/A (sky130_fd_sc_hd__buf_2)
     2    0.015892    0.036002    0.095317    2.590960 v rebuffer39/X (sky130_fd_sc_hd__buf_2)
                                                         net39 (net)
                      0.036004    0.000328    2.591288 v _111_/B (sky130_fd_sc_hd__xor2_2)
     3    0.009338    0.048939    0.105494    2.696782 v _111_/X (sky130_fd_sc_hd__xor2_2)
                                                         _046_ (net)
                      0.048939    0.000118    2.696900 v _114_/B (sky130_fd_sc_hd__and2_2)
     1    0.004856    0.030680    0.132154    2.829055 v _114_/X (sky130_fd_sc_hd__and2_2)
                                                         _049_ (net)
                      0.030680    0.000154    2.829208 v _115_/B (sky130_fd_sc_hd__nor2_2)
     5    0.022715    0.187480    0.160600    2.989809 ^ _115_/Y (sky130_fd_sc_hd__nor2_2)
                                                         _050_ (net)
                      0.187485    0.000866    2.990675 ^ _157_/A1 (sky130_fd_sc_hd__a21oi_2)
     1    0.003872    0.045984    0.034247    3.024922 v _157_/Y (sky130_fd_sc_hd__a21oi_2)
                                                         _088_ (net)
                      0.045984    0.000099    3.025021 v _158_/B1 (sky130_fd_sc_hd__o21a_2)
     1    0.003909    0.026772    0.080720    3.105740 v _158_/X (sky130_fd_sc_hd__o21a_2)
                                                         _089_ (net)
                      0.026772    0.000126    3.105866 v _161_/A1 (sky130_fd_sc_hd__o32a_2)
     2    0.005017    0.042570    0.231202    3.337068 v _161_/X (sky130_fd_sc_hd__o32a_2)
                                                         net23 (net)
                      0.042570    0.000125    3.337193 v output23/A (sky130_fd_sc_hd__clkdlybuf4s25_1)
     1    0.035388    0.180461    0.298924    3.636117 v output23/X (sky130_fd_sc_hd__clkdlybuf4s25_1)
                                                         result[2] (net)
                      0.180469    0.001427    3.637543 v result[2] (out)
                                              3.637543   data arrival time

                      0.000000   10.000000   10.000000   clock __VIRTUAL_CLK__ (rise edge)
                                  0.000000   10.000000   clock network delay (ideal)
                                 -0.250000    9.750000   clock uncertainty
                                  0.000000    9.750000   clock reconvergence pessimism
                                 -2.000000    7.750000   output external delay
                                              7.750000   data required time
---------------------------------------------------------------------------------------------
                                              7.750000   data required time
                                             -3.637543   data arrival time
---------------------------------------------------------------------------------------------
                                              4.112457   slack (MET)


Startpoint: opcode[1] (input port clocked by __VIRTUAL_CLK__)
Endpoint: result[1] (output port clocked by __VIRTUAL_CLK__)
Path Group: __VIRTUAL_CLK__
Path Type: max

Fanout         Cap        Slew       Delay        Time   Description
---------------------------------------------------------------------------------------------
                      0.000000    0.000000    0.000000   clock __VIRTUAL_CLK__ (rise edge)
                                  0.000000    0.000000   clock network delay (ideal)
                                  2.000000    2.000000 v input external delay
     1    0.006161    0.010110    0.005853    2.005853 v opcode[1] (in)
                                                         opcode[1] (net)
                      0.010115    0.000000    2.005853 v input18/A (sky130_fd_sc_hd__buf_6)
     2    0.009304    0.018561    0.069235    2.075089 v input18/X (sky130_fd_sc_hd__buf_6)
                                                         net18 (net)
                      0.018561    0.000169    2.075257 v fanout31/A (sky130_fd_sc_hd__buf_6)
     2    0.010383    0.019179    0.073415    2.148673 v fanout31/X (sky130_fd_sc_hd__buf_6)
                                                         net31 (net)
                      0.019186    0.000535    2.149208 v _097_/A (sky130_fd_sc_hd__or3b_4)
     2    0.009088    0.052545    0.252649    2.401857 v _097_/X (sky130_fd_sc_hd__or3b_4)
                                                         _032_ (net)
                      0.052545    0.000251    2.402108 v max_cap30/A (sky130_fd_sc_hd__buf_8)
     3    0.016816    0.021712    0.093140    2.495248 v max_cap30/X (sky130_fd_sc_hd__buf_8)
                                                         net30 (net)
                      0.021712    0.000614    2.495862 v _116_/B (sky130_fd_sc_hd__xor2_2)
     2    0.012543    0.054305    0.105846    2.601707 v _116_/X (sky130_fd_sc_hd__xor2_2)
                                                         _051_ (net)
                      0.054307    0.000333    2.602040 v _118_/A (sky130_fd_sc_hd__xnor2_2)
     4    0.016024    0.183315    0.192094    2.794134 ^ _118_/Y (sky130_fd_sc_hd__xnor2_2)
                                                         _053_ (net)
                      0.183370    0.000385    2.794520 ^ _152_/A1 (sky130_fd_sc_hd__a21oi_2)
     1    0.002799    0.042561    0.030254    2.824773 v _152_/Y (sky130_fd_sc_hd__a21oi_2)
                                                         _084_ (net)
                      0.042561    0.000060    2.824833 v _153_/B1 (sky130_fd_sc_hd__o21a_2)
     1    0.004751    0.028773    0.081247    2.906080 v _153_/X (sky130_fd_sc_hd__o21a_2)
                                                         _085_ (net)
                      0.028773    0.000168    2.906247 v _156_/A (sky130_fd_sc_hd__or3_2)
     2    0.005890    0.057947    0.291095    3.197342 v _156_/X (sky130_fd_sc_hd__or3_2)
                                                         net22 (net)
                      0.057947    0.000133    3.197475 v output22/A (sky130_fd_sc_hd__clkdlybuf4s25_1)
     1    0.035169    0.178992    0.304929    3.502404 v output22/X (sky130_fd_sc_hd__clkdlybuf4s25_1)
                                                         result[1] (net)
                      0.178994    0.000843    3.503247 v result[1] (out)
                                              3.503247   data arrival time

                      0.000000   10.000000   10.000000   clock __VIRTUAL_CLK__ (rise edge)
                                  0.000000   10.000000   clock network delay (ideal)
                                 -0.250000    9.750000   clock uncertainty
                                  0.000000    9.750000   clock reconvergence pessimism
                                 -2.000000    7.750000   output external delay
                                              7.750000   data required time
---------------------------------------------------------------------------------------------
                                              7.750000   data required time
                                             -3.503247   data arrival time
---------------------------------------------------------------------------------------------
                                              4.246753   slack (MET)


Startpoint: opcode[1] (input port clocked by __VIRTUAL_CLK__)
Endpoint: result[0] (output port clocked by __VIRTUAL_CLK__)
Path Group: __VIRTUAL_CLK__
Path Type: max

Fanout         Cap        Slew       Delay        Time   Description
---------------------------------------------------------------------------------------------
                      0.000000    0.000000    0.000000   clock __VIRTUAL_CLK__ (rise edge)
                                  0.000000    0.000000   clock network delay (ideal)
                                  2.000000    2.000000 v input external delay
     1    0.006161    0.010110    0.005853    2.005853 v opcode[1] (in)
                                                         opcode[1] (net)
                      0.010115    0.000000    2.005853 v input18/A (sky130_fd_sc_hd__buf_6)
     2    0.009304    0.018561    0.069235    2.075089 v input18/X (sky130_fd_sc_hd__buf_6)
                                                         net18 (net)
                      0.018561    0.000169    2.075257 v fanout31/A (sky130_fd_sc_hd__buf_6)
     2    0.010383    0.019179    0.073415    2.148673 v fanout31/X (sky130_fd_sc_hd__buf_6)
                                                         net31 (net)
                      0.019179    0.000276    2.148949 v rebuffer34/A (sky130_fd_sc_hd__buf_2)
     9    0.036715    0.066722    0.121208    2.270157 v rebuffer34/X (sky130_fd_sc_hd__buf_2)
                                                         net34 (net)
                      0.066789    0.001987    2.272144 v _135_/B (sky130_fd_sc_hd__and3b_2)
     2    0.005627    0.033419    0.145322    2.417465 v _135_/X (sky130_fd_sc_hd__and3b_2)
                                                         _070_ (net)
                      0.033419    0.000148    2.417614 v _148_/B1 (sky130_fd_sc_hd__o22a_2)
     1    0.004779    0.030130    0.128321    2.545935 v _148_/X (sky130_fd_sc_hd__o22a_2)
                                                         _081_ (net)
                      0.030130    0.000178    2.546112 v _151_/A1 (sky130_fd_sc_hd__o32a_2)
     2    0.006349    0.044664    0.236408    2.782520 v _151_/X (sky130_fd_sc_hd__o32a_2)
                                                         net21 (net)
                      0.044664    0.000184    2.782704 v output21/A (sky130_fd_sc_hd__clkdlybuf4s25_1)
     1    0.035083    0.178745    0.299108    3.081811 v output21/X (sky130_fd_sc_hd__clkdlybuf4s25_1)
                                                         result[0] (net)
                      0.178747    0.000838    3.082649 v result[0] (out)
                                              3.082649   data arrival time

                      0.000000   10.000000   10.000000   clock __VIRTUAL_CLK__ (rise edge)
                                  0.000000   10.000000   clock network delay (ideal)
                                 -0.250000    9.750000   clock uncertainty
                                  0.000000    9.750000   clock reconvergence pessimism
                                 -2.000000    7.750000   output external delay
                                              7.750000   data required time
---------------------------------------------------------------------------------------------
                                              7.750000   data required time
                                             -3.082649   data arrival time
---------------------------------------------------------------------------------------------
                                              4.667351   slack (MET)



%OL_END_REPORT
%OL_CREATE_REPORT checks.rpt

===========================================================================
report_checks -unconstrained
===========================================================================
======================= nom_ff_n40C_1v95 Corner ===================================

Startpoint: opcode[1] (input port clocked by __VIRTUAL_CLK__)
Endpoint: overflow (output port clocked by __VIRTUAL_CLK__)
Path Group: __VIRTUAL_CLK__
Path Type: max

Fanout         Cap        Slew       Delay        Time   Description
---------------------------------------------------------------------------------------------
                      0.000000    0.000000    0.000000   clock __VIRTUAL_CLK__ (rise edge)
                                  0.000000    0.000000   clock network delay (ideal)
                                  2.000000    2.000000 v input external delay
     1    0.006161    0.010110    0.005853    2.005853 v opcode[1] (in)
                                                         opcode[1] (net)
                      0.010115    0.000000    2.005853 v input18/A (sky130_fd_sc_hd__buf_6)
     2    0.009304    0.018561    0.069235    2.075089 v input18/X (sky130_fd_sc_hd__buf_6)
                                                         net18 (net)
                      0.018561    0.000169    2.075257 v fanout31/A (sky130_fd_sc_hd__buf_6)
     2    0.010383    0.019179    0.073415    2.148673 v fanout31/X (sky130_fd_sc_hd__buf_6)
                                                         net31 (net)
                      0.019186    0.000535    2.149208 v _097_/A (sky130_fd_sc_hd__or3b_4)
     2    0.009088    0.052545    0.252649    2.401857 v _097_/X (sky130_fd_sc_hd__or3b_4)
                                                         _032_ (net)
                      0.052545    0.000251    2.402108 v max_cap30/A (sky130_fd_sc_hd__buf_8)
     3    0.016816    0.021712    0.093140    2.495248 v max_cap30/X (sky130_fd_sc_hd__buf_8)
                                                         net30 (net)
                      0.021712    0.000614    2.495862 v _116_/B (sky130_fd_sc_hd__xor2_2)
     2    0.013381    0.151095    0.140243    2.636105 ^ _116_/X (sky130_fd_sc_hd__xor2_2)
                                                         _051_ (net)
                      0.151095    0.000322    2.636427 ^ _117_/A_N (sky130_fd_sc_hd__and2b_2)
     1    0.007169    0.033776    0.156773    2.793199 v _117_/X (sky130_fd_sc_hd__and2b_2)
                                                         _052_ (net)
                      0.033794    0.000329    2.793528 v _121_/B1 (sky130_fd_sc_hd__a21o_4)
     4    0.016992    0.036920    0.103549    2.897077 v _121_/X (sky130_fd_sc_hd__a21o_4)
                                                         _056_ (net)
                      0.036930    0.000612    2.897689 v _125_/A3 (sky130_fd_sc_hd__a31o_4)
     3    0.012330    0.034584    0.170449    3.068138 v _125_/X (sky130_fd_sc_hd__a31o_4)
                                                         _060_ (net)
                      0.034589    0.000439    3.068577 v _127_/A1 (sky130_fd_sc_hd__a2111o_2)
     2    0.007316    0.052740    0.274308    3.342885 v _127_/X (sky130_fd_sc_hd__a2111o_2)
                                                         _062_ (net)
                      0.052740    0.000245    3.343130 v _141_/B (sky130_fd_sc_hd__and3_4)
     1    0.002721    0.023056    0.115298    3.458428 v _141_/X (sky130_fd_sc_hd__and3_4)
                                                         _076_ (net)
                      0.023056    0.000059    3.458487 v _142_/B (sky130_fd_sc_hd__or4b_4)
     3    0.014654    0.070845    0.338044    3.796531 v _142_/X (sky130_fd_sc_hd__or4b_4)
                                                         _077_ (net)
                      0.070845    0.000468    3.796999 v _145_/A1 (sky130_fd_sc_hd__a21o_2)
     1    0.004841    0.028937    0.140343    3.937342 v _145_/X (sky130_fd_sc_hd__a21o_2)
                                                         _079_ (net)
                      0.028979    0.000188    3.937530 v _146_/C (sky130_fd_sc_hd__and3_4)
     1    0.007583    0.028321    0.120661    4.058191 v _146_/X (sky130_fd_sc_hd__and3_4)
                                                         net20 (net)
                      0.028321    0.000266    4.058458 v output20/A (sky130_fd_sc_hd__buf_8)
     1    0.034884    0.030047    0.092172    4.150630 v output20/X (sky130_fd_sc_hd__buf_8)
                                                         overflow (net)
                      0.030067    0.000747    4.151376 v overflow (out)
                                              4.151376   data arrival time

                      0.000000   10.000000   10.000000   clock __VIRTUAL_CLK__ (rise edge)
                                  0.000000   10.000000   clock network delay (ideal)
                                 -0.250000    9.750000   clock uncertainty
                                  0.000000    9.750000   clock reconvergence pessimism
                                 -2.000000    7.750000   output external delay
                                              7.750000   data required time
---------------------------------------------------------------------------------------------
                                              7.750000   data required time
                                             -4.151376   data arrival time
---------------------------------------------------------------------------------------------
                                              3.598624   slack (MET)




===========================================================================
report_checks --slack_max -0.01
============================================================================
======================= nom_ff_n40C_1v95 Corner ===================================

No paths found.


===========================================================================
 report_check_types -max_slew -max_cap -max_fanout -violators
============================================================================
======================= nom_ff_n40C_1v95 Corner ===================================



===========================================================================
report_parasitic_annotation -report_unannotated
============================================================================
Found 0 unannotated drivers.
Found 0 partially unannotated drivers.

===========================================================================
max slew violation count 0
%OL_METRIC_I design__max_slew_violation__count__corner:nom_ff_n40C_1v95 0
max fanout violation count 0
%OL_METRIC_I design__max_fanout_violation__count__corner:nom_ff_n40C_1v95 0
max cap violation count 0
%OL_METRIC_I design__max_cap_violation__count__corner:nom_ff_n40C_1v95 0
============================================================================

===========================================================================
check_setup -verbose -unconstrained_endpoints -multiple_clock -no_clock -no_input_delay -loops -generated_clocks
===========================================================================
%OL_END_REPORT
%OL_CREATE_REPORT power.rpt

===========================================================================
 report_power
============================================================================
======================= nom_ff_n40C_1v95 Corner ===================================

Group                    Internal    Switching      Leakage        Total
                            Power        Power        Power        Power (Watts)
------------------------------------------------------------------------
Sequential           0.000000e+00 0.000000e+00 0.000000e+00 0.000000e+00   0.0%
Combinational        5.004096e-05 5.563726e-05 1.555837e-09 1.056798e-04 100.0%
Clock                0.000000e+00 0.000000e+00 4.106706e-10 4.106706e-10   0.0%
Macro                0.000000e+00 0.000000e+00 0.000000e+00 0.000000e+00   0.0%
Pad                  0.000000e+00 0.000000e+00 0.000000e+00 0.000000e+00   0.0%
------------------------------------------------------------------------
Total                5.004096e-05 5.563726e-05 1.966507e-09 1.056802e-04 100.0%
                            47.4%        52.6%         0.0%
%OL_METRIC_F power__internal__total 5.0040958740282804e-5
%OL_METRIC_F power__switching__total 5.5637261539231986e-5
%OL_METRIC_F power__leakage__total 1.9665069572738503e-9
%OL_METRIC_F power__total 0.00010568018478807062

%OL_END_REPORT
%OL_CREATE_REPORT skew.min.rpt

===========================================================================
Clock Skew (Hold)
============================================================================
%OL_METRIC_F clock__skew__worst_hold__corner:nom_ff_n40C_1v95 0.0
======================= nom_ff_n40C_1v95 Corner ===================================

Clock __VIRTUAL_CLK__
No launch/capture paths found.

%OL_END_REPORT
%OL_CREATE_REPORT skew.max.rpt

===========================================================================
Clock Skew (Setup)
============================================================================
%OL_METRIC_F clock__skew__worst_setup__corner:nom_ff_n40C_1v95 0.0
======================= nom_ff_n40C_1v95 Corner ===================================

Clock __VIRTUAL_CLK__
No launch/capture paths found.

%OL_END_REPORT
%OL_CREATE_REPORT ws.min.rpt

===========================================================================
Worst Slack (Hold)
============================================================================
%OL_METRIC_F timing__hold__ws__corner:nom_ff_n40C_1v95 4.170477414787882
nom_ff_n40C_1v95: 4.170477414787882
%OL_END_REPORT
%OL_CREATE_REPORT ws.max.rpt

===========================================================================
Worst Slack (Setup)
============================================================================
%OL_METRIC_F timing__setup__ws__corner:nom_ff_n40C_1v95 3.59862372309083
nom_ff_n40C_1v95: 3.59862372309083
%OL_END_REPORT
%OL_CREATE_REPORT tns.min.rpt

===========================================================================
Total Negative Slack (Hold)
============================================================================
%OL_METRIC_F timing__hold__tns__corner:nom_ff_n40C_1v95 0.0
nom_ff_n40C_1v95: 0.0
%OL_END_REPORT
%OL_CREATE_REPORT tns.max.rpt

===========================================================================
Total Negative Slack (Setup)
============================================================================
%OL_METRIC_F timing__setup__tns__corner:nom_ff_n40C_1v95 0.0
nom_ff_n40C_1v95: 0.0
%OL_END_REPORT
%OL_CREATE_REPORT wns.min.rpt

===========================================================================
Worst Negative Slack (Hold)
============================================================================
%OL_METRIC_F timing__hold__wns__corner:nom_ff_n40C_1v95 0
nom_ff_n40C_1v95: 0
%OL_END_REPORT
%OL_CREATE_REPORT wns.max.rpt

===========================================================================
Worst Negative Slack (Setup)
============================================================================
%OL_METRIC_F timing__setup__wns__corner:nom_ff_n40C_1v95 0.0
nom_ff_n40C_1v95: 0.0
%OL_END_REPORT
%OL_CREATE_REPORT violator_list.rpt

===========================================================================
Violator List
============================================================================
%OL_METRIC_I timing__hold_vio__count__corner:nom_ff_n40C_1v95 0
%OL_METRIC_F timing__hold_r2r__ws__corner:nom_ff_n40C_1v95 inf
%OL_METRIC_I timing__hold_r2r_vio__count__corner:nom_ff_n40C_1v95 0
%OL_METRIC_I timing__setup_vio__count__corner:nom_ff_n40C_1v95 0
%OL_METRIC_F timing__setup_r2r__ws__corner:nom_ff_n40C_1v95 inf
%OL_METRIC_I timing__setup_r2r_vio__count__corner:nom_ff_n40C_1v95 0
%OL_END_REPORT
%OL_CREATE_REPORT unpropagated.rpt
__VIRTUAL_CLK__
%OL_END_REPORT
%OL_CREATE_REPORT clock.rpt
Clock: __VIRTUAL_CLK__
Sources: 
Generated: no
Virtual: yes
Propagated: no
Period: 10.000000

===========================================================================
report_clock_properties
============================================================================
Clock                   Period          Waveform
----------------------------------------------------
__VIRTUAL_CLK__      10.000000    0.000000  5.000000

===========================================================================
report_clock_latency
============================================================================
Clock __VIRTUAL_CLK__


===========================================================================
report_clock_min_period
============================================================================
__VIRTUAL_CLK__ period_min = 0.00 fmax = inf
%OL_END_REPORT
Writing SDF files for all corners…
Removing Clock latencies before writing libs…
Writing timing models for all corners…
Writing timing models for the nom_ff_n40C_1v95 corner to /home/thaituroblox/Desktop/8_BIT_COUNTER/Counter-8-Bit-/alu_project/runs/RUN_2026-09-26_04-41-42/55-openroad-stapostpnr/nom_ff_n40C_1v95/alu_8bit__nom_ff_n40C_1v95.lib…
