
===========================================================================
report_checks -path_delay max (Setup)
============================================================================
======================= nom_tt_025C_1v80 Corner ===================================

Startpoint: opcode[1] (input port clocked by __VIRTUAL_CLK__)
Endpoint: zero (output port clocked by __VIRTUAL_CLK__)
Path Group: __VIRTUAL_CLK__
Path Type: max

Fanout         Cap        Slew       Delay        Time   Description
---------------------------------------------------------------------------------------------
                      0.000000    0.000000    0.000000   clock __VIRTUAL_CLK__ (rise edge)
                                  0.000000    0.000000   clock network delay (ideal)
                                  2.000000    2.000000 v input external delay
     1    0.006309    0.016456    0.010771    2.010771 v opcode[1] (in)
                                                         opcode[1] (net)
                      0.016458    0.000000    2.010771 v input18/A (sky130_fd_sc_hd__buf_6)
     2    0.009101    0.024703    0.106768    2.117539 v input18/X (sky130_fd_sc_hd__buf_6)
                                                         net18 (net)
                      0.024703    0.000225    2.117764 v fanout31/A (sky130_fd_sc_hd__buf_6)
     2    0.007440    0.023541    0.108429    2.226192 v fanout31/X (sky130_fd_sc_hd__buf_6)
                                                         net31 (net)
                      0.023541    0.000314    2.226507 v _097_/A (sky130_fd_sc_hd__or3b_4)
     2    0.009145    0.075068    0.413297    2.639804 v _097_/X (sky130_fd_sc_hd__or3b_4)
                                                         _032_ (net)
                      0.075068    0.000201    2.640004 v max_cap30/A (sky130_fd_sc_hd__buf_8)
     3    0.014968    0.027783    0.139982    2.779987 v max_cap30/X (sky130_fd_sc_hd__buf_8)
                                                         net30 (net)
                      0.027783    0.000587    2.780574 v _116_/B (sky130_fd_sc_hd__xor2_2)
     2    0.013143    0.198472    0.193799    2.974374 ^ _116_/X (sky130_fd_sc_hd__xor2_2)
                                                         _051_ (net)
                      0.198472    0.000369    2.974743 ^ _117_/A_N (sky130_fd_sc_hd__and2b_2)
     1    0.006417    0.044368    0.265267    3.240010 v _117_/X (sky130_fd_sc_hd__and2b_2)
                                                         _052_ (net)
                      0.044368    0.000289    3.240299 v _121_/B1 (sky130_fd_sc_hd__a21o_4)
     4    0.016053    0.048544    0.209026    3.449324 v _121_/X (sky130_fd_sc_hd__a21o_4)
                                                         _056_ (net)
                      0.048551    0.000630    3.449955 v _125_/A3 (sky130_fd_sc_hd__a31o_4)
     3    0.012712    0.046330    0.263943    3.713897 v _125_/X (sky130_fd_sc_hd__a31o_4)
                                                         _060_ (net)
                      0.046375    0.000594    3.714491 v _127_/A1 (sky130_fd_sc_hd__a2111o_2)
     2    0.005921    0.071270    0.445766    4.160258 v _127_/X (sky130_fd_sc_hd__a2111o_2)
                                                         _062_ (net)
                      0.071270    0.000172    4.160429 v _141_/B (sky130_fd_sc_hd__and3_4)
     1    0.003323    0.031195    0.179972    4.340402 v _141_/X (sky130_fd_sc_hd__and3_4)
                                                         _076_ (net)
                      0.031195    0.000086    4.340487 v _142_/B (sky130_fd_sc_hd__or4b_4)
     3    0.013865    0.101336    0.563606    4.904094 v _142_/X (sky130_fd_sc_hd__or4b_4)
                                                         _077_ (net)
                      0.101336    0.000442    4.904536 v _144_/B1 (sky130_fd_sc_hd__o21a_4)
     2    0.009653    0.040474    0.152233    5.056769 v _144_/X (sky130_fd_sc_hd__o21a_4)
                                                         net28 (net)
                      0.040474    0.000171    5.056940 v _193_/B1 (sky130_fd_sc_hd__a211oi_2)
     1    0.005856    0.187413    0.225866    5.282806 ^ _193_/Y (sky130_fd_sc_hd__a211oi_2)
                                                         net29 (net)
                      0.187413    0.000163    5.282969 ^ output29/A (sky130_fd_sc_hd__buf_6)
     1    0.034718    0.078566    0.173768    5.456737 ^ output29/X (sky130_fd_sc_hd__buf_6)
                                                         zero (net)
                      0.078577    0.000976    5.457713 ^ zero (out)
                                              5.457713   data arrival time

                      0.000000   10.000000   10.000000   clock __VIRTUAL_CLK__ (rise edge)
                                  0.000000   10.000000   clock network delay (ideal)
                                 -0.250000    9.750000   clock uncertainty
                                  0.000000    9.750000   clock reconvergence pessimism
                                 -2.000000    7.750000   output external delay
                                              7.750000   data required time
---------------------------------------------------------------------------------------------
                                              7.750000   data required time
                                             -5.457713   data arrival time
---------------------------------------------------------------------------------------------
                                              2.292287   slack (MET)


Startpoint: opcode[1] (input port clocked by __VIRTUAL_CLK__)
Endpoint: overflow (output port clocked by __VIRTUAL_CLK__)
Path Group: __VIRTUAL_CLK__
Path Type: max

Fanout         Cap        Slew       Delay        Time   Description
---------------------------------------------------------------------------------------------
                      0.000000    0.000000    0.000000   clock __VIRTUAL_CLK__ (rise edge)
                                  0.000000    0.000000   clock network delay (ideal)
                                  2.000000    2.000000 v input external delay
     1    0.006309    0.016456    0.010771    2.010771 v opcode[1] (in)
                                                         opcode[1] (net)
                      0.016458    0.000000    2.010771 v input18/A (sky130_fd_sc_hd__buf_6)
     2    0.009101    0.024703    0.106768    2.117539 v input18/X (sky130_fd_sc_hd__buf_6)
                                                         net18 (net)
                      0.024703    0.000225    2.117764 v fanout31/A (sky130_fd_sc_hd__buf_6)
     2    0.007440    0.023541    0.108429    2.226192 v fanout31/X (sky130_fd_sc_hd__buf_6)
                                                         net31 (net)
                      0.023541    0.000314    2.226507 v _097_/A (sky130_fd_sc_hd__or3b_4)
     2    0.009145    0.075068    0.413297    2.639804 v _097_/X (sky130_fd_sc_hd__or3b_4)
                                                         _032_ (net)
                      0.075068    0.000201    2.640004 v max_cap30/A (sky130_fd_sc_hd__buf_8)
     3    0.014968    0.027783    0.139982    2.779987 v max_cap30/X (sky130_fd_sc_hd__buf_8)
                                                         net30 (net)
                      0.027783    0.000587    2.780574 v _116_/B (sky130_fd_sc_hd__xor2_2)
     2    0.013143    0.198472    0.193799    2.974374 ^ _116_/X (sky130_fd_sc_hd__xor2_2)
                                                         _051_ (net)
                      0.198472    0.000369    2.974743 ^ _117_/A_N (sky130_fd_sc_hd__and2b_2)
     1    0.006417    0.044368    0.265267    3.240010 v _117_/X (sky130_fd_sc_hd__and2b_2)
                                                         _052_ (net)
                      0.044368    0.000289    3.240299 v _121_/B1 (sky130_fd_sc_hd__a21o_4)
     4    0.016053    0.048544    0.209026    3.449324 v _121_/X (sky130_fd_sc_hd__a21o_4)
                                                         _056_ (net)
                      0.048551    0.000630    3.449955 v _125_/A3 (sky130_fd_sc_hd__a31o_4)
     3    0.012712    0.046330    0.263943    3.713897 v _125_/X (sky130_fd_sc_hd__a31o_4)
                                                         _060_ (net)
                      0.046375    0.000594    3.714491 v _127_/A1 (sky130_fd_sc_hd__a2111o_2)
     2    0.005921    0.071270    0.445766    4.160258 v _127_/X (sky130_fd_sc_hd__a2111o_2)
                                                         _062_ (net)
                      0.071270    0.000172    4.160429 v _141_/B (sky130_fd_sc_hd__and3_4)
     1    0.003323    0.031195    0.179972    4.340402 v _141_/X (sky130_fd_sc_hd__and3_4)
                                                         _076_ (net)
                      0.031195    0.000086    4.340487 v _142_/B (sky130_fd_sc_hd__or4b_4)
     3    0.013865    0.101336    0.563606    4.904094 v _142_/X (sky130_fd_sc_hd__or4b_4)
                                                         _077_ (net)
                      0.101336    0.000429    4.904523 v _145_/A1 (sky130_fd_sc_hd__a21o_2)
     1    0.003952    0.036895    0.218706    5.123229 v _145_/X (sky130_fd_sc_hd__a21o_2)
                                                         _079_ (net)
                      0.036895    0.000153    5.123382 v _146_/C (sky130_fd_sc_hd__and3_4)
     1    0.008647    0.038128    0.186927    5.310310 v _146_/X (sky130_fd_sc_hd__and3_4)
                                                         net20 (net)
                      0.038128    0.000398    5.310708 v output20/A (sky130_fd_sc_hd__buf_8)
     1    0.035251    0.040587    0.137844    5.448551 v output20/X (sky130_fd_sc_hd__buf_8)
                                                         overflow (net)
                      0.040615    0.001019    5.449570 v overflow (out)
                                              5.449570   data arrival time

                      0.000000   10.000000   10.000000   clock __VIRTUAL_CLK__ (rise edge)
                                  0.000000   10.000000   clock network delay (ideal)
                                 -0.250000    9.750000   clock uncertainty
                                  0.000000    9.750000   clock reconvergence pessimism
                                 -2.000000    7.750000   output external delay
                                              7.750000   data required time
---------------------------------------------------------------------------------------------
                                              7.750000   data required time
                                             -5.449570   data arrival time
---------------------------------------------------------------------------------------------
                                              2.300430   slack (MET)


Startpoint: opcode[1] (input port clocked by __VIRTUAL_CLK__)
Endpoint: result[7] (output port clocked by __VIRTUAL_CLK__)
Path Group: __VIRTUAL_CLK__
Path Type: max

Fanout         Cap        Slew       Delay        Time   Description
---------------------------------------------------------------------------------------------
                      0.000000    0.000000    0.000000   clock __VIRTUAL_CLK__ (rise edge)
                                  0.000000    0.000000   clock network delay (ideal)
                                  2.000000    2.000000 v input external delay
     1    0.006309    0.016456    0.010771    2.010771 v opcode[1] (in)
                                                         opcode[1] (net)
                      0.016458    0.000000    2.010771 v input18/A (sky130_fd_sc_hd__buf_6)
     2    0.009101    0.024703    0.106768    2.117539 v input18/X (sky130_fd_sc_hd__buf_6)
                                                         net18 (net)
                      0.024703    0.000225    2.117764 v fanout31/A (sky130_fd_sc_hd__buf_6)
     2    0.007440    0.023541    0.108429    2.226192 v fanout31/X (sky130_fd_sc_hd__buf_6)
                                                         net31 (net)
                      0.023541    0.000314    2.226507 v _097_/A (sky130_fd_sc_hd__or3b_4)
     2    0.009145    0.075068    0.413297    2.639804 v _097_/X (sky130_fd_sc_hd__or3b_4)
                                                         _032_ (net)
                      0.075068    0.000201    2.640004 v max_cap30/A (sky130_fd_sc_hd__buf_8)
     3    0.014968    0.027783    0.139982    2.779987 v max_cap30/X (sky130_fd_sc_hd__buf_8)
                                                         net30 (net)
                      0.027783    0.000587    2.780574 v _116_/B (sky130_fd_sc_hd__xor2_2)
     2    0.013143    0.198472    0.193799    2.974374 ^ _116_/X (sky130_fd_sc_hd__xor2_2)
                                                         _051_ (net)
                      0.198472    0.000369    2.974743 ^ _117_/A_N (sky130_fd_sc_hd__and2b_2)
     1    0.006417    0.044368    0.265267    3.240010 v _117_/X (sky130_fd_sc_hd__and2b_2)
                                                         _052_ (net)
                      0.044368    0.000289    3.240299 v _121_/B1 (sky130_fd_sc_hd__a21o_4)
     4    0.016053    0.048544    0.209026    3.449324 v _121_/X (sky130_fd_sc_hd__a21o_4)
                                                         _056_ (net)
                      0.048551    0.000630    3.449955 v _125_/A3 (sky130_fd_sc_hd__a31o_4)
     3    0.012712    0.046330    0.263943    3.713897 v _125_/X (sky130_fd_sc_hd__a31o_4)
                                                         _060_ (net)
                      0.046375    0.000594    3.714491 v _127_/A1 (sky130_fd_sc_hd__a2111o_2)
     2    0.005921    0.071270    0.445766    4.160258 v _127_/X (sky130_fd_sc_hd__a2111o_2)
                                                         _062_ (net)
                      0.071270    0.000172    4.160429 v _141_/B (sky130_fd_sc_hd__and3_4)
     1    0.003323    0.031195    0.179972    4.340402 v _141_/X (sky130_fd_sc_hd__and3_4)
                                                         _076_ (net)
                      0.031195    0.000086    4.340487 v _142_/B (sky130_fd_sc_hd__or4b_4)
     3    0.013865    0.101336    0.563606    4.904094 v _142_/X (sky130_fd_sc_hd__or4b_4)
                                                         _077_ (net)
                      0.101336    0.000442    4.904536 v _144_/B1 (sky130_fd_sc_hd__o21a_4)
     2    0.009653    0.040474    0.152233    5.056769 v _144_/X (sky130_fd_sc_hd__o21a_4)
                                                         net28 (net)
                      0.040474    0.000199    5.056968 v output28/A (sky130_fd_sc_hd__buf_6)
     1    0.034611    0.043948    0.141437    5.198405 v output28/X (sky130_fd_sc_hd__buf_6)
                                                         result[7] (net)
                      0.043971    0.000960    5.199365 v result[7] (out)
                                              5.199365   data arrival time

                      0.000000   10.000000   10.000000   clock __VIRTUAL_CLK__ (rise edge)
                                  0.000000   10.000000   clock network delay (ideal)
                                 -0.250000    9.750000   clock uncertainty
                                  0.000000    9.750000   clock reconvergence pessimism
                                 -2.000000    7.750000   output external delay
                                              7.750000   data required time
---------------------------------------------------------------------------------------------
                                              7.750000   data required time
                                             -5.199365   data arrival time
---------------------------------------------------------------------------------------------
                                              2.550635   slack (MET)


Startpoint: opcode[1] (input port clocked by __VIRTUAL_CLK__)
Endpoint: result[5] (output port clocked by __VIRTUAL_CLK__)
Path Group: __VIRTUAL_CLK__
Path Type: max

Fanout         Cap        Slew       Delay        Time   Description
---------------------------------------------------------------------------------------------
                      0.000000    0.000000    0.000000   clock __VIRTUAL_CLK__ (rise edge)
                                  0.000000    0.000000   clock network delay (ideal)
                                  2.000000    2.000000 v input external delay
     1    0.006309    0.016456    0.010771    2.010771 v opcode[1] (in)
                                                         opcode[1] (net)
                      0.016458    0.000000    2.010771 v input18/A (sky130_fd_sc_hd__buf_6)
     2    0.009101    0.024703    0.106768    2.117539 v input18/X (sky130_fd_sc_hd__buf_6)
                                                         net18 (net)
                      0.024703    0.000225    2.117764 v fanout31/A (sky130_fd_sc_hd__buf_6)
     2    0.007440    0.023541    0.108429    2.226192 v fanout31/X (sky130_fd_sc_hd__buf_6)
                                                         net31 (net)
                      0.023541    0.000314    2.226507 v _097_/A (sky130_fd_sc_hd__or3b_4)
     2    0.009145    0.075068    0.413297    2.639804 v _097_/X (sky130_fd_sc_hd__or3b_4)
                                                         _032_ (net)
                      0.075068    0.000201    2.640004 v max_cap30/A (sky130_fd_sc_hd__buf_8)
     3    0.014968    0.027783    0.139982    2.779987 v max_cap30/X (sky130_fd_sc_hd__buf_8)
                                                         net30 (net)
                      0.027783    0.000587    2.780574 v _116_/B (sky130_fd_sc_hd__xor2_2)
     2    0.013143    0.198472    0.193799    2.974374 ^ _116_/X (sky130_fd_sc_hd__xor2_2)
                                                         _051_ (net)
                      0.198472    0.000369    2.974743 ^ _117_/A_N (sky130_fd_sc_hd__and2b_2)
     1    0.006417    0.044368    0.265267    3.240010 v _117_/X (sky130_fd_sc_hd__and2b_2)
                                                         _052_ (net)
                      0.044368    0.000289    3.240299 v _121_/B1 (sky130_fd_sc_hd__a21o_4)
     4    0.016053    0.048544    0.209026    3.449324 v _121_/X (sky130_fd_sc_hd__a21o_4)
                                                         _056_ (net)
                      0.048551    0.000630    3.449955 v _125_/A3 (sky130_fd_sc_hd__a31o_4)
     3    0.012712    0.046330    0.263943    3.713897 v _125_/X (sky130_fd_sc_hd__a31o_4)
                                                         _060_ (net)
                      0.046374    0.000570    3.714468 v _126_/B (sky130_fd_sc_hd__and2_2)
     3    0.012164    0.057378    0.225093    3.939561 v _126_/X (sky130_fd_sc_hd__and2_2)
                                                         _061_ (net)
                      0.057378    0.000182    3.939743 v _176_/A2 (sky130_fd_sc_hd__o31a_2)
     1    0.002654    0.049462    0.333225    4.272968 v _176_/X (sky130_fd_sc_hd__o31a_2)
                                                         _012_ (net)
                      0.049462    0.000060    4.273028 v _179_/A2 (sky130_fd_sc_hd__a21o_2)
     2    0.005543    0.040640    0.226210    4.499238 v _179_/X (sky130_fd_sc_hd__a21o_2)
                                                         _015_ (net)
                      0.040640    0.000167    4.499405 v _180_/B (sky130_fd_sc_hd__and2_2)
     1    0.003226    0.037482    0.191306    4.690711 v _180_/X (sky130_fd_sc_hd__and2_2)
                                                         net26 (net)
                      0.037482    0.000111    4.690823 v output26/A (sky130_fd_sc_hd__dlymetal6s2s_1)
     1    0.035883    0.179085    0.262927    4.953751 v output26/X (sky130_fd_sc_hd__dlymetal6s2s_1)
                                                         result[5] (net)
                      0.179090    0.001267    4.955018 v result[5] (out)
                                              4.955018   data arrival time

                      0.000000   10.000000   10.000000   clock __VIRTUAL_CLK__ (rise edge)
                                  0.000000   10.000000   clock network delay (ideal)
                                 -0.250000    9.750000   clock uncertainty
                                  0.000000    9.750000   clock reconvergence pessimism
                                 -2.000000    7.750000   output external delay
                                              7.750000   data required time
---------------------------------------------------------------------------------------------
                                              7.750000   data required time
                                             -4.955018   data arrival time
---------------------------------------------------------------------------------------------
                                              2.794982   slack (MET)


Startpoint: opcode[1] (input port clocked by __VIRTUAL_CLK__)
Endpoint: result[6] (output port clocked by __VIRTUAL_CLK__)
Path Group: __VIRTUAL_CLK__
Path Type: max

Fanout         Cap        Slew       Delay        Time   Description
---------------------------------------------------------------------------------------------
                      0.000000    0.000000    0.000000   clock __VIRTUAL_CLK__ (rise edge)
                                  0.000000    0.000000   clock network delay (ideal)
                                  2.000000    2.000000 v input external delay
     1    0.006309    0.016456    0.010771    2.010771 v opcode[1] (in)
                                                         opcode[1] (net)
                      0.016458    0.000000    2.010771 v input18/A (sky130_fd_sc_hd__buf_6)
     2    0.009101    0.024703    0.106768    2.117539 v input18/X (sky130_fd_sc_hd__buf_6)
                                                         net18 (net)
                      0.024703    0.000225    2.117764 v fanout31/A (sky130_fd_sc_hd__buf_6)
     2    0.007440    0.023541    0.108429    2.226192 v fanout31/X (sky130_fd_sc_hd__buf_6)
                                                         net31 (net)
                      0.023541    0.000314    2.226507 v _097_/A (sky130_fd_sc_hd__or3b_4)
     2    0.009145    0.075068    0.413297    2.639804 v _097_/X (sky130_fd_sc_hd__or3b_4)
                                                         _032_ (net)
                      0.075068    0.000201    2.640004 v max_cap30/A (sky130_fd_sc_hd__buf_8)
     3    0.014968    0.027783    0.139982    2.779987 v max_cap30/X (sky130_fd_sc_hd__buf_8)
                                                         net30 (net)
                      0.027783    0.000587    2.780574 v _116_/B (sky130_fd_sc_hd__xor2_2)
     2    0.013143    0.198472    0.193799    2.974374 ^ _116_/X (sky130_fd_sc_hd__xor2_2)
                                                         _051_ (net)
                      0.198472    0.000369    2.974743 ^ _117_/A_N (sky130_fd_sc_hd__and2b_2)
     1    0.006417    0.044368    0.265267    3.240010 v _117_/X (sky130_fd_sc_hd__and2b_2)
                                                         _052_ (net)
                      0.044368    0.000289    3.240299 v _121_/B1 (sky130_fd_sc_hd__a21o_4)
     4    0.016053    0.048544    0.209026    3.449324 v _121_/X (sky130_fd_sc_hd__a21o_4)
                                                         _056_ (net)
                      0.048551    0.000630    3.449955 v _125_/A3 (sky130_fd_sc_hd__a31o_4)
     3    0.012712    0.046330    0.263943    3.713897 v _125_/X (sky130_fd_sc_hd__a31o_4)
                                                         _060_ (net)
                      0.046374    0.000570    3.714468 v _126_/B (sky130_fd_sc_hd__and2_2)
     3    0.012164    0.057378    0.225093    3.939561 v _126_/X (sky130_fd_sc_hd__and2_2)
                                                         _061_ (net)
                      0.057378    0.000209    3.939770 v _175_/A2 (sky130_fd_sc_hd__o21ai_2)
     3    0.011255    0.165478    0.176091    4.115861 ^ _175_/Y (sky130_fd_sc_hd__o21ai_2)
                                                         _011_ (net)
                      0.165478    0.000252    4.116113 ^ _185_/B (sky130_fd_sc_hd__nand3_2)
     1    0.003219    0.055296    0.091761    4.207874 v _185_/Y (sky130_fd_sc_hd__nand3_2)
                                                         _020_ (net)
                      0.055296    0.000082    4.207956 v _189_/A3 (sky130_fd_sc_hd__a31o_2)
     2    0.006787    0.046267    0.268939    4.476894 v _189_/X (sky130_fd_sc_hd__a31o_2)
                                                         _024_ (net)
                      0.046295    0.000125    4.477020 v _190_/B (sky130_fd_sc_hd__and2_2)
     1    0.002381    0.035323    0.189859    4.666879 v _190_/X (sky130_fd_sc_hd__and2_2)
                                                         net27 (net)
                      0.035323    0.000075    4.666954 v output27/A (sky130_fd_sc_hd__dlymetal6s2s_1)
     1    0.034854    0.174443    0.258440    4.925395 v output27/X (sky130_fd_sc_hd__dlymetal6s2s_1)
                                                         result[6] (net)
                      0.174447    0.001074    4.926469 v result[6] (out)
                                              4.926469   data arrival time

                      0.000000   10.000000   10.000000   clock __VIRTUAL_CLK__ (rise edge)
                                  0.000000   10.000000   clock network delay (ideal)
                                 -0.250000    9.750000   clock uncertainty
                                  0.000000    9.750000   clock reconvergence pessimism
                                 -2.000000    7.750000   output external delay
                                              7.750000   data required time
---------------------------------------------------------------------------------------------
                                              7.750000   data required time
                                             -4.926469   data arrival time
---------------------------------------------------------------------------------------------
                                              2.823531   slack (MET)


Startpoint: opcode[1] (input port clocked by __VIRTUAL_CLK__)
Endpoint: result[3] (output port clocked by __VIRTUAL_CLK__)
Path Group: __VIRTUAL_CLK__
Path Type: max

Fanout         Cap        Slew       Delay        Time   Description
---------------------------------------------------------------------------------------------
                      0.000000    0.000000    0.000000   clock __VIRTUAL_CLK__ (rise edge)
                                  0.000000    0.000000   clock network delay (ideal)
                                  2.000000    2.000000 v input external delay
     1    0.006309    0.016456    0.010771    2.010771 v opcode[1] (in)
                                                         opcode[1] (net)
                      0.016458    0.000000    2.010771 v input18/A (sky130_fd_sc_hd__buf_6)
     2    0.009101    0.024703    0.106768    2.117539 v input18/X (sky130_fd_sc_hd__buf_6)
                                                         net18 (net)
                      0.024703    0.000225    2.117764 v fanout31/A (sky130_fd_sc_hd__buf_6)
     2    0.007440    0.023541    0.108429    2.226192 v fanout31/X (sky130_fd_sc_hd__buf_6)
                                                         net31 (net)
                      0.023541    0.000314    2.226507 v _097_/A (sky130_fd_sc_hd__or3b_4)
     2    0.009145    0.075068    0.413297    2.639804 v _097_/X (sky130_fd_sc_hd__or3b_4)
                                                         _032_ (net)
                      0.075068    0.000201    2.640004 v max_cap30/A (sky130_fd_sc_hd__buf_8)
     3    0.014968    0.027783    0.139982    2.779987 v max_cap30/X (sky130_fd_sc_hd__buf_8)
                                                         net30 (net)
                      0.027783    0.000587    2.780574 v _116_/B (sky130_fd_sc_hd__xor2_2)
     2    0.013143    0.198472    0.193799    2.974374 ^ _116_/X (sky130_fd_sc_hd__xor2_2)
                                                         _051_ (net)
                      0.198472    0.000369    2.974743 ^ _117_/A_N (sky130_fd_sc_hd__and2b_2)
     1    0.006417    0.044368    0.265267    3.240010 v _117_/X (sky130_fd_sc_hd__and2b_2)
                                                         _052_ (net)
                      0.044368    0.000289    3.240299 v _121_/B1 (sky130_fd_sc_hd__a21o_4)
     4    0.016053    0.048544    0.209026    3.449324 v _121_/X (sky130_fd_sc_hd__a21o_4)
                                                         _056_ (net)
                      0.048550    0.000608    3.449932 v rebuffer38/A (sky130_fd_sc_hd__buf_2)
     1    0.005463    0.029417    0.129626    3.579559 v rebuffer38/X (sky130_fd_sc_hd__buf_2)
                                                         net38 (net)
                      0.029430    0.000146    3.579705 v _162_/A2 (sky130_fd_sc_hd__a21oi_2)
     2    0.007444    0.125762    0.158111    3.737815 ^ _162_/Y (sky130_fd_sc_hd__a21oi_2)
                                                         _000_ (net)
                      0.125762    0.000167    3.737983 ^ _163_/A2 (sky130_fd_sc_hd__a21oi_2)
     1    0.003576    0.057992    0.073213    3.811196 v _163_/Y (sky130_fd_sc_hd__a21oi_2)
                                                         _001_ (net)
                      0.057992    0.000099    3.811295 v _166_/B1 (sky130_fd_sc_hd__o221a_2)
     1    0.003133    0.042820    0.256898    4.068193 v _166_/X (sky130_fd_sc_hd__o221a_2)
                                                         _004_ (net)
                      0.042820    0.000111    4.068304 v _167_/A1_N (sky130_fd_sc_hd__o2bb2a_2)
     2    0.007634    0.061307    0.271292    4.339596 ^ _167_/X (sky130_fd_sc_hd__o2bb2a_2)
                                                         net24 (net)
                      0.061307    0.000149    4.339746 ^ output24/A (sky130_fd_sc_hd__clkdlybuf4s25_1)
     1    0.035285    0.355869    0.495244    4.834990 ^ output24/X (sky130_fd_sc_hd__clkdlybuf4s25_1)
                                                         result[3] (net)
                      0.355869    0.001094    4.836084 ^ result[3] (out)
                                              4.836084   data arrival time

                      0.000000   10.000000   10.000000   clock __VIRTUAL_CLK__ (rise edge)
                                  0.000000   10.000000   clock network delay (ideal)
                                 -0.250000    9.750000   clock uncertainty
                                  0.000000    9.750000   clock reconvergence pessimism
                                 -2.000000    7.750000   output external delay
                                              7.750000   data required time
---------------------------------------------------------------------------------------------
                                              7.750000   data required time
                                             -4.836084   data arrival time
---------------------------------------------------------------------------------------------
                                              2.913916   slack (MET)


Startpoint: opcode[1] (input port clocked by __VIRTUAL_CLK__)
Endpoint: result[4] (output port clocked by __VIRTUAL_CLK__)
Path Group: __VIRTUAL_CLK__
Path Type: max

Fanout         Cap        Slew       Delay        Time   Description
---------------------------------------------------------------------------------------------
                      0.000000    0.000000    0.000000   clock __VIRTUAL_CLK__ (rise edge)
                                  0.000000    0.000000   clock network delay (ideal)
                                  2.000000    2.000000 v input external delay
     1    0.006309    0.016456    0.010771    2.010771 v opcode[1] (in)
                                                         opcode[1] (net)
                      0.016458    0.000000    2.010771 v input18/A (sky130_fd_sc_hd__buf_6)
     2    0.009101    0.024703    0.106768    2.117539 v input18/X (sky130_fd_sc_hd__buf_6)
                                                         net18 (net)
                      0.024703    0.000225    2.117764 v fanout31/A (sky130_fd_sc_hd__buf_6)
     2    0.007440    0.023541    0.108429    2.226192 v fanout31/X (sky130_fd_sc_hd__buf_6)
                                                         net31 (net)
                      0.023541    0.000314    2.226507 v _097_/A (sky130_fd_sc_hd__or3b_4)
     2    0.009145    0.075068    0.413297    2.639804 v _097_/X (sky130_fd_sc_hd__or3b_4)
                                                         _032_ (net)
                      0.075068    0.000201    2.640004 v max_cap30/A (sky130_fd_sc_hd__buf_8)
     3    0.014968    0.027783    0.139982    2.779987 v max_cap30/X (sky130_fd_sc_hd__buf_8)
                                                         net30 (net)
                      0.027783    0.000365    2.780352 v rebuffer39/A (sky130_fd_sc_hd__buf_2)
     2    0.014091    0.047233    0.142016    2.922368 v rebuffer39/X (sky130_fd_sc_hd__buf_2)
                                                         net39 (net)
                      0.047235    0.000357    2.922725 v _111_/B (sky130_fd_sc_hd__xor2_2)
     3    0.009776    0.068137    0.163550    3.086275 v _111_/X (sky130_fd_sc_hd__xor2_2)
                                                         _046_ (net)
                      0.068137    0.000161    3.086436 v _114_/B (sky130_fd_sc_hd__and2_2)
     1    0.005149    0.042478    0.212194    3.298630 v _114_/X (sky130_fd_sc_hd__and2_2)
                                                         _049_ (net)
                      0.042478    0.000190    3.298820 v _115_/B (sky130_fd_sc_hd__nor2_2)
     5    0.020841    0.241469    0.213872    3.512692 ^ _115_/Y (sky130_fd_sc_hd__nor2_2)
                                                         _050_ (net)
                      0.241471    0.000631    3.513323 ^ _125_/A1 (sky130_fd_sc_hd__a31o_4)
     3    0.013632    0.062771    0.217428    3.730751 ^ _125_/X (sky130_fd_sc_hd__a31o_4)
                                                         _060_ (net)
                      0.062775    0.000612    3.731363 ^ _126_/B (sky130_fd_sc_hd__and2_2)
     3    0.013489    0.084641    0.186164    3.917527 ^ _126_/X (sky130_fd_sc_hd__and2_2)
                                                         _061_ (net)
                      0.084641    0.000334    3.917860 ^ _169_/A (sky130_fd_sc_hd__nor2_2)
     1    0.003150    0.029603    0.047103    3.964963 v _169_/Y (sky130_fd_sc_hd__nor2_2)
                                                         _006_ (net)
                      0.029603    0.000080    3.965044 v _172_/A1 (sky130_fd_sc_hd__o32a_2)
     2    0.007063    0.064121    0.407357    4.372400 v _172_/X (sky130_fd_sc_hd__o32a_2)
                                                         net25 (net)
                      0.064122    0.000167    4.372567 v output25/A (sky130_fd_sc_hd__clkdlybuf4s25_1)
     1    0.035270    0.262531    0.449052    4.821619 v output25/X (sky130_fd_sc_hd__clkdlybuf4s25_1)
                                                         result[4] (net)
                      0.262532    0.001055    4.822674 v result[4] (out)
                                              4.822674   data arrival time

                      0.000000   10.000000   10.000000   clock __VIRTUAL_CLK__ (rise edge)
                                  0.000000   10.000000   clock network delay (ideal)
                                 -0.250000    9.750000   clock uncertainty
                                  0.000000    9.750000   clock reconvergence pessimism
                                 -2.000000    7.750000   output external delay
                                              7.750000   data required time
---------------------------------------------------------------------------------------------
                                              7.750000   data required time
                                             -4.822674   data arrival time
---------------------------------------------------------------------------------------------
                                              2.927326   slack (MET)


Startpoint: opcode[1] (input port clocked by __VIRTUAL_CLK__)
Endpoint: result[2] (output port clocked by __VIRTUAL_CLK__)
Path Group: __VIRTUAL_CLK__
Path Type: max

Fanout         Cap        Slew       Delay        Time   Description
---------------------------------------------------------------------------------------------
                      0.000000    0.000000    0.000000   clock __VIRTUAL_CLK__ (rise edge)
                                  0.000000    0.000000   clock network delay (ideal)
                                  2.000000    2.000000 v input external delay
     1    0.006309    0.016456    0.010771    2.010771 v opcode[1] (in)
                                                         opcode[1] (net)
                      0.016458    0.000000    2.010771 v input18/A (sky130_fd_sc_hd__buf_6)
     2    0.009101    0.024703    0.106768    2.117539 v input18/X (sky130_fd_sc_hd__buf_6)
                                                         net18 (net)
                      0.024703    0.000225    2.117764 v fanout31/A (sky130_fd_sc_hd__buf_6)
     2    0.007440    0.023541    0.108429    2.226192 v fanout31/X (sky130_fd_sc_hd__buf_6)
                                                         net31 (net)
                      0.023541    0.000314    2.226507 v _097_/A (sky130_fd_sc_hd__or3b_4)
     2    0.009145    0.075068    0.413297    2.639804 v _097_/X (sky130_fd_sc_hd__or3b_4)
                                                         _032_ (net)
                      0.075068    0.000201    2.640004 v max_cap30/A (sky130_fd_sc_hd__buf_8)
     3    0.014968    0.027783    0.139982    2.779987 v max_cap30/X (sky130_fd_sc_hd__buf_8)
                                                         net30 (net)
                      0.027783    0.000365    2.780352 v rebuffer39/A (sky130_fd_sc_hd__buf_2)
     2    0.014091    0.047233    0.142016    2.922368 v rebuffer39/X (sky130_fd_sc_hd__buf_2)
                                                         net39 (net)
                      0.047235    0.000357    2.922725 v _111_/B (sky130_fd_sc_hd__xor2_2)
     3    0.009776    0.068137    0.163550    3.086275 v _111_/X (sky130_fd_sc_hd__xor2_2)
                                                         _046_ (net)
                      0.068137    0.000161    3.086436 v _114_/B (sky130_fd_sc_hd__and2_2)
     1    0.005149    0.042478    0.212194    3.298630 v _114_/X (sky130_fd_sc_hd__and2_2)
                                                         _049_ (net)
                      0.042478    0.000190    3.298820 v _115_/B (sky130_fd_sc_hd__nor2_2)
     5    0.020841    0.241469    0.213872    3.512692 ^ _115_/Y (sky130_fd_sc_hd__nor2_2)
                                                         _050_ (net)
                      0.241471    0.000692    3.513384 ^ _157_/A1 (sky130_fd_sc_hd__a21oi_2)
     1    0.003385    0.060884    0.084985    3.598369 v _157_/Y (sky130_fd_sc_hd__a21oi_2)
                                                         _088_ (net)
                      0.060884    0.000089    3.598458 v _158_/B1 (sky130_fd_sc_hd__o21a_2)
     1    0.003479    0.035202    0.124555    3.723013 v _158_/X (sky130_fd_sc_hd__o21a_2)
                                                         _089_ (net)
                      0.035202    0.000097    3.723109 v _161_/A1 (sky130_fd_sc_hd__o32a_2)
     2    0.004860    0.059463    0.399702    4.122811 v _161_/X (sky130_fd_sc_hd__o32a_2)
                                                         net23 (net)
                      0.059463    0.000093    4.122904 v output23/A (sky130_fd_sc_hd__clkdlybuf4s25_1)
     1    0.035936    0.267557    0.450009    4.572913 v output23/X (sky130_fd_sc_hd__clkdlybuf4s25_1)
                                                         result[2] (net)
                      0.267566    0.001851    4.574764 v result[2] (out)
                                              4.574764   data arrival time

                      0.000000   10.000000   10.000000   clock __VIRTUAL_CLK__ (rise edge)
                                  0.000000   10.000000   clock network delay (ideal)
                                 -0.250000    9.750000   clock uncertainty
                                  0.000000    9.750000   clock reconvergence pessimism
                                 -2.000000    7.750000   output external delay
                                              7.750000   data required time
---------------------------------------------------------------------------------------------
                                              7.750000   data required time
                                             -4.574764   data arrival time
---------------------------------------------------------------------------------------------
                                              3.175236   slack (MET)


Startpoint: opcode[1] (input port clocked by __VIRTUAL_CLK__)
Endpoint: result[1] (output port clocked by __VIRTUAL_CLK__)
Path Group: __VIRTUAL_CLK__
Path Type: max

Fanout         Cap        Slew       Delay        Time   Description
---------------------------------------------------------------------------------------------
                      0.000000    0.000000    0.000000   clock __VIRTUAL_CLK__ (rise edge)
                                  0.000000    0.000000   clock network delay (ideal)
                                  2.000000    2.000000 v input external delay
     1    0.006309    0.016456    0.010771    2.010771 v opcode[1] (in)
                                                         opcode[1] (net)
                      0.016458    0.000000    2.010771 v input18/A (sky130_fd_sc_hd__buf_6)
     2    0.009101    0.024703    0.106768    2.117539 v input18/X (sky130_fd_sc_hd__buf_6)
                                                         net18 (net)
                      0.024703    0.000225    2.117764 v fanout31/A (sky130_fd_sc_hd__buf_6)
     2    0.007440    0.023541    0.108429    2.226192 v fanout31/X (sky130_fd_sc_hd__buf_6)
                                                         net31 (net)
                      0.023541    0.000314    2.226507 v _097_/A (sky130_fd_sc_hd__or3b_4)
     2    0.009145    0.075068    0.413297    2.639804 v _097_/X (sky130_fd_sc_hd__or3b_4)
                                                         _032_ (net)
                      0.075068    0.000201    2.640004 v max_cap30/A (sky130_fd_sc_hd__buf_8)
     3    0.014968    0.027783    0.139982    2.779987 v max_cap30/X (sky130_fd_sc_hd__buf_8)
                                                         net30 (net)
                      0.027783    0.000587    2.780574 v _116_/B (sky130_fd_sc_hd__xor2_2)
     2    0.012298    0.076170    0.163056    2.943630 v _116_/X (sky130_fd_sc_hd__xor2_2)
                                                         _051_ (net)
                      0.076171    0.000436    2.944066 v _118_/A (sky130_fd_sc_hd__xnor2_2)
     4    0.015442    0.237553    0.265093    3.209159 ^ _118_/Y (sky130_fd_sc_hd__xnor2_2)
                                                         _053_ (net)
                      0.237553    0.000248    3.209407 ^ _152_/A1 (sky130_fd_sc_hd__a21oi_2)
     1    0.003361    0.060233    0.084321    3.293728 v _152_/Y (sky130_fd_sc_hd__a21oi_2)
                                                         _084_ (net)
                      0.060233    0.000088    3.293816 v _153_/B1 (sky130_fd_sc_hd__o21a_2)
     1    0.003608    0.035615    0.124755    3.418571 v _153_/X (sky130_fd_sc_hd__o21a_2)
                                                         _085_ (net)
                      0.035615    0.000129    3.418700 v _156_/A (sky130_fd_sc_hd__or3_2)
     2    0.005001    0.084472    0.501073    3.919774 v _156_/X (sky130_fd_sc_hd__or3_2)
                                                         net22 (net)
                      0.084472    0.000120    3.919894 v output22/A (sky130_fd_sc_hd__clkdlybuf4s25_1)
     1    0.034562    0.257172    0.454542    4.374436 v output22/X (sky130_fd_sc_hd__clkdlybuf4s25_1)
                                                         result[1] (net)
                      0.257173    0.000937    4.375373 v result[1] (out)
                                              4.375373   data arrival time

                      0.000000   10.000000   10.000000   clock __VIRTUAL_CLK__ (rise edge)
                                  0.000000   10.000000   clock network delay (ideal)
                                 -0.250000    9.750000   clock uncertainty
                                  0.000000    9.750000   clock reconvergence pessimism
                                 -2.000000    7.750000   output external delay
                                              7.750000   data required time
---------------------------------------------------------------------------------------------
                                              7.750000   data required time
                                             -4.375373   data arrival time
---------------------------------------------------------------------------------------------
                                              3.374627   slack (MET)


Startpoint: opcode[1] (input port clocked by __VIRTUAL_CLK__)
Endpoint: result[0] (output port clocked by __VIRTUAL_CLK__)
Path Group: __VIRTUAL_CLK__
Path Type: max

Fanout         Cap        Slew       Delay        Time   Description
---------------------------------------------------------------------------------------------
                      0.000000    0.000000    0.000000   clock __VIRTUAL_CLK__ (rise edge)
                                  0.000000    0.000000   clock network delay (ideal)
                                  2.000000    2.000000 v input external delay
     1    0.006309    0.016456    0.010771    2.010771 v opcode[1] (in)
                                                         opcode[1] (net)
                      0.016458    0.000000    2.010771 v input18/A (sky130_fd_sc_hd__buf_6)
     2    0.009101    0.024703    0.106768    2.117539 v input18/X (sky130_fd_sc_hd__buf_6)
                                                         net18 (net)
                      0.024703    0.000225    2.117764 v fanout31/A (sky130_fd_sc_hd__buf_6)
     2    0.007440    0.023541    0.108429    2.226192 v fanout31/X (sky130_fd_sc_hd__buf_6)
                                                         net31 (net)
                      0.023541    0.000201    2.226394 v rebuffer34/A (sky130_fd_sc_hd__buf_2)
     9    0.031200    0.083199    0.173149    2.399543 v rebuffer34/X (sky130_fd_sc_hd__buf_2)
                                                         net34 (net)
                      0.083214    0.001122    2.400665 v _095_/B (sky130_fd_sc_hd__and2_2)
     8    0.031518    0.098158    0.286249    2.686914 v _095_/X (sky130_fd_sc_hd__and2_2)
                                                         _030_ (net)
                      0.098167    0.001043    2.687957 v _150_/B1 (sky130_fd_sc_hd__a31o_2)
     1    0.003914    0.040194    0.243938    2.931895 v _150_/X (sky130_fd_sc_hd__a31o_2)
                                                         _083_ (net)
                      0.040194    0.000151    2.932046 v _151_/A3 (sky130_fd_sc_hd__o32a_2)
     2    0.005889    0.061786    0.345296    3.277342 v _151_/X (sky130_fd_sc_hd__o32a_2)
                                                         net21 (net)
                      0.061786    0.000223    3.277565 v output21/A (sky130_fd_sc_hd__clkdlybuf4s25_1)
     1    0.034702    0.258495    0.444913    3.722477 v output21/X (sky130_fd_sc_hd__clkdlybuf4s25_1)
                                                         result[0] (net)
                      0.258496    0.000957    3.723434 v result[0] (out)
                                              3.723434   data arrival time

                      0.000000   10.000000   10.000000   clock __VIRTUAL_CLK__ (rise edge)
                                  0.000000   10.000000   clock network delay (ideal)
                                 -0.250000    9.750000   clock uncertainty
                                  0.000000    9.750000   clock reconvergence pessimism
                                 -2.000000    7.750000   output external delay
                                              7.750000   data required time
---------------------------------------------------------------------------------------------
                                              7.750000   data required time
                                             -3.723434   data arrival time
---------------------------------------------------------------------------------------------
                                              4.026566   slack (MET)



