
===========================================================================
report_checks -path_delay min (Hold)
============================================================================
======================= nom_tt_025C_1v80 Corner ===================================

Startpoint: opcode[2] (input port clocked by __VIRTUAL_CLK__)
Endpoint: result[7] (output port clocked by __VIRTUAL_CLK__)
Path Group: __VIRTUAL_CLK__
Path Type: min

Fanout         Cap        Slew       Delay        Time   Description
---------------------------------------------------------------------------------------------
                      0.000000    0.000000    0.000000   clock __VIRTUAL_CLK__ (rise edge)
                                  0.000000    0.000000   clock network delay (ideal)
                                  2.000000    2.000000 v input external delay
     1    0.004826    0.013249    0.007449    2.007449 v opcode[2] (in)
                                                         opcode[2] (net)
                      0.013250    0.000000    2.007449 v input19/A (sky130_fd_sc_hd__clkbuf_2)
    10    0.035476    0.136107    0.169012    2.176461 v input19/X (sky130_fd_sc_hd__clkbuf_2)
                                                         net19 (net)
                      0.136111    0.000836    2.177298 v _096_/A (sky130_fd_sc_hd__nand2_2)
     7    0.025933    0.142763    0.160751    2.338048 ^ _096_/Y (sky130_fd_sc_hd__nand2_2)
                                                         _031_ (net)
                      0.142772    0.000901    2.338949 ^ _144_/A2 (sky130_fd_sc_hd__o21a_4)
     2    0.010734    0.048181    0.141561    2.480510 ^ _144_/X (sky130_fd_sc_hd__o21a_4)
                                                         net28 (net)
                      0.048181    0.000200    2.480710 ^ output28/A (sky130_fd_sc_hd__buf_6)
     1    0.034611    0.077274    0.120260    2.600969 ^ output28/X (sky130_fd_sc_hd__buf_6)
                                                         result[7] (net)
                      0.077285    0.000869    2.601839 ^ result[7] (out)
                                              2.601839   data arrival time

                      0.000000    0.000000    0.000000   clock __VIRTUAL_CLK__ (rise edge)
                                  0.000000    0.000000   clock network delay (ideal)
                                  0.250000    0.250000   clock uncertainty
                                  0.000000    0.250000   clock reconvergence pessimism
                                 -2.000000   -1.750000   output external delay
                                             -1.750000   data required time
---------------------------------------------------------------------------------------------
                                             -1.750000   data required time
                                             -2.601839   data arrival time
---------------------------------------------------------------------------------------------
                                              4.351839   slack (MET)


Startpoint: opcode[2] (input port clocked by __VIRTUAL_CLK__)
Endpoint: zero (output port clocked by __VIRTUAL_CLK__)
Path Group: __VIRTUAL_CLK__
Path Type: min

Fanout         Cap        Slew       Delay        Time   Description
---------------------------------------------------------------------------------------------
                      0.000000    0.000000    0.000000   clock __VIRTUAL_CLK__ (rise edge)
                                  0.000000    0.000000   clock network delay (ideal)
                                  2.000000    2.000000 v input external delay
     1    0.004826    0.013249    0.007449    2.007449 v opcode[2] (in)
                                                         opcode[2] (net)
                      0.013250    0.000000    2.007449 v input19/A (sky130_fd_sc_hd__clkbuf_2)
    10    0.035476    0.136107    0.169012    2.176461 v input19/X (sky130_fd_sc_hd__clkbuf_2)
                                                         net19 (net)
                      0.136111    0.000836    2.177298 v _096_/A (sky130_fd_sc_hd__nand2_2)
     7    0.025933    0.142763    0.160751    2.338048 ^ _096_/Y (sky130_fd_sc_hd__nand2_2)
                                                         _031_ (net)
                      0.142772    0.000901    2.338949 ^ _144_/A2 (sky130_fd_sc_hd__o21a_4)
     2    0.010734    0.048181    0.141561    2.480510 ^ _144_/X (sky130_fd_sc_hd__o21a_4)
                                                         net28 (net)
                      0.048181    0.000174    2.480684 ^ _193_/B1 (sky130_fd_sc_hd__a211oi_2)
     1    0.005377    0.025645    0.041237    2.521921 v _193_/Y (sky130_fd_sc_hd__a211oi_2)
                                                         net29 (net)
                      0.025645    0.000134    2.522055 v output29/A (sky130_fd_sc_hd__buf_6)
     1    0.034718    0.044068    0.121918    2.643973 v output29/X (sky130_fd_sc_hd__buf_6)
                                                         zero (net)
                      0.044091    0.000882    2.644855 v zero (out)
                                              2.644855   data arrival time

                      0.000000    0.000000    0.000000   clock __VIRTUAL_CLK__ (rise edge)
                                  0.000000    0.000000   clock network delay (ideal)
                                  0.250000    0.250000   clock uncertainty
                                  0.000000    0.250000   clock reconvergence pessimism
                                 -2.000000   -1.750000   output external delay
                                             -1.750000   data required time
---------------------------------------------------------------------------------------------
                                             -1.750000   data required time
                                             -2.644855   data arrival time
---------------------------------------------------------------------------------------------
                                              4.394855   slack (MET)


Startpoint: a[7] (input port clocked by __VIRTUAL_CLK__)
Endpoint: overflow (output port clocked by __VIRTUAL_CLK__)
Path Group: __VIRTUAL_CLK__
Path Type: min

Fanout         Cap        Slew       Delay        Time   Description
---------------------------------------------------------------------------------------------
                      0.000000    0.000000    0.000000   clock __VIRTUAL_CLK__ (rise edge)
                                  0.000000    0.000000   clock network delay (ideal)
                                  2.000000    2.000000 v input external delay
     1    0.004190    0.011854    0.006454    2.006454 v a[7] (in)
                                                         a[7] (net)
                      0.011855    0.000000    2.006454 v input8/A (sky130_fd_sc_hd__clkdlybuf4s25_1)
     6    0.028512    0.214543    0.351460    2.357914 v input8/X (sky130_fd_sc_hd__clkdlybuf4s25_1)
                                                         net8 (net)
                      0.214544    0.000785    2.358699 v _143_/A (sky130_fd_sc_hd__nand2_2)
     1    0.003438    0.038668    0.100390    2.459089 ^ _143_/Y (sky130_fd_sc_hd__nand2_2)
                                                         _078_ (net)
                      0.038669    0.000108    2.459197 ^ _146_/B (sky130_fd_sc_hd__and3_4)
     1    0.009308    0.056121    0.171958    2.631155 ^ _146_/X (sky130_fd_sc_hd__and3_4)
                                                         net20 (net)
                      0.056124    0.000391    2.631546 ^ output20/A (sky130_fd_sc_hd__buf_8)
     1    0.035251    0.067072    0.114528    2.746074 ^ output20/X (sky130_fd_sc_hd__buf_8)
                                                         overflow (net)
                      0.067087    0.000923    2.746997 ^ overflow (out)
                                              2.746997   data arrival time

                      0.000000    0.000000    0.000000   clock __VIRTUAL_CLK__ (rise edge)
                                  0.000000    0.000000   clock network delay (ideal)
                                  0.250000    0.250000   clock uncertainty
                                  0.000000    0.250000   clock reconvergence pessimism
                                 -2.000000   -1.750000   output external delay
                                             -1.750000   data required time
---------------------------------------------------------------------------------------------
                                             -1.750000   data required time
                                             -2.746997   data arrival time
---------------------------------------------------------------------------------------------
                                              4.496997   slack (MET)


Startpoint: a[5] (input port clocked by __VIRTUAL_CLK__)
Endpoint: result[5] (output port clocked by __VIRTUAL_CLK__)
Path Group: __VIRTUAL_CLK__
Path Type: min

Fanout         Cap        Slew       Delay        Time   Description
---------------------------------------------------------------------------------------------
                      0.000000    0.000000    0.000000   clock __VIRTUAL_CLK__ (rise edge)
                                  0.000000    0.000000   clock network delay (ideal)
                                  2.000000    2.000000 ^ input external delay
     1    0.004147    0.025583    0.014296    2.014296 ^ a[5] (in)
                                                         a[5] (net)
                      0.025584    0.000000    2.014296 ^ input6/A (sky130_fd_sc_hd__clkdlybuf4s25_1)
     5    0.013059    0.140619    0.292148    2.306443 ^ input6/X (sky130_fd_sc_hd__clkdlybuf4s25_1)
                                                         net6 (net)
                      0.140619    0.000303    2.306747 ^ _173_/A (sky130_fd_sc_hd__or2_2)
     2    0.005411    0.041324    0.132878    2.439625 ^ _173_/X (sky130_fd_sc_hd__or2_2)
                                                         _009_ (net)
                      0.041324    0.000078    2.439703 ^ _180_/A (sky130_fd_sc_hd__and2_2)
     1    0.003384    0.039356    0.118454    2.558157 ^ _180_/X (sky130_fd_sc_hd__and2_2)
                                                         net26 (net)
                      0.039356    0.000107    2.558264 ^ output26/A (sky130_fd_sc_hd__dlymetal6s2s_1)
     1    0.035883    0.361213    0.294486    2.852750 ^ output26/X (sky130_fd_sc_hd__dlymetal6s2s_1)
                                                         result[5] (net)
                      0.361218    0.001147    2.853897 ^ result[5] (out)
                                              2.853897   data arrival time

                      0.000000    0.000000    0.000000   clock __VIRTUAL_CLK__ (rise edge)
                                  0.000000    0.000000   clock network delay (ideal)
                                  0.250000    0.250000   clock uncertainty
                                  0.000000    0.250000   clock reconvergence pessimism
                                 -2.000000   -1.750000   output external delay
                                             -1.750000   data required time
---------------------------------------------------------------------------------------------
                                             -1.750000   data required time
                                             -2.853897   data arrival time
---------------------------------------------------------------------------------------------
                                              4.603897   slack (MET)


Startpoint: a[2] (input port clocked by __VIRTUAL_CLK__)
Endpoint: result[2] (output port clocked by __VIRTUAL_CLK__)
Path Group: __VIRTUAL_CLK__
Path Type: min

Fanout         Cap        Slew       Delay        Time   Description
---------------------------------------------------------------------------------------------
                      0.000000    0.000000    0.000000   clock __VIRTUAL_CLK__ (rise edge)
                                  0.000000    0.000000   clock network delay (ideal)
                                  2.000000    2.000000 v input external delay
     1    0.003105    0.009341    0.004708    2.004709 v a[2] (in)
                                                         a[2] (net)
                      0.009341    0.000000    2.004709 v input3/A (sky130_fd_sc_hd__clkdlybuf4s25_1)
     4    0.012442    0.103253    0.269002    2.273711 v input3/X (sky130_fd_sc_hd__clkdlybuf4s25_1)
                                                         net3 (net)
                      0.103253    0.000347    2.274057 v _161_/B2 (sky130_fd_sc_hd__o32a_2)
     2    0.004860    0.040857    0.189276    2.463334 v _161_/X (sky130_fd_sc_hd__o32a_2)
                                                         net23 (net)
                      0.040857    0.000084    2.463418 v output23/A (sky130_fd_sc_hd__clkdlybuf4s25_1)
     1    0.035936    0.267504    0.399518    2.862936 v output23/X (sky130_fd_sc_hd__clkdlybuf4s25_1)
                                                         result[2] (net)
                      0.267513    0.001674    2.864610 v result[2] (out)
                                              2.864610   data arrival time

                      0.000000    0.000000    0.000000   clock __VIRTUAL_CLK__ (rise edge)
                                  0.000000    0.000000   clock network delay (ideal)
                                  0.250000    0.250000   clock uncertainty
                                  0.000000    0.250000   clock reconvergence pessimism
                                 -2.000000   -1.750000   output external delay
                                             -1.750000   data required time
---------------------------------------------------------------------------------------------
                                             -1.750000   data required time
                                             -2.864610   data arrival time
---------------------------------------------------------------------------------------------
                                              4.614610   slack (MET)


Startpoint: a[4] (input port clocked by __VIRTUAL_CLK__)
Endpoint: result[4] (output port clocked by __VIRTUAL_CLK__)
Path Group: __VIRTUAL_CLK__
Path Type: min

Fanout         Cap        Slew       Delay        Time   Description
---------------------------------------------------------------------------------------------
                      0.000000    0.000000    0.000000   clock __VIRTUAL_CLK__ (rise edge)
                                  0.000000    0.000000   clock network delay (ideal)
                                  2.000000    2.000000 v input external delay
     1    0.003149    0.009432    0.004785    2.004785 v a[4] (in)
                                                         a[4] (net)
                      0.009433    0.000000    2.004785 v input5/A (sky130_fd_sc_hd__clkdlybuf4s25_1)
     5    0.013124    0.107909    0.272599    2.277384 v input5/X (sky130_fd_sc_hd__clkdlybuf4s25_1)
                                                         net5 (net)
                      0.107909    0.000210    2.277595 v _172_/B2 (sky130_fd_sc_hd__o32a_2)
     2    0.007063    0.046953    0.198582    2.476176 v _172_/X (sky130_fd_sc_hd__o32a_2)
                                                         net25 (net)
                      0.046953    0.000151    2.476327 v output25/A (sky130_fd_sc_hd__clkdlybuf4s25_1)
     1    0.035270    0.262618    0.399210    2.875537 v output25/X (sky130_fd_sc_hd__clkdlybuf4s25_1)
                                                         result[4] (net)
                      0.262619    0.000955    2.876492 v result[4] (out)
                                              2.876492   data arrival time

                      0.000000    0.000000    0.000000   clock __VIRTUAL_CLK__ (rise edge)
                                  0.000000    0.000000   clock network delay (ideal)
                                  0.250000    0.250000   clock uncertainty
                                  0.000000    0.250000   clock reconvergence pessimism
                                 -2.000000   -1.750000   output external delay
                                             -1.750000   data required time
---------------------------------------------------------------------------------------------
                                             -1.750000   data required time
                                             -2.876492   data arrival time
---------------------------------------------------------------------------------------------
                                              4.626492   slack (MET)


Startpoint: a[6] (input port clocked by __VIRTUAL_CLK__)
Endpoint: result[6] (output port clocked by __VIRTUAL_CLK__)
Path Group: __VIRTUAL_CLK__
Path Type: min

Fanout         Cap        Slew       Delay        Time   Description
---------------------------------------------------------------------------------------------
                      0.000000    0.000000    0.000000   clock __VIRTUAL_CLK__ (rise edge)
                                  0.000000    0.000000   clock network delay (ideal)
                                  2.000000    2.000000 v input external delay
     1    0.003575    0.010432    0.005469    2.005469 v a[6] (in)
                                                         a[6] (net)
                      0.010437    0.000000    2.005469 v input7/A (sky130_fd_sc_hd__clkdlybuf4s25_1)
     4    0.022381    0.171202    0.320314    2.325783 v input7/X (sky130_fd_sc_hd__clkdlybuf4s25_1)
                                                         net7 (net)
                      0.171202    0.000607    2.326389 v _092_/A (sky130_fd_sc_hd__inv_2)
     3    0.015744    0.091232    0.128248    2.454637 ^ _092_/Y (sky130_fd_sc_hd__inv_2)
                                                         _027_ (net)
                      0.091232    0.000402    2.455040 ^ _181_/A (sky130_fd_sc_hd__nand2_2)
     2    0.007086    0.045386    0.059002    2.514041 v _181_/Y (sky130_fd_sc_hd__nand2_2)
                                                         _016_ (net)
                      0.045386    0.000122    2.514163 v _190_/A (sky130_fd_sc_hd__and2_2)
     1    0.002381    0.033287    0.152462    2.666625 v _190_/X (sky130_fd_sc_hd__and2_2)
                                                         net27 (net)
                      0.033287    0.000068    2.666693 v output27/A (sky130_fd_sc_hd__dlymetal6s2s_1)
     1    0.034854    0.174448    0.233014    2.899708 v output27/X (sky130_fd_sc_hd__dlymetal6s2s_1)
                                                         result[6] (net)
                      0.174451    0.000972    2.900680 v result[6] (out)
                                              2.900680   data arrival time

                      0.000000    0.000000    0.000000   clock __VIRTUAL_CLK__ (rise edge)
                                  0.000000    0.000000   clock network delay (ideal)
                                  0.250000    0.250000   clock uncertainty
                                  0.000000    0.250000   clock reconvergence pessimism
                                 -2.000000   -1.750000   output external delay
                                             -1.750000   data required time
---------------------------------------------------------------------------------------------
                                             -1.750000   data required time
                                             -2.900680   data arrival time
---------------------------------------------------------------------------------------------
                                              4.650680   slack (MET)


Startpoint: opcode[2] (input port clocked by __VIRTUAL_CLK__)
Endpoint: result[0] (output port clocked by __VIRTUAL_CLK__)
Path Group: __VIRTUAL_CLK__
Path Type: min

Fanout         Cap        Slew       Delay        Time   Description
---------------------------------------------------------------------------------------------
                      0.000000    0.000000    0.000000   clock __VIRTUAL_CLK__ (rise edge)
                                  0.000000    0.000000   clock network delay (ideal)
                                  2.000000    2.000000 v input external delay
     1    0.004826    0.013249    0.007449    2.007449 v opcode[2] (in)
                                                         opcode[2] (net)
                      0.013250    0.000000    2.007449 v input19/A (sky130_fd_sc_hd__clkbuf_2)
    10    0.035476    0.136107    0.169012    2.176461 v input19/X (sky130_fd_sc_hd__clkbuf_2)
                                                         net19 (net)
                      0.136111    0.000836    2.177298 v _096_/A (sky130_fd_sc_hd__nand2_2)
     7    0.025933    0.142763    0.160751    2.338048 ^ _096_/Y (sky130_fd_sc_hd__nand2_2)
                                                         _031_ (net)
                      0.142772    0.000920    2.338968 ^ _151_/B1 (sky130_fd_sc_hd__o32a_2)
     2    0.006304    0.047613    0.167904    2.506873 ^ _151_/X (sky130_fd_sc_hd__o32a_2)
                                                         net21 (net)
                      0.047613    0.000219    2.507091 ^ output21/A (sky130_fd_sc_hd__clkdlybuf4s25_1)
     1    0.034702    0.350202    0.439844    2.946935 ^ output21/X (sky130_fd_sc_hd__clkdlybuf4s25_1)
                                                         result[0] (net)
                      0.350202    0.000866    2.947801 ^ result[0] (out)
                                              2.947801   data arrival time

                      0.000000    0.000000    0.000000   clock __VIRTUAL_CLK__ (rise edge)
                                  0.000000    0.000000   clock network delay (ideal)
                                  0.250000    0.250000   clock uncertainty
                                  0.000000    0.250000   clock reconvergence pessimism
                                 -2.000000   -1.750000   output external delay
                                             -1.750000   data required time
---------------------------------------------------------------------------------------------
                                             -1.750000   data required time
                                             -2.947801   data arrival time
---------------------------------------------------------------------------------------------
                                              4.697802   slack (MET)


Startpoint: opcode[2] (input port clocked by __VIRTUAL_CLK__)
Endpoint: result[1] (output port clocked by __VIRTUAL_CLK__)
Path Group: __VIRTUAL_CLK__
Path Type: min

Fanout         Cap        Slew       Delay        Time   Description
---------------------------------------------------------------------------------------------
                      0.000000    0.000000    0.000000   clock __VIRTUAL_CLK__ (rise edge)
                                  0.000000    0.000000   clock network delay (ideal)
                                  2.000000    2.000000 ^ input external delay
     1    0.005056    0.029537    0.017151    2.017151 ^ opcode[2] (in)
                                                         opcode[2] (net)
                      0.029538    0.000000    2.017151 ^ input19/A (sky130_fd_sc_hd__clkbuf_2)
    10    0.037999    0.208323    0.203707    2.220858 ^ input19/X (sky130_fd_sc_hd__clkbuf_2)
                                                         net19 (net)
                      0.208327    0.000667    2.221524 ^ _154_/A1 (sky130_fd_sc_hd__o211a_2)
     1    0.003956    0.047282    0.197569    2.419094 ^ _154_/X (sky130_fd_sc_hd__o211a_2)
                                                         _086_ (net)
                      0.047282    0.000138    2.419232 ^ _156_/B (sky130_fd_sc_hd__or3_2)
     2    0.005392    0.039126    0.104531    2.523762 ^ _156_/X (sky130_fd_sc_hd__or3_2)
                                                         net22 (net)
                      0.039126    0.000118    2.523880 ^ output22/A (sky130_fd_sc_hd__clkdlybuf4s25_1)
     1    0.034562    0.349061    0.436108    2.959988 ^ output22/X (sky130_fd_sc_hd__clkdlybuf4s25_1)
                                                         result[1] (net)
                      0.349061    0.000848    2.960836 ^ result[1] (out)
                                              2.960836   data arrival time

                      0.000000    0.000000    0.000000   clock __VIRTUAL_CLK__ (rise edge)
                                  0.000000    0.000000   clock network delay (ideal)
                                  0.250000    0.250000   clock uncertainty
                                  0.000000    0.250000   clock reconvergence pessimism
                                 -2.000000   -1.750000   output external delay
                                             -1.750000   data required time
---------------------------------------------------------------------------------------------
                                             -1.750000   data required time
                                             -2.960836   data arrival time
---------------------------------------------------------------------------------------------
                                              4.710836   slack (MET)


Startpoint: a[3] (input port clocked by __VIRTUAL_CLK__)
Endpoint: result[3] (output port clocked by __VIRTUAL_CLK__)
Path Group: __VIRTUAL_CLK__
Path Type: min

Fanout         Cap        Slew       Delay        Time   Description
---------------------------------------------------------------------------------------------
                      0.000000    0.000000    0.000000   clock __VIRTUAL_CLK__ (rise edge)
                                  0.000000    0.000000   clock network delay (ideal)
                                  2.000000    2.000000 v input external delay
     1    0.003724    0.010775    0.005694    2.005694 v a[3] (in)
                                                         a[3] (net)
                      0.010775    0.000000    2.005694 v input4/A (sky130_fd_sc_hd__clkdlybuf4s25_1)
     4    0.015504    0.124281    0.285308    2.291002 v input4/X (sky130_fd_sc_hd__clkdlybuf4s25_1)
                                                         net4 (net)
                      0.124281    0.000330    2.291333 v _167_/B2 (sky130_fd_sc_hd__o2bb2a_2)
     2    0.007118    0.042296    0.275032    2.566364 v _167_/X (sky130_fd_sc_hd__o2bb2a_2)
                                                         net24 (net)
                      0.042296    0.000125    2.566489 v output24/A (sky130_fd_sc_hd__clkdlybuf4s25_1)
     1    0.035285    0.262682    0.397363    2.963852 v output24/X (sky130_fd_sc_hd__clkdlybuf4s25_1)
                                                         result[3] (net)
                      0.262683    0.000990    2.964842 v result[3] (out)
                                              2.964842   data arrival time

                      0.000000    0.000000    0.000000   clock __VIRTUAL_CLK__ (rise edge)
                                  0.000000    0.000000   clock network delay (ideal)
                                  0.250000    0.250000   clock uncertainty
                                  0.000000    0.250000   clock reconvergence pessimism
                                 -2.000000   -1.750000   output external delay
                                             -1.750000   data required time
---------------------------------------------------------------------------------------------
                                             -1.750000   data required time
                                             -2.964842   data arrival time
---------------------------------------------------------------------------------------------
                                              4.714841   slack (MET)



