
===========================================================================
report_checks -unconstrained
===========================================================================
======================= nom_tt_025C_1v80 Corner ===================================

Startpoint: opcode[1] (input port clocked by __VIRTUAL_CLK__)
Endpoint: zero (output port clocked by __VIRTUAL_CLK__)
Path Group: __VIRTUAL_CLK__
Path Type: max

Fanout         Cap        Slew       Delay        Time   Description
---------------------------------------------------------------------------------------------
                      0.000000    0.000000    0.000000   clock __VIRTUAL_CLK__ (rise edge)
                                  0.000000    0.000000   clock network delay (ideal)
                                  2.000000    2.000000 v input external delay
    17    0.043826    0.096986    0.073579    2.073579 v opcode[1] (in)
                                                         opcode[1] (net)
                      0.096986    0.000000    2.073579 v _097_/B (sky130_fd_sc_hd__or3b_2)
     8    0.059464    0.222057    0.677503    2.751082 v _097_/X (sky130_fd_sc_hd__or3b_2)
                                                         _032_ (net)
                      0.222057    0.000000    2.751082 v _116_/B (sky130_fd_sc_hd__xor2_2)
     2    0.010056    0.171946    0.245074    2.996156 ^ _116_/X (sky130_fd_sc_hd__xor2_2)
                                                         _051_ (net)
                      0.171946    0.000000    2.996156 ^ _117_/A_N (sky130_fd_sc_hd__and2b_2)
     1    0.002195    0.034371    0.242289    3.238445 v _117_/X (sky130_fd_sc_hd__and2b_2)
                                                         _052_ (net)
                      0.034371    0.000000    3.238445 v _121_/B1 (sky130_fd_sc_hd__a21o_2)
     4    0.013713    0.061437    0.223660    3.462105 v _121_/X (sky130_fd_sc_hd__a21o_2)
                                                         _056_ (net)
                      0.061437    0.000000    3.462105 v _125_/A2 (sky130_fd_sc_hd__a31o_2)
     3    0.007815    0.050637    0.261872    3.723976 v _125_/X (sky130_fd_sc_hd__a31o_2)
                                                         _060_ (net)
                      0.050637    0.000000    3.723976 v _127_/A2 (sky130_fd_sc_hd__a2111o_2)
     2    0.003710    0.065550    0.483677    4.207654 v _127_/X (sky130_fd_sc_hd__a2111o_2)
                                                         _062_ (net)
                      0.065550    0.000000    4.207654 v _141_/B (sky130_fd_sc_hd__and3_2)
     1    0.001393    0.033515    0.198577    4.406230 v _141_/X (sky130_fd_sc_hd__and3_2)
                                                         _076_ (net)
                      0.033515    0.000000    4.406230 v _142_/C (sky130_fd_sc_hd__or4b_2)
     3    0.008751    0.127617    0.674444    5.080675 v _142_/X (sky130_fd_sc_hd__or4b_2)
                                                         _077_ (net)
                      0.127617    0.000000    5.080675 v _144_/B1 (sky130_fd_sc_hd__o21a_2)
     2    0.037432    0.111511    0.238535    5.319210 v _144_/X (sky130_fd_sc_hd__o21a_2)
                                                         result[7] (net)
                      0.111511    0.000000    5.319210 v _193_/C1 (sky130_fd_sc_hd__a211oi_2)
     1    0.033442    0.619693    0.535790    5.855000 ^ _193_/Y (sky130_fd_sc_hd__a211oi_2)
                                                         zero (net)
                      0.619693    0.000000    5.855000 ^ zero (out)
                                              5.855000   data arrival time

                      0.000000   10.000000   10.000000   clock __VIRTUAL_CLK__ (rise edge)
                                  0.000000   10.000000   clock network delay (ideal)
                                 -0.250000    9.750000   clock uncertainty
                                  0.000000    9.750000   clock reconvergence pessimism
                                 -2.000000    7.750000   output external delay
                                              7.750000   data required time
---------------------------------------------------------------------------------------------
                                              7.750000   data required time
                                             -5.855000   data arrival time
---------------------------------------------------------------------------------------------
                                              1.895000   slack (MET)




===========================================================================
report_checks --slack_max -0.01
============================================================================
======================= nom_tt_025C_1v80 Corner ===================================

No paths found.


===========================================================================
 report_check_types -max_slew -max_cap -max_fanout -violators
============================================================================
======================= nom_tt_025C_1v80 Corner ===================================

max fanout

Pin                                   Limit Fanout  Slack
---------------------------------------------------------
opcode[1]                                10     17     -7 (VIOLATED)



===========================================================================
report_parasitic_annotation -report_unannotated
============================================================================
Found 121 unannotated drivers.
 a[0]
 a[1]
 a[2]
 a[3]
 a[4]
 a[5]
 a[6]
 a[7]
 b[0]
 b[1]
 b[2]
 b[3]
 b[4]
 b[5]
 b[6]
 b[7]
 opcode[0]
 opcode[1]
 opcode[2]
 _092_/Y
 _093_/Y
 _094_/Y
 _095_/X
 _096_/Y
 _097_/X
 _098_/X
 _099_/Y
 _100_/X
 _101_/X
 _102_/Y
 _103_/Y
 _104_/X
 _105_/Y
 _106_/X
 _107_/X
 _108_/X
 _109_/Y
 _110_/X
 _111_/X
 _112_/Y
 _113_/X
 _114_/X
 _115_/Y
 _116_/X
 _117_/X
 _118_/Y
 _119_/Y
 _120_/Y
 _121_/X
 _122_/Y
 _123_/Y
 _124_/Y
 _125_/X
 _126_/X
 _127_/X
 _128_/Y
 _129_/Y
 _130_/Y
 _131_/Y
 _132_/Y
 _133_/X
 _134_/X
 _135_/X
 _136_/X
 _137_/X
 _138_/Y
 _139_/X
 _140_/Y
 _141_/X
 _142_/X
 _143_/Y
 _144_/X
 _145_/X
 _146_/X
 _147_/Y
 _148_/X
 _149_/Y
 _150_/X
 _151_/X
 _152_/Y
 _153_/X
 _154_/X
 _155_/X
 _156_/X
 _157_/Y
 _158_/X
 _159_/X
 _160_/X
 _161_/X
 _162_/Y
 _163_/Y
 _164_/X
 _165_/Y
 _166_/X
 _167_/X
 _168_/Y
 _169_/Y
 _170_/X
 _171_/X
 _172_/X
 _173_/X
 _174_/Y
 _175_/Y
 _176_/X
 _177_/X
 _178_/X
 _179_/X
 _180_/X
 _181_/Y
 _182_/Y
 _183_/Y
 _184_/X
 _185_/Y
 _186_/X
 _187_/Y
 _188_/X
 _189_/X
 _190_/X
 _191_/X
 _192_/X
 _193_/Y
Found 0 partially unannotated drivers.

===========================================================================
max slew violation count 0
max fanout violation count 1
max cap violation count 0
============================================================================

===========================================================================
check_setup -verbose -unconstrained_endpoints -multiple_clock -no_clock -no_input_delay -loops -generated_clocks
===========================================================================
