
===========================================================================
report_checks -path_delay max (Setup)
============================================================================
======================= nom_tt_025C_1v80 Corner ===================================

Startpoint: opcode[1] (input port clocked by __VIRTUAL_CLK__)
Endpoint: zero (output port clocked by __VIRTUAL_CLK__)
Path Group: __VIRTUAL_CLK__
Path Type: max

Fanout         Cap        Slew       Delay        Time   Description
---------------------------------------------------------------------------------------------
                      0.000000    0.000000    0.000000   clock __VIRTUAL_CLK__ (rise edge)
                                  0.000000    0.000000   clock network delay (ideal)
                                  2.000000    2.000000 v input external delay
    17    0.043826    0.096986    0.073579    2.073579 v opcode[1] (in)
                                                         opcode[1] (net)
                      0.096986    0.000000    2.073579 v _097_/B (sky130_fd_sc_hd__or3b_2)
     8    0.059464    0.222057    0.677503    2.751082 v _097_/X (sky130_fd_sc_hd__or3b_2)
                                                         _032_ (net)
                      0.222057    0.000000    2.751082 v _116_/B (sky130_fd_sc_hd__xor2_2)
     2    0.010056    0.171946    0.245074    2.996156 ^ _116_/X (sky130_fd_sc_hd__xor2_2)
                                                         _051_ (net)
                      0.171946    0.000000    2.996156 ^ _117_/A_N (sky130_fd_sc_hd__and2b_2)
     1    0.002195    0.034371    0.242289    3.238445 v _117_/X (sky130_fd_sc_hd__and2b_2)
                                                         _052_ (net)
                      0.034371    0.000000    3.238445 v _121_/B1 (sky130_fd_sc_hd__a21o_2)
     4    0.013713    0.061437    0.223660    3.462105 v _121_/X (sky130_fd_sc_hd__a21o_2)
                                                         _056_ (net)
                      0.061437    0.000000    3.462105 v _125_/A2 (sky130_fd_sc_hd__a31o_2)
     3    0.007815    0.050637    0.261872    3.723976 v _125_/X (sky130_fd_sc_hd__a31o_2)
                                                         _060_ (net)
                      0.050637    0.000000    3.723976 v _127_/A2 (sky130_fd_sc_hd__a2111o_2)
     2    0.003710    0.065550    0.483677    4.207654 v _127_/X (sky130_fd_sc_hd__a2111o_2)
                                                         _062_ (net)
                      0.065550    0.000000    4.207654 v _141_/B (sky130_fd_sc_hd__and3_2)
     1    0.001393    0.033515    0.198577    4.406230 v _141_/X (sky130_fd_sc_hd__and3_2)
                                                         _076_ (net)
                      0.033515    0.000000    4.406230 v _142_/C (sky130_fd_sc_hd__or4b_2)
     3    0.008751    0.127617    0.674444    5.080675 v _142_/X (sky130_fd_sc_hd__or4b_2)
                                                         _077_ (net)
                      0.127617    0.000000    5.080675 v _144_/B1 (sky130_fd_sc_hd__o21a_2)
     2    0.037432    0.111511    0.238535    5.319210 v _144_/X (sky130_fd_sc_hd__o21a_2)
                                                         result[7] (net)
                      0.111511    0.000000    5.319210 v _193_/C1 (sky130_fd_sc_hd__a211oi_2)
     1    0.033442    0.619693    0.535790    5.855000 ^ _193_/Y (sky130_fd_sc_hd__a211oi_2)
                                                         zero (net)
                      0.619693    0.000000    5.855000 ^ zero (out)
                                              5.855000   data arrival time

                      0.000000   10.000000   10.000000   clock __VIRTUAL_CLK__ (rise edge)
                                  0.000000   10.000000   clock network delay (ideal)
                                 -0.250000    9.750000   clock uncertainty
                                  0.000000    9.750000   clock reconvergence pessimism
                                 -2.000000    7.750000   output external delay
                                              7.750000   data required time
---------------------------------------------------------------------------------------------
                                              7.750000   data required time
                                             -5.855000   data arrival time
---------------------------------------------------------------------------------------------
                                              1.895000   slack (MET)


Startpoint: opcode[1] (input port clocked by __VIRTUAL_CLK__)
Endpoint: overflow (output port clocked by __VIRTUAL_CLK__)
Path Group: __VIRTUAL_CLK__
Path Type: max

Fanout         Cap        Slew       Delay        Time   Description
---------------------------------------------------------------------------------------------
                      0.000000    0.000000    0.000000   clock __VIRTUAL_CLK__ (rise edge)
                                  0.000000    0.000000   clock network delay (ideal)
                                  2.000000    2.000000 v input external delay
    17    0.043826    0.096986    0.073579    2.073579 v opcode[1] (in)
                                                         opcode[1] (net)
                      0.096986    0.000000    2.073579 v _097_/B (sky130_fd_sc_hd__or3b_2)
     8    0.059464    0.222057    0.677503    2.751082 v _097_/X (sky130_fd_sc_hd__or3b_2)
                                                         _032_ (net)
                      0.222057    0.000000    2.751082 v _116_/B (sky130_fd_sc_hd__xor2_2)
     2    0.010056    0.171946    0.245074    2.996156 ^ _116_/X (sky130_fd_sc_hd__xor2_2)
                                                         _051_ (net)
                      0.171946    0.000000    2.996156 ^ _117_/A_N (sky130_fd_sc_hd__and2b_2)
     1    0.002195    0.034371    0.242289    3.238445 v _117_/X (sky130_fd_sc_hd__and2b_2)
                                                         _052_ (net)
                      0.034371    0.000000    3.238445 v _121_/B1 (sky130_fd_sc_hd__a21o_2)
     4    0.013713    0.061437    0.223660    3.462105 v _121_/X (sky130_fd_sc_hd__a21o_2)
                                                         _056_ (net)
                      0.061437    0.000000    3.462105 v _125_/A2 (sky130_fd_sc_hd__a31o_2)
     3    0.007815    0.050637    0.261872    3.723976 v _125_/X (sky130_fd_sc_hd__a31o_2)
                                                         _060_ (net)
                      0.050637    0.000000    3.723976 v _127_/A2 (sky130_fd_sc_hd__a2111o_2)
     2    0.003710    0.065550    0.483677    4.207654 v _127_/X (sky130_fd_sc_hd__a2111o_2)
                                                         _062_ (net)
                      0.065550    0.000000    4.207654 v _141_/B (sky130_fd_sc_hd__and3_2)
     1    0.001393    0.033515    0.198577    4.406230 v _141_/X (sky130_fd_sc_hd__and3_2)
                                                         _076_ (net)
                      0.033515    0.000000    4.406230 v _142_/C (sky130_fd_sc_hd__or4b_2)
     3    0.008751    0.127617    0.674444    5.080675 v _142_/X (sky130_fd_sc_hd__or4b_2)
                                                         _077_ (net)
                      0.127617    0.000000    5.080675 v _145_/A2 (sky130_fd_sc_hd__a21o_2)
     1    0.001455    0.029873    0.239493    5.320168 v _145_/X (sky130_fd_sc_hd__a21o_2)
                                                         _079_ (net)
                      0.029873    0.000000    5.320168 v _146_/C (sky130_fd_sc_hd__and3_2)
     1    0.033442    0.105252    0.291108    5.611276 v _146_/X (sky130_fd_sc_hd__and3_2)
                                                         overflow (net)
                      0.105252    0.000000    5.611276 v overflow (out)
                                              5.611276   data arrival time

                      0.000000   10.000000   10.000000   clock __VIRTUAL_CLK__ (rise edge)
                                  0.000000   10.000000   clock network delay (ideal)
                                 -0.250000    9.750000   clock uncertainty
                                  0.000000    9.750000   clock reconvergence pessimism
                                 -2.000000    7.750000   output external delay
                                              7.750000   data required time
---------------------------------------------------------------------------------------------
                                              7.750000   data required time
                                             -5.611276   data arrival time
---------------------------------------------------------------------------------------------
                                              2.138724   slack (MET)


Startpoint: opcode[1] (input port clocked by __VIRTUAL_CLK__)
Endpoint: result[7] (output port clocked by __VIRTUAL_CLK__)
Path Group: __VIRTUAL_CLK__
Path Type: max

Fanout         Cap        Slew       Delay        Time   Description
---------------------------------------------------------------------------------------------
                      0.000000    0.000000    0.000000   clock __VIRTUAL_CLK__ (rise edge)
                                  0.000000    0.000000   clock network delay (ideal)
                                  2.000000    2.000000 v input external delay
    17    0.043826    0.096986    0.073579    2.073579 v opcode[1] (in)
                                                         opcode[1] (net)
                      0.096986    0.000000    2.073579 v _097_/B (sky130_fd_sc_hd__or3b_2)
     8    0.059464    0.222057    0.677503    2.751082 v _097_/X (sky130_fd_sc_hd__or3b_2)
                                                         _032_ (net)
                      0.222057    0.000000    2.751082 v _116_/B (sky130_fd_sc_hd__xor2_2)
     2    0.010056    0.171946    0.245074    2.996156 ^ _116_/X (sky130_fd_sc_hd__xor2_2)
                                                         _051_ (net)
                      0.171946    0.000000    2.996156 ^ _117_/A_N (sky130_fd_sc_hd__and2b_2)
     1    0.002195    0.034371    0.242289    3.238445 v _117_/X (sky130_fd_sc_hd__and2b_2)
                                                         _052_ (net)
                      0.034371    0.000000    3.238445 v _121_/B1 (sky130_fd_sc_hd__a21o_2)
     4    0.013713    0.061437    0.223660    3.462105 v _121_/X (sky130_fd_sc_hd__a21o_2)
                                                         _056_ (net)
                      0.061437    0.000000    3.462105 v _125_/A2 (sky130_fd_sc_hd__a31o_2)
     3    0.007815    0.050637    0.261872    3.723976 v _125_/X (sky130_fd_sc_hd__a31o_2)
                                                         _060_ (net)
                      0.050637    0.000000    3.723976 v _127_/A2 (sky130_fd_sc_hd__a2111o_2)
     2    0.003710    0.065550    0.483677    4.207654 v _127_/X (sky130_fd_sc_hd__a2111o_2)
                                                         _062_ (net)
                      0.065550    0.000000    4.207654 v _141_/B (sky130_fd_sc_hd__and3_2)
     1    0.001393    0.033515    0.198577    4.406230 v _141_/X (sky130_fd_sc_hd__and3_2)
                                                         _076_ (net)
                      0.033515    0.000000    4.406230 v _142_/C (sky130_fd_sc_hd__or4b_2)
     3    0.008751    0.127617    0.674444    5.080675 v _142_/X (sky130_fd_sc_hd__or4b_2)
                                                         _077_ (net)
                      0.127617    0.000000    5.080675 v _144_/B1 (sky130_fd_sc_hd__o21a_2)
     2    0.037432    0.111511    0.238535    5.319210 v _144_/X (sky130_fd_sc_hd__o21a_2)
                                                         result[7] (net)
                      0.111511    0.000000    5.319210 v result[7] (out)
                                              5.319210   data arrival time

                      0.000000   10.000000   10.000000   clock __VIRTUAL_CLK__ (rise edge)
                                  0.000000   10.000000   clock network delay (ideal)
                                 -0.250000    9.750000   clock uncertainty
                                  0.000000    9.750000   clock reconvergence pessimism
                                 -2.000000    7.750000   output external delay
                                              7.750000   data required time
---------------------------------------------------------------------------------------------
                                              7.750000   data required time
                                             -5.319210   data arrival time
---------------------------------------------------------------------------------------------
                                              2.430790   slack (MET)


Startpoint: opcode[1] (input port clocked by __VIRTUAL_CLK__)
Endpoint: result[5] (output port clocked by __VIRTUAL_CLK__)
Path Group: __VIRTUAL_CLK__
Path Type: max

Fanout         Cap        Slew       Delay        Time   Description
---------------------------------------------------------------------------------------------
                      0.000000    0.000000    0.000000   clock __VIRTUAL_CLK__ (rise edge)
                                  0.000000    0.000000   clock network delay (ideal)
                                  2.000000    2.000000 v input external delay
    17    0.043826    0.096986    0.073579    2.073579 v opcode[1] (in)
                                                         opcode[1] (net)
                      0.096986    0.000000    2.073579 v _097_/B (sky130_fd_sc_hd__or3b_2)
     8    0.059464    0.222057    0.677503    2.751082 v _097_/X (sky130_fd_sc_hd__or3b_2)
                                                         _032_ (net)
                      0.222057    0.000000    2.751082 v _116_/B (sky130_fd_sc_hd__xor2_2)
     2    0.010056    0.171946    0.245074    2.996156 ^ _116_/X (sky130_fd_sc_hd__xor2_2)
                                                         _051_ (net)
                      0.171946    0.000000    2.996156 ^ _117_/A_N (sky130_fd_sc_hd__and2b_2)
     1    0.002195    0.034371    0.242289    3.238445 v _117_/X (sky130_fd_sc_hd__and2b_2)
                                                         _052_ (net)
                      0.034371    0.000000    3.238445 v _121_/B1 (sky130_fd_sc_hd__a21o_2)
     4    0.013713    0.061437    0.223660    3.462105 v _121_/X (sky130_fd_sc_hd__a21o_2)
                                                         _056_ (net)
                      0.061437    0.000000    3.462105 v _125_/A2 (sky130_fd_sc_hd__a31o_2)
     3    0.007815    0.050637    0.261872    3.723976 v _125_/X (sky130_fd_sc_hd__a31o_2)
                                                         _060_ (net)
                      0.050637    0.000000    3.723976 v _126_/B (sky130_fd_sc_hd__and2_2)
     3    0.010516    0.055602    0.221745    3.945722 v _126_/X (sky130_fd_sc_hd__and2_2)
                                                         _061_ (net)
                      0.055602    0.000000    3.945722 v _176_/A2 (sky130_fd_sc_hd__o31a_2)
     1    0.002207    0.048821    0.329704    4.275426 v _176_/X (sky130_fd_sc_hd__o31a_2)
                                                         _012_ (net)
                      0.048821    0.000000    4.275426 v _179_/A2 (sky130_fd_sc_hd__a21o_2)
     2    0.003691    0.037073    0.218678    4.494104 v _179_/X (sky130_fd_sc_hd__a21o_2)
                                                         _015_ (net)
                      0.037073    0.000000    4.494104 v _180_/B (sky130_fd_sc_hd__and2_2)
     1    0.033442    0.101778    0.269513    4.763617 v _180_/X (sky130_fd_sc_hd__and2_2)
                                                         result[5] (net)
                      0.101778    0.000000    4.763617 v result[5] (out)
                                              4.763617   data arrival time

                      0.000000   10.000000   10.000000   clock __VIRTUAL_CLK__ (rise edge)
                                  0.000000   10.000000   clock network delay (ideal)
                                 -0.250000    9.750000   clock uncertainty
                                  0.000000    9.750000   clock reconvergence pessimism
                                 -2.000000    7.750000   output external delay
                                              7.750000   data required time
---------------------------------------------------------------------------------------------
                                              7.750000   data required time
                                             -4.763617   data arrival time
---------------------------------------------------------------------------------------------
                                              2.986383   slack (MET)


Startpoint: opcode[1] (input port clocked by __VIRTUAL_CLK__)
Endpoint: result[6] (output port clocked by __VIRTUAL_CLK__)
Path Group: __VIRTUAL_CLK__
Path Type: max

Fanout         Cap        Slew       Delay        Time   Description
---------------------------------------------------------------------------------------------
                      0.000000    0.000000    0.000000   clock __VIRTUAL_CLK__ (rise edge)
                                  0.000000    0.000000   clock network delay (ideal)
                                  2.000000    2.000000 v input external delay
    17    0.043826    0.096986    0.073579    2.073579 v opcode[1] (in)
                                                         opcode[1] (net)
                      0.096986    0.000000    2.073579 v _097_/B (sky130_fd_sc_hd__or3b_2)
     8    0.059464    0.222057    0.677503    2.751082 v _097_/X (sky130_fd_sc_hd__or3b_2)
                                                         _032_ (net)
                      0.222057    0.000000    2.751082 v _116_/B (sky130_fd_sc_hd__xor2_2)
     2    0.010056    0.171946    0.245074    2.996156 ^ _116_/X (sky130_fd_sc_hd__xor2_2)
                                                         _051_ (net)
                      0.171946    0.000000    2.996156 ^ _117_/A_N (sky130_fd_sc_hd__and2b_2)
     1    0.002195    0.034371    0.242289    3.238445 v _117_/X (sky130_fd_sc_hd__and2b_2)
                                                         _052_ (net)
                      0.034371    0.000000    3.238445 v _121_/B1 (sky130_fd_sc_hd__a21o_2)
     4    0.013713    0.061437    0.223660    3.462105 v _121_/X (sky130_fd_sc_hd__a21o_2)
                                                         _056_ (net)
                      0.061437    0.000000    3.462105 v _125_/A2 (sky130_fd_sc_hd__a31o_2)
     3    0.007815    0.050637    0.261872    3.723976 v _125_/X (sky130_fd_sc_hd__a31o_2)
                                                         _060_ (net)
                      0.050637    0.000000    3.723976 v _126_/B (sky130_fd_sc_hd__and2_2)
     3    0.010516    0.055602    0.221745    3.945722 v _126_/X (sky130_fd_sc_hd__and2_2)
                                                         _061_ (net)
                      0.055602    0.000000    3.945722 v _175_/A2 (sky130_fd_sc_hd__o21ai_2)
     3    0.009466    0.153215    0.161309    4.107030 ^ _175_/Y (sky130_fd_sc_hd__o21ai_2)
                                                         _011_ (net)
                      0.153215    0.000000    4.107030 ^ _185_/B (sky130_fd_sc_hd__nand3_2)
     1    0.002240    0.049769    0.083852    4.190882 v _185_/Y (sky130_fd_sc_hd__nand3_2)
                                                         _020_ (net)
                      0.049769    0.000000    4.190882 v _189_/A3 (sky130_fd_sc_hd__a31o_2)
     2    0.005586    0.045040    0.262057    4.452940 v _189_/X (sky130_fd_sc_hd__a31o_2)
                                                         _024_ (net)
                      0.045040    0.000000    4.452940 v _190_/B (sky130_fd_sc_hd__and2_2)
     1    0.033442    0.101804    0.273185    4.726125 v _190_/X (sky130_fd_sc_hd__and2_2)
                                                         result[6] (net)
                      0.101804    0.000000    4.726125 v result[6] (out)
                                              4.726125   data arrival time

                      0.000000   10.000000   10.000000   clock __VIRTUAL_CLK__ (rise edge)
                                  0.000000   10.000000   clock network delay (ideal)
                                 -0.250000    9.750000   clock uncertainty
                                  0.000000    9.750000   clock reconvergence pessimism
                                 -2.000000    7.750000   output external delay
                                              7.750000   data required time
---------------------------------------------------------------------------------------------
                                              7.750000   data required time
                                             -4.726125   data arrival time
---------------------------------------------------------------------------------------------
                                              3.023875   slack (MET)


Startpoint: opcode[1] (input port clocked by __VIRTUAL_CLK__)
Endpoint: result[4] (output port clocked by __VIRTUAL_CLK__)
Path Group: __VIRTUAL_CLK__
Path Type: max

Fanout         Cap        Slew       Delay        Time   Description
---------------------------------------------------------------------------------------------
                      0.000000    0.000000    0.000000   clock __VIRTUAL_CLK__ (rise edge)
                                  0.000000    0.000000   clock network delay (ideal)
                                  2.000000    2.000000 v input external delay
    17    0.043826    0.096986    0.073579    2.073579 v opcode[1] (in)
                                                         opcode[1] (net)
                      0.096986    0.000000    2.073579 v _097_/B (sky130_fd_sc_hd__or3b_2)
     8    0.059464    0.222057    0.677503    2.751082 v _097_/X (sky130_fd_sc_hd__or3b_2)
                                                         _032_ (net)
                      0.222057    0.000000    2.751082 v _116_/B (sky130_fd_sc_hd__xor2_2)
     2    0.010056    0.171946    0.245074    2.996156 ^ _116_/X (sky130_fd_sc_hd__xor2_2)
                                                         _051_ (net)
                      0.171946    0.000000    2.996156 ^ _117_/A_N (sky130_fd_sc_hd__and2b_2)
     1    0.002195    0.034371    0.242289    3.238445 v _117_/X (sky130_fd_sc_hd__and2b_2)
                                                         _052_ (net)
                      0.034371    0.000000    3.238445 v _121_/B1 (sky130_fd_sc_hd__a21o_2)
     4    0.013713    0.061437    0.223660    3.462105 v _121_/X (sky130_fd_sc_hd__a21o_2)
                                                         _056_ (net)
                      0.061437    0.000000    3.462105 v _125_/A2 (sky130_fd_sc_hd__a31o_2)
     3    0.007815    0.050637    0.261872    3.723976 v _125_/X (sky130_fd_sc_hd__a31o_2)
                                                         _060_ (net)
                      0.050637    0.000000    3.723976 v _168_/A2 (sky130_fd_sc_hd__o21ai_2)
     1    0.004740    0.104563    0.121339    3.845315 ^ _168_/Y (sky130_fd_sc_hd__o21ai_2)
                                                         _005_ (net)
                      0.104563    0.000000    3.845315 ^ _169_/B (sky130_fd_sc_hd__nor2_2)
     1    0.002225    0.025697    0.038261    3.883576 v _169_/Y (sky130_fd_sc_hd__nor2_2)
                                                         _006_ (net)
                      0.025697    0.000000    3.883576 v _172_/A1 (sky130_fd_sc_hd__o32a_2)
     2    0.035733    0.129880    0.496791    4.380367 v _172_/X (sky130_fd_sc_hd__o32a_2)
                                                         result[4] (net)
                      0.129880    0.000000    4.380367 v result[4] (out)
                                              4.380367   data arrival time

                      0.000000   10.000000   10.000000   clock __VIRTUAL_CLK__ (rise edge)
                                  0.000000   10.000000   clock network delay (ideal)
                                 -0.250000    9.750000   clock uncertainty
                                  0.000000    9.750000   clock reconvergence pessimism
                                 -2.000000    7.750000   output external delay
                                              7.750000   data required time
---------------------------------------------------------------------------------------------
                                              7.750000   data required time
                                             -4.380367   data arrival time
---------------------------------------------------------------------------------------------
                                              3.369633   slack (MET)


Startpoint: opcode[1] (input port clocked by __VIRTUAL_CLK__)
Endpoint: result[3] (output port clocked by __VIRTUAL_CLK__)
Path Group: __VIRTUAL_CLK__
Path Type: max

Fanout         Cap        Slew       Delay        Time   Description
---------------------------------------------------------------------------------------------
                      0.000000    0.000000    0.000000   clock __VIRTUAL_CLK__ (rise edge)
                                  0.000000    0.000000   clock network delay (ideal)
                                  2.000000    2.000000 v input external delay
    17    0.043826    0.096986    0.073579    2.073579 v opcode[1] (in)
                                                         opcode[1] (net)
                      0.096986    0.000000    2.073579 v _097_/B (sky130_fd_sc_hd__or3b_2)
     8    0.059464    0.222057    0.677503    2.751082 v _097_/X (sky130_fd_sc_hd__or3b_2)
                                                         _032_ (net)
                      0.222057    0.000000    2.751082 v _116_/B (sky130_fd_sc_hd__xor2_2)
     2    0.010056    0.171946    0.245074    2.996156 ^ _116_/X (sky130_fd_sc_hd__xor2_2)
                                                         _051_ (net)
                      0.171946    0.000000    2.996156 ^ _117_/A_N (sky130_fd_sc_hd__and2b_2)
     1    0.002195    0.034371    0.242289    3.238445 v _117_/X (sky130_fd_sc_hd__and2b_2)
                                                         _052_ (net)
                      0.034371    0.000000    3.238445 v _121_/B1 (sky130_fd_sc_hd__a21o_2)
     4    0.013713    0.061437    0.223660    3.462105 v _121_/X (sky130_fd_sc_hd__a21o_2)
                                                         _056_ (net)
                      0.061437    0.000000    3.462105 v _162_/A2 (sky130_fd_sc_hd__a21oi_2)
     2    0.006521    0.120275    0.164907    3.627011 ^ _162_/Y (sky130_fd_sc_hd__a21oi_2)
                                                         _000_ (net)
                      0.120275    0.000000    3.627011 ^ _163_/A2 (sky130_fd_sc_hd__a21oi_2)
     1    0.002248    0.047741    0.067060    3.694071 v _163_/Y (sky130_fd_sc_hd__a21oi_2)
                                                         _001_ (net)
                      0.047741    0.000000    3.694071 v _166_/B1 (sky130_fd_sc_hd__o221a_2)
     1    0.001599    0.039487    0.243533    3.937604 v _166_/X (sky130_fd_sc_hd__o221a_2)
                                                         _004_ (net)
                      0.039487    0.000000    3.937604 v _167_/A1_N (sky130_fd_sc_hd__o2bb2a_2)
     2    0.036078    0.199293    0.384434    4.322038 ^ _167_/X (sky130_fd_sc_hd__o2bb2a_2)
                                                         result[3] (net)
                      0.199293    0.000000    4.322038 ^ result[3] (out)
                                              4.322038   data arrival time

                      0.000000   10.000000   10.000000   clock __VIRTUAL_CLK__ (rise edge)
                                  0.000000   10.000000   clock network delay (ideal)
                                 -0.250000    9.750000   clock uncertainty
                                  0.000000    9.750000   clock reconvergence pessimism
                                 -2.000000    7.750000   output external delay
                                              7.750000   data required time
---------------------------------------------------------------------------------------------
                                              7.750000   data required time
                                             -4.322038   data arrival time
---------------------------------------------------------------------------------------------
                                              3.427962   slack (MET)


Startpoint: opcode[1] (input port clocked by __VIRTUAL_CLK__)
Endpoint: result[2] (output port clocked by __VIRTUAL_CLK__)
Path Group: __VIRTUAL_CLK__
Path Type: max

Fanout         Cap        Slew       Delay        Time   Description
---------------------------------------------------------------------------------------------
                      0.000000    0.000000    0.000000   clock __VIRTUAL_CLK__ (rise edge)
                                  0.000000    0.000000   clock network delay (ideal)
                                  2.000000    2.000000 v input external delay
    17    0.043826    0.096986    0.073579    2.073579 v opcode[1] (in)
                                                         opcode[1] (net)
                      0.096986    0.000000    2.073579 v _097_/B (sky130_fd_sc_hd__or3b_2)
     8    0.059464    0.222057    0.677503    2.751082 v _097_/X (sky130_fd_sc_hd__or3b_2)
                                                         _032_ (net)
                      0.222057    0.000000    2.751082 v _116_/B (sky130_fd_sc_hd__xor2_2)
     2    0.010056    0.171946    0.245074    2.996156 ^ _116_/X (sky130_fd_sc_hd__xor2_2)
                                                         _051_ (net)
                      0.171946    0.000000    2.996156 ^ _117_/A_N (sky130_fd_sc_hd__and2b_2)
     1    0.002195    0.034371    0.242289    3.238445 v _117_/X (sky130_fd_sc_hd__and2b_2)
                                                         _052_ (net)
                      0.034371    0.000000    3.238445 v _121_/B1 (sky130_fd_sc_hd__a21o_2)
     4    0.013713    0.061437    0.223660    3.462105 v _121_/X (sky130_fd_sc_hd__a21o_2)
                                                         _056_ (net)
                      0.061437    0.000000    3.462105 v _158_/A2 (sky130_fd_sc_hd__o21a_2)
     1    0.002225    0.032200    0.198644    3.660748 v _158_/X (sky130_fd_sc_hd__o21a_2)
                                                         _089_ (net)
                      0.032200    0.000000    3.660748 v _161_/A1 (sky130_fd_sc_hd__o32a_2)
     2    0.034730    0.127697    0.496718    4.157466 v _161_/X (sky130_fd_sc_hd__o32a_2)
                                                         result[2] (net)
                      0.127697    0.000000    4.157466 v result[2] (out)
                                              4.157466   data arrival time

                      0.000000   10.000000   10.000000   clock __VIRTUAL_CLK__ (rise edge)
                                  0.000000   10.000000   clock network delay (ideal)
                                 -0.250000    9.750000   clock uncertainty
                                  0.000000    9.750000   clock reconvergence pessimism
                                 -2.000000    7.750000   output external delay
                                              7.750000   data required time
---------------------------------------------------------------------------------------------
                                              7.750000   data required time
                                             -4.157466   data arrival time
---------------------------------------------------------------------------------------------
                                              3.592534   slack (MET)


Startpoint: opcode[1] (input port clocked by __VIRTUAL_CLK__)
Endpoint: result[1] (output port clocked by __VIRTUAL_CLK__)
Path Group: __VIRTUAL_CLK__
Path Type: max

Fanout         Cap        Slew       Delay        Time   Description
---------------------------------------------------------------------------------------------
                      0.000000    0.000000    0.000000   clock __VIRTUAL_CLK__ (rise edge)
                                  0.000000    0.000000   clock network delay (ideal)
                                  2.000000    2.000000 v input external delay
    17    0.043826    0.096986    0.073579    2.073579 v opcode[1] (in)
                                                         opcode[1] (net)
                      0.096986    0.000000    2.073579 v _097_/B (sky130_fd_sc_hd__or3b_2)
     8    0.059464    0.222057    0.677503    2.751082 v _097_/X (sky130_fd_sc_hd__or3b_2)
                                                         _032_ (net)
                      0.222057    0.000000    2.751082 v _116_/B (sky130_fd_sc_hd__xor2_2)
     2    0.009568    0.113673    0.235077    2.986159 v _116_/X (sky130_fd_sc_hd__xor2_2)
                                                         _051_ (net)
                      0.113673    0.000000    2.986159 v _118_/B (sky130_fd_sc_hd__xnor2_2)
     4    0.011336    0.198779    0.216370    3.202530 ^ _118_/Y (sky130_fd_sc_hd__xnor2_2)
                                                         _053_ (net)
                      0.198779    0.000000    3.202530 ^ _152_/A1 (sky130_fd_sc_hd__a21oi_2)
     1    0.002329    0.051167    0.073562    3.276091 v _152_/Y (sky130_fd_sc_hd__a21oi_2)
                                                         _084_ (net)
                      0.051167    0.000000    3.276091 v _153_/B1 (sky130_fd_sc_hd__o21a_2)
     1    0.001459    0.029840    0.111700    3.387792 v _153_/X (sky130_fd_sc_hd__o21a_2)
                                                         _085_ (net)
                      0.029840    0.000000    3.387792 v _156_/A (sky130_fd_sc_hd__or3_2)
     2    0.034981    0.169491    0.627000    4.014791 v _156_/X (sky130_fd_sc_hd__or3_2)
                                                         result[1] (net)
                      0.169491    0.000000    4.014791 v result[1] (out)
                                              4.014791   data arrival time

                      0.000000   10.000000   10.000000   clock __VIRTUAL_CLK__ (rise edge)
                                  0.000000   10.000000   clock network delay (ideal)
                                 -0.250000    9.750000   clock uncertainty
                                  0.000000    9.750000   clock reconvergence pessimism
                                 -2.000000    7.750000   output external delay
                                              7.750000   data required time
---------------------------------------------------------------------------------------------
                                              7.750000   data required time
                                             -4.014791   data arrival time
---------------------------------------------------------------------------------------------
                                              3.735209   slack (MET)


Startpoint: opcode[2] (input port clocked by __VIRTUAL_CLK__)
Endpoint: result[0] (output port clocked by __VIRTUAL_CLK__)
Path Group: __VIRTUAL_CLK__
Path Type: max

Fanout         Cap        Slew       Delay        Time   Description
---------------------------------------------------------------------------------------------
                      0.000000    0.000000    0.000000   clock __VIRTUAL_CLK__ (rise edge)
                                  0.000000    0.000000   clock network delay (ideal)
                                  2.000000    2.000000 ^ input external delay
    10    0.029355    0.139391    0.099405    2.099405 ^ opcode[2] (in)
                                                         opcode[2] (net)
                      0.139391    0.000000    2.099405 ^ _135_/A_N (sky130_fd_sc_hd__and3b_2)
     2    0.004497    0.043536    0.237764    2.337169 v _135_/X (sky130_fd_sc_hd__and3b_2)
                                                         _070_ (net)
                      0.043536    0.000000    2.337169 v _148_/B1 (sky130_fd_sc_hd__o22a_2)
     1    0.002225    0.034337    0.197165    2.534335 v _148_/X (sky130_fd_sc_hd__o22a_2)
                                                         _081_ (net)
                      0.034337    0.000000    2.534335 v _151_/A1 (sky130_fd_sc_hd__o32a_2)
     2    0.034901    0.128044    0.498096    3.032430 v _151_/X (sky130_fd_sc_hd__o32a_2)
                                                         result[0] (net)
                      0.128044    0.000000    3.032430 v result[0] (out)
                                              3.032430   data arrival time

                      0.000000   10.000000   10.000000   clock __VIRTUAL_CLK__ (rise edge)
                                  0.000000   10.000000   clock network delay (ideal)
                                 -0.250000    9.750000   clock uncertainty
                                  0.000000    9.750000   clock reconvergence pessimism
                                 -2.000000    7.750000   output external delay
                                              7.750000   data required time
---------------------------------------------------------------------------------------------
                                              7.750000   data required time
                                             -3.032430   data arrival time
---------------------------------------------------------------------------------------------
                                              4.717569   slack (MET)



