Reading timing models for corner max_tt_025C_1v80…
Reading timing library for the 'max_tt_025C_1v80' corner at '/home/thaituroblox/.ciel/ciel/ciel/sky130/versions/8afc8346a57fe1ab7934ba5a6056ea8b43078e71/sky130A/libs.ref/sky130_fd_sc_hd/lib/sky130_fd_sc_hd__tt_025C_1v80.lib'…
Reading timing models for corner min_ss_100C_1v60…
Reading timing library for the 'min_ss_100C_1v60' corner at '/home/thaituroblox/.ciel/ciel/ciel/sky130/versions/8afc8346a57fe1ab7934ba5a6056ea8b43078e71/sky130A/libs.ref/sky130_fd_sc_hd/lib/sky130_fd_sc_hd__ss_100C_1v60.lib'…
Reading timing models for corner nom_tt_025C_1v80…
Reading timing library for the 'nom_tt_025C_1v80' corner at '/home/thaituroblox/.ciel/ciel/ciel/sky130/versions/8afc8346a57fe1ab7934ba5a6056ea8b43078e71/sky130A/libs.ref/sky130_fd_sc_hd/lib/sky130_fd_sc_hd__tt_025C_1v80.lib'…
[WARNING STA-1140] /home/thaituroblox/.ciel/ciel/ciel/sky130/versions/8afc8346a57fe1ab7934ba5a6056ea8b43078e71/sky130A/libs.ref/sky130_fd_sc_hd/lib/sky130_fd_sc_hd__tt_025C_1v80.lib line 1, library sky130_fd_sc_hd__tt_025C_1v80 already exists.
Reading timing models for corner max_ff_n40C_1v95…
Reading timing library for the 'max_ff_n40C_1v95' corner at '/home/thaituroblox/.ciel/ciel/ciel/sky130/versions/8afc8346a57fe1ab7934ba5a6056ea8b43078e71/sky130A/libs.ref/sky130_fd_sc_hd/lib/sky130_fd_sc_hd__ff_n40C_1v95.lib'…
Reading timing models for corner nom_ff_n40C_1v95…
Reading timing library for the 'nom_ff_n40C_1v95' corner at '/home/thaituroblox/.ciel/ciel/ciel/sky130/versions/8afc8346a57fe1ab7934ba5a6056ea8b43078e71/sky130A/libs.ref/sky130_fd_sc_hd/lib/sky130_fd_sc_hd__ff_n40C_1v95.lib'…
[WARNING STA-1140] /home/thaituroblox/.ciel/ciel/ciel/sky130/versions/8afc8346a57fe1ab7934ba5a6056ea8b43078e71/sky130A/libs.ref/sky130_fd_sc_hd/lib/sky130_fd_sc_hd__ff_n40C_1v95.lib line 1, library sky130_fd_sc_hd__ff_n40C_1v95 already exists.
Reading timing models for corner max_ss_100C_1v60…
Reading timing library for the 'max_ss_100C_1v60' corner at '/home/thaituroblox/.ciel/ciel/ciel/sky130/versions/8afc8346a57fe1ab7934ba5a6056ea8b43078e71/sky130A/libs.ref/sky130_fd_sc_hd/lib/sky130_fd_sc_hd__ss_100C_1v60.lib'…
[WARNING STA-1140] /home/thaituroblox/.ciel/ciel/ciel/sky130/versions/8afc8346a57fe1ab7934ba5a6056ea8b43078e71/sky130A/libs.ref/sky130_fd_sc_hd/lib/sky130_fd_sc_hd__ss_100C_1v60.lib line 1, library sky130_fd_sc_hd__ss_100C_1v60 already exists.
Reading timing models for corner min_tt_025C_1v80…
Reading timing library for the 'min_tt_025C_1v80' corner at '/home/thaituroblox/.ciel/ciel/ciel/sky130/versions/8afc8346a57fe1ab7934ba5a6056ea8b43078e71/sky130A/libs.ref/sky130_fd_sc_hd/lib/sky130_fd_sc_hd__tt_025C_1v80.lib'…
[WARNING STA-1140] /home/thaituroblox/.ciel/ciel/ciel/sky130/versions/8afc8346a57fe1ab7934ba5a6056ea8b43078e71/sky130A/libs.ref/sky130_fd_sc_hd/lib/sky130_fd_sc_hd__tt_025C_1v80.lib line 1, library sky130_fd_sc_hd__tt_025C_1v80 already exists.
Reading timing models for corner nom_ss_100C_1v60…
Reading timing library for the 'nom_ss_100C_1v60' corner at '/home/thaituroblox/.ciel/ciel/ciel/sky130/versions/8afc8346a57fe1ab7934ba5a6056ea8b43078e71/sky130A/libs.ref/sky130_fd_sc_hd/lib/sky130_fd_sc_hd__ss_100C_1v60.lib'…
[WARNING STA-1140] /home/thaituroblox/.ciel/ciel/ciel/sky130/versions/8afc8346a57fe1ab7934ba5a6056ea8b43078e71/sky130A/libs.ref/sky130_fd_sc_hd/lib/sky130_fd_sc_hd__ss_100C_1v60.lib line 1, library sky130_fd_sc_hd__ss_100C_1v60 already exists.
Reading timing models for corner min_ff_n40C_1v95…
Reading timing library for the 'min_ff_n40C_1v95' corner at '/home/thaituroblox/.ciel/ciel/ciel/sky130/versions/8afc8346a57fe1ab7934ba5a6056ea8b43078e71/sky130A/libs.ref/sky130_fd_sc_hd/lib/sky130_fd_sc_hd__ff_n40C_1v95.lib'…
[WARNING STA-1140] /home/thaituroblox/.ciel/ciel/ciel/sky130/versions/8afc8346a57fe1ab7934ba5a6056ea8b43078e71/sky130A/libs.ref/sky130_fd_sc_hd/lib/sky130_fd_sc_hd__ff_n40C_1v95.lib line 1, library sky130_fd_sc_hd__ff_n40C_1v95 already exists.
Reading OpenROAD database at '/home/thaituroblox/Desktop/8_BIT_COUNTER/Counter-8-Bit-/alu_project/runs/RUN_2026-09-26_04-41-42/34-openroad-detailedplacement/alu_8bit.odb'…
Reading design constraints file at '/nix/store/8y4m6wgn5kqlbig1qwnwbxijqqp0jwib-python3-3.13.9-env/lib/python3.13/site-packages/librelane/scripts/base.sdc'…
[WARNING] No CLOCK_PORT found. A dummy clock will be used.
[WARNING STA-0366] port '__VIRTUAL_CLK__' not found.
[INFO] Using clock __VIRTUAL_CLK__…
[INFO] Setting output delay to: 2.0
[INFO] Setting input delay to: 2.0
[WARNING STA-0366] port '__VIRTUAL_CLK__' not found.
[INFO] Setting load to: 0.033442
[INFO] Setting clock uncertainty to: 0.25
[INFO] Setting clock transition to: 0.1499999999999999944488848768742172978818416595458984375
[WARNING STA-0419] transition time can not be specified for virtual clocks.
[INFO] Setting timing derate to: 5.0%
[WARNING STA-0450] virtual clock __VIRTUAL_CLK__ can not be propagated.
[WARNING STA-0450] virtual clock __VIRTUAL_CLK__ can not be propagated.
+ repair_timing -verbose -setup -setup_margin 0.05000000000000000277555756156289135105907917022705078125 -max_buffer_percent 50.0
[INFO RSZ-0100] Repair move sequence: UnbufferMove SizeUpMove SwapPinsMove BufferMove CloneMove SplitLoadMove 
[INFO RSZ-0094] Found 9 endpoints with setup violations.
[INFO RSZ-0099] Repairing 9 out of 9 (100.00%) violating endpoints...
   Iter   | Removed | Resized | Inserted | Cloned |  Pin  |   Area   |    WNS   |   TNS      |  Viol  | Worst
          | Buffers |  Gates  | Buffers  |  Gates | Swaps |          |          |            | Endpts | Endpt
--------------------------------------------------------------------------------------------------------------
        0 |       0 |       0 |        0 |      0 |     0 |    +0.0% |   -3.939 |      -18.3 |      9 | overflow
       10 |       0 |       7 |        1 |      0 |     1 |    +0.6% |   -2.867 |      -11.8 |      9 | zero
       20 |       0 |      17 |        1 |      0 |     1 |    +0.7% |   -1.706 |       -6.5 |      9 | overflow
       30 |       0 |      26 |        2 |      0 |     1 |    +3.0% |   -1.470 |       -5.5 |      9 | overflow
       40 |       0 |      29 |        6 |      0 |     4 |    +4.2% |   -1.330 |       -5.0 |      9 | overflow
       50 |       0 |      37 |        6 |      0 |     6 |    +5.2% |   -1.105 |       -4.1 |      9 | overflow
       60 |       0 |      45 |        6 |      0 |     8 |    +4.2% |   -0.834 |       -2.9 |      9 | overflow
       69 |       0 |      48 |        7 |      0 |     8 |    +5.9% |   -0.808 |       -2.6 |      9 | overflow
       70 |       0 |      48 |        7 |      0 |     8 |    +5.9% |   -0.808 |       -2.6 |      9 | overflow
       73 |       0 |      49 |        7 |      0 |     8 |    +6.4% |   -0.800 |       -2.6 |      9 | overflow
       80 |       0 |      54 |        8 |      0 |     8 |    +6.7% |   -0.800 |       -2.6 |      9 | overflow
       87 |       0 |      54 |        7 |      0 |     8 |    +6.3% |   -0.800 |       -2.3 |      9 | overflow
       90 |       0 |      56 |        7 |      0 |     8 |    +6.2% |   -0.800 |       -2.3 |      9 | overflow
       91 |       0 |      57 |        7 |      0 |     8 |    +6.5% |   -0.800 |       -2.1 |      7 | overflow
       95 |       0 |      60 |        7 |      0 |     8 |    +6.7% |   -0.800 |       -1.9 |      5 | overflow
       96 |       0 |      60 |        7 |      0 |     8 |    +6.7% |   -0.800 |       -1.9 |      4 | overflow
       97 |       0 |      60 |        7 |      0 |     8 |    +6.7% |   -0.800 |       -1.9 |      3 | overflow
       98 |       0 |      60 |        7 |      0 |     8 |    +6.7% |   -0.800 |       -1.9 |      2 | overflow
       99 |       0 |      60 |        7 |      0 |     8 |    +6.7% |   -0.800 |       -1.9 |      1 | overflow
     100* |       0 |      60 |        7 |      0 |     8 |    +6.7% |   -0.800 |       -1.9 |      3 | overflow
     100* |       0 |      60 |        7 |      0 |     8 |    +6.7% |   -0.800 |       -1.9 |      3 | overflow
     101* |       0 |      60 |        7 |      0 |     8 |    +6.7% |   -0.800 |       -1.9 |      3 | overflow
     102* |       0 |      60 |        7 |      0 |     8 |    +6.7% |   -0.800 |       -1.9 |      3 | overflow
    final |       0 |      60 |        7 |      0 |     8 |    +6.7% |   -0.800 |       -1.9 |      3 | overflow
--------------------------------------------------------------------------------------------------------------
[INFO RSZ-0040] Inserted 7 buffers.
[INFO RSZ-0051] Resized 60 instances: 60 up, 0 up match, 0 down, 0 VT
[INFO RSZ-0043] Swapped pins on 8 instances.
[WARNING RSZ-0062] Unable to repair all setup violations.
+ repair_timing -verbose -hold -setup_margin 0.05000000000000000277555756156289135105907917022705078125 -hold_margin 0.1000000000000000055511151231257827021181583404541015625 -max_buffer_percent 50.0
[INFO RSZ-0033] No hold violations found.
+ detailed_placement -max_displacement  500 100 
Placement Analysis
---------------------------------
total displacement        124.2 u
average displacement        0.6 u
max displacement           15.1 u
original HPWL            2249.8 u
legalized HPWL           2426.0 u
delta HPWL                    8 %

[INFO DPL-0020] Mirrored 41 instances
[INFO DPL-0021] HPWL before            2426.0 u
[INFO DPL-0022] HPWL after             2335.7 u
[INFO DPL-0023] HPWL delta               -3.7 %
Setting global connections for newly added cells…
[INFO] Setting global connections...
[INFO ODB-0403] 28 connections made, 0 conflicts skipped.
Updating metrics…
Cell type report:                       Count       Area
  Fill cell                                32     120.12
  Tap cell                                 27      33.78
  Timing Repair Buffer                     39     371.61
  Inverter                                  7      26.28
  Multi-Input combinational cell           95     959.67
  Total                                   200    1511.45
Writing OpenROAD database to '/home/thaituroblox/Desktop/8_BIT_COUNTER/Counter-8-Bit-/alu_project/runs/RUN_2026-09-26_04-41-42/37-openroad-resizertimingpostcts/alu_8bit.odb'…
Writing netlist to '/home/thaituroblox/Desktop/8_BIT_COUNTER/Counter-8-Bit-/alu_project/runs/RUN_2026-09-26_04-41-42/37-openroad-resizertimingpostcts/alu_8bit.nl.v'…
Writing powered netlist to '/home/thaituroblox/Desktop/8_BIT_COUNTER/Counter-8-Bit-/alu_project/runs/RUN_2026-09-26_04-41-42/37-openroad-resizertimingpostcts/alu_8bit.pnl.v'…
Writing layout to '/home/thaituroblox/Desktop/8_BIT_COUNTER/Counter-8-Bit-/alu_project/runs/RUN_2026-09-26_04-41-42/37-openroad-resizertimingpostcts/alu_8bit.def'…
Writing timing constraints to '/home/thaituroblox/Desktop/8_BIT_COUNTER/Counter-8-Bit-/alu_project/runs/RUN_2026-09-26_04-41-42/37-openroad-resizertimingpostcts/alu_8bit.sdc'…
