
===========================================================================
report_checks -unconstrained
===========================================================================
======================= max_ss_100C_1v60 Corner ===================================

Startpoint: opcode[1] (input port clocked by __VIRTUAL_CLK__)
Endpoint: zero (output port clocked by __VIRTUAL_CLK__)
Path Group: __VIRTUAL_CLK__
Path Type: max

Fanout         Cap        Slew       Delay        Time   Description
---------------------------------------------------------------------------------------------
                      0.000000    0.000000    0.000000   clock __VIRTUAL_CLK__ (rise edge)
                                  0.000000    0.000000   clock network delay (ideal)
                                  2.000000    2.000000 v input external delay
     1    0.006282    0.032241    0.021213    2.021213 v opcode[1] (in)
                                                         opcode[1] (net)
                      0.032245    0.000000    2.021213 v input18/A (sky130_fd_sc_hd__buf_6)
     2    0.009492    0.043089    0.200054    2.221267 v input18/X (sky130_fd_sc_hd__buf_6)
                                                         net18 (net)
                      0.043089    0.000375    2.221642 v fanout31/A (sky130_fd_sc_hd__buf_6)
     2    0.010898    0.044884    0.207633    2.429276 v fanout31/X (sky130_fd_sc_hd__buf_6)
                                                         net31 (net)
                      0.044884    0.001031    2.430306 v _097_/A (sky130_fd_sc_hd__or3b_4)
     2    0.008928    0.133317    0.809545    3.239851 v _097_/X (sky130_fd_sc_hd__or3b_4)
                                                         _032_ (net)
                      0.133317    0.000639    3.240491 v max_cap30/A (sky130_fd_sc_hd__buf_8)
     3    0.017502    0.048987    0.260884    3.501374 v max_cap30/X (sky130_fd_sc_hd__buf_8)
                                                         net30 (net)
                      0.048987    0.000917    3.502291 v rebuffer39/A (sky130_fd_sc_hd__buf_2)
     2    0.016725    0.101042    0.290886    3.793177 v rebuffer39/X (sky130_fd_sc_hd__buf_2)
                                                         net39 (net)
                      0.101047    0.000878    3.794055 v _111_/B (sky130_fd_sc_hd__xor2_2)
     3    0.009353    0.127730    0.313094    4.107150 v _111_/X (sky130_fd_sc_hd__xor2_2)
                                                         _046_ (net)
                      0.127730    0.000272    4.107421 v _114_/B (sky130_fd_sc_hd__and2_2)
     1    0.004969    0.080315    0.457090    4.564512 v _114_/X (sky130_fd_sc_hd__and2_2)
                                                         _049_ (net)
                      0.080315    0.000381    4.564892 v _115_/B (sky130_fd_sc_hd__nor2_2)
     5    0.023088    0.430778    0.392706    4.957599 ^ _115_/Y (sky130_fd_sc_hd__nor2_2)
                                                         _050_ (net)
                      0.430791    0.002108    4.959706 ^ _157_/A1 (sky130_fd_sc_hd__a21oi_2)
     1    0.003940    0.114501    0.229862    5.189568 v _157_/Y (sky130_fd_sc_hd__a21oi_2)
                                                         _088_ (net)
                      0.114501    0.000179    5.189746 v _158_/B1 (sky130_fd_sc_hd__o21a_2)
     1    0.004077    0.064431    0.246670    5.436416 v _158_/X (sky130_fd_sc_hd__o21a_2)
                                                         _089_ (net)
                      0.064431    0.000263    5.436679 v _161_/A1 (sky130_fd_sc_hd__o32a_2)
     2    0.005183    0.117035    0.755750    6.192430 v _161_/X (sky130_fd_sc_hd__o32a_2)
                                                         net23 (net)
                      0.117035    0.000294    6.192723 v _191_/C (sky130_fd_sc_hd__or3_2)
     1    0.005042    0.179627    1.061463    7.254186 v _191_/X (sky130_fd_sc_hd__or3_2)
                                                         _025_ (net)
                      0.179627    0.000394    7.254580 v _192_/D1 (sky130_fd_sc_hd__a2111o_2)
     1    0.007087    0.134244    0.784281    8.038861 v _192_/X (sky130_fd_sc_hd__a2111o_2)
                                                         _026_ (net)
                      0.134244    0.000577    8.039438 v _193_/C1 (sky130_fd_sc_hd__a211oi_2)
     1    0.006383    0.316113    0.335767    8.375206 ^ _193_/Y (sky130_fd_sc_hd__a211oi_2)
                                                         net29 (net)
                      0.316113    0.000316    8.375522 ^ output29/A (sky130_fd_sc_hd__buf_6)
     1    0.034420    0.124496    0.340638    8.716160 ^ output29/X (sky130_fd_sc_hd__buf_6)
                                                         zero (net)
                      0.124521    0.001823    8.717983 ^ zero (out)
                                              8.717983   data arrival time

                      0.000000   10.000000   10.000000   clock __VIRTUAL_CLK__ (rise edge)
                                  0.000000   10.000000   clock network delay (ideal)
                                 -0.250000    9.750000   clock uncertainty
                                  0.000000    9.750000   clock reconvergence pessimism
                                 -2.000000    7.750000   output external delay
                                              7.750000   data required time
---------------------------------------------------------------------------------------------
                                              7.750000   data required time
                                             -8.717983   data arrival time
---------------------------------------------------------------------------------------------
                                             -0.967983   slack (VIOLATED)




===========================================================================
report_checks --slack_max -0.01
============================================================================
======================= max_ss_100C_1v60 Corner ===================================

Startpoint: opcode[1] (input port clocked by __VIRTUAL_CLK__)
Endpoint: zero (output port clocked by __VIRTUAL_CLK__)
Path Group: __VIRTUAL_CLK__
Path Type: max

Fanout         Cap        Slew       Delay        Time   Description
---------------------------------------------------------------------------------------------
                      0.000000    0.000000    0.000000   clock __VIRTUAL_CLK__ (rise edge)
                                  0.000000    0.000000   clock network delay (ideal)
                                  2.000000    2.000000 v input external delay
     1    0.006282    0.032241    0.021213    2.021213 v opcode[1] (in)
                                                         opcode[1] (net)
                      0.032245    0.000000    2.021213 v input18/A (sky130_fd_sc_hd__buf_6)
     2    0.009492    0.043089    0.200054    2.221267 v input18/X (sky130_fd_sc_hd__buf_6)
                                                         net18 (net)
                      0.043089    0.000375    2.221642 v fanout31/A (sky130_fd_sc_hd__buf_6)
     2    0.010898    0.044884    0.207633    2.429276 v fanout31/X (sky130_fd_sc_hd__buf_6)
                                                         net31 (net)
                      0.044884    0.001031    2.430306 v _097_/A (sky130_fd_sc_hd__or3b_4)
     2    0.008928    0.133317    0.809545    3.239851 v _097_/X (sky130_fd_sc_hd__or3b_4)
                                                         _032_ (net)
                      0.133317    0.000639    3.240491 v max_cap30/A (sky130_fd_sc_hd__buf_8)
     3    0.017502    0.048987    0.260884    3.501374 v max_cap30/X (sky130_fd_sc_hd__buf_8)
                                                         net30 (net)
                      0.048987    0.000917    3.502291 v rebuffer39/A (sky130_fd_sc_hd__buf_2)
     2    0.016725    0.101042    0.290886    3.793177 v rebuffer39/X (sky130_fd_sc_hd__buf_2)
                                                         net39 (net)
                      0.101047    0.000878    3.794055 v _111_/B (sky130_fd_sc_hd__xor2_2)
     3    0.009353    0.127730    0.313094    4.107150 v _111_/X (sky130_fd_sc_hd__xor2_2)
                                                         _046_ (net)
                      0.127730    0.000272    4.107421 v _114_/B (sky130_fd_sc_hd__and2_2)
     1    0.004969    0.080315    0.457090    4.564512 v _114_/X (sky130_fd_sc_hd__and2_2)
                                                         _049_ (net)
                      0.080315    0.000381    4.564892 v _115_/B (sky130_fd_sc_hd__nor2_2)
     5    0.023088    0.430778    0.392706    4.957599 ^ _115_/Y (sky130_fd_sc_hd__nor2_2)
                                                         _050_ (net)
                      0.430791    0.002108    4.959706 ^ _157_/A1 (sky130_fd_sc_hd__a21oi_2)
     1    0.003940    0.114501    0.229862    5.189568 v _157_/Y (sky130_fd_sc_hd__a21oi_2)
                                                         _088_ (net)
                      0.114501    0.000179    5.189746 v _158_/B1 (sky130_fd_sc_hd__o21a_2)
     1    0.004077    0.064431    0.246670    5.436416 v _158_/X (sky130_fd_sc_hd__o21a_2)
                                                         _089_ (net)
                      0.064431    0.000263    5.436679 v _161_/A1 (sky130_fd_sc_hd__o32a_2)
     2    0.005183    0.117035    0.755750    6.192430 v _161_/X (sky130_fd_sc_hd__o32a_2)
                                                         net23 (net)
                      0.117035    0.000294    6.192723 v _191_/C (sky130_fd_sc_hd__or3_2)
     1    0.005042    0.179627    1.061463    7.254186 v _191_/X (sky130_fd_sc_hd__or3_2)
                                                         _025_ (net)
                      0.179627    0.000394    7.254580 v _192_/D1 (sky130_fd_sc_hd__a2111o_2)
     1    0.007087    0.134244    0.784281    8.038861 v _192_/X (sky130_fd_sc_hd__a2111o_2)
                                                         _026_ (net)
                      0.134244    0.000577    8.039438 v _193_/C1 (sky130_fd_sc_hd__a211oi_2)
     1    0.006383    0.316113    0.335767    8.375206 ^ _193_/Y (sky130_fd_sc_hd__a211oi_2)
                                                         net29 (net)
                      0.316113    0.000316    8.375522 ^ output29/A (sky130_fd_sc_hd__buf_6)
     1    0.034420    0.124496    0.340638    8.716160 ^ output29/X (sky130_fd_sc_hd__buf_6)
                                                         zero (net)
                      0.124521    0.001823    8.717983 ^ zero (out)
                                              8.717983   data arrival time

                      0.000000   10.000000   10.000000   clock __VIRTUAL_CLK__ (rise edge)
                                  0.000000   10.000000   clock network delay (ideal)
                                 -0.250000    9.750000   clock uncertainty
                                  0.000000    9.750000   clock reconvergence pessimism
                                 -2.000000    7.750000   output external delay
                                              7.750000   data required time
---------------------------------------------------------------------------------------------
                                              7.750000   data required time
                                             -8.717983   data arrival time
---------------------------------------------------------------------------------------------
                                             -0.967983   slack (VIOLATED)




===========================================================================
 report_check_types -max_slew -max_cap -max_fanout -violators
============================================================================
======================= max_ss_100C_1v60 Corner ===================================



===========================================================================
report_parasitic_annotation -report_unannotated
============================================================================
Found 0 unannotated drivers.
Found 0 partially unannotated drivers.

===========================================================================
max slew violation count 0
max fanout violation count 0
max cap violation count 0
============================================================================

===========================================================================
check_setup -verbose -unconstrained_endpoints -multiple_clock -no_clock -no_input_delay -loops -generated_clocks
===========================================================================
