
===========================================================================
report_checks -unconstrained
===========================================================================
======================= max_ff_n40C_1v95 Corner ===================================

Startpoint: opcode[1] (input port clocked by __VIRTUAL_CLK__)
Endpoint: overflow (output port clocked by __VIRTUAL_CLK__)
Path Group: __VIRTUAL_CLK__
Path Type: max

Fanout         Cap        Slew       Delay        Time   Description
---------------------------------------------------------------------------------------------
                      0.000000    0.000000    0.000000   clock __VIRTUAL_CLK__ (rise edge)
                                  0.000000    0.000000   clock network delay (ideal)
                                  2.000000    2.000000 v input external delay
     1    0.006264    0.010287    0.006037    2.006037 v opcode[1] (in)
                                                         opcode[1] (net)
                      0.010298    0.000000    2.006037 v input18/A (sky130_fd_sc_hd__buf_6)
     2    0.009495    0.018682    0.069396    2.075433 v input18/X (sky130_fd_sc_hd__buf_6)
                                                         net18 (net)
                      0.018682    0.000374    2.075808 v fanout31/A (sky130_fd_sc_hd__buf_6)
     2    0.010953    0.019511    0.073776    2.149584 v fanout31/X (sky130_fd_sc_hd__buf_6)
                                                         net31 (net)
                      0.019541    0.001027    2.150611 v _097_/A (sky130_fd_sc_hd__or3b_4)
     2    0.009176    0.052699    0.252843    2.403454 v _097_/X (sky130_fd_sc_hd__or3b_4)
                                                         _032_ (net)
                      0.052699    0.000656    2.404110 v max_cap30/A (sky130_fd_sc_hd__buf_8)
     3    0.017384    0.022010    0.093300    2.497411 v max_cap30/X (sky130_fd_sc_hd__buf_8)
                                                         net30 (net)
                      0.022036    0.001319    2.498729 v _116_/B (sky130_fd_sc_hd__xor2_2)
     2    0.013623    0.152992    0.141553    2.640282 ^ _116_/X (sky130_fd_sc_hd__xor2_2)
                                                         _051_ (net)
                      0.152993    0.000732    2.641014 ^ _117_/A_N (sky130_fd_sc_hd__and2b_2)
     1    0.007521    0.034362    0.157497    2.798511 v _117_/X (sky130_fd_sc_hd__and2b_2)
                                                         _052_ (net)
                      0.034397    0.000760    2.799270 v _121_/B1 (sky130_fd_sc_hd__a21o_4)
     4    0.017347    0.037473    0.103818    2.903088 v _121_/X (sky130_fd_sc_hd__a21o_4)
                                                         _056_ (net)
                      0.037526    0.001309    2.904397 v _125_/A3 (sky130_fd_sc_hd__a31o_4)
     3    0.012999    0.035365    0.171531    3.075928 v _125_/X (sky130_fd_sc_hd__a31o_4)
                                                         _060_ (net)
                      0.035411    0.000893    3.076821 v _127_/A1 (sky130_fd_sc_hd__a2111o_2)
     2    0.007521    0.053148    0.275109    3.351930 v _127_/X (sky130_fd_sc_hd__a2111o_2)
                                                         _062_ (net)
                      0.053148    0.000548    3.352479 v _141_/B (sky130_fd_sc_hd__and3_4)
     1    0.002749    0.023089    0.115523    3.468001 v _141_/X (sky130_fd_sc_hd__and3_4)
                                                         _076_ (net)
                      0.023090    0.000135    3.468136 v _142_/B (sky130_fd_sc_hd__or4b_4)
     3    0.015054    0.071393    0.338707    3.806843 v _142_/X (sky130_fd_sc_hd__or4b_4)
                                                         _077_ (net)
                      0.071393    0.001053    3.807897 v _145_/A1 (sky130_fd_sc_hd__a21o_2)
     1    0.005118    0.029415    0.141128    3.949025 v _145_/X (sky130_fd_sc_hd__a21o_2)
                                                         _079_ (net)
                      0.029415    0.000383    3.949408 v _146_/C (sky130_fd_sc_hd__and3_4)
     1    0.007683    0.028441    0.120899    4.070307 v _146_/X (sky130_fd_sc_hd__and3_4)
                                                         net20 (net)
                      0.028441    0.000624    4.070932 v output20/A (sky130_fd_sc_hd__buf_8)
     1    0.034980    0.030543    0.091582    4.162514 v output20/X (sky130_fd_sc_hd__buf_8)
                                                         overflow (net)
                      0.030678    0.001823    4.164337 v overflow (out)
                                              4.164337   data arrival time

                      0.000000   10.000000   10.000000   clock __VIRTUAL_CLK__ (rise edge)
                                  0.000000   10.000000   clock network delay (ideal)
                                 -0.250000    9.750000   clock uncertainty
                                  0.000000    9.750000   clock reconvergence pessimism
                                 -2.000000    7.750000   output external delay
                                              7.750000   data required time
---------------------------------------------------------------------------------------------
                                              7.750000   data required time
                                             -4.164337   data arrival time
---------------------------------------------------------------------------------------------
                                              3.585663   slack (MET)




===========================================================================
report_checks --slack_max -0.01
============================================================================
======================= max_ff_n40C_1v95 Corner ===================================

No paths found.


===========================================================================
 report_check_types -max_slew -max_cap -max_fanout -violators
============================================================================
======================= max_ff_n40C_1v95 Corner ===================================



===========================================================================
report_parasitic_annotation -report_unannotated
============================================================================
Found 0 unannotated drivers.
Found 0 partially unannotated drivers.

===========================================================================
max slew violation count 0
max fanout violation count 0
max cap violation count 0
============================================================================

===========================================================================
check_setup -verbose -unconstrained_endpoints -multiple_clock -no_clock -no_input_delay -loops -generated_clocks
===========================================================================
