
===========================================================================
report_checks -path_delay max (Setup)
============================================================================
======================= max_ff_n40C_1v95 Corner ===================================

Startpoint: opcode[1] (input port clocked by __VIRTUAL_CLK__)
Endpoint: overflow (output port clocked by __VIRTUAL_CLK__)
Path Group: __VIRTUAL_CLK__
Path Type: max

Fanout         Cap        Slew       Delay        Time   Description
---------------------------------------------------------------------------------------------
                      0.000000    0.000000    0.000000   clock __VIRTUAL_CLK__ (rise edge)
                                  0.000000    0.000000   clock network delay (ideal)
                                  2.000000    2.000000 v input external delay
     1    0.006264    0.010287    0.006037    2.006037 v opcode[1] (in)
                                                         opcode[1] (net)
                      0.010298    0.000000    2.006037 v input18/A (sky130_fd_sc_hd__buf_6)
     2    0.009495    0.018682    0.069396    2.075433 v input18/X (sky130_fd_sc_hd__buf_6)
                                                         net18 (net)
                      0.018682    0.000374    2.075808 v fanout31/A (sky130_fd_sc_hd__buf_6)
     2    0.010953    0.019511    0.073776    2.149584 v fanout31/X (sky130_fd_sc_hd__buf_6)
                                                         net31 (net)
                      0.019541    0.001027    2.150611 v _097_/A (sky130_fd_sc_hd__or3b_4)
     2    0.009176    0.052699    0.252843    2.403454 v _097_/X (sky130_fd_sc_hd__or3b_4)
                                                         _032_ (net)
                      0.052699    0.000656    2.404110 v max_cap30/A (sky130_fd_sc_hd__buf_8)
     3    0.017384    0.022010    0.093300    2.497411 v max_cap30/X (sky130_fd_sc_hd__buf_8)
                                                         net30 (net)
                      0.022036    0.001319    2.498729 v _116_/B (sky130_fd_sc_hd__xor2_2)
     2    0.013623    0.152992    0.141553    2.640282 ^ _116_/X (sky130_fd_sc_hd__xor2_2)
                                                         _051_ (net)
                      0.152993    0.000732    2.641014 ^ _117_/A_N (sky130_fd_sc_hd__and2b_2)
     1    0.007521    0.034362    0.157497    2.798511 v _117_/X (sky130_fd_sc_hd__and2b_2)
                                                         _052_ (net)
                      0.034397    0.000760    2.799270 v _121_/B1 (sky130_fd_sc_hd__a21o_4)
     4    0.017347    0.037473    0.103818    2.903088 v _121_/X (sky130_fd_sc_hd__a21o_4)
                                                         _056_ (net)
                      0.037526    0.001309    2.904397 v _125_/A3 (sky130_fd_sc_hd__a31o_4)
     3    0.012999    0.035365    0.171531    3.075928 v _125_/X (sky130_fd_sc_hd__a31o_4)
                                                         _060_ (net)
                      0.035411    0.000893    3.076821 v _127_/A1 (sky130_fd_sc_hd__a2111o_2)
     2    0.007521    0.053148    0.275109    3.351930 v _127_/X (sky130_fd_sc_hd__a2111o_2)
                                                         _062_ (net)
                      0.053148    0.000548    3.352479 v _141_/B (sky130_fd_sc_hd__and3_4)
     1    0.002749    0.023089    0.115523    3.468001 v _141_/X (sky130_fd_sc_hd__and3_4)
                                                         _076_ (net)
                      0.023090    0.000135    3.468136 v _142_/B (sky130_fd_sc_hd__or4b_4)
     3    0.015054    0.071393    0.338707    3.806843 v _142_/X (sky130_fd_sc_hd__or4b_4)
                                                         _077_ (net)
                      0.071393    0.001053    3.807897 v _145_/A1 (sky130_fd_sc_hd__a21o_2)
     1    0.005118    0.029415    0.141128    3.949025 v _145_/X (sky130_fd_sc_hd__a21o_2)
                                                         _079_ (net)
                      0.029415    0.000383    3.949408 v _146_/C (sky130_fd_sc_hd__and3_4)
     1    0.007683    0.028441    0.120899    4.070307 v _146_/X (sky130_fd_sc_hd__and3_4)
                                                         net20 (net)
                      0.028441    0.000624    4.070932 v output20/A (sky130_fd_sc_hd__buf_8)
     1    0.034980    0.030543    0.091582    4.162514 v output20/X (sky130_fd_sc_hd__buf_8)
                                                         overflow (net)
                      0.030678    0.001823    4.164337 v overflow (out)
                                              4.164337   data arrival time

                      0.000000   10.000000   10.000000   clock __VIRTUAL_CLK__ (rise edge)
                                  0.000000   10.000000   clock network delay (ideal)
                                 -0.250000    9.750000   clock uncertainty
                                  0.000000    9.750000   clock reconvergence pessimism
                                 -2.000000    7.750000   output external delay
                                              7.750000   data required time
---------------------------------------------------------------------------------------------
                                              7.750000   data required time
                                             -4.164337   data arrival time
---------------------------------------------------------------------------------------------
                                              3.585663   slack (MET)


Startpoint: opcode[1] (input port clocked by __VIRTUAL_CLK__)
Endpoint: zero (output port clocked by __VIRTUAL_CLK__)
Path Group: __VIRTUAL_CLK__
Path Type: max

Fanout         Cap        Slew       Delay        Time   Description
---------------------------------------------------------------------------------------------
                      0.000000    0.000000    0.000000   clock __VIRTUAL_CLK__ (rise edge)
                                  0.000000    0.000000   clock network delay (ideal)
                                  2.000000    2.000000 v input external delay
     1    0.006264    0.010287    0.006037    2.006037 v opcode[1] (in)
                                                         opcode[1] (net)
                      0.010298    0.000000    2.006037 v input18/A (sky130_fd_sc_hd__buf_6)
     2    0.009495    0.018682    0.069396    2.075433 v input18/X (sky130_fd_sc_hd__buf_6)
                                                         net18 (net)
                      0.018682    0.000374    2.075808 v fanout31/A (sky130_fd_sc_hd__buf_6)
     2    0.010953    0.019511    0.073776    2.149584 v fanout31/X (sky130_fd_sc_hd__buf_6)
                                                         net31 (net)
                      0.019541    0.001027    2.150611 v _097_/A (sky130_fd_sc_hd__or3b_4)
     2    0.009176    0.052699    0.252843    2.403454 v _097_/X (sky130_fd_sc_hd__or3b_4)
                                                         _032_ (net)
                      0.052699    0.000656    2.404110 v max_cap30/A (sky130_fd_sc_hd__buf_8)
     3    0.017384    0.022010    0.093300    2.497411 v max_cap30/X (sky130_fd_sc_hd__buf_8)
                                                         net30 (net)
                      0.022036    0.001319    2.498729 v _116_/B (sky130_fd_sc_hd__xor2_2)
     2    0.013623    0.152992    0.141553    2.640282 ^ _116_/X (sky130_fd_sc_hd__xor2_2)
                                                         _051_ (net)
                      0.152993    0.000732    2.641014 ^ _117_/A_N (sky130_fd_sc_hd__and2b_2)
     1    0.007521    0.034362    0.157497    2.798511 v _117_/X (sky130_fd_sc_hd__and2b_2)
                                                         _052_ (net)
                      0.034397    0.000760    2.799270 v _121_/B1 (sky130_fd_sc_hd__a21o_4)
     4    0.017347    0.037473    0.103818    2.903088 v _121_/X (sky130_fd_sc_hd__a21o_4)
                                                         _056_ (net)
                      0.037526    0.001309    2.904397 v _125_/A3 (sky130_fd_sc_hd__a31o_4)
     3    0.012999    0.035365    0.171531    3.075928 v _125_/X (sky130_fd_sc_hd__a31o_4)
                                                         _060_ (net)
                      0.035411    0.000893    3.076821 v _127_/A1 (sky130_fd_sc_hd__a2111o_2)
     2    0.007521    0.053148    0.275109    3.351930 v _127_/X (sky130_fd_sc_hd__a2111o_2)
                                                         _062_ (net)
                      0.053148    0.000548    3.352479 v _141_/B (sky130_fd_sc_hd__and3_4)
     1    0.002749    0.023089    0.115523    3.468001 v _141_/X (sky130_fd_sc_hd__and3_4)
                                                         _076_ (net)
                      0.023090    0.000135    3.468136 v _142_/B (sky130_fd_sc_hd__or4b_4)
     3    0.015054    0.071393    0.338707    3.806843 v _142_/X (sky130_fd_sc_hd__or4b_4)
                                                         _077_ (net)
                      0.071393    0.001037    3.807881 v _144_/B1 (sky130_fd_sc_hd__o21a_4)
     2    0.011010    0.031791    0.098822    3.906703 v _144_/X (sky130_fd_sc_hd__o21a_4)
                                                         net28 (net)
                      0.031795    0.000552    3.907254 v _193_/B1 (sky130_fd_sc_hd__a211oi_2)
     1    0.006474    0.141920    0.112827    4.020081 ^ _193_/Y (sky130_fd_sc_hd__a211oi_2)
                                                         net29 (net)
                      0.141920    0.000321    4.020402 ^ output29/A (sky130_fd_sc_hd__buf_6)
     1    0.034420    0.058755    0.106790    4.127192 ^ output29/X (sky130_fd_sc_hd__buf_6)
                                                         zero (net)
                      0.058866    0.001820    4.129013 ^ zero (out)
                                              4.129013   data arrival time

                      0.000000   10.000000   10.000000   clock __VIRTUAL_CLK__ (rise edge)
                                  0.000000   10.000000   clock network delay (ideal)
                                 -0.250000    9.750000   clock uncertainty
                                  0.000000    9.750000   clock reconvergence pessimism
                                 -2.000000    7.750000   output external delay
                                              7.750000   data required time
---------------------------------------------------------------------------------------------
                                              7.750000   data required time
                                             -4.129013   data arrival time
---------------------------------------------------------------------------------------------
                                              3.620988   slack (MET)


Startpoint: opcode[1] (input port clocked by __VIRTUAL_CLK__)
Endpoint: result[7] (output port clocked by __VIRTUAL_CLK__)
Path Group: __VIRTUAL_CLK__
Path Type: max

Fanout         Cap        Slew       Delay        Time   Description
---------------------------------------------------------------------------------------------
                      0.000000    0.000000    0.000000   clock __VIRTUAL_CLK__ (rise edge)
                                  0.000000    0.000000   clock network delay (ideal)
                                  2.000000    2.000000 v input external delay
     1    0.006264    0.010287    0.006037    2.006037 v opcode[1] (in)
                                                         opcode[1] (net)
                      0.010298    0.000000    2.006037 v input18/A (sky130_fd_sc_hd__buf_6)
     2    0.009495    0.018682    0.069396    2.075433 v input18/X (sky130_fd_sc_hd__buf_6)
                                                         net18 (net)
                      0.018682    0.000374    2.075808 v fanout31/A (sky130_fd_sc_hd__buf_6)
     2    0.010953    0.019511    0.073776    2.149584 v fanout31/X (sky130_fd_sc_hd__buf_6)
                                                         net31 (net)
                      0.019541    0.001027    2.150611 v _097_/A (sky130_fd_sc_hd__or3b_4)
     2    0.009176    0.052699    0.252843    2.403454 v _097_/X (sky130_fd_sc_hd__or3b_4)
                                                         _032_ (net)
                      0.052699    0.000656    2.404110 v max_cap30/A (sky130_fd_sc_hd__buf_8)
     3    0.017384    0.022010    0.093300    2.497411 v max_cap30/X (sky130_fd_sc_hd__buf_8)
                                                         net30 (net)
                      0.022036    0.001319    2.498729 v _116_/B (sky130_fd_sc_hd__xor2_2)
     2    0.013623    0.152992    0.141553    2.640282 ^ _116_/X (sky130_fd_sc_hd__xor2_2)
                                                         _051_ (net)
                      0.152993    0.000732    2.641014 ^ _117_/A_N (sky130_fd_sc_hd__and2b_2)
     1    0.007521    0.034362    0.157497    2.798511 v _117_/X (sky130_fd_sc_hd__and2b_2)
                                                         _052_ (net)
                      0.034397    0.000760    2.799270 v _121_/B1 (sky130_fd_sc_hd__a21o_4)
     4    0.017347    0.037473    0.103818    2.903088 v _121_/X (sky130_fd_sc_hd__a21o_4)
                                                         _056_ (net)
                      0.037526    0.001309    2.904397 v _125_/A3 (sky130_fd_sc_hd__a31o_4)
     3    0.012999    0.035365    0.171531    3.075928 v _125_/X (sky130_fd_sc_hd__a31o_4)
                                                         _060_ (net)
                      0.035411    0.000893    3.076821 v _127_/A1 (sky130_fd_sc_hd__a2111o_2)
     2    0.007521    0.053148    0.275109    3.351930 v _127_/X (sky130_fd_sc_hd__a2111o_2)
                                                         _062_ (net)
                      0.053148    0.000548    3.352479 v _141_/B (sky130_fd_sc_hd__and3_4)
     1    0.002749    0.023089    0.115523    3.468001 v _141_/X (sky130_fd_sc_hd__and3_4)
                                                         _076_ (net)
                      0.023090    0.000135    3.468136 v _142_/B (sky130_fd_sc_hd__or4b_4)
     3    0.015054    0.071393    0.338707    3.806843 v _142_/X (sky130_fd_sc_hd__or4b_4)
                                                         _077_ (net)
                      0.071393    0.001037    3.807881 v _144_/B1 (sky130_fd_sc_hd__o21a_4)
     2    0.011010    0.031791    0.098822    3.906703 v _144_/X (sky130_fd_sc_hd__o21a_4)
                                                         net28 (net)
                      0.031792    0.000440    3.907143 v output28/A (sky130_fd_sc_hd__buf_6)
     1    0.034555    0.032505    0.094984    4.002126 v output28/X (sky130_fd_sc_hd__buf_6)
                                                         result[7] (net)
                      0.032686    0.001835    4.003961 v result[7] (out)
                                              4.003961   data arrival time

                      0.000000   10.000000   10.000000   clock __VIRTUAL_CLK__ (rise edge)
                                  0.000000   10.000000   clock network delay (ideal)
                                 -0.250000    9.750000   clock uncertainty
                                  0.000000    9.750000   clock reconvergence pessimism
                                 -2.000000    7.750000   output external delay
                                              7.750000   data required time
---------------------------------------------------------------------------------------------
                                              7.750000   data required time
                                             -4.003961   data arrival time
---------------------------------------------------------------------------------------------
                                              3.746039   slack (MET)


Startpoint: opcode[1] (input port clocked by __VIRTUAL_CLK__)
Endpoint: result[6] (output port clocked by __VIRTUAL_CLK__)
Path Group: __VIRTUAL_CLK__
Path Type: max

Fanout         Cap        Slew       Delay        Time   Description
---------------------------------------------------------------------------------------------
                      0.000000    0.000000    0.000000   clock __VIRTUAL_CLK__ (rise edge)
                                  0.000000    0.000000   clock network delay (ideal)
                                  2.000000    2.000000 v input external delay
     1    0.006264    0.010287    0.006037    2.006037 v opcode[1] (in)
                                                         opcode[1] (net)
                      0.010298    0.000000    2.006037 v input18/A (sky130_fd_sc_hd__buf_6)
     2    0.009495    0.018682    0.069396    2.075433 v input18/X (sky130_fd_sc_hd__buf_6)
                                                         net18 (net)
                      0.018682    0.000374    2.075808 v fanout31/A (sky130_fd_sc_hd__buf_6)
     2    0.010953    0.019511    0.073776    2.149584 v fanout31/X (sky130_fd_sc_hd__buf_6)
                                                         net31 (net)
                      0.019541    0.001027    2.150611 v _097_/A (sky130_fd_sc_hd__or3b_4)
     2    0.009176    0.052699    0.252843    2.403454 v _097_/X (sky130_fd_sc_hd__or3b_4)
                                                         _032_ (net)
                      0.052699    0.000656    2.404110 v max_cap30/A (sky130_fd_sc_hd__buf_8)
     3    0.017384    0.022010    0.093300    2.497411 v max_cap30/X (sky130_fd_sc_hd__buf_8)
                                                         net30 (net)
                      0.022014    0.000912    2.498323 v rebuffer39/A (sky130_fd_sc_hd__buf_2)
     2    0.016380    0.036725    0.095770    2.594093 v rebuffer39/X (sky130_fd_sc_hd__buf_2)
                                                         net39 (net)
                      0.036747    0.000856    2.594949 v _111_/B (sky130_fd_sc_hd__xor2_2)
     3    0.009449    0.049381    0.105899    2.700848 v _111_/X (sky130_fd_sc_hd__xor2_2)
                                                         _046_ (net)
                      0.049382    0.000278    2.701126 v _114_/B (sky130_fd_sc_hd__and2_2)
     1    0.004933    0.030807    0.132455    2.833581 v _114_/X (sky130_fd_sc_hd__and2_2)
                                                         _049_ (net)
                      0.030807    0.000377    2.833958 v _115_/B (sky130_fd_sc_hd__nor2_2)
     5    0.023276    0.191774    0.163071    2.997029 ^ _115_/Y (sky130_fd_sc_hd__nor2_2)
                                                         _050_ (net)
                      0.191791    0.001580    2.998609 ^ _125_/A1 (sky130_fd_sc_hd__a31o_4)
     3    0.013936    0.046260    0.122083    3.120692 ^ _125_/X (sky130_fd_sc_hd__a31o_4)
                                                         _060_ (net)
                      0.046277    0.000867    3.121559 ^ _126_/B (sky130_fd_sc_hd__and2_2)
     3    0.014540    0.064834    0.121831    3.243391 ^ _126_/X (sky130_fd_sc_hd__and2_2)
                                                         _061_ (net)
                      0.064834    0.000333    3.243723 ^ _175_/A2 (sky130_fd_sc_hd__o21ai_2)
     3    0.013229    0.048516    0.053261    3.296985 v _175_/Y (sky130_fd_sc_hd__o21ai_2)
                                                         _011_ (net)
                      0.048521    0.000436    3.297421 v _184_/A2 (sky130_fd_sc_hd__a21o_2)
     1    0.002931    0.024741    0.141505    3.438926 v _184_/X (sky130_fd_sc_hd__a21o_2)
                                                         _019_ (net)
                      0.024741    0.000212    3.439138 v _189_/A2 (sky130_fd_sc_hd__a31o_2)
     2    0.006906    0.035296    0.156939    3.596077 v _189_/X (sky130_fd_sc_hd__a31o_2)
                                                         _024_ (net)
                      0.035296    0.000275    3.596352 v _190_/B (sky130_fd_sc_hd__and2_2)
     1    0.003382    0.027540    0.121941    3.718294 v _190_/X (sky130_fd_sc_hd__and2_2)
                                                         net27 (net)
                      0.027540    0.000212    3.718506 v output27/A (sky130_fd_sc_hd__dlymetal6s2s_1)
     1    0.034821    0.121315    0.171996    3.890502 v output27/X (sky130_fd_sc_hd__dlymetal6s2s_1)
                                                         result[6] (net)
                      0.121389    0.001890    3.892392 v result[6] (out)
                                              3.892392   data arrival time

                      0.000000   10.000000   10.000000   clock __VIRTUAL_CLK__ (rise edge)
                                  0.000000   10.000000   clock network delay (ideal)
                                 -0.250000    9.750000   clock uncertainty
                                  0.000000    9.750000   clock reconvergence pessimism
                                 -2.000000    7.750000   output external delay
                                              7.750000   data required time
---------------------------------------------------------------------------------------------
                                              7.750000   data required time
                                             -3.892392   data arrival time
---------------------------------------------------------------------------------------------
                                              3.857608   slack (MET)


Startpoint: opcode[1] (input port clocked by __VIRTUAL_CLK__)
Endpoint: result[5] (output port clocked by __VIRTUAL_CLK__)
Path Group: __VIRTUAL_CLK__
Path Type: max

Fanout         Cap        Slew       Delay        Time   Description
---------------------------------------------------------------------------------------------
                      0.000000    0.000000    0.000000   clock __VIRTUAL_CLK__ (rise edge)
                                  0.000000    0.000000   clock network delay (ideal)
                                  2.000000    2.000000 v input external delay
     1    0.006264    0.010287    0.006037    2.006037 v opcode[1] (in)
                                                         opcode[1] (net)
                      0.010298    0.000000    2.006037 v input18/A (sky130_fd_sc_hd__buf_6)
     2    0.009495    0.018682    0.069396    2.075433 v input18/X (sky130_fd_sc_hd__buf_6)
                                                         net18 (net)
                      0.018682    0.000374    2.075808 v fanout31/A (sky130_fd_sc_hd__buf_6)
     2    0.010953    0.019511    0.073776    2.149584 v fanout31/X (sky130_fd_sc_hd__buf_6)
                                                         net31 (net)
                      0.019541    0.001027    2.150611 v _097_/A (sky130_fd_sc_hd__or3b_4)
     2    0.009176    0.052699    0.252843    2.403454 v _097_/X (sky130_fd_sc_hd__or3b_4)
                                                         _032_ (net)
                      0.052699    0.000656    2.404110 v max_cap30/A (sky130_fd_sc_hd__buf_8)
     3    0.017384    0.022010    0.093300    2.497411 v max_cap30/X (sky130_fd_sc_hd__buf_8)
                                                         net30 (net)
                      0.022036    0.001319    2.498729 v _116_/B (sky130_fd_sc_hd__xor2_2)
     2    0.013623    0.152992    0.141553    2.640282 ^ _116_/X (sky130_fd_sc_hd__xor2_2)
                                                         _051_ (net)
                      0.152993    0.000732    2.641014 ^ _117_/A_N (sky130_fd_sc_hd__and2b_2)
     1    0.007521    0.034362    0.157497    2.798511 v _117_/X (sky130_fd_sc_hd__and2b_2)
                                                         _052_ (net)
                      0.034397    0.000760    2.799270 v _121_/B1 (sky130_fd_sc_hd__a21o_4)
     4    0.017347    0.037473    0.103818    2.903088 v _121_/X (sky130_fd_sc_hd__a21o_4)
                                                         _056_ (net)
                      0.037526    0.001309    2.904397 v _125_/A3 (sky130_fd_sc_hd__a31o_4)
     3    0.012999    0.035365    0.171531    3.075928 v _125_/X (sky130_fd_sc_hd__a31o_4)
                                                         _060_ (net)
                      0.035406    0.000805    3.076733 v _126_/B (sky130_fd_sc_hd__and2_2)
     3    0.013203    0.044132    0.145712    3.222445 v _126_/X (sky130_fd_sc_hd__and2_2)
                                                         _061_ (net)
                      0.044134    0.000348    3.222794 v _176_/A2 (sky130_fd_sc_hd__o31a_2)
     1    0.002318    0.034689    0.200288    3.423082 v _176_/X (sky130_fd_sc_hd__o31a_2)
                                                         _012_ (net)
                      0.034689    0.000112    3.423194 v _179_/A2 (sky130_fd_sc_hd__a21o_2)
     2    0.006233    0.031135    0.145851    3.569045 v _179_/X (sky130_fd_sc_hd__a21o_2)
                                                         _015_ (net)
                      0.031135    0.000340    3.569385 v _180_/B (sky130_fd_sc_hd__and2_2)
     1    0.004118    0.029144    0.122664    3.692049 v _180_/X (sky130_fd_sc_hd__and2_2)
                                                         net26 (net)
                      0.029144    0.000306    3.692355 v output26/A (sky130_fd_sc_hd__dlymetal6s2s_1)
     1    0.036131    0.125440    0.175747    3.868102 v output26/X (sky130_fd_sc_hd__dlymetal6s2s_1)
                                                         result[5] (net)
                      0.125523    0.002106    3.870208 v result[5] (out)
                                              3.870208   data arrival time

                      0.000000   10.000000   10.000000   clock __VIRTUAL_CLK__ (rise edge)
                                  0.000000   10.000000   clock network delay (ideal)
                                 -0.250000    9.750000   clock uncertainty
                                  0.000000    9.750000   clock reconvergence pessimism
                                 -2.000000    7.750000   output external delay
                                              7.750000   data required time
---------------------------------------------------------------------------------------------
                                              7.750000   data required time
                                             -3.870208   data arrival time
---------------------------------------------------------------------------------------------
                                              3.879792   slack (MET)


Startpoint: opcode[1] (input port clocked by __VIRTUAL_CLK__)
Endpoint: result[4] (output port clocked by __VIRTUAL_CLK__)
Path Group: __VIRTUAL_CLK__
Path Type: max

Fanout         Cap        Slew       Delay        Time   Description
---------------------------------------------------------------------------------------------
                      0.000000    0.000000    0.000000   clock __VIRTUAL_CLK__ (rise edge)
                                  0.000000    0.000000   clock network delay (ideal)
                                  2.000000    2.000000 v input external delay
     1    0.006264    0.010287    0.006037    2.006037 v opcode[1] (in)
                                                         opcode[1] (net)
                      0.010298    0.000000    2.006037 v input18/A (sky130_fd_sc_hd__buf_6)
     2    0.009495    0.018682    0.069396    2.075433 v input18/X (sky130_fd_sc_hd__buf_6)
                                                         net18 (net)
                      0.018682    0.000374    2.075808 v fanout31/A (sky130_fd_sc_hd__buf_6)
     2    0.010953    0.019511    0.073776    2.149584 v fanout31/X (sky130_fd_sc_hd__buf_6)
                                                         net31 (net)
                      0.019541    0.001027    2.150611 v _097_/A (sky130_fd_sc_hd__or3b_4)
     2    0.009176    0.052699    0.252843    2.403454 v _097_/X (sky130_fd_sc_hd__or3b_4)
                                                         _032_ (net)
                      0.052699    0.000656    2.404110 v max_cap30/A (sky130_fd_sc_hd__buf_8)
     3    0.017384    0.022010    0.093300    2.497411 v max_cap30/X (sky130_fd_sc_hd__buf_8)
                                                         net30 (net)
                      0.022014    0.000912    2.498323 v rebuffer39/A (sky130_fd_sc_hd__buf_2)
     2    0.016380    0.036725    0.095770    2.594093 v rebuffer39/X (sky130_fd_sc_hd__buf_2)
                                                         net39 (net)
                      0.036747    0.000856    2.594949 v _111_/B (sky130_fd_sc_hd__xor2_2)
     3    0.009449    0.049381    0.105899    2.700848 v _111_/X (sky130_fd_sc_hd__xor2_2)
                                                         _046_ (net)
                      0.049382    0.000278    2.701126 v _114_/B (sky130_fd_sc_hd__and2_2)
     1    0.004933    0.030807    0.132455    2.833581 v _114_/X (sky130_fd_sc_hd__and2_2)
                                                         _049_ (net)
                      0.030807    0.000377    2.833958 v _115_/B (sky130_fd_sc_hd__nor2_2)
     5    0.023276    0.191774    0.163071    2.997029 ^ _115_/Y (sky130_fd_sc_hd__nor2_2)
                                                         _050_ (net)
                      0.191791    0.001580    2.998609 ^ _125_/A1 (sky130_fd_sc_hd__a31o_4)
     3    0.013936    0.046260    0.122083    3.120692 ^ _125_/X (sky130_fd_sc_hd__a31o_4)
                                                         _060_ (net)
                      0.046277    0.000867    3.121559 ^ _126_/B (sky130_fd_sc_hd__and2_2)
     3    0.014540    0.064834    0.121831    3.243391 ^ _126_/X (sky130_fd_sc_hd__and2_2)
                                                         _061_ (net)
                      0.064836    0.000465    3.243855 ^ _169_/A (sky130_fd_sc_hd__nor2_2)
     1    0.004037    0.023603    0.027750    3.271605 v _169_/Y (sky130_fd_sc_hd__nor2_2)
                                                         _006_ (net)
                      0.023604    0.000299    3.271905 v _172_/A1 (sky130_fd_sc_hd__o32a_2)
     2    0.008065    0.047524    0.239009    3.510913 v _172_/X (sky130_fd_sc_hd__o32a_2)
                                                         net25 (net)
                      0.047524    0.000490    3.511404 v output25/A (sky130_fd_sc_hd__clkdlybuf4s25_1)
     1    0.035286    0.179970    0.300204    3.811608 v output25/X (sky130_fd_sc_hd__clkdlybuf4s25_1)
                                                         result[4] (net)
                      0.179990    0.001973    3.813581 v result[4] (out)
                                              3.813581   data arrival time

                      0.000000   10.000000   10.000000   clock __VIRTUAL_CLK__ (rise edge)
                                  0.000000   10.000000   clock network delay (ideal)
                                 -0.250000    9.750000   clock uncertainty
                                  0.000000    9.750000   clock reconvergence pessimism
                                 -2.000000    7.750000   output external delay
                                              7.750000   data required time
---------------------------------------------------------------------------------------------
                                              7.750000   data required time
                                             -3.813581   data arrival time
---------------------------------------------------------------------------------------------
                                              3.936419   slack (MET)


Startpoint: opcode[1] (input port clocked by __VIRTUAL_CLK__)
Endpoint: result[3] (output port clocked by __VIRTUAL_CLK__)
Path Group: __VIRTUAL_CLK__
Path Type: max

Fanout         Cap        Slew       Delay        Time   Description
---------------------------------------------------------------------------------------------
                      0.000000    0.000000    0.000000   clock __VIRTUAL_CLK__ (rise edge)
                                  0.000000    0.000000   clock network delay (ideal)
                                  2.000000    2.000000 v input external delay
     1    0.006264    0.010287    0.006037    2.006037 v opcode[1] (in)
                                                         opcode[1] (net)
                      0.010298    0.000000    2.006037 v input18/A (sky130_fd_sc_hd__buf_6)
     2    0.009495    0.018682    0.069396    2.075433 v input18/X (sky130_fd_sc_hd__buf_6)
                                                         net18 (net)
                      0.018682    0.000374    2.075808 v fanout31/A (sky130_fd_sc_hd__buf_6)
     2    0.010953    0.019511    0.073776    2.149584 v fanout31/X (sky130_fd_sc_hd__buf_6)
                                                         net31 (net)
                      0.019541    0.001027    2.150611 v _097_/A (sky130_fd_sc_hd__or3b_4)
     2    0.009176    0.052699    0.252843    2.403454 v _097_/X (sky130_fd_sc_hd__or3b_4)
                                                         _032_ (net)
                      0.052699    0.000656    2.404110 v max_cap30/A (sky130_fd_sc_hd__buf_8)
     3    0.017384    0.022010    0.093300    2.497411 v max_cap30/X (sky130_fd_sc_hd__buf_8)
                                                         net30 (net)
                      0.022036    0.001319    2.498729 v _116_/B (sky130_fd_sc_hd__xor2_2)
     2    0.013623    0.152992    0.141553    2.640282 ^ _116_/X (sky130_fd_sc_hd__xor2_2)
                                                         _051_ (net)
                      0.152993    0.000732    2.641014 ^ _117_/A_N (sky130_fd_sc_hd__and2b_2)
     1    0.007521    0.034362    0.157497    2.798511 v _117_/X (sky130_fd_sc_hd__and2b_2)
                                                         _052_ (net)
                      0.034397    0.000760    2.799270 v _121_/B1 (sky130_fd_sc_hd__a21o_4)
     4    0.017347    0.037473    0.103818    2.903088 v _121_/X (sky130_fd_sc_hd__a21o_4)
                                                         _056_ (net)
                      0.037542    0.001471    2.904560 v rebuffer38/A (sky130_fd_sc_hd__buf_2)
     1    0.005436    0.021277    0.083701    2.988261 v rebuffer38/X (sky130_fd_sc_hd__buf_2)
                                                         net38 (net)
                      0.021283    0.000268    2.988529 v _162_/A2 (sky130_fd_sc_hd__a21oi_2)
     2    0.007678    0.093560    0.110790    3.099319 ^ _162_/Y (sky130_fd_sc_hd__a21oi_2)
                                                         _000_ (net)
                      0.093560    0.000552    3.099871 ^ _163_/A2 (sky130_fd_sc_hd__a21oi_2)
     1    0.003268    0.043030    0.037867    3.137738 v _163_/Y (sky130_fd_sc_hd__a21oi_2)
                                                         _001_ (net)
                      0.043030    0.000150    3.137888 v _166_/B1 (sky130_fd_sc_hd__o221a_2)
     1    0.002637    0.030926    0.154942    3.292830 v _166_/X (sky130_fd_sc_hd__o221a_2)
                                                         _004_ (net)
                      0.030926    0.000178    3.293008 v _167_/A1_N (sky130_fd_sc_hd__o2bb2a_2)
     2    0.009223    0.048860    0.158990    3.451998 ^ _167_/X (sky130_fd_sc_hd__o2bb2a_2)
                                                         net24 (net)
                      0.048860    0.000289    3.452287 ^ output24/A (sky130_fd_sc_hd__clkdlybuf4s25_1)
     1    0.034923    0.264191    0.342244    3.794532 ^ output24/X (sky130_fd_sc_hd__clkdlybuf4s25_1)
                                                         result[3] (net)
                      0.264199    0.001882    3.796414 ^ result[3] (out)
                                              3.796414   data arrival time

                      0.000000   10.000000   10.000000   clock __VIRTUAL_CLK__ (rise edge)
                                  0.000000   10.000000   clock network delay (ideal)
                                 -0.250000    9.750000   clock uncertainty
                                  0.000000    9.750000   clock reconvergence pessimism
                                 -2.000000    7.750000   output external delay
                                              7.750000   data required time
---------------------------------------------------------------------------------------------
                                              7.750000   data required time
                                             -3.796414   data arrival time
---------------------------------------------------------------------------------------------
                                              3.953586   slack (MET)


Startpoint: opcode[1] (input port clocked by __VIRTUAL_CLK__)
Endpoint: result[2] (output port clocked by __VIRTUAL_CLK__)
Path Group: __VIRTUAL_CLK__
Path Type: max

Fanout         Cap        Slew       Delay        Time   Description
---------------------------------------------------------------------------------------------
                      0.000000    0.000000    0.000000   clock __VIRTUAL_CLK__ (rise edge)
                                  0.000000    0.000000   clock network delay (ideal)
                                  2.000000    2.000000 v input external delay
     1    0.006264    0.010287    0.006037    2.006037 v opcode[1] (in)
                                                         opcode[1] (net)
                      0.010298    0.000000    2.006037 v input18/A (sky130_fd_sc_hd__buf_6)
     2    0.009495    0.018682    0.069396    2.075433 v input18/X (sky130_fd_sc_hd__buf_6)
                                                         net18 (net)
                      0.018682    0.000374    2.075808 v fanout31/A (sky130_fd_sc_hd__buf_6)
     2    0.010953    0.019511    0.073776    2.149584 v fanout31/X (sky130_fd_sc_hd__buf_6)
                                                         net31 (net)
                      0.019541    0.001027    2.150611 v _097_/A (sky130_fd_sc_hd__or3b_4)
     2    0.009176    0.052699    0.252843    2.403454 v _097_/X (sky130_fd_sc_hd__or3b_4)
                                                         _032_ (net)
                      0.052699    0.000656    2.404110 v max_cap30/A (sky130_fd_sc_hd__buf_8)
     3    0.017384    0.022010    0.093300    2.497411 v max_cap30/X (sky130_fd_sc_hd__buf_8)
                                                         net30 (net)
                      0.022014    0.000912    2.498323 v rebuffer39/A (sky130_fd_sc_hd__buf_2)
     2    0.016380    0.036725    0.095770    2.594093 v rebuffer39/X (sky130_fd_sc_hd__buf_2)
                                                         net39 (net)
                      0.036747    0.000856    2.594949 v _111_/B (sky130_fd_sc_hd__xor2_2)
     3    0.009449    0.049381    0.105899    2.700848 v _111_/X (sky130_fd_sc_hd__xor2_2)
                                                         _046_ (net)
                      0.049382    0.000278    2.701126 v _114_/B (sky130_fd_sc_hd__and2_2)
     1    0.004933    0.030807    0.132455    2.833581 v _114_/X (sky130_fd_sc_hd__and2_2)
                                                         _049_ (net)
                      0.030807    0.000377    2.833958 v _115_/B (sky130_fd_sc_hd__nor2_2)
     5    0.023276    0.191774    0.163071    2.997029 ^ _115_/Y (sky130_fd_sc_hd__nor2_2)
                                                         _050_ (net)
                      0.191806    0.002125    2.999154 ^ _157_/A1 (sky130_fd_sc_hd__a21oi_2)
     1    0.003954    0.046730    0.034365    3.033519 v _157_/Y (sky130_fd_sc_hd__a21oi_2)
                                                         _088_ (net)
                      0.046730    0.000179    3.033698 v _158_/B1 (sky130_fd_sc_hd__o21a_2)
     1    0.004053    0.027143    0.081369    3.115068 v _158_/X (sky130_fd_sc_hd__o21a_2)
                                                         _089_ (net)
                      0.027143    0.000261    3.115328 v _161_/A1 (sky130_fd_sc_hd__o32a_2)
     2    0.005299    0.043041    0.232129    3.347457 v _161_/X (sky130_fd_sc_hd__o32a_2)
                                                         net23 (net)
                      0.043041    0.000335    3.347792 v output23/A (sky130_fd_sc_hd__clkdlybuf4s25_1)
     1    0.035562    0.181712    0.298450    3.646242 v output23/X (sky130_fd_sc_hd__clkdlybuf4s25_1)
                                                         result[2] (net)
                      0.181769    0.003158    3.649400 v result[2] (out)
                                              3.649400   data arrival time

                      0.000000   10.000000   10.000000   clock __VIRTUAL_CLK__ (rise edge)
                                  0.000000   10.000000   clock network delay (ideal)
                                 -0.250000    9.750000   clock uncertainty
                                  0.000000    9.750000   clock reconvergence pessimism
                                 -2.000000    7.750000   output external delay
                                              7.750000   data required time
---------------------------------------------------------------------------------------------
                                              7.750000   data required time
                                             -3.649400   data arrival time
---------------------------------------------------------------------------------------------
                                              4.100600   slack (MET)


Startpoint: opcode[1] (input port clocked by __VIRTUAL_CLK__)
Endpoint: result[1] (output port clocked by __VIRTUAL_CLK__)
Path Group: __VIRTUAL_CLK__
Path Type: max

Fanout         Cap        Slew       Delay        Time   Description
---------------------------------------------------------------------------------------------
                      0.000000    0.000000    0.000000   clock __VIRTUAL_CLK__ (rise edge)
                                  0.000000    0.000000   clock network delay (ideal)
                                  2.000000    2.000000 v input external delay
     1    0.006264    0.010287    0.006037    2.006037 v opcode[1] (in)
                                                         opcode[1] (net)
                      0.010298    0.000000    2.006037 v input18/A (sky130_fd_sc_hd__buf_6)
     2    0.009495    0.018682    0.069396    2.075433 v input18/X (sky130_fd_sc_hd__buf_6)
                                                         net18 (net)
                      0.018682    0.000374    2.075808 v fanout31/A (sky130_fd_sc_hd__buf_6)
     2    0.010953    0.019511    0.073776    2.149584 v fanout31/X (sky130_fd_sc_hd__buf_6)
                                                         net31 (net)
                      0.019541    0.001027    2.150611 v _097_/A (sky130_fd_sc_hd__or3b_4)
     2    0.009176    0.052699    0.252843    2.403454 v _097_/X (sky130_fd_sc_hd__or3b_4)
                                                         _032_ (net)
                      0.052699    0.000656    2.404110 v max_cap30/A (sky130_fd_sc_hd__buf_8)
     3    0.017384    0.022010    0.093300    2.497411 v max_cap30/X (sky130_fd_sc_hd__buf_8)
                                                         net30 (net)
                      0.022036    0.001319    2.498729 v _116_/B (sky130_fd_sc_hd__xor2_2)
     2    0.012785    0.054940    0.106095    2.604825 v _116_/X (sky130_fd_sc_hd__xor2_2)
                                                         _051_ (net)
                      0.054982    0.000873    2.605698 v _118_/A (sky130_fd_sc_hd__xnor2_2)
     4    0.016323    0.185878    0.193992    2.799690 ^ _118_/Y (sky130_fd_sc_hd__xnor2_2)
                                                         _053_ (net)
                      0.185886    0.000974    2.800664 ^ _152_/A1 (sky130_fd_sc_hd__a21oi_2)
     1    0.002833    0.042971    0.030264    2.830928 v _152_/Y (sky130_fd_sc_hd__a21oi_2)
                                                         _084_ (net)
                      0.042971    0.000141    2.831069 v _153_/B1 (sky130_fd_sc_hd__o21a_2)
     1    0.004995    0.029123    0.081822    2.912890 v _153_/X (sky130_fd_sc_hd__o21a_2)
                                                         _085_ (net)
                      0.029123    0.000322    2.913213 v _156_/A (sky130_fd_sc_hd__or3_2)
     2    0.006075    0.058339    0.291783    3.204995 v _156_/X (sky130_fd_sc_hd__or3_2)
                                                         net22 (net)
                      0.058339    0.000277    3.205272 v output22/A (sky130_fd_sc_hd__clkdlybuf4s25_1)
     1    0.035247    0.179685    0.304514    3.509786 v output22/X (sky130_fd_sc_hd__clkdlybuf4s25_1)
                                                         result[1] (net)
                      0.179704    0.001930    3.511715 v result[1] (out)
                                              3.511715   data arrival time

                      0.000000   10.000000   10.000000   clock __VIRTUAL_CLK__ (rise edge)
                                  0.000000   10.000000   clock network delay (ideal)
                                 -0.250000    9.750000   clock uncertainty
                                  0.000000    9.750000   clock reconvergence pessimism
                                 -2.000000    7.750000   output external delay
                                              7.750000   data required time
---------------------------------------------------------------------------------------------
                                              7.750000   data required time
                                             -3.511715   data arrival time
---------------------------------------------------------------------------------------------
                                              4.238285   slack (MET)


Startpoint: opcode[1] (input port clocked by __VIRTUAL_CLK__)
Endpoint: result[0] (output port clocked by __VIRTUAL_CLK__)
Path Group: __VIRTUAL_CLK__
Path Type: max

Fanout         Cap        Slew       Delay        Time   Description
---------------------------------------------------------------------------------------------
                      0.000000    0.000000    0.000000   clock __VIRTUAL_CLK__ (rise edge)
                                  0.000000    0.000000   clock network delay (ideal)
                                  2.000000    2.000000 v input external delay
     1    0.006264    0.010287    0.006037    2.006037 v opcode[1] (in)
                                                         opcode[1] (net)
                      0.010298    0.000000    2.006037 v input18/A (sky130_fd_sc_hd__buf_6)
     2    0.009495    0.018682    0.069396    2.075433 v input18/X (sky130_fd_sc_hd__buf_6)
                                                         net18 (net)
                      0.018682    0.000374    2.075808 v fanout31/A (sky130_fd_sc_hd__buf_6)
     2    0.010953    0.019511    0.073776    2.149584 v fanout31/X (sky130_fd_sc_hd__buf_6)
                                                         net31 (net)
                      0.019519    0.000629    2.150213 v rebuffer34/A (sky130_fd_sc_hd__buf_2)
     9    0.038347    0.069778    0.121996    2.272209 v rebuffer34/X (sky130_fd_sc_hd__buf_2)
                                                         net34 (net)
                      0.070158    0.004294    2.276503 v _135_/B (sky130_fd_sc_hd__and3b_2)
     2    0.005758    0.033640    0.147035    2.423538 v _135_/X (sky130_fd_sc_hd__and3b_2)
                                                         _070_ (net)
                      0.033640    0.000392    2.423930 v _148_/B1 (sky130_fd_sc_hd__o22a_2)
     1    0.005016    0.030481    0.128910    2.552839 v _148_/X (sky130_fd_sc_hd__o22a_2)
                                                         _081_ (net)
                      0.030481    0.000365    2.553204 v _151_/A1 (sky130_fd_sc_hd__o32a_2)
     2    0.006635    0.045145    0.237315    2.790519 v _151_/X (sky130_fd_sc_hd__o32a_2)
                                                         net21 (net)
                      0.045145    0.000433    2.790952 v output21/A (sky130_fd_sc_hd__clkdlybuf4s25_1)
     1    0.035143    0.179330    0.298680    3.089632 v output21/X (sky130_fd_sc_hd__clkdlybuf4s25_1)
                                                         result[0] (net)
                      0.179349    0.001921    3.091553 v result[0] (out)
                                              3.091553   data arrival time

                      0.000000   10.000000   10.000000   clock __VIRTUAL_CLK__ (rise edge)
                                  0.000000   10.000000   clock network delay (ideal)
                                 -0.250000    9.750000   clock uncertainty
                                  0.000000    9.750000   clock reconvergence pessimism
                                 -2.000000    7.750000   output external delay
                                              7.750000   data required time
---------------------------------------------------------------------------------------------
                                              7.750000   data required time
                                             -3.091553   data arrival time
---------------------------------------------------------------------------------------------
                                              4.658447   slack (MET)



