
===========================================================================
 report_power
============================================================================
======================= max_ff_n40C_1v95 Corner ===================================

Group                    Internal    Switching      Leakage        Total
                            Power        Power        Power        Power (Watts)
------------------------------------------------------------------------
Sequential           0.000000e+00 0.000000e+00 0.000000e+00 0.000000e+00   0.0%
Combinational        5.006931e-05 5.681124e-05 1.555837e-09 1.068821e-04 100.0%
Clock                0.000000e+00 0.000000e+00 4.106706e-10 4.106706e-10   0.0%
Macro                0.000000e+00 0.000000e+00 0.000000e+00 0.000000e+00   0.0%
Pad                  0.000000e+00 0.000000e+00 0.000000e+00 0.000000e+00   0.0%
------------------------------------------------------------------------
Total                5.006931e-05 5.681124e-05 1.966507e-09 1.068825e-04 100.0%
                            46.8%        53.2%         0.0%

