+ define_corners max_ff_n40C_1v95
Reading timing models for corner max_ff_n40C_1v95…
Reading cell library for the 'max_ff_n40C_1v95' corner at '/home/thaituroblox/.ciel/ciel/ciel/sky130/versions/8afc8346a57fe1ab7934ba5a6056ea8b43078e71/sky130A/libs.ref/sky130_fd_sc_hd/lib/sky130_fd_sc_hd__ff_n40C_1v95.lib'…
Reading top-level netlist at '/home/thaituroblox/Desktop/8_BIT_COUNTER/Counter-8-Bit-/alu_project/runs/RUN_2026-09-26_04-41-42/52-openroad-fillinsertion/alu_8bit.nl.v'…
Linking design 'alu_8bit' from netlist…
Warning: /home/thaituroblox/Desktop/8_BIT_COUNTER/Counter-8-Bit-/alu_project/runs/RUN_2026-09-26_04-41-42/52-openroad-fillinsertion/alu_8bit.nl.v line 155, module sky130_fd_sc_hd__fill_1 not found. Creating black box for FILLER_0_83.
Warning: /home/thaituroblox/Desktop/8_BIT_COUNTER/Counter-8-Bit-/alu_project/runs/RUN_2026-09-26_04-41-42/52-openroad-fillinsertion/alu_8bit.nl.v line 169, module sky130_fd_sc_hd__fill_2 not found. Creating black box for FILLER_11_67.
Warning: /home/thaituroblox/Desktop/8_BIT_COUNTER/Counter-8-Bit-/alu_project/runs/RUN_2026-09-26_04-41-42/52-openroad-fillinsertion/alu_8bit.nl.v line 304, module sky130_fd_sc_hd__tapvpwrvgnd_1 not found. Creating black box for TAP_TAPCELL_ROW_0_32.
Reading design constraints file at '/nix/store/8y4m6wgn5kqlbig1qwnwbxijqqp0jwib-python3-3.13.9-env/lib/python3.13/site-packages/librelane/scripts/base.sdc'…
[WARNING] No CLOCK_PORT found. A dummy clock will be used.
Warning: base.sdc line 15, port '__VIRTUAL_CLK__' not found.
[INFO] Using clock __VIRTUAL_CLK__…
[INFO] Setting output delay to: 2.0
[INFO] Setting input delay to: 2.0
Warning: base.sdc line 32, port '__VIRTUAL_CLK__' not found.
[INFO] Setting load to: 0.033442
[INFO] Setting clock uncertainty to: 0.25
[INFO] Setting clock transition to: 0.1499999999999999944488848768742172978818416595458984375
Warning: base.sdc line 69, transition time can not be specified for virtual clocks.
[INFO] Setting timing derate to: 5.0%
Warning: base.sdc line 79, virtual clock __VIRTUAL_CLK__ can not be propagated.
Reading top-level design parasitics for the 'max_ff_n40C_1v95' corner at '/home/thaituroblox/Desktop/8_BIT_COUNTER/Counter-8-Bit-/alu_project/runs/RUN_2026-09-26_04-41-42/54-openroad-rcx/max/alu_8bit.max.spef'…
%OL_CREATE_REPORT min.rpt

===========================================================================
report_checks -path_delay min (Hold)
============================================================================
======================= max_ff_n40C_1v95 Corner ===================================

Startpoint: opcode[2] (input port clocked by __VIRTUAL_CLK__)
Endpoint: result[7] (output port clocked by __VIRTUAL_CLK__)
Path Group: __VIRTUAL_CLK__
Path Type: min

Fanout         Cap        Slew       Delay        Time   Description
---------------------------------------------------------------------------------------------
                      0.000000    0.000000    0.000000   clock __VIRTUAL_CLK__ (rise edge)
                                  0.000000    0.000000   clock network delay (ideal)
                                  2.000000    2.000000 v input external delay
     1    0.004633    0.007604    0.003752    2.003752 v opcode[2] (in)
                                                         opcode[2] (net)
                      0.007610    0.000000    2.003752 v input19/A (sky130_fd_sc_hd__clkbuf_2)
    10    0.036791    0.098117    0.115012    2.118765 v input19/X (sky130_fd_sc_hd__clkbuf_2)
                                                         net19 (net)
                      0.098323    0.003311    2.122075 v _096_/A (sky130_fd_sc_hd__nand2_2)
     7    0.032204    0.129397    0.130022    2.252097 ^ _096_/Y (sky130_fd_sc_hd__nand2_2)
                                                         _031_ (net)
                      0.129449    0.002017    2.254114 ^ _144_/A2 (sky130_fd_sc_hd__o21a_4)
     2    0.012056    0.036578    0.090714    2.344828 ^ _144_/X (sky130_fd_sc_hd__o21a_4)
                                                         net28 (net)
                      0.036584    0.000435    2.345263 ^ output28/A (sky130_fd_sc_hd__buf_6)
     1    0.034555    0.057894    0.081898    2.427161 ^ output28/X (sky130_fd_sc_hd__buf_6)
                                                         result[7] (net)
                      0.057976    0.001664    2.428824 ^ result[7] (out)
                                              2.428824   data arrival time

                      0.000000    0.000000    0.000000   clock __VIRTUAL_CLK__ (rise edge)
                                  0.000000    0.000000   clock network delay (ideal)
                                  0.250000    0.250000   clock uncertainty
                                  0.000000    0.250000   clock reconvergence pessimism
                                 -2.000000   -1.750000   output external delay
                                             -1.750000   data required time
---------------------------------------------------------------------------------------------
                                             -1.750000   data required time
                                             -2.428824   data arrival time
---------------------------------------------------------------------------------------------
                                              4.178824   slack (MET)


Startpoint: opcode[2] (input port clocked by __VIRTUAL_CLK__)
Endpoint: zero (output port clocked by __VIRTUAL_CLK__)
Path Group: __VIRTUAL_CLK__
Path Type: min

Fanout         Cap        Slew       Delay        Time   Description
---------------------------------------------------------------------------------------------
                      0.000000    0.000000    0.000000   clock __VIRTUAL_CLK__ (rise edge)
                                  0.000000    0.000000   clock network delay (ideal)
                                  2.000000    2.000000 v input external delay
     1    0.004633    0.007604    0.003752    2.003752 v opcode[2] (in)
                                                         opcode[2] (net)
                      0.007610    0.000000    2.003752 v input19/A (sky130_fd_sc_hd__clkbuf_2)
    10    0.036791    0.098117    0.115012    2.118765 v input19/X (sky130_fd_sc_hd__clkbuf_2)
                                                         net19 (net)
                      0.098323    0.003311    2.122075 v _096_/A (sky130_fd_sc_hd__nand2_2)
     7    0.032204    0.129397    0.130022    2.252097 ^ _096_/Y (sky130_fd_sc_hd__nand2_2)
                                                         _031_ (net)
                      0.129449    0.002017    2.254114 ^ _144_/A2 (sky130_fd_sc_hd__o21a_4)
     2    0.012056    0.036578    0.090714    2.344828 ^ _144_/X (sky130_fd_sc_hd__o21a_4)
                                                         net28 (net)
                      0.036589    0.000553    2.345381 ^ _193_/B1 (sky130_fd_sc_hd__a211oi_2)
     1    0.005986    0.017133    0.026394    2.371774 v _193_/Y (sky130_fd_sc_hd__a211oi_2)
                                                         net29 (net)
                      0.017148    0.000265    2.372039 v output29/A (sky130_fd_sc_hd__buf_6)
     1    0.034420    0.032441    0.080228    2.452267 v output29/X (sky130_fd_sc_hd__buf_6)
                                                         zero (net)
                      0.032619    0.001643    2.453910 v zero (out)
                                              2.453910   data arrival time

                      0.000000    0.000000    0.000000   clock __VIRTUAL_CLK__ (rise edge)
                                  0.000000    0.000000   clock network delay (ideal)
                                  0.250000    0.250000   clock uncertainty
                                  0.000000    0.250000   clock reconvergence pessimism
                                 -2.000000   -1.750000   output external delay
                                             -1.750000   data required time
---------------------------------------------------------------------------------------------
                                             -1.750000   data required time
                                             -2.453910   data arrival time
---------------------------------------------------------------------------------------------
                                              4.203909   slack (MET)


Startpoint: a[7] (input port clocked by __VIRTUAL_CLK__)
Endpoint: overflow (output port clocked by __VIRTUAL_CLK__)
Path Group: __VIRTUAL_CLK__
Path Type: min

Fanout         Cap        Slew       Delay        Time   Description
---------------------------------------------------------------------------------------------
                      0.000000    0.000000    0.000000   clock __VIRTUAL_CLK__ (rise edge)
                                  0.000000    0.000000   clock network delay (ideal)
                                  2.000000    2.000000 v input external delay
     1    0.003554    0.005810    0.002845    2.002845 v a[7] (in)
                                                         a[7] (net)
                      0.005821    0.000000    2.002845 v input8/A (sky130_fd_sc_hd__clkdlybuf4s25_1)
     6    0.029282    0.151700    0.235354    2.238199 v input8/X (sky130_fd_sc_hd__clkdlybuf4s25_1)
                                                         net8 (net)
                      0.151728    0.001908    2.240108 v _143_/A (sky130_fd_sc_hd__nand2_2)
     1    0.003289    0.028784    0.066975    2.307083 ^ _143_/Y (sky130_fd_sc_hd__nand2_2)
                                                         _078_ (net)
                      0.028784    0.000217    2.307300 ^ _146_/B (sky130_fd_sc_hd__and3_4)
     1    0.008350    0.035614    0.099363    2.406663 ^ _146_/X (sky130_fd_sc_hd__and3_4)
                                                         net20 (net)
                      0.035617    0.000619    2.407282 ^ output20/A (sky130_fd_sc_hd__buf_8)
     1    0.034980    0.050325    0.075654    2.482935 ^ output20/X (sky130_fd_sc_hd__buf_8)
                                                         overflow (net)
                      0.050419    0.001655    2.484590 ^ overflow (out)
                                              2.484590   data arrival time

                      0.000000    0.000000    0.000000   clock __VIRTUAL_CLK__ (rise edge)
                                  0.000000    0.000000   clock network delay (ideal)
                                  0.250000    0.250000   clock uncertainty
                                  0.000000    0.250000   clock reconvergence pessimism
                                 -2.000000   -1.750000   output external delay
                                             -1.750000   data required time
---------------------------------------------------------------------------------------------
                                             -1.750000   data required time
                                             -2.484590   data arrival time
---------------------------------------------------------------------------------------------
                                              4.234590   slack (MET)


Startpoint: a[2] (input port clocked by __VIRTUAL_CLK__)
Endpoint: result[2] (output port clocked by __VIRTUAL_CLK__)
Path Group: __VIRTUAL_CLK__
Path Type: min

Fanout         Cap        Slew       Delay        Time   Description
---------------------------------------------------------------------------------------------
                      0.000000    0.000000    0.000000   clock __VIRTUAL_CLK__ (rise edge)
                                  0.000000    0.000000   clock network delay (ideal)
                                  2.000000    2.000000 v input external delay
     1    0.003518    0.005769    0.002811    2.002811 v a[2] (in)
                                                         a[2] (net)
                      0.005778    0.000000    2.002811 v input3/A (sky130_fd_sc_hd__clkdlybuf4s25_1)
     4    0.013960    0.078178    0.182297    2.185108 v input3/X (sky130_fd_sc_hd__clkdlybuf4s25_1)
                                                         net3 (net)
                      0.078184    0.000738    2.185846 v _161_/B2 (sky130_fd_sc_hd__o32a_2)
     2    0.005299    0.027373    0.118419    2.304265 v _161_/X (sky130_fd_sc_hd__o32a_2)
                                                         net23 (net)
                      0.027373    0.000303    2.304568 v output23/A (sky130_fd_sc_hd__clkdlybuf4s25_1)
     1    0.035562    0.182181    0.263983    2.568551 v output23/X (sky130_fd_sc_hd__clkdlybuf4s25_1)
                                                         result[2] (net)
                      0.182238    0.002858    2.571409 v result[2] (out)
                                              2.571409   data arrival time

                      0.000000    0.000000    0.000000   clock __VIRTUAL_CLK__ (rise edge)
                                  0.000000    0.000000   clock network delay (ideal)
                                  0.250000    0.250000   clock uncertainty
                                  0.000000    0.250000   clock reconvergence pessimism
                                 -2.000000   -1.750000   output external delay
                                             -1.750000   data required time
---------------------------------------------------------------------------------------------
                                             -1.750000   data required time
                                             -2.571409   data arrival time
---------------------------------------------------------------------------------------------
                                              4.321409   slack (MET)


Startpoint: a[4] (input port clocked by __VIRTUAL_CLK__)
Endpoint: result[4] (output port clocked by __VIRTUAL_CLK__)
Path Group: __VIRTUAL_CLK__
Path Type: min

Fanout         Cap        Slew       Delay        Time   Description
---------------------------------------------------------------------------------------------
                      0.000000    0.000000    0.000000   clock __VIRTUAL_CLK__ (rise edge)
                                  0.000000    0.000000   clock network delay (ideal)
                                  2.000000    2.000000 v input external delay
     1    0.004242    0.006906    0.003420    2.003420 v a[4] (in)
                                                         a[4] (net)
                      0.006912    0.000000    2.003420 v input5/A (sky130_fd_sc_hd__clkdlybuf4s25_1)
     5    0.012963    0.073405    0.179216    2.182636 v input5/X (sky130_fd_sc_hd__clkdlybuf4s25_1)
                                                         net5 (net)
                      0.073411    0.000687    2.183323 v _172_/B2 (sky130_fd_sc_hd__o32a_2)
     2    0.008065    0.031468    0.121987    2.305310 v _172_/X (sky130_fd_sc_hd__o32a_2)
                                                         net25 (net)
                      0.031476    0.000443    2.305753 v output25/A (sky130_fd_sc_hd__clkdlybuf4s25_1)
     1    0.035286    0.180450    0.265421    2.571174 v output25/X (sky130_fd_sc_hd__clkdlybuf4s25_1)
                                                         result[4] (net)
                      0.180470    0.001785    2.572959 v result[4] (out)
                                              2.572959   data arrival time

                      0.000000    0.000000    0.000000   clock __VIRTUAL_CLK__ (rise edge)
                                  0.000000    0.000000   clock network delay (ideal)
                                  0.250000    0.250000   clock uncertainty
                                  0.000000    0.250000   clock reconvergence pessimism
                                 -2.000000   -1.750000   output external delay
                                             -1.750000   data required time
---------------------------------------------------------------------------------------------
                                             -1.750000   data required time
                                             -2.572959   data arrival time
---------------------------------------------------------------------------------------------
                                              4.322959   slack (MET)


Startpoint: a[5] (input port clocked by __VIRTUAL_CLK__)
Endpoint: result[5] (output port clocked by __VIRTUAL_CLK__)
Path Group: __VIRTUAL_CLK__
Path Type: min

Fanout         Cap        Slew       Delay        Time   Description
---------------------------------------------------------------------------------------------
                      0.000000    0.000000    0.000000   clock __VIRTUAL_CLK__ (rise edge)
                                  0.000000    0.000000   clock network delay (ideal)
                                  2.000000    2.000000 ^ input external delay
     1    0.003735    0.017281    0.009258    2.009258 ^ a[5] (in)
                                                         a[5] (net)
                      0.017283    0.000000    2.009258 ^ input6/A (sky130_fd_sc_hd__clkdlybuf4s25_1)
     5    0.015687    0.123902    0.208603    2.217861 ^ input6/X (sky130_fd_sc_hd__clkdlybuf4s25_1)
                                                         net6 (net)
                      0.123913    0.001192    2.219053 ^ _173_/A (sky130_fd_sc_hd__or2_2)
     2    0.005698    0.032245    0.089632    2.308685 ^ _173_/X (sky130_fd_sc_hd__or2_2)
                                                         _009_ (net)
                      0.032245    0.000164    2.308849 ^ _180_/A (sky130_fd_sc_hd__and2_2)
     1    0.004287    0.029616    0.076089    2.384938 ^ _180_/X (sky130_fd_sc_hd__and2_2)
                                                         net26 (net)
                      0.029617    0.000291    2.385229 ^ output26/A (sky130_fd_sc_hd__dlymetal6s2s_1)
     1    0.036131    0.278650    0.217273    2.602502 ^ output26/X (sky130_fd_sc_hd__dlymetal6s2s_1)
                                                         result[5] (net)
                      0.278671    0.001908    2.604410 ^ result[5] (out)
                                              2.604410   data arrival time

                      0.000000    0.000000    0.000000   clock __VIRTUAL_CLK__ (rise edge)
                                  0.000000    0.000000   clock network delay (ideal)
                                  0.250000    0.250000   clock uncertainty
                                  0.000000    0.250000   clock reconvergence pessimism
                                 -2.000000   -1.750000   output external delay
                                             -1.750000   data required time
---------------------------------------------------------------------------------------------
                                             -1.750000   data required time
                                             -2.604410   data arrival time
---------------------------------------------------------------------------------------------
                                              4.354410   slack (MET)


Startpoint: a[6] (input port clocked by __VIRTUAL_CLK__)
Endpoint: result[6] (output port clocked by __VIRTUAL_CLK__)
Path Group: __VIRTUAL_CLK__
Path Type: min

Fanout         Cap        Slew       Delay        Time   Description
---------------------------------------------------------------------------------------------
                      0.000000    0.000000    0.000000   clock __VIRTUAL_CLK__ (rise edge)
                                  0.000000    0.000000   clock network delay (ideal)
                                  2.000000    2.000000 v input external delay
     1    0.003859    0.006280    0.003104    2.003104 v a[6] (in)
                                                         a[6] (net)
                      0.006286    0.000000    2.003104 v input7/A (sky130_fd_sc_hd__clkdlybuf4s25_1)
     4    0.023201    0.122688    0.214451    2.217555 v input7/X (sky130_fd_sc_hd__clkdlybuf4s25_1)
                                                         net7 (net)
                      0.122699    0.001150    2.218704 v _092_/A (sky130_fd_sc_hd__inv_2)
     3    0.017797    0.073445    0.096047    2.314752 ^ _092_/Y (sky130_fd_sc_hd__inv_2)
                                                         _027_ (net)
                      0.073500    0.001497    2.316249 ^ _181_/A (sky130_fd_sc_hd__nand2_2)
     2    0.007111    0.033061    0.033457    2.349706 v _181_/Y (sky130_fd_sc_hd__nand2_2)
                                                         _016_ (net)
                      0.033075    0.000267    2.349973 v _190_/A (sky130_fd_sc_hd__and2_2)
     1    0.003382    0.025453    0.097742    2.447716 v _190_/X (sky130_fd_sc_hd__and2_2)
                                                         net27 (net)
                      0.025453    0.000192    2.447908 v output27/A (sky130_fd_sc_hd__dlymetal6s2s_1)
     1    0.034821    0.121322    0.154842    2.602750 v output27/X (sky130_fd_sc_hd__dlymetal6s2s_1)
                                                         result[6] (net)
                      0.121396    0.001711    2.604460 v result[6] (out)
                                              2.604460   data arrival time

                      0.000000    0.000000    0.000000   clock __VIRTUAL_CLK__ (rise edge)
                                  0.000000    0.000000   clock network delay (ideal)
                                  0.250000    0.250000   clock uncertainty
                                  0.000000    0.250000   clock reconvergence pessimism
                                 -2.000000   -1.750000   output external delay
                                             -1.750000   data required time
---------------------------------------------------------------------------------------------
                                             -1.750000   data required time
                                             -2.604460   data arrival time
---------------------------------------------------------------------------------------------
                                              4.354460   slack (MET)


Startpoint: a[0] (input port clocked by __VIRTUAL_CLK__)
Endpoint: result[0] (output port clocked by __VIRTUAL_CLK__)
Path Group: __VIRTUAL_CLK__
Path Type: min

Fanout         Cap        Slew       Delay        Time   Description
---------------------------------------------------------------------------------------------
                      0.000000    0.000000    0.000000   clock __VIRTUAL_CLK__ (rise edge)
                                  0.000000    0.000000   clock network delay (ideal)
                                  2.000000    2.000000 v input external delay
     1    0.003566    0.005836    0.002858    2.002858 v a[0] (in)
                                                         a[0] (net)
                      0.005846    0.000000    2.002858 v input1/A (sky130_fd_sc_hd__clkdlybuf4s25_1)
     6    0.024066    0.126901    0.217202    2.220060 v input1/X (sky130_fd_sc_hd__clkdlybuf4s25_1)
                                                         net1 (net)
                      0.126909    0.001010    2.221069 v _151_/B2 (sky130_fd_sc_hd__o32a_2)
     2    0.006635    0.029228    0.139968    2.361037 v _151_/X (sky130_fd_sc_hd__o32a_2)
                                                         net21 (net)
                      0.029239    0.000391    2.361428 v output21/A (sky130_fd_sc_hd__clkdlybuf4s25_1)
     1    0.035143    0.179808    0.264095    2.625523 v output21/X (sky130_fd_sc_hd__clkdlybuf4s25_1)
                                                         result[0] (net)
                      0.179826    0.001738    2.627261 v result[0] (out)
                                              2.627261   data arrival time

                      0.000000    0.000000    0.000000   clock __VIRTUAL_CLK__ (rise edge)
                                  0.000000    0.000000   clock network delay (ideal)
                                  0.250000    0.250000   clock uncertainty
                                  0.000000    0.250000   clock reconvergence pessimism
                                 -2.000000   -1.750000   output external delay
                                             -1.750000   data required time
---------------------------------------------------------------------------------------------
                                             -1.750000   data required time
                                             -2.627261   data arrival time
---------------------------------------------------------------------------------------------
                                              4.377261   slack (MET)


Startpoint: a[3] (input port clocked by __VIRTUAL_CLK__)
Endpoint: result[3] (output port clocked by __VIRTUAL_CLK__)
Path Group: __VIRTUAL_CLK__
Path Type: min

Fanout         Cap        Slew       Delay        Time   Description
---------------------------------------------------------------------------------------------
                      0.000000    0.000000    0.000000   clock __VIRTUAL_CLK__ (rise edge)
                                  0.000000    0.000000   clock network delay (ideal)
                                  2.000000    2.000000 v input external delay
     1    0.004978    0.008152    0.004071    2.004071 v a[3] (in)
                                                         a[3] (net)
                      0.008160    0.000000    2.004071 v input4/A (sky130_fd_sc_hd__clkdlybuf4s25_1)
     4    0.016298    0.089359    0.191334    2.195405 v input4/X (sky130_fd_sc_hd__clkdlybuf4s25_1)
                                                         net4 (net)
                      0.089367    0.000825    2.196230 v _167_/B2 (sky130_fd_sc_hd__o2bb2a_2)
     2    0.008727    0.030400    0.171342    2.367573 v _167_/X (sky130_fd_sc_hd__o2bb2a_2)
                                                         net24 (net)
                      0.030401    0.000245    2.367818 v output24/A (sky130_fd_sc_hd__clkdlybuf4s25_1)
     1    0.034923    0.178694    0.263807    2.631624 v output24/X (sky130_fd_sc_hd__clkdlybuf4s25_1)
                                                         result[3] (net)
                      0.178711    0.001702    2.633327 v result[3] (out)
                                              2.633327   data arrival time

                      0.000000    0.000000    0.000000   clock __VIRTUAL_CLK__ (rise edge)
                                  0.000000    0.000000   clock network delay (ideal)
                                  0.250000    0.250000   clock uncertainty
                                  0.000000    0.250000   clock reconvergence pessimism
                                 -2.000000   -1.750000   output external delay
                                             -1.750000   data required time
---------------------------------------------------------------------------------------------
                                             -1.750000   data required time
                                             -2.633327   data arrival time
---------------------------------------------------------------------------------------------
                                              4.383327   slack (MET)


Startpoint: opcode[2] (input port clocked by __VIRTUAL_CLK__)
Endpoint: result[1] (output port clocked by __VIRTUAL_CLK__)
Path Group: __VIRTUAL_CLK__
Path Type: min

Fanout         Cap        Slew       Delay        Time   Description
---------------------------------------------------------------------------------------------
                      0.000000    0.000000    0.000000   clock __VIRTUAL_CLK__ (rise edge)
                                  0.000000    0.000000   clock network delay (ideal)
                                  2.000000    2.000000 ^ input external delay
     1    0.004862    0.021222    0.012068    2.012068 ^ opcode[2] (in)
                                                         opcode[2] (net)
                      0.021225    0.000000    2.012068 ^ input19/A (sky130_fd_sc_hd__clkbuf_2)
    10    0.039439    0.166373    0.147738    2.159806 ^ input19/X (sky130_fd_sc_hd__clkbuf_2)
                                                         net19 (net)
                      0.166403    0.001761    2.161567 ^ _154_/A1 (sky130_fd_sc_hd__o211a_2)
     1    0.005189    0.036913    0.115563    2.277130 ^ _154_/X (sky130_fd_sc_hd__o211a_2)
                                                         _086_ (net)
                      0.036914    0.000316    2.277446 ^ _156_/B (sky130_fd_sc_hd__or3_2)
     2    0.006494    0.031914    0.073461    2.350908 ^ _156_/X (sky130_fd_sc_hd__or3_2)
                                                         net22 (net)
                      0.031916    0.000268    2.351175 ^ output22/A (sky130_fd_sc_hd__clkdlybuf4s25_1)
     1    0.035247    0.266778    0.306546    2.657721 ^ output22/X (sky130_fd_sc_hd__clkdlybuf4s25_1)
                                                         result[1] (net)
                      0.266787    0.001747    2.659467 ^ result[1] (out)
                                              2.659467   data arrival time

                      0.000000    0.000000    0.000000   clock __VIRTUAL_CLK__ (rise edge)
                                  0.000000    0.000000   clock network delay (ideal)
                                  0.250000    0.250000   clock uncertainty
                                  0.000000    0.250000   clock reconvergence pessimism
                                 -2.000000   -1.750000   output external delay
                                             -1.750000   data required time
---------------------------------------------------------------------------------------------
                                             -1.750000   data required time
                                             -2.659467   data arrival time
---------------------------------------------------------------------------------------------
                                              4.409468   slack (MET)



%OL_END_REPORT
%OL_CREATE_REPORT max.rpt

===========================================================================
report_checks -path_delay max (Setup)
============================================================================
======================= max_ff_n40C_1v95 Corner ===================================

Startpoint: opcode[1] (input port clocked by __VIRTUAL_CLK__)
Endpoint: overflow (output port clocked by __VIRTUAL_CLK__)
Path Group: __VIRTUAL_CLK__
Path Type: max

Fanout         Cap        Slew       Delay        Time   Description
---------------------------------------------------------------------------------------------
                      0.000000    0.000000    0.000000   clock __VIRTUAL_CLK__ (rise edge)
                                  0.000000    0.000000   clock network delay (ideal)
                                  2.000000    2.000000 v input external delay
     1    0.006264    0.010287    0.006037    2.006037 v opcode[1] (in)
                                                         opcode[1] (net)
                      0.010298    0.000000    2.006037 v input18/A (sky130_fd_sc_hd__buf_6)
     2    0.009495    0.018682    0.069396    2.075433 v input18/X (sky130_fd_sc_hd__buf_6)
                                                         net18 (net)
                      0.018682    0.000374    2.075808 v fanout31/A (sky130_fd_sc_hd__buf_6)
     2    0.010953    0.019511    0.073776    2.149584 v fanout31/X (sky130_fd_sc_hd__buf_6)
                                                         net31 (net)
                      0.019541    0.001027    2.150611 v _097_/A (sky130_fd_sc_hd__or3b_4)
     2    0.009176    0.052699    0.252843    2.403454 v _097_/X (sky130_fd_sc_hd__or3b_4)
                                                         _032_ (net)
                      0.052699    0.000656    2.404110 v max_cap30/A (sky130_fd_sc_hd__buf_8)
     3    0.017384    0.022010    0.093300    2.497411 v max_cap30/X (sky130_fd_sc_hd__buf_8)
                                                         net30 (net)
                      0.022036    0.001319    2.498729 v _116_/B (sky130_fd_sc_hd__xor2_2)
     2    0.013623    0.152992    0.141553    2.640282 ^ _116_/X (sky130_fd_sc_hd__xor2_2)
                                                         _051_ (net)
                      0.152993    0.000732    2.641014 ^ _117_/A_N (sky130_fd_sc_hd__and2b_2)
     1    0.007521    0.034362    0.157497    2.798511 v _117_/X (sky130_fd_sc_hd__and2b_2)
                                                         _052_ (net)
                      0.034397    0.000760    2.799270 v _121_/B1 (sky130_fd_sc_hd__a21o_4)
     4    0.017347    0.037473    0.103818    2.903088 v _121_/X (sky130_fd_sc_hd__a21o_4)
                                                         _056_ (net)
                      0.037526    0.001309    2.904397 v _125_/A3 (sky130_fd_sc_hd__a31o_4)
     3    0.012999    0.035365    0.171531    3.075928 v _125_/X (sky130_fd_sc_hd__a31o_4)
                                                         _060_ (net)
                      0.035411    0.000893    3.076821 v _127_/A1 (sky130_fd_sc_hd__a2111o_2)
     2    0.007521    0.053148    0.275109    3.351930 v _127_/X (sky130_fd_sc_hd__a2111o_2)
                                                         _062_ (net)
                      0.053148    0.000548    3.352479 v _141_/B (sky130_fd_sc_hd__and3_4)
     1    0.002749    0.023089    0.115523    3.468001 v _141_/X (sky130_fd_sc_hd__and3_4)
                                                         _076_ (net)
                      0.023090    0.000135    3.468136 v _142_/B (sky130_fd_sc_hd__or4b_4)
     3    0.015054    0.071393    0.338707    3.806843 v _142_/X (sky130_fd_sc_hd__or4b_4)
                                                         _077_ (net)
                      0.071393    0.001053    3.807897 v _145_/A1 (sky130_fd_sc_hd__a21o_2)
     1    0.005118    0.029415    0.141128    3.949025 v _145_/X (sky130_fd_sc_hd__a21o_2)
                                                         _079_ (net)
                      0.029415    0.000383    3.949408 v _146_/C (sky130_fd_sc_hd__and3_4)
     1    0.007683    0.028441    0.120899    4.070307 v _146_/X (sky130_fd_sc_hd__and3_4)
                                                         net20 (net)
                      0.028441    0.000624    4.070932 v output20/A (sky130_fd_sc_hd__buf_8)
     1    0.034980    0.030543    0.091582    4.162514 v output20/X (sky130_fd_sc_hd__buf_8)
                                                         overflow (net)
                      0.030678    0.001823    4.164337 v overflow (out)
                                              4.164337   data arrival time

                      0.000000   10.000000   10.000000   clock __VIRTUAL_CLK__ (rise edge)
                                  0.000000   10.000000   clock network delay (ideal)
                                 -0.250000    9.750000   clock uncertainty
                                  0.000000    9.750000   clock reconvergence pessimism
                                 -2.000000    7.750000   output external delay
                                              7.750000   data required time
---------------------------------------------------------------------------------------------
                                              7.750000   data required time
                                             -4.164337   data arrival time
---------------------------------------------------------------------------------------------
                                              3.585663   slack (MET)


Startpoint: opcode[1] (input port clocked by __VIRTUAL_CLK__)
Endpoint: zero (output port clocked by __VIRTUAL_CLK__)
Path Group: __VIRTUAL_CLK__
Path Type: max

Fanout         Cap        Slew       Delay        Time   Description
---------------------------------------------------------------------------------------------
                      0.000000    0.000000    0.000000   clock __VIRTUAL_CLK__ (rise edge)
                                  0.000000    0.000000   clock network delay (ideal)
                                  2.000000    2.000000 v input external delay
     1    0.006264    0.010287    0.006037    2.006037 v opcode[1] (in)
                                                         opcode[1] (net)
                      0.010298    0.000000    2.006037 v input18/A (sky130_fd_sc_hd__buf_6)
     2    0.009495    0.018682    0.069396    2.075433 v input18/X (sky130_fd_sc_hd__buf_6)
                                                         net18 (net)
                      0.018682    0.000374    2.075808 v fanout31/A (sky130_fd_sc_hd__buf_6)
     2    0.010953    0.019511    0.073776    2.149584 v fanout31/X (sky130_fd_sc_hd__buf_6)
                                                         net31 (net)
                      0.019541    0.001027    2.150611 v _097_/A (sky130_fd_sc_hd__or3b_4)
     2    0.009176    0.052699    0.252843    2.403454 v _097_/X (sky130_fd_sc_hd__or3b_4)
                                                         _032_ (net)
                      0.052699    0.000656    2.404110 v max_cap30/A (sky130_fd_sc_hd__buf_8)
     3    0.017384    0.022010    0.093300    2.497411 v max_cap30/X (sky130_fd_sc_hd__buf_8)
                                                         net30 (net)
                      0.022036    0.001319    2.498729 v _116_/B (sky130_fd_sc_hd__xor2_2)
     2    0.013623    0.152992    0.141553    2.640282 ^ _116_/X (sky130_fd_sc_hd__xor2_2)
                                                         _051_ (net)
                      0.152993    0.000732    2.641014 ^ _117_/A_N (sky130_fd_sc_hd__and2b_2)
     1    0.007521    0.034362    0.157497    2.798511 v _117_/X (sky130_fd_sc_hd__and2b_2)
                                                         _052_ (net)
                      0.034397    0.000760    2.799270 v _121_/B1 (sky130_fd_sc_hd__a21o_4)
     4    0.017347    0.037473    0.103818    2.903088 v _121_/X (sky130_fd_sc_hd__a21o_4)
                                                         _056_ (net)
                      0.037526    0.001309    2.904397 v _125_/A3 (sky130_fd_sc_hd__a31o_4)
     3    0.012999    0.035365    0.171531    3.075928 v _125_/X (sky130_fd_sc_hd__a31o_4)
                                                         _060_ (net)
                      0.035411    0.000893    3.076821 v _127_/A1 (sky130_fd_sc_hd__a2111o_2)
     2    0.007521    0.053148    0.275109    3.351930 v _127_/X (sky130_fd_sc_hd__a2111o_2)
                                                         _062_ (net)
                      0.053148    0.000548    3.352479 v _141_/B (sky130_fd_sc_hd__and3_4)
     1    0.002749    0.023089    0.115523    3.468001 v _141_/X (sky130_fd_sc_hd__and3_4)
                                                         _076_ (net)
                      0.023090    0.000135    3.468136 v _142_/B (sky130_fd_sc_hd__or4b_4)
     3    0.015054    0.071393    0.338707    3.806843 v _142_/X (sky130_fd_sc_hd__or4b_4)
                                                         _077_ (net)
                      0.071393    0.001037    3.807881 v _144_/B1 (sky130_fd_sc_hd__o21a_4)
     2    0.011010    0.031791    0.098822    3.906703 v _144_/X (sky130_fd_sc_hd__o21a_4)
                                                         net28 (net)
                      0.031795    0.000552    3.907254 v _193_/B1 (sky130_fd_sc_hd__a211oi_2)
     1    0.006474    0.141920    0.112827    4.020081 ^ _193_/Y (sky130_fd_sc_hd__a211oi_2)
                                                         net29 (net)
                      0.141920    0.000321    4.020402 ^ output29/A (sky130_fd_sc_hd__buf_6)
     1    0.034420    0.058755    0.106790    4.127192 ^ output29/X (sky130_fd_sc_hd__buf_6)
                                                         zero (net)
                      0.058866    0.001820    4.129013 ^ zero (out)
                                              4.129013   data arrival time

                      0.000000   10.000000   10.000000   clock __VIRTUAL_CLK__ (rise edge)
                                  0.000000   10.000000   clock network delay (ideal)
                                 -0.250000    9.750000   clock uncertainty
                                  0.000000    9.750000   clock reconvergence pessimism
                                 -2.000000    7.750000   output external delay
                                              7.750000   data required time
---------------------------------------------------------------------------------------------
                                              7.750000   data required time
                                             -4.129013   data arrival time
---------------------------------------------------------------------------------------------
                                              3.620988   slack (MET)


Startpoint: opcode[1] (input port clocked by __VIRTUAL_CLK__)
Endpoint: result[7] (output port clocked by __VIRTUAL_CLK__)
Path Group: __VIRTUAL_CLK__
Path Type: max

Fanout         Cap        Slew       Delay        Time   Description
---------------------------------------------------------------------------------------------
                      0.000000    0.000000    0.000000   clock __VIRTUAL_CLK__ (rise edge)
                                  0.000000    0.000000   clock network delay (ideal)
                                  2.000000    2.000000 v input external delay
     1    0.006264    0.010287    0.006037    2.006037 v opcode[1] (in)
                                                         opcode[1] (net)
                      0.010298    0.000000    2.006037 v input18/A (sky130_fd_sc_hd__buf_6)
     2    0.009495    0.018682    0.069396    2.075433 v input18/X (sky130_fd_sc_hd__buf_6)
                                                         net18 (net)
                      0.018682    0.000374    2.075808 v fanout31/A (sky130_fd_sc_hd__buf_6)
     2    0.010953    0.019511    0.073776    2.149584 v fanout31/X (sky130_fd_sc_hd__buf_6)
                                                         net31 (net)
                      0.019541    0.001027    2.150611 v _097_/A (sky130_fd_sc_hd__or3b_4)
     2    0.009176    0.052699    0.252843    2.403454 v _097_/X (sky130_fd_sc_hd__or3b_4)
                                                         _032_ (net)
                      0.052699    0.000656    2.404110 v max_cap30/A (sky130_fd_sc_hd__buf_8)
     3    0.017384    0.022010    0.093300    2.497411 v max_cap30/X (sky130_fd_sc_hd__buf_8)
                                                         net30 (net)
                      0.022036    0.001319    2.498729 v _116_/B (sky130_fd_sc_hd__xor2_2)
     2    0.013623    0.152992    0.141553    2.640282 ^ _116_/X (sky130_fd_sc_hd__xor2_2)
                                                         _051_ (net)
                      0.152993    0.000732    2.641014 ^ _117_/A_N (sky130_fd_sc_hd__and2b_2)
     1    0.007521    0.034362    0.157497    2.798511 v _117_/X (sky130_fd_sc_hd__and2b_2)
                                                         _052_ (net)
                      0.034397    0.000760    2.799270 v _121_/B1 (sky130_fd_sc_hd__a21o_4)
     4    0.017347    0.037473    0.103818    2.903088 v _121_/X (sky130_fd_sc_hd__a21o_4)
                                                         _056_ (net)
                      0.037526    0.001309    2.904397 v _125_/A3 (sky130_fd_sc_hd__a31o_4)
     3    0.012999    0.035365    0.171531    3.075928 v _125_/X (sky130_fd_sc_hd__a31o_4)
                                                         _060_ (net)
                      0.035411    0.000893    3.076821 v _127_/A1 (sky130_fd_sc_hd__a2111o_2)
     2    0.007521    0.053148    0.275109    3.351930 v _127_/X (sky130_fd_sc_hd__a2111o_2)
                                                         _062_ (net)
                      0.053148    0.000548    3.352479 v _141_/B (sky130_fd_sc_hd__and3_4)
     1    0.002749    0.023089    0.115523    3.468001 v _141_/X (sky130_fd_sc_hd__and3_4)
                                                         _076_ (net)
                      0.023090    0.000135    3.468136 v _142_/B (sky130_fd_sc_hd__or4b_4)
     3    0.015054    0.071393    0.338707    3.806843 v _142_/X (sky130_fd_sc_hd__or4b_4)
                                                         _077_ (net)
                      0.071393    0.001037    3.807881 v _144_/B1 (sky130_fd_sc_hd__o21a_4)
     2    0.011010    0.031791    0.098822    3.906703 v _144_/X (sky130_fd_sc_hd__o21a_4)
                                                         net28 (net)
                      0.031792    0.000440    3.907143 v output28/A (sky130_fd_sc_hd__buf_6)
     1    0.034555    0.032505    0.094984    4.002126 v output28/X (sky130_fd_sc_hd__buf_6)
                                                         result[7] (net)
                      0.032686    0.001835    4.003961 v result[7] (out)
                                              4.003961   data arrival time

                      0.000000   10.000000   10.000000   clock __VIRTUAL_CLK__ (rise edge)
                                  0.000000   10.000000   clock network delay (ideal)
                                 -0.250000    9.750000   clock uncertainty
                                  0.000000    9.750000   clock reconvergence pessimism
                                 -2.000000    7.750000   output external delay
                                              7.750000   data required time
---------------------------------------------------------------------------------------------
                                              7.750000   data required time
                                             -4.003961   data arrival time
---------------------------------------------------------------------------------------------
                                              3.746039   slack (MET)


Startpoint: opcode[1] (input port clocked by __VIRTUAL_CLK__)
Endpoint: result[6] (output port clocked by __VIRTUAL_CLK__)
Path Group: __VIRTUAL_CLK__
Path Type: max

Fanout         Cap        Slew       Delay        Time   Description
---------------------------------------------------------------------------------------------
                      0.000000    0.000000    0.000000   clock __VIRTUAL_CLK__ (rise edge)
                                  0.000000    0.000000   clock network delay (ideal)
                                  2.000000    2.000000 v input external delay
     1    0.006264    0.010287    0.006037    2.006037 v opcode[1] (in)
                                                         opcode[1] (net)
                      0.010298    0.000000    2.006037 v input18/A (sky130_fd_sc_hd__buf_6)
     2    0.009495    0.018682    0.069396    2.075433 v input18/X (sky130_fd_sc_hd__buf_6)
                                                         net18 (net)
                      0.018682    0.000374    2.075808 v fanout31/A (sky130_fd_sc_hd__buf_6)
     2    0.010953    0.019511    0.073776    2.149584 v fanout31/X (sky130_fd_sc_hd__buf_6)
                                                         net31 (net)
                      0.019541    0.001027    2.150611 v _097_/A (sky130_fd_sc_hd__or3b_4)
     2    0.009176    0.052699    0.252843    2.403454 v _097_/X (sky130_fd_sc_hd__or3b_4)
                                                         _032_ (net)
                      0.052699    0.000656    2.404110 v max_cap30/A (sky130_fd_sc_hd__buf_8)
     3    0.017384    0.022010    0.093300    2.497411 v max_cap30/X (sky130_fd_sc_hd__buf_8)
                                                         net30 (net)
                      0.022014    0.000912    2.498323 v rebuffer39/A (sky130_fd_sc_hd__buf_2)
     2    0.016380    0.036725    0.095770    2.594093 v rebuffer39/X (sky130_fd_sc_hd__buf_2)
                                                         net39 (net)
                      0.036747    0.000856    2.594949 v _111_/B (sky130_fd_sc_hd__xor2_2)
     3    0.009449    0.049381    0.105899    2.700848 v _111_/X (sky130_fd_sc_hd__xor2_2)
                                                         _046_ (net)
                      0.049382    0.000278    2.701126 v _114_/B (sky130_fd_sc_hd__and2_2)
     1    0.004933    0.030807    0.132455    2.833581 v _114_/X (sky130_fd_sc_hd__and2_2)
                                                         _049_ (net)
                      0.030807    0.000377    2.833958 v _115_/B (sky130_fd_sc_hd__nor2_2)
     5    0.023276    0.191774    0.163071    2.997029 ^ _115_/Y (sky130_fd_sc_hd__nor2_2)
                                                         _050_ (net)
                      0.191791    0.001580    2.998609 ^ _125_/A1 (sky130_fd_sc_hd__a31o_4)
     3    0.013936    0.046260    0.122083    3.120692 ^ _125_/X (sky130_fd_sc_hd__a31o_4)
                                                         _060_ (net)
                      0.046277    0.000867    3.121559 ^ _126_/B (sky130_fd_sc_hd__and2_2)
     3    0.014540    0.064834    0.121831    3.243391 ^ _126_/X (sky130_fd_sc_hd__and2_2)
                                                         _061_ (net)
                      0.064834    0.000333    3.243723 ^ _175_/A2 (sky130_fd_sc_hd__o21ai_2)
     3    0.013229    0.048516    0.053261    3.296985 v _175_/Y (sky130_fd_sc_hd__o21ai_2)
                                                         _011_ (net)
                      0.048521    0.000436    3.297421 v _184_/A2 (sky130_fd_sc_hd__a21o_2)
     1    0.002931    0.024741    0.141505    3.438926 v _184_/X (sky130_fd_sc_hd__a21o_2)
                                                         _019_ (net)
                      0.024741    0.000212    3.439138 v _189_/A2 (sky130_fd_sc_hd__a31o_2)
     2    0.006906    0.035296    0.156939    3.596077 v _189_/X (sky130_fd_sc_hd__a31o_2)
                                                         _024_ (net)
                      0.035296    0.000275    3.596352 v _190_/B (sky130_fd_sc_hd__and2_2)
     1    0.003382    0.027540    0.121941    3.718294 v _190_/X (sky130_fd_sc_hd__and2_2)
                                                         net27 (net)
                      0.027540    0.000212    3.718506 v output27/A (sky130_fd_sc_hd__dlymetal6s2s_1)
     1    0.034821    0.121315    0.171996    3.890502 v output27/X (sky130_fd_sc_hd__dlymetal6s2s_1)
                                                         result[6] (net)
                      0.121389    0.001890    3.892392 v result[6] (out)
                                              3.892392   data arrival time

                      0.000000   10.000000   10.000000   clock __VIRTUAL_CLK__ (rise edge)
                                  0.000000   10.000000   clock network delay (ideal)
                                 -0.250000    9.750000   clock uncertainty
                                  0.000000    9.750000   clock reconvergence pessimism
                                 -2.000000    7.750000   output external delay
                                              7.750000   data required time
---------------------------------------------------------------------------------------------
                                              7.750000   data required time
                                             -3.892392   data arrival time
---------------------------------------------------------------------------------------------
                                              3.857608   slack (MET)


Startpoint: opcode[1] (input port clocked by __VIRTUAL_CLK__)
Endpoint: result[5] (output port clocked by __VIRTUAL_CLK__)
Path Group: __VIRTUAL_CLK__
Path Type: max

Fanout         Cap        Slew       Delay        Time   Description
---------------------------------------------------------------------------------------------
                      0.000000    0.000000    0.000000   clock __VIRTUAL_CLK__ (rise edge)
                                  0.000000    0.000000   clock network delay (ideal)
                                  2.000000    2.000000 v input external delay
     1    0.006264    0.010287    0.006037    2.006037 v opcode[1] (in)
                                                         opcode[1] (net)
                      0.010298    0.000000    2.006037 v input18/A (sky130_fd_sc_hd__buf_6)
     2    0.009495    0.018682    0.069396    2.075433 v input18/X (sky130_fd_sc_hd__buf_6)
                                                         net18 (net)
                      0.018682    0.000374    2.075808 v fanout31/A (sky130_fd_sc_hd__buf_6)
     2    0.010953    0.019511    0.073776    2.149584 v fanout31/X (sky130_fd_sc_hd__buf_6)
                                                         net31 (net)
                      0.019541    0.001027    2.150611 v _097_/A (sky130_fd_sc_hd__or3b_4)
     2    0.009176    0.052699    0.252843    2.403454 v _097_/X (sky130_fd_sc_hd__or3b_4)
                                                         _032_ (net)
                      0.052699    0.000656    2.404110 v max_cap30/A (sky130_fd_sc_hd__buf_8)
     3    0.017384    0.022010    0.093300    2.497411 v max_cap30/X (sky130_fd_sc_hd__buf_8)
                                                         net30 (net)
                      0.022036    0.001319    2.498729 v _116_/B (sky130_fd_sc_hd__xor2_2)
     2    0.013623    0.152992    0.141553    2.640282 ^ _116_/X (sky130_fd_sc_hd__xor2_2)
                                                         _051_ (net)
                      0.152993    0.000732    2.641014 ^ _117_/A_N (sky130_fd_sc_hd__and2b_2)
     1    0.007521    0.034362    0.157497    2.798511 v _117_/X (sky130_fd_sc_hd__and2b_2)
                                                         _052_ (net)
                      0.034397    0.000760    2.799270 v _121_/B1 (sky130_fd_sc_hd__a21o_4)
     4    0.017347    0.037473    0.103818    2.903088 v _121_/X (sky130_fd_sc_hd__a21o_4)
                                                         _056_ (net)
                      0.037526    0.001309    2.904397 v _125_/A3 (sky130_fd_sc_hd__a31o_4)
     3    0.012999    0.035365    0.171531    3.075928 v _125_/X (sky130_fd_sc_hd__a31o_4)
                                                         _060_ (net)
                      0.035406    0.000805    3.076733 v _126_/B (sky130_fd_sc_hd__and2_2)
     3    0.013203    0.044132    0.145712    3.222445 v _126_/X (sky130_fd_sc_hd__and2_2)
                                                         _061_ (net)
                      0.044134    0.000348    3.222794 v _176_/A2 (sky130_fd_sc_hd__o31a_2)
     1    0.002318    0.034689    0.200288    3.423082 v _176_/X (sky130_fd_sc_hd__o31a_2)
                                                         _012_ (net)
                      0.034689    0.000112    3.423194 v _179_/A2 (sky130_fd_sc_hd__a21o_2)
     2    0.006233    0.031135    0.145851    3.569045 v _179_/X (sky130_fd_sc_hd__a21o_2)
                                                         _015_ (net)
                      0.031135    0.000340    3.569385 v _180_/B (sky130_fd_sc_hd__and2_2)
     1    0.004118    0.029144    0.122664    3.692049 v _180_/X (sky130_fd_sc_hd__and2_2)
                                                         net26 (net)
                      0.029144    0.000306    3.692355 v output26/A (sky130_fd_sc_hd__dlymetal6s2s_1)
     1    0.036131    0.125440    0.175747    3.868102 v output26/X (sky130_fd_sc_hd__dlymetal6s2s_1)
                                                         result[5] (net)
                      0.125523    0.002106    3.870208 v result[5] (out)
                                              3.870208   data arrival time

                      0.000000   10.000000   10.000000   clock __VIRTUAL_CLK__ (rise edge)
                                  0.000000   10.000000   clock network delay (ideal)
                                 -0.250000    9.750000   clock uncertainty
                                  0.000000    9.750000   clock reconvergence pessimism
                                 -2.000000    7.750000   output external delay
                                              7.750000   data required time
---------------------------------------------------------------------------------------------
                                              7.750000   data required time
                                             -3.870208   data arrival time
---------------------------------------------------------------------------------------------
                                              3.879792   slack (MET)


Startpoint: opcode[1] (input port clocked by __VIRTUAL_CLK__)
Endpoint: result[4] (output port clocked by __VIRTUAL_CLK__)
Path Group: __VIRTUAL_CLK__
Path Type: max

Fanout         Cap        Slew       Delay        Time   Description
---------------------------------------------------------------------------------------------
                      0.000000    0.000000    0.000000   clock __VIRTUAL_CLK__ (rise edge)
                                  0.000000    0.000000   clock network delay (ideal)
                                  2.000000    2.000000 v input external delay
     1    0.006264    0.010287    0.006037    2.006037 v opcode[1] (in)
                                                         opcode[1] (net)
                      0.010298    0.000000    2.006037 v input18/A (sky130_fd_sc_hd__buf_6)
     2    0.009495    0.018682    0.069396    2.075433 v input18/X (sky130_fd_sc_hd__buf_6)
                                                         net18 (net)
                      0.018682    0.000374    2.075808 v fanout31/A (sky130_fd_sc_hd__buf_6)
     2    0.010953    0.019511    0.073776    2.149584 v fanout31/X (sky130_fd_sc_hd__buf_6)
                                                         net31 (net)
                      0.019541    0.001027    2.150611 v _097_/A (sky130_fd_sc_hd__or3b_4)
     2    0.009176    0.052699    0.252843    2.403454 v _097_/X (sky130_fd_sc_hd__or3b_4)
                                                         _032_ (net)
                      0.052699    0.000656    2.404110 v max_cap30/A (sky130_fd_sc_hd__buf_8)
     3    0.017384    0.022010    0.093300    2.497411 v max_cap30/X (sky130_fd_sc_hd__buf_8)
                                                         net30 (net)
                      0.022014    0.000912    2.498323 v rebuffer39/A (sky130_fd_sc_hd__buf_2)
     2    0.016380    0.036725    0.095770    2.594093 v rebuffer39/X (sky130_fd_sc_hd__buf_2)
                                                         net39 (net)
                      0.036747    0.000856    2.594949 v _111_/B (sky130_fd_sc_hd__xor2_2)
     3    0.009449    0.049381    0.105899    2.700848 v _111_/X (sky130_fd_sc_hd__xor2_2)
                                                         _046_ (net)
                      0.049382    0.000278    2.701126 v _114_/B (sky130_fd_sc_hd__and2_2)
     1    0.004933    0.030807    0.132455    2.833581 v _114_/X (sky130_fd_sc_hd__and2_2)
                                                         _049_ (net)
                      0.030807    0.000377    2.833958 v _115_/B (sky130_fd_sc_hd__nor2_2)
     5    0.023276    0.191774    0.163071    2.997029 ^ _115_/Y (sky130_fd_sc_hd__nor2_2)
                                                         _050_ (net)
                      0.191791    0.001580    2.998609 ^ _125_/A1 (sky130_fd_sc_hd__a31o_4)
     3    0.013936    0.046260    0.122083    3.120692 ^ _125_/X (sky130_fd_sc_hd__a31o_4)
                                                         _060_ (net)
                      0.046277    0.000867    3.121559 ^ _126_/B (sky130_fd_sc_hd__and2_2)
     3    0.014540    0.064834    0.121831    3.243391 ^ _126_/X (sky130_fd_sc_hd__and2_2)
                                                         _061_ (net)
                      0.064836    0.000465    3.243855 ^ _169_/A (sky130_fd_sc_hd__nor2_2)
     1    0.004037    0.023603    0.027750    3.271605 v _169_/Y (sky130_fd_sc_hd__nor2_2)
                                                         _006_ (net)
                      0.023604    0.000299    3.271905 v _172_/A1 (sky130_fd_sc_hd__o32a_2)
     2    0.008065    0.047524    0.239009    3.510913 v _172_/X (sky130_fd_sc_hd__o32a_2)
                                                         net25 (net)
                      0.047524    0.000490    3.511404 v output25/A (sky130_fd_sc_hd__clkdlybuf4s25_1)
     1    0.035286    0.179970    0.300204    3.811608 v output25/X (sky130_fd_sc_hd__clkdlybuf4s25_1)
                                                         result[4] (net)
                      0.179990    0.001973    3.813581 v result[4] (out)
                                              3.813581   data arrival time

                      0.000000   10.000000   10.000000   clock __VIRTUAL_CLK__ (rise edge)
                                  0.000000   10.000000   clock network delay (ideal)
                                 -0.250000    9.750000   clock uncertainty
                                  0.000000    9.750000   clock reconvergence pessimism
                                 -2.000000    7.750000   output external delay
                                              7.750000   data required time
---------------------------------------------------------------------------------------------
                                              7.750000   data required time
                                             -3.813581   data arrival time
---------------------------------------------------------------------------------------------
                                              3.936419   slack (MET)


Startpoint: opcode[1] (input port clocked by __VIRTUAL_CLK__)
Endpoint: result[3] (output port clocked by __VIRTUAL_CLK__)
Path Group: __VIRTUAL_CLK__
Path Type: max

Fanout         Cap        Slew       Delay        Time   Description
---------------------------------------------------------------------------------------------
                      0.000000    0.000000    0.000000   clock __VIRTUAL_CLK__ (rise edge)
                                  0.000000    0.000000   clock network delay (ideal)
                                  2.000000    2.000000 v input external delay
     1    0.006264    0.010287    0.006037    2.006037 v opcode[1] (in)
                                                         opcode[1] (net)
                      0.010298    0.000000    2.006037 v input18/A (sky130_fd_sc_hd__buf_6)
     2    0.009495    0.018682    0.069396    2.075433 v input18/X (sky130_fd_sc_hd__buf_6)
                                                         net18 (net)
                      0.018682    0.000374    2.075808 v fanout31/A (sky130_fd_sc_hd__buf_6)
     2    0.010953    0.019511    0.073776    2.149584 v fanout31/X (sky130_fd_sc_hd__buf_6)
                                                         net31 (net)
                      0.019541    0.001027    2.150611 v _097_/A (sky130_fd_sc_hd__or3b_4)
     2    0.009176    0.052699    0.252843    2.403454 v _097_/X (sky130_fd_sc_hd__or3b_4)
                                                         _032_ (net)
                      0.052699    0.000656    2.404110 v max_cap30/A (sky130_fd_sc_hd__buf_8)
     3    0.017384    0.022010    0.093300    2.497411 v max_cap30/X (sky130_fd_sc_hd__buf_8)
                                                         net30 (net)
                      0.022036    0.001319    2.498729 v _116_/B (sky130_fd_sc_hd__xor2_2)
     2    0.013623    0.152992    0.141553    2.640282 ^ _116_/X (sky130_fd_sc_hd__xor2_2)
                                                         _051_ (net)
                      0.152993    0.000732    2.641014 ^ _117_/A_N (sky130_fd_sc_hd__and2b_2)
     1    0.007521    0.034362    0.157497    2.798511 v _117_/X (sky130_fd_sc_hd__and2b_2)
                                                         _052_ (net)
                      0.034397    0.000760    2.799270 v _121_/B1 (sky130_fd_sc_hd__a21o_4)
     4    0.017347    0.037473    0.103818    2.903088 v _121_/X (sky130_fd_sc_hd__a21o_4)
                                                         _056_ (net)
                      0.037542    0.001471    2.904560 v rebuffer38/A (sky130_fd_sc_hd__buf_2)
     1    0.005436    0.021277    0.083701    2.988261 v rebuffer38/X (sky130_fd_sc_hd__buf_2)
                                                         net38 (net)
                      0.021283    0.000268    2.988529 v _162_/A2 (sky130_fd_sc_hd__a21oi_2)
     2    0.007678    0.093560    0.110790    3.099319 ^ _162_/Y (sky130_fd_sc_hd__a21oi_2)
                                                         _000_ (net)
                      0.093560    0.000552    3.099871 ^ _163_/A2 (sky130_fd_sc_hd__a21oi_2)
     1    0.003268    0.043030    0.037867    3.137738 v _163_/Y (sky130_fd_sc_hd__a21oi_2)
                                                         _001_ (net)
                      0.043030    0.000150    3.137888 v _166_/B1 (sky130_fd_sc_hd__o221a_2)
     1    0.002637    0.030926    0.154942    3.292830 v _166_/X (sky130_fd_sc_hd__o221a_2)
                                                         _004_ (net)
                      0.030926    0.000178    3.293008 v _167_/A1_N (sky130_fd_sc_hd__o2bb2a_2)
     2    0.009223    0.048860    0.158990    3.451998 ^ _167_/X (sky130_fd_sc_hd__o2bb2a_2)
                                                         net24 (net)
                      0.048860    0.000289    3.452287 ^ output24/A (sky130_fd_sc_hd__clkdlybuf4s25_1)
     1    0.034923    0.264191    0.342244    3.794532 ^ output24/X (sky130_fd_sc_hd__clkdlybuf4s25_1)
                                                         result[3] (net)
                      0.264199    0.001882    3.796414 ^ result[3] (out)
                                              3.796414   data arrival time

                      0.000000   10.000000   10.000000   clock __VIRTUAL_CLK__ (rise edge)
                                  0.000000   10.000000   clock network delay (ideal)
                                 -0.250000    9.750000   clock uncertainty
                                  0.000000    9.750000   clock reconvergence pessimism
                                 -2.000000    7.750000   output external delay
                                              7.750000   data required time
---------------------------------------------------------------------------------------------
                                              7.750000   data required time
                                             -3.796414   data arrival time
---------------------------------------------------------------------------------------------
                                              3.953586   slack (MET)


Startpoint: opcode[1] (input port clocked by __VIRTUAL_CLK__)
Endpoint: result[2] (output port clocked by __VIRTUAL_CLK__)
Path Group: __VIRTUAL_CLK__
Path Type: max

Fanout         Cap        Slew       Delay        Time   Description
---------------------------------------------------------------------------------------------
                      0.000000    0.000000    0.000000   clock __VIRTUAL_CLK__ (rise edge)
                                  0.000000    0.000000   clock network delay (ideal)
                                  2.000000    2.000000 v input external delay
     1    0.006264    0.010287    0.006037    2.006037 v opcode[1] (in)
                                                         opcode[1] (net)
                      0.010298    0.000000    2.006037 v input18/A (sky130_fd_sc_hd__buf_6)
     2    0.009495    0.018682    0.069396    2.075433 v input18/X (sky130_fd_sc_hd__buf_6)
                                                         net18 (net)
                      0.018682    0.000374    2.075808 v fanout31/A (sky130_fd_sc_hd__buf_6)
     2    0.010953    0.019511    0.073776    2.149584 v fanout31/X (sky130_fd_sc_hd__buf_6)
                                                         net31 (net)
                      0.019541    0.001027    2.150611 v _097_/A (sky130_fd_sc_hd__or3b_4)
     2    0.009176    0.052699    0.252843    2.403454 v _097_/X (sky130_fd_sc_hd__or3b_4)
                                                         _032_ (net)
                      0.052699    0.000656    2.404110 v max_cap30/A (sky130_fd_sc_hd__buf_8)
     3    0.017384    0.022010    0.093300    2.497411 v max_cap30/X (sky130_fd_sc_hd__buf_8)
                                                         net30 (net)
                      0.022014    0.000912    2.498323 v rebuffer39/A (sky130_fd_sc_hd__buf_2)
     2    0.016380    0.036725    0.095770    2.594093 v rebuffer39/X (sky130_fd_sc_hd__buf_2)
                                                         net39 (net)
                      0.036747    0.000856    2.594949 v _111_/B (sky130_fd_sc_hd__xor2_2)
     3    0.009449    0.049381    0.105899    2.700848 v _111_/X (sky130_fd_sc_hd__xor2_2)
                                                         _046_ (net)
                      0.049382    0.000278    2.701126 v _114_/B (sky130_fd_sc_hd__and2_2)
     1    0.004933    0.030807    0.132455    2.833581 v _114_/X (sky130_fd_sc_hd__and2_2)
                                                         _049_ (net)
                      0.030807    0.000377    2.833958 v _115_/B (sky130_fd_sc_hd__nor2_2)
     5    0.023276    0.191774    0.163071    2.997029 ^ _115_/Y (sky130_fd_sc_hd__nor2_2)
                                                         _050_ (net)
                      0.191806    0.002125    2.999154 ^ _157_/A1 (sky130_fd_sc_hd__a21oi_2)
     1    0.003954    0.046730    0.034365    3.033519 v _157_/Y (sky130_fd_sc_hd__a21oi_2)
                                                         _088_ (net)
                      0.046730    0.000179    3.033698 v _158_/B1 (sky130_fd_sc_hd__o21a_2)
     1    0.004053    0.027143    0.081369    3.115068 v _158_/X (sky130_fd_sc_hd__o21a_2)
                                                         _089_ (net)
                      0.027143    0.000261    3.115328 v _161_/A1 (sky130_fd_sc_hd__o32a_2)
     2    0.005299    0.043041    0.232129    3.347457 v _161_/X (sky130_fd_sc_hd__o32a_2)
                                                         net23 (net)
                      0.043041    0.000335    3.347792 v output23/A (sky130_fd_sc_hd__clkdlybuf4s25_1)
     1    0.035562    0.181712    0.298450    3.646242 v output23/X (sky130_fd_sc_hd__clkdlybuf4s25_1)
                                                         result[2] (net)
                      0.181769    0.003158    3.649400 v result[2] (out)
                                              3.649400   data arrival time

                      0.000000   10.000000   10.000000   clock __VIRTUAL_CLK__ (rise edge)
                                  0.000000   10.000000   clock network delay (ideal)
                                 -0.250000    9.750000   clock uncertainty
                                  0.000000    9.750000   clock reconvergence pessimism
                                 -2.000000    7.750000   output external delay
                                              7.750000   data required time
---------------------------------------------------------------------------------------------
                                              7.750000   data required time
                                             -3.649400   data arrival time
---------------------------------------------------------------------------------------------
                                              4.100600   slack (MET)


Startpoint: opcode[1] (input port clocked by __VIRTUAL_CLK__)
Endpoint: result[1] (output port clocked by __VIRTUAL_CLK__)
Path Group: __VIRTUAL_CLK__
Path Type: max

Fanout         Cap        Slew       Delay        Time   Description
---------------------------------------------------------------------------------------------
                      0.000000    0.000000    0.000000   clock __VIRTUAL_CLK__ (rise edge)
                                  0.000000    0.000000   clock network delay (ideal)
                                  2.000000    2.000000 v input external delay
     1    0.006264    0.010287    0.006037    2.006037 v opcode[1] (in)
                                                         opcode[1] (net)
                      0.010298    0.000000    2.006037 v input18/A (sky130_fd_sc_hd__buf_6)
     2    0.009495    0.018682    0.069396    2.075433 v input18/X (sky130_fd_sc_hd__buf_6)
                                                         net18 (net)
                      0.018682    0.000374    2.075808 v fanout31/A (sky130_fd_sc_hd__buf_6)
     2    0.010953    0.019511    0.073776    2.149584 v fanout31/X (sky130_fd_sc_hd__buf_6)
                                                         net31 (net)
                      0.019541    0.001027    2.150611 v _097_/A (sky130_fd_sc_hd__or3b_4)
     2    0.009176    0.052699    0.252843    2.403454 v _097_/X (sky130_fd_sc_hd__or3b_4)
                                                         _032_ (net)
                      0.052699    0.000656    2.404110 v max_cap30/A (sky130_fd_sc_hd__buf_8)
     3    0.017384    0.022010    0.093300    2.497411 v max_cap30/X (sky130_fd_sc_hd__buf_8)
                                                         net30 (net)
                      0.022036    0.001319    2.498729 v _116_/B (sky130_fd_sc_hd__xor2_2)
     2    0.012785    0.054940    0.106095    2.604825 v _116_/X (sky130_fd_sc_hd__xor2_2)
                                                         _051_ (net)
                      0.054982    0.000873    2.605698 v _118_/A (sky130_fd_sc_hd__xnor2_2)
     4    0.016323    0.185878    0.193992    2.799690 ^ _118_/Y (sky130_fd_sc_hd__xnor2_2)
                                                         _053_ (net)
                      0.185886    0.000974    2.800664 ^ _152_/A1 (sky130_fd_sc_hd__a21oi_2)
     1    0.002833    0.042971    0.030264    2.830928 v _152_/Y (sky130_fd_sc_hd__a21oi_2)
                                                         _084_ (net)
                      0.042971    0.000141    2.831069 v _153_/B1 (sky130_fd_sc_hd__o21a_2)
     1    0.004995    0.029123    0.081822    2.912890 v _153_/X (sky130_fd_sc_hd__o21a_2)
                                                         _085_ (net)
                      0.029123    0.000322    2.913213 v _156_/A (sky130_fd_sc_hd__or3_2)
     2    0.006075    0.058339    0.291783    3.204995 v _156_/X (sky130_fd_sc_hd__or3_2)
                                                         net22 (net)
                      0.058339    0.000277    3.205272 v output22/A (sky130_fd_sc_hd__clkdlybuf4s25_1)
     1    0.035247    0.179685    0.304514    3.509786 v output22/X (sky130_fd_sc_hd__clkdlybuf4s25_1)
                                                         result[1] (net)
                      0.179704    0.001930    3.511715 v result[1] (out)
                                              3.511715   data arrival time

                      0.000000   10.000000   10.000000   clock __VIRTUAL_CLK__ (rise edge)
                                  0.000000   10.000000   clock network delay (ideal)
                                 -0.250000    9.750000   clock uncertainty
                                  0.000000    9.750000   clock reconvergence pessimism
                                 -2.000000    7.750000   output external delay
                                              7.750000   data required time
---------------------------------------------------------------------------------------------
                                              7.750000   data required time
                                             -3.511715   data arrival time
---------------------------------------------------------------------------------------------
                                              4.238285   slack (MET)


Startpoint: opcode[1] (input port clocked by __VIRTUAL_CLK__)
Endpoint: result[0] (output port clocked by __VIRTUAL_CLK__)
Path Group: __VIRTUAL_CLK__
Path Type: max

Fanout         Cap        Slew       Delay        Time   Description
---------------------------------------------------------------------------------------------
                      0.000000    0.000000    0.000000   clock __VIRTUAL_CLK__ (rise edge)
                                  0.000000    0.000000   clock network delay (ideal)
                                  2.000000    2.000000 v input external delay
     1    0.006264    0.010287    0.006037    2.006037 v opcode[1] (in)
                                                         opcode[1] (net)
                      0.010298    0.000000    2.006037 v input18/A (sky130_fd_sc_hd__buf_6)
     2    0.009495    0.018682    0.069396    2.075433 v input18/X (sky130_fd_sc_hd__buf_6)
                                                         net18 (net)
                      0.018682    0.000374    2.075808 v fanout31/A (sky130_fd_sc_hd__buf_6)
     2    0.010953    0.019511    0.073776    2.149584 v fanout31/X (sky130_fd_sc_hd__buf_6)
                                                         net31 (net)
                      0.019519    0.000629    2.150213 v rebuffer34/A (sky130_fd_sc_hd__buf_2)
     9    0.038347    0.069778    0.121996    2.272209 v rebuffer34/X (sky130_fd_sc_hd__buf_2)
                                                         net34 (net)
                      0.070158    0.004294    2.276503 v _135_/B (sky130_fd_sc_hd__and3b_2)
     2    0.005758    0.033640    0.147035    2.423538 v _135_/X (sky130_fd_sc_hd__and3b_2)
                                                         _070_ (net)
                      0.033640    0.000392    2.423930 v _148_/B1 (sky130_fd_sc_hd__o22a_2)
     1    0.005016    0.030481    0.128910    2.552839 v _148_/X (sky130_fd_sc_hd__o22a_2)
                                                         _081_ (net)
                      0.030481    0.000365    2.553204 v _151_/A1 (sky130_fd_sc_hd__o32a_2)
     2    0.006635    0.045145    0.237315    2.790519 v _151_/X (sky130_fd_sc_hd__o32a_2)
                                                         net21 (net)
                      0.045145    0.000433    2.790952 v output21/A (sky130_fd_sc_hd__clkdlybuf4s25_1)
     1    0.035143    0.179330    0.298680    3.089632 v output21/X (sky130_fd_sc_hd__clkdlybuf4s25_1)
                                                         result[0] (net)
                      0.179349    0.001921    3.091553 v result[0] (out)
                                              3.091553   data arrival time

                      0.000000   10.000000   10.000000   clock __VIRTUAL_CLK__ (rise edge)
                                  0.000000   10.000000   clock network delay (ideal)
                                 -0.250000    9.750000   clock uncertainty
                                  0.000000    9.750000   clock reconvergence pessimism
                                 -2.000000    7.750000   output external delay
                                              7.750000   data required time
---------------------------------------------------------------------------------------------
                                              7.750000   data required time
                                             -3.091553   data arrival time
---------------------------------------------------------------------------------------------
                                              4.658447   slack (MET)



%OL_END_REPORT
%OL_CREATE_REPORT checks.rpt

===========================================================================
report_checks -unconstrained
===========================================================================
======================= max_ff_n40C_1v95 Corner ===================================

Startpoint: opcode[1] (input port clocked by __VIRTUAL_CLK__)
Endpoint: overflow (output port clocked by __VIRTUAL_CLK__)
Path Group: __VIRTUAL_CLK__
Path Type: max

Fanout         Cap        Slew       Delay        Time   Description
---------------------------------------------------------------------------------------------
                      0.000000    0.000000    0.000000   clock __VIRTUAL_CLK__ (rise edge)
                                  0.000000    0.000000   clock network delay (ideal)
                                  2.000000    2.000000 v input external delay
     1    0.006264    0.010287    0.006037    2.006037 v opcode[1] (in)
                                                         opcode[1] (net)
                      0.010298    0.000000    2.006037 v input18/A (sky130_fd_sc_hd__buf_6)
     2    0.009495    0.018682    0.069396    2.075433 v input18/X (sky130_fd_sc_hd__buf_6)
                                                         net18 (net)
                      0.018682    0.000374    2.075808 v fanout31/A (sky130_fd_sc_hd__buf_6)
     2    0.010953    0.019511    0.073776    2.149584 v fanout31/X (sky130_fd_sc_hd__buf_6)
                                                         net31 (net)
                      0.019541    0.001027    2.150611 v _097_/A (sky130_fd_sc_hd__or3b_4)
     2    0.009176    0.052699    0.252843    2.403454 v _097_/X (sky130_fd_sc_hd__or3b_4)
                                                         _032_ (net)
                      0.052699    0.000656    2.404110 v max_cap30/A (sky130_fd_sc_hd__buf_8)
     3    0.017384    0.022010    0.093300    2.497411 v max_cap30/X (sky130_fd_sc_hd__buf_8)
                                                         net30 (net)
                      0.022036    0.001319    2.498729 v _116_/B (sky130_fd_sc_hd__xor2_2)
     2    0.013623    0.152992    0.141553    2.640282 ^ _116_/X (sky130_fd_sc_hd__xor2_2)
                                                         _051_ (net)
                      0.152993    0.000732    2.641014 ^ _117_/A_N (sky130_fd_sc_hd__and2b_2)
     1    0.007521    0.034362    0.157497    2.798511 v _117_/X (sky130_fd_sc_hd__and2b_2)
                                                         _052_ (net)
                      0.034397    0.000760    2.799270 v _121_/B1 (sky130_fd_sc_hd__a21o_4)
     4    0.017347    0.037473    0.103818    2.903088 v _121_/X (sky130_fd_sc_hd__a21o_4)
                                                         _056_ (net)
                      0.037526    0.001309    2.904397 v _125_/A3 (sky130_fd_sc_hd__a31o_4)
     3    0.012999    0.035365    0.171531    3.075928 v _125_/X (sky130_fd_sc_hd__a31o_4)
                                                         _060_ (net)
                      0.035411    0.000893    3.076821 v _127_/A1 (sky130_fd_sc_hd__a2111o_2)
     2    0.007521    0.053148    0.275109    3.351930 v _127_/X (sky130_fd_sc_hd__a2111o_2)
                                                         _062_ (net)
                      0.053148    0.000548    3.352479 v _141_/B (sky130_fd_sc_hd__and3_4)
     1    0.002749    0.023089    0.115523    3.468001 v _141_/X (sky130_fd_sc_hd__and3_4)
                                                         _076_ (net)
                      0.023090    0.000135    3.468136 v _142_/B (sky130_fd_sc_hd__or4b_4)
     3    0.015054    0.071393    0.338707    3.806843 v _142_/X (sky130_fd_sc_hd__or4b_4)
                                                         _077_ (net)
                      0.071393    0.001053    3.807897 v _145_/A1 (sky130_fd_sc_hd__a21o_2)
     1    0.005118    0.029415    0.141128    3.949025 v _145_/X (sky130_fd_sc_hd__a21o_2)
                                                         _079_ (net)
                      0.029415    0.000383    3.949408 v _146_/C (sky130_fd_sc_hd__and3_4)
     1    0.007683    0.028441    0.120899    4.070307 v _146_/X (sky130_fd_sc_hd__and3_4)
                                                         net20 (net)
                      0.028441    0.000624    4.070932 v output20/A (sky130_fd_sc_hd__buf_8)
     1    0.034980    0.030543    0.091582    4.162514 v output20/X (sky130_fd_sc_hd__buf_8)
                                                         overflow (net)
                      0.030678    0.001823    4.164337 v overflow (out)
                                              4.164337   data arrival time

                      0.000000   10.000000   10.000000   clock __VIRTUAL_CLK__ (rise edge)
                                  0.000000   10.000000   clock network delay (ideal)
                                 -0.250000    9.750000   clock uncertainty
                                  0.000000    9.750000   clock reconvergence pessimism
                                 -2.000000    7.750000   output external delay
                                              7.750000   data required time
---------------------------------------------------------------------------------------------
                                              7.750000   data required time
                                             -4.164337   data arrival time
---------------------------------------------------------------------------------------------
                                              3.585663   slack (MET)




===========================================================================
report_checks --slack_max -0.01
============================================================================
======================= max_ff_n40C_1v95 Corner ===================================

No paths found.


===========================================================================
 report_check_types -max_slew -max_cap -max_fanout -violators
============================================================================
======================= max_ff_n40C_1v95 Corner ===================================



===========================================================================
report_parasitic_annotation -report_unannotated
============================================================================
Found 0 unannotated drivers.
Found 0 partially unannotated drivers.

===========================================================================
max slew violation count 0
%OL_METRIC_I design__max_slew_violation__count__corner:max_ff_n40C_1v95 0
max fanout violation count 0
%OL_METRIC_I design__max_fanout_violation__count__corner:max_ff_n40C_1v95 0
max cap violation count 0
%OL_METRIC_I design__max_cap_violation__count__corner:max_ff_n40C_1v95 0
============================================================================

===========================================================================
check_setup -verbose -unconstrained_endpoints -multiple_clock -no_clock -no_input_delay -loops -generated_clocks
===========================================================================
%OL_END_REPORT
%OL_CREATE_REPORT power.rpt

===========================================================================
 report_power
============================================================================
======================= max_ff_n40C_1v95 Corner ===================================

Group                    Internal    Switching      Leakage        Total
                            Power        Power        Power        Power (Watts)
------------------------------------------------------------------------
Sequential           0.000000e+00 0.000000e+00 0.000000e+00 0.000000e+00   0.0%
Combinational        5.006931e-05 5.681124e-05 1.555837e-09 1.068821e-04 100.0%
Clock                0.000000e+00 0.000000e+00 4.106706e-10 4.106706e-10   0.0%
Macro                0.000000e+00 0.000000e+00 0.000000e+00 0.000000e+00   0.0%
Pad                  0.000000e+00 0.000000e+00 0.000000e+00 0.000000e+00   0.0%
------------------------------------------------------------------------
Total                5.006931e-05 5.681124e-05 1.966507e-09 1.068825e-04 100.0%
                            46.8%        53.2%         0.0%
%OL_METRIC_F power__internal__total 5.006930587114766e-5
%OL_METRIC_F power__switching__total 5.681123730028048e-5
%OL_METRIC_F power__leakage__total 1.9665069572738503e-9
%OL_METRIC_F power__total 0.00010688250767998397

%OL_END_REPORT
%OL_CREATE_REPORT skew.min.rpt

===========================================================================
Clock Skew (Hold)
============================================================================
%OL_METRIC_F clock__skew__worst_hold__corner:max_ff_n40C_1v95 0.0
======================= max_ff_n40C_1v95 Corner ===================================

Clock __VIRTUAL_CLK__
No launch/capture paths found.

%OL_END_REPORT
%OL_CREATE_REPORT skew.max.rpt

===========================================================================
Clock Skew (Setup)
============================================================================
%OL_METRIC_F clock__skew__worst_setup__corner:max_ff_n40C_1v95 0.0
======================= max_ff_n40C_1v95 Corner ===================================

Clock __VIRTUAL_CLK__
No launch/capture paths found.

%OL_END_REPORT
%OL_CREATE_REPORT ws.min.rpt

===========================================================================
Worst Slack (Hold)
============================================================================
%OL_METRIC_F timing__hold__ws__corner:max_ff_n40C_1v95 4.1788245158122965
max_ff_n40C_1v95: 4.1788245158122965
%OL_END_REPORT
%OL_CREATE_REPORT ws.max.rpt

===========================================================================
Worst Slack (Setup)
============================================================================
%OL_METRIC_F timing__setup__ws__corner:max_ff_n40C_1v95 3.585663423224023
max_ff_n40C_1v95: 3.585663423224023
%OL_END_REPORT
%OL_CREATE_REPORT tns.min.rpt

===========================================================================
Total Negative Slack (Hold)
============================================================================
%OL_METRIC_F timing__hold__tns__corner:max_ff_n40C_1v95 0.0
max_ff_n40C_1v95: 0.0
%OL_END_REPORT
%OL_CREATE_REPORT tns.max.rpt

===========================================================================
Total Negative Slack (Setup)
============================================================================
%OL_METRIC_F timing__setup__tns__corner:max_ff_n40C_1v95 0.0
max_ff_n40C_1v95: 0.0
%OL_END_REPORT
%OL_CREATE_REPORT wns.min.rpt

===========================================================================
Worst Negative Slack (Hold)
============================================================================
%OL_METRIC_F timing__hold__wns__corner:max_ff_n40C_1v95 0
max_ff_n40C_1v95: 0
%OL_END_REPORT
%OL_CREATE_REPORT wns.max.rpt

===========================================================================
Worst Negative Slack (Setup)
============================================================================
%OL_METRIC_F timing__setup__wns__corner:max_ff_n40C_1v95 0.0
max_ff_n40C_1v95: 0.0
%OL_END_REPORT
%OL_CREATE_REPORT violator_list.rpt

===========================================================================
Violator List
============================================================================
%OL_METRIC_I timing__hold_vio__count__corner:max_ff_n40C_1v95 0
%OL_METRIC_F timing__hold_r2r__ws__corner:max_ff_n40C_1v95 inf
%OL_METRIC_I timing__hold_r2r_vio__count__corner:max_ff_n40C_1v95 0
%OL_METRIC_I timing__setup_vio__count__corner:max_ff_n40C_1v95 0
%OL_METRIC_F timing__setup_r2r__ws__corner:max_ff_n40C_1v95 inf
%OL_METRIC_I timing__setup_r2r_vio__count__corner:max_ff_n40C_1v95 0
%OL_END_REPORT
%OL_CREATE_REPORT unpropagated.rpt
__VIRTUAL_CLK__
%OL_END_REPORT
%OL_CREATE_REPORT clock.rpt
Clock: __VIRTUAL_CLK__
Sources: 
Generated: no
Virtual: yes
Propagated: no
Period: 10.000000

===========================================================================
report_clock_properties
============================================================================
Clock                   Period          Waveform
----------------------------------------------------
__VIRTUAL_CLK__      10.000000    0.000000  5.000000

===========================================================================
report_clock_latency
============================================================================
Clock __VIRTUAL_CLK__


===========================================================================
report_clock_min_period
============================================================================
__VIRTUAL_CLK__ period_min = 0.00 fmax = inf
%OL_END_REPORT
Writing SDF files for all corners…
Removing Clock latencies before writing libs…
Writing timing models for all corners…
Writing timing models for the max_ff_n40C_1v95 corner to /home/thaituroblox/Desktop/8_BIT_COUNTER/Counter-8-Bit-/alu_project/runs/RUN_2026-09-26_04-41-42/55-openroad-stapostpnr/max_ff_n40C_1v95/alu_8bit__max_ff_n40C_1v95.lib…
