
===========================================================================
report_checks -path_delay max (Setup)
============================================================================
======================= nom_tt_025C_1v80 Corner ===================================

Startpoint: opcode[1] (input port clocked by __VIRTUAL_CLK__)
Endpoint: overflow (output port clocked by __VIRTUAL_CLK__)
Path Group: __VIRTUAL_CLK__
Path Type: max

Fanout         Cap        Slew       Delay        Time   Description
---------------------------------------------------------------------------------------------
                      0.000000    0.000000    0.000000   clock __VIRTUAL_CLK__ (rise edge)
                                  0.000000    0.000000   clock network delay (ideal)
                                  2.000000    2.000000 v input external delay
     1    0.002964    0.009011    0.004923    2.004923 v opcode[1] (in)
                                                         opcode[1] (net)
                      0.009011    0.000000    2.004923 v input18/A (sky130_fd_sc_hd__clkdlybuf4s25_1)
     2    0.006064    0.062768    0.259173    2.264096 v input18/X (sky130_fd_sc_hd__clkdlybuf4s25_1)
                                                         net18 (net)
                      0.062768    0.000014    2.264110 v fanout31/A (sky130_fd_sc_hd__clkdlybuf4s25_1)
    10    0.029203    0.219211    0.415360    2.679470 v fanout31/X (sky130_fd_sc_hd__clkdlybuf4s25_1)
                                                         net31 (net)
                      0.219211    0.000437    2.679907 v _097_/B (sky130_fd_sc_hd__or3b_2)
     4    0.032287    0.163616    0.654189    3.334096 v _097_/X (sky130_fd_sc_hd__or3b_2)
                                                         _032_ (net)
                      0.163616    0.000058    3.334154 v max_cap30/A (sky130_fd_sc_hd__buf_6)
     5    0.041783    0.049962    0.206126    3.540280 v max_cap30/X (sky130_fd_sc_hd__buf_6)
                                                         net30 (net)
                      0.049962    0.000228    3.540508 v _116_/B (sky130_fd_sc_hd__xor2_2)
     2    0.011523    0.187974    0.189689    3.730197 ^ _116_/X (sky130_fd_sc_hd__xor2_2)
                                                         _051_ (net)
                      0.187974    0.000037    3.730234 ^ _117_/A_N (sky130_fd_sc_hd__and2b_2)
     1    0.003512    0.037333    0.252028    3.982262 v _117_/X (sky130_fd_sc_hd__and2b_2)
                                                         _052_ (net)
                      0.037333    0.000023    3.982285 v _121_/B1 (sky130_fd_sc_hd__a21o_2)
     4    0.015837    0.063770    0.229604    4.211889 v _121_/X (sky130_fd_sc_hd__a21o_2)
                                                         _056_ (net)
                      0.063770    0.000117    4.212006 v _125_/A2 (sky130_fd_sc_hd__a31o_2)
     3    0.009616    0.053679    0.269513    4.481519 v _125_/X (sky130_fd_sc_hd__a31o_2)
                                                         _060_ (net)
                      0.053679    0.000084    4.481603 v _127_/A2 (sky130_fd_sc_hd__a2111o_2)
     2    0.005443    0.070319    0.495318    4.976921 v _127_/X (sky130_fd_sc_hd__a2111o_2)
                                                         _062_ (net)
                      0.070319    0.000029    4.976950 v _141_/B (sky130_fd_sc_hd__and3_2)
     1    0.001971    0.035356    0.203931    5.180881 v _141_/X (sky130_fd_sc_hd__and3_2)
                                                         _076_ (net)
                      0.035356    0.000005    5.180887 v _142_/C (sky130_fd_sc_hd__or4b_2)
     3    0.009645    0.131591    0.681435    5.862321 v _142_/X (sky130_fd_sc_hd__or4b_2)
                                                         _077_ (net)
                      0.131591    0.000031    5.862352 v _145_/A2 (sky130_fd_sc_hd__a21o_2)
     1    0.002137    0.031517    0.244465    6.106817 v _145_/X (sky130_fd_sc_hd__a21o_2)
                                                         _079_ (net)
                      0.031517    0.000008    6.106824 v _146_/C (sky130_fd_sc_hd__and3_2)
     1    0.002986    0.037554    0.205961    6.312786 v _146_/X (sky130_fd_sc_hd__and3_2)
                                                         net20 (net)
                      0.037554    0.000015    6.312801 v output20/A (sky130_fd_sc_hd__clkdlybuf4s25_1)
     1    0.034235    0.254843    0.431987    6.744788 v output20/X (sky130_fd_sc_hd__clkdlybuf4s25_1)
                                                         overflow (net)
                      0.254843    0.000135    6.744924 v overflow (out)
                                              6.744924   data arrival time

                      0.000000   10.000000   10.000000   clock __VIRTUAL_CLK__ (rise edge)
                                  0.000000   10.000000   clock network delay (ideal)
                                 -0.250000    9.750000   clock uncertainty
                                  0.000000    9.750000   clock reconvergence pessimism
                                 -2.000000    7.750000   output external delay
                                              7.750000   data required time
---------------------------------------------------------------------------------------------
                                              7.750000   data required time
                                             -6.744924   data arrival time
---------------------------------------------------------------------------------------------
                                              1.005077   slack (MET)


Startpoint: opcode[1] (input port clocked by __VIRTUAL_CLK__)
Endpoint: zero (output port clocked by __VIRTUAL_CLK__)
Path Group: __VIRTUAL_CLK__
Path Type: max

Fanout         Cap        Slew       Delay        Time   Description
---------------------------------------------------------------------------------------------
                      0.000000    0.000000    0.000000   clock __VIRTUAL_CLK__ (rise edge)
                                  0.000000    0.000000   clock network delay (ideal)
                                  2.000000    2.000000 v input external delay
     1    0.002964    0.009011    0.004923    2.004923 v opcode[1] (in)
                                                         opcode[1] (net)
                      0.009011    0.000000    2.004923 v input18/A (sky130_fd_sc_hd__clkdlybuf4s25_1)
     2    0.006064    0.062768    0.259173    2.264096 v input18/X (sky130_fd_sc_hd__clkdlybuf4s25_1)
                                                         net18 (net)
                      0.062768    0.000014    2.264110 v fanout31/A (sky130_fd_sc_hd__clkdlybuf4s25_1)
    10    0.029203    0.219211    0.415360    2.679470 v fanout31/X (sky130_fd_sc_hd__clkdlybuf4s25_1)
                                                         net31 (net)
                      0.219211    0.000437    2.679907 v _097_/B (sky130_fd_sc_hd__or3b_2)
     4    0.032287    0.163616    0.654189    3.334096 v _097_/X (sky130_fd_sc_hd__or3b_2)
                                                         _032_ (net)
                      0.163616    0.000058    3.334154 v max_cap30/A (sky130_fd_sc_hd__buf_6)
     5    0.041783    0.049962    0.206126    3.540280 v max_cap30/X (sky130_fd_sc_hd__buf_6)
                                                         net30 (net)
                      0.049962    0.000228    3.540508 v _116_/B (sky130_fd_sc_hd__xor2_2)
     2    0.011523    0.187974    0.189689    3.730197 ^ _116_/X (sky130_fd_sc_hd__xor2_2)
                                                         _051_ (net)
                      0.187974    0.000037    3.730234 ^ _117_/A_N (sky130_fd_sc_hd__and2b_2)
     1    0.003512    0.037333    0.252028    3.982262 v _117_/X (sky130_fd_sc_hd__and2b_2)
                                                         _052_ (net)
                      0.037333    0.000023    3.982285 v _121_/B1 (sky130_fd_sc_hd__a21o_2)
     4    0.015837    0.063770    0.229604    4.211889 v _121_/X (sky130_fd_sc_hd__a21o_2)
                                                         _056_ (net)
                      0.063770    0.000117    4.212006 v _125_/A2 (sky130_fd_sc_hd__a31o_2)
     3    0.009616    0.053679    0.269513    4.481519 v _125_/X (sky130_fd_sc_hd__a31o_2)
                                                         _060_ (net)
                      0.053679    0.000084    4.481603 v _127_/A2 (sky130_fd_sc_hd__a2111o_2)
     2    0.005443    0.070319    0.495318    4.976921 v _127_/X (sky130_fd_sc_hd__a2111o_2)
                                                         _062_ (net)
                      0.070319    0.000029    4.976950 v _141_/B (sky130_fd_sc_hd__and3_2)
     1    0.001971    0.035356    0.203931    5.180881 v _141_/X (sky130_fd_sc_hd__and3_2)
                                                         _076_ (net)
                      0.035356    0.000005    5.180887 v _142_/C (sky130_fd_sc_hd__or4b_2)
     3    0.009645    0.131591    0.681435    5.862321 v _142_/X (sky130_fd_sc_hd__or4b_2)
                                                         _077_ (net)
                      0.131591    0.000036    5.862357 v _144_/B1 (sky130_fd_sc_hd__o21a_2)
     2    0.007010    0.045187    0.170243    6.032600 v _144_/X (sky130_fd_sc_hd__o21a_2)
                                                         net28 (net)
                      0.045187    0.000010    6.032610 v _193_/C1 (sky130_fd_sc_hd__a211oi_2)
     1    0.003132    0.148941    0.142802    6.175412 ^ _193_/Y (sky130_fd_sc_hd__a211oi_2)
                                                         net29 (net)
                      0.148941    0.000010    6.175422 ^ output29/A (sky130_fd_sc_hd__clkdlybuf4s25_1)
     1    0.034052    0.348515    0.516041    6.691463 ^ output29/X (sky130_fd_sc_hd__clkdlybuf4s25_1)
                                                         zero (net)
                      0.348515    0.000091    6.691554 ^ zero (out)
                                              6.691554   data arrival time

                      0.000000   10.000000   10.000000   clock __VIRTUAL_CLK__ (rise edge)
                                  0.000000   10.000000   clock network delay (ideal)
                                 -0.250000    9.750000   clock uncertainty
                                  0.000000    9.750000   clock reconvergence pessimism
                                 -2.000000    7.750000   output external delay
                                              7.750000   data required time
---------------------------------------------------------------------------------------------
                                              7.750000   data required time
                                             -6.691554   data arrival time
---------------------------------------------------------------------------------------------
                                              1.058446   slack (MET)


Startpoint: opcode[1] (input port clocked by __VIRTUAL_CLK__)
Endpoint: result[7] (output port clocked by __VIRTUAL_CLK__)
Path Group: __VIRTUAL_CLK__
Path Type: max

Fanout         Cap        Slew       Delay        Time   Description
---------------------------------------------------------------------------------------------
                      0.000000    0.000000    0.000000   clock __VIRTUAL_CLK__ (rise edge)
                                  0.000000    0.000000   clock network delay (ideal)
                                  2.000000    2.000000 v input external delay
     1    0.002964    0.009011    0.004923    2.004923 v opcode[1] (in)
                                                         opcode[1] (net)
                      0.009011    0.000000    2.004923 v input18/A (sky130_fd_sc_hd__clkdlybuf4s25_1)
     2    0.006064    0.062768    0.259173    2.264096 v input18/X (sky130_fd_sc_hd__clkdlybuf4s25_1)
                                                         net18 (net)
                      0.062768    0.000014    2.264110 v fanout31/A (sky130_fd_sc_hd__clkdlybuf4s25_1)
    10    0.029203    0.219211    0.415360    2.679470 v fanout31/X (sky130_fd_sc_hd__clkdlybuf4s25_1)
                                                         net31 (net)
                      0.219211    0.000437    2.679907 v _097_/B (sky130_fd_sc_hd__or3b_2)
     4    0.032287    0.163616    0.654189    3.334096 v _097_/X (sky130_fd_sc_hd__or3b_2)
                                                         _032_ (net)
                      0.163616    0.000058    3.334154 v max_cap30/A (sky130_fd_sc_hd__buf_6)
     5    0.041783    0.049962    0.206126    3.540280 v max_cap30/X (sky130_fd_sc_hd__buf_6)
                                                         net30 (net)
                      0.049962    0.000228    3.540508 v _116_/B (sky130_fd_sc_hd__xor2_2)
     2    0.011523    0.187974    0.189689    3.730197 ^ _116_/X (sky130_fd_sc_hd__xor2_2)
                                                         _051_ (net)
                      0.187974    0.000037    3.730234 ^ _117_/A_N (sky130_fd_sc_hd__and2b_2)
     1    0.003512    0.037333    0.252028    3.982262 v _117_/X (sky130_fd_sc_hd__and2b_2)
                                                         _052_ (net)
                      0.037333    0.000023    3.982285 v _121_/B1 (sky130_fd_sc_hd__a21o_2)
     4    0.015837    0.063770    0.229604    4.211889 v _121_/X (sky130_fd_sc_hd__a21o_2)
                                                         _056_ (net)
                      0.063770    0.000117    4.212006 v _125_/A2 (sky130_fd_sc_hd__a31o_2)
     3    0.009616    0.053679    0.269513    4.481519 v _125_/X (sky130_fd_sc_hd__a31o_2)
                                                         _060_ (net)
                      0.053679    0.000084    4.481603 v _127_/A2 (sky130_fd_sc_hd__a2111o_2)
     2    0.005443    0.070319    0.495318    4.976921 v _127_/X (sky130_fd_sc_hd__a2111o_2)
                                                         _062_ (net)
                      0.070319    0.000029    4.976950 v _141_/B (sky130_fd_sc_hd__and3_2)
     1    0.001971    0.035356    0.203931    5.180881 v _141_/X (sky130_fd_sc_hd__and3_2)
                                                         _076_ (net)
                      0.035356    0.000005    5.180887 v _142_/C (sky130_fd_sc_hd__or4b_2)
     3    0.009645    0.131591    0.681435    5.862321 v _142_/X (sky130_fd_sc_hd__or4b_2)
                                                         _077_ (net)
                      0.131591    0.000036    5.862357 v _144_/B1 (sky130_fd_sc_hd__o21a_2)
     2    0.007010    0.045187    0.170243    6.032600 v _144_/X (sky130_fd_sc_hd__o21a_2)
                                                         net28 (net)
                      0.045187    0.000006    6.032606 v output28/A (sky130_fd_sc_hd__clkdlybuf4s25_1)
     1    0.034104    0.254055    0.434811    6.467417 v output28/X (sky130_fd_sc_hd__clkdlybuf4s25_1)
                                                         result[7] (net)
                      0.254055    0.000103    6.467521 v result[7] (out)
                                              6.467521   data arrival time

                      0.000000   10.000000   10.000000   clock __VIRTUAL_CLK__ (rise edge)
                                  0.000000   10.000000   clock network delay (ideal)
                                 -0.250000    9.750000   clock uncertainty
                                  0.000000    9.750000   clock reconvergence pessimism
                                 -2.000000    7.750000   output external delay
                                              7.750000   data required time
---------------------------------------------------------------------------------------------
                                              7.750000   data required time
                                             -6.467521   data arrival time
---------------------------------------------------------------------------------------------
                                              1.282479   slack (MET)


Startpoint: opcode[1] (input port clocked by __VIRTUAL_CLK__)
Endpoint: result[5] (output port clocked by __VIRTUAL_CLK__)
Path Group: __VIRTUAL_CLK__
Path Type: max

Fanout         Cap        Slew       Delay        Time   Description
---------------------------------------------------------------------------------------------
                      0.000000    0.000000    0.000000   clock __VIRTUAL_CLK__ (rise edge)
                                  0.000000    0.000000   clock network delay (ideal)
                                  2.000000    2.000000 v input external delay
     1    0.002964    0.009011    0.004923    2.004923 v opcode[1] (in)
                                                         opcode[1] (net)
                      0.009011    0.000000    2.004923 v input18/A (sky130_fd_sc_hd__clkdlybuf4s25_1)
     2    0.006064    0.062768    0.259173    2.264096 v input18/X (sky130_fd_sc_hd__clkdlybuf4s25_1)
                                                         net18 (net)
                      0.062768    0.000014    2.264110 v fanout31/A (sky130_fd_sc_hd__clkdlybuf4s25_1)
    10    0.029203    0.219211    0.415360    2.679470 v fanout31/X (sky130_fd_sc_hd__clkdlybuf4s25_1)
                                                         net31 (net)
                      0.219211    0.000437    2.679907 v _097_/B (sky130_fd_sc_hd__or3b_2)
     4    0.032287    0.163616    0.654189    3.334096 v _097_/X (sky130_fd_sc_hd__or3b_2)
                                                         _032_ (net)
                      0.163616    0.000058    3.334154 v max_cap30/A (sky130_fd_sc_hd__buf_6)
     5    0.041783    0.049962    0.206126    3.540280 v max_cap30/X (sky130_fd_sc_hd__buf_6)
                                                         net30 (net)
                      0.049962    0.000228    3.540508 v _116_/B (sky130_fd_sc_hd__xor2_2)
     2    0.011523    0.187974    0.189689    3.730197 ^ _116_/X (sky130_fd_sc_hd__xor2_2)
                                                         _051_ (net)
                      0.187974    0.000037    3.730234 ^ _117_/A_N (sky130_fd_sc_hd__and2b_2)
     1    0.003512    0.037333    0.252028    3.982262 v _117_/X (sky130_fd_sc_hd__and2b_2)
                                                         _052_ (net)
                      0.037333    0.000023    3.982285 v _121_/B1 (sky130_fd_sc_hd__a21o_2)
     4    0.015837    0.063770    0.229604    4.211889 v _121_/X (sky130_fd_sc_hd__a21o_2)
                                                         _056_ (net)
                      0.063770    0.000117    4.212006 v _125_/A2 (sky130_fd_sc_hd__a31o_2)
     3    0.009616    0.053679    0.269513    4.481519 v _125_/X (sky130_fd_sc_hd__a31o_2)
                                                         _060_ (net)
                      0.053679    0.000075    4.481594 v _126_/B (sky130_fd_sc_hd__and2_2)
     3    0.011725    0.056313    0.227200    4.708794 v _126_/X (sky130_fd_sc_hd__and2_2)
                                                         _061_ (net)
                      0.056313    0.000015    4.708809 v _176_/A2 (sky130_fd_sc_hd__o31a_2)
     1    0.002306    0.049146    0.330616    5.039425 v _176_/X (sky130_fd_sc_hd__o31a_2)
                                                         _012_ (net)
                      0.049146    0.000000    5.039426 v _179_/A2 (sky130_fd_sc_hd__a21o_2)
     2    0.004410    0.038337    0.222219    5.261645 v _179_/X (sky130_fd_sc_hd__a21o_2)
                                                         _015_ (net)
                      0.038337    0.000014    5.261659 v _180_/B (sky130_fd_sc_hd__and2_2)
     1    0.003192    0.037381    0.190102    5.451761 v _180_/X (sky130_fd_sc_hd__and2_2)
                                                         net26 (net)
                      0.037381    0.000016    5.451777 v output26/A (sky130_fd_sc_hd__clkdlybuf4s25_1)
     1    0.034727    0.258376    0.434563    5.886340 v output26/X (sky130_fd_sc_hd__clkdlybuf4s25_1)
                                                         result[5] (net)
                      0.258376    0.000226    5.886567 v result[5] (out)
                                              5.886567   data arrival time

                      0.000000   10.000000   10.000000   clock __VIRTUAL_CLK__ (rise edge)
                                  0.000000   10.000000   clock network delay (ideal)
                                 -0.250000    9.750000   clock uncertainty
                                  0.000000    9.750000   clock reconvergence pessimism
                                 -2.000000    7.750000   output external delay
                                              7.750000   data required time
---------------------------------------------------------------------------------------------
                                              7.750000   data required time
                                             -5.886567   data arrival time
---------------------------------------------------------------------------------------------
                                              1.863433   slack (MET)


Startpoint: opcode[1] (input port clocked by __VIRTUAL_CLK__)
Endpoint: result[6] (output port clocked by __VIRTUAL_CLK__)
Path Group: __VIRTUAL_CLK__
Path Type: max

Fanout         Cap        Slew       Delay        Time   Description
---------------------------------------------------------------------------------------------
                      0.000000    0.000000    0.000000   clock __VIRTUAL_CLK__ (rise edge)
                                  0.000000    0.000000   clock network delay (ideal)
                                  2.000000    2.000000 v input external delay
     1    0.002964    0.009011    0.004923    2.004923 v opcode[1] (in)
                                                         opcode[1] (net)
                      0.009011    0.000000    2.004923 v input18/A (sky130_fd_sc_hd__clkdlybuf4s25_1)
     2    0.006064    0.062768    0.259173    2.264096 v input18/X (sky130_fd_sc_hd__clkdlybuf4s25_1)
                                                         net18 (net)
                      0.062768    0.000014    2.264110 v fanout31/A (sky130_fd_sc_hd__clkdlybuf4s25_1)
    10    0.029203    0.219211    0.415360    2.679470 v fanout31/X (sky130_fd_sc_hd__clkdlybuf4s25_1)
                                                         net31 (net)
                      0.219211    0.000437    2.679907 v _097_/B (sky130_fd_sc_hd__or3b_2)
     4    0.032287    0.163616    0.654189    3.334096 v _097_/X (sky130_fd_sc_hd__or3b_2)
                                                         _032_ (net)
                      0.163616    0.000058    3.334154 v max_cap30/A (sky130_fd_sc_hd__buf_6)
     5    0.041783    0.049962    0.206126    3.540280 v max_cap30/X (sky130_fd_sc_hd__buf_6)
                                                         net30 (net)
                      0.049962    0.000228    3.540508 v _116_/B (sky130_fd_sc_hd__xor2_2)
     2    0.011523    0.187974    0.189689    3.730197 ^ _116_/X (sky130_fd_sc_hd__xor2_2)
                                                         _051_ (net)
                      0.187974    0.000037    3.730234 ^ _117_/A_N (sky130_fd_sc_hd__and2b_2)
     1    0.003512    0.037333    0.252028    3.982262 v _117_/X (sky130_fd_sc_hd__and2b_2)
                                                         _052_ (net)
                      0.037333    0.000023    3.982285 v _121_/B1 (sky130_fd_sc_hd__a21o_2)
     4    0.015837    0.063770    0.229604    4.211889 v _121_/X (sky130_fd_sc_hd__a21o_2)
                                                         _056_ (net)
                      0.063770    0.000117    4.212006 v _125_/A2 (sky130_fd_sc_hd__a31o_2)
     3    0.009616    0.053679    0.269513    4.481519 v _125_/X (sky130_fd_sc_hd__a31o_2)
                                                         _060_ (net)
                      0.053679    0.000075    4.481594 v _126_/B (sky130_fd_sc_hd__and2_2)
     3    0.011725    0.056313    0.227200    4.708794 v _126_/X (sky130_fd_sc_hd__and2_2)
                                                         _061_ (net)
                      0.056313    0.000011    4.708805 v _175_/A2 (sky130_fd_sc_hd__o21ai_2)
     3    0.010708    0.165950    0.171426    4.880230 ^ _175_/Y (sky130_fd_sc_hd__o21ai_2)
                                                         _011_ (net)
                      0.165950    0.000047    4.880277 ^ _185_/B (sky130_fd_sc_hd__nand3_2)
     1    0.002658    0.053582    0.088311    4.968588 v _185_/Y (sky130_fd_sc_hd__nand3_2)
                                                         _020_ (net)
                      0.053582    0.000005    4.968593 v _189_/A3 (sky130_fd_sc_hd__a31o_2)
     2    0.006106    0.046302    0.265723    5.234316 v _189_/X (sky130_fd_sc_hd__a31o_2)
                                                         _024_ (net)
                      0.046302    0.000003    5.234319 v _190_/B (sky130_fd_sc_hd__and2_2)
     1    0.002968    0.036823    0.192699    5.427018 v _190_/X (sky130_fd_sc_hd__and2_2)
                                                         net27 (net)
                      0.036823    0.000016    5.427033 v output27/A (sky130_fd_sc_hd__clkdlybuf4s25_1)
     1    0.034476    0.256582    0.432907    5.859941 v output27/X (sky130_fd_sc_hd__clkdlybuf4s25_1)
                                                         result[6] (net)
                      0.256582    0.000241    5.860182 v result[6] (out)
                                              5.860182   data arrival time

                      0.000000   10.000000   10.000000   clock __VIRTUAL_CLK__ (rise edge)
                                  0.000000   10.000000   clock network delay (ideal)
                                 -0.250000    9.750000   clock uncertainty
                                  0.000000    9.750000   clock reconvergence pessimism
                                 -2.000000    7.750000   output external delay
                                              7.750000   data required time
---------------------------------------------------------------------------------------------
                                              7.750000   data required time
                                             -5.860182   data arrival time
---------------------------------------------------------------------------------------------
                                              1.889818   slack (MET)


Startpoint: opcode[1] (input port clocked by __VIRTUAL_CLK__)
Endpoint: result[4] (output port clocked by __VIRTUAL_CLK__)
Path Group: __VIRTUAL_CLK__
Path Type: max

Fanout         Cap        Slew       Delay        Time   Description
---------------------------------------------------------------------------------------------
                      0.000000    0.000000    0.000000   clock __VIRTUAL_CLK__ (rise edge)
                                  0.000000    0.000000   clock network delay (ideal)
                                  2.000000    2.000000 v input external delay
     1    0.002964    0.009011    0.004923    2.004923 v opcode[1] (in)
                                                         opcode[1] (net)
                      0.009011    0.000000    2.004923 v input18/A (sky130_fd_sc_hd__clkdlybuf4s25_1)
     2    0.006064    0.062768    0.259173    2.264096 v input18/X (sky130_fd_sc_hd__clkdlybuf4s25_1)
                                                         net18 (net)
                      0.062768    0.000014    2.264110 v fanout31/A (sky130_fd_sc_hd__clkdlybuf4s25_1)
    10    0.029203    0.219211    0.415360    2.679470 v fanout31/X (sky130_fd_sc_hd__clkdlybuf4s25_1)
                                                         net31 (net)
                      0.219211    0.000437    2.679907 v _097_/B (sky130_fd_sc_hd__or3b_2)
     4    0.032287    0.163616    0.654189    3.334096 v _097_/X (sky130_fd_sc_hd__or3b_2)
                                                         _032_ (net)
                      0.163616    0.000058    3.334154 v max_cap30/A (sky130_fd_sc_hd__buf_6)
     5    0.041783    0.049962    0.206126    3.540280 v max_cap30/X (sky130_fd_sc_hd__buf_6)
                                                         net30 (net)
                      0.049962    0.000228    3.540508 v _116_/B (sky130_fd_sc_hd__xor2_2)
     2    0.011523    0.187974    0.189689    3.730197 ^ _116_/X (sky130_fd_sc_hd__xor2_2)
                                                         _051_ (net)
                      0.187974    0.000037    3.730234 ^ _117_/A_N (sky130_fd_sc_hd__and2b_2)
     1    0.003512    0.037333    0.252028    3.982262 v _117_/X (sky130_fd_sc_hd__and2b_2)
                                                         _052_ (net)
                      0.037333    0.000023    3.982285 v _121_/B1 (sky130_fd_sc_hd__a21o_2)
     4    0.015837    0.063770    0.229604    4.211889 v _121_/X (sky130_fd_sc_hd__a21o_2)
                                                         _056_ (net)
                      0.063770    0.000117    4.212006 v _125_/A2 (sky130_fd_sc_hd__a31o_2)
     3    0.009616    0.053679    0.269513    4.481519 v _125_/X (sky130_fd_sc_hd__a31o_2)
                                                         _060_ (net)
                      0.053679    0.000068    4.481586 v _168_/A2 (sky130_fd_sc_hd__o21ai_2)
     1    0.005272    0.110060    0.126782    4.608368 ^ _168_/Y (sky130_fd_sc_hd__o21ai_2)
                                                         _005_ (net)
                      0.110060    0.000018    4.608387 ^ _169_/B (sky130_fd_sc_hd__nor2_2)
     1    0.003077    0.028230    0.042711    4.651098 v _169_/Y (sky130_fd_sc_hd__nor2_2)
                                                         _006_ (net)
                      0.028230    0.000013    4.651111 v _172_/A1 (sky130_fd_sc_hd__o32a_2)
     2    0.005882    0.063330    0.401517    5.052628 v _172_/X (sky130_fd_sc_hd__o32a_2)
                                                         net25 (net)
                      0.063330    0.000018    5.052646 v output25/A (sky130_fd_sc_hd__clkdlybuf4s25_1)
     1    0.034607    0.257573    0.445673    5.498318 v output25/X (sky130_fd_sc_hd__clkdlybuf4s25_1)
                                                         result[4] (net)
                      0.257573    0.000223    5.498542 v result[4] (out)
                                              5.498542   data arrival time

                      0.000000   10.000000   10.000000   clock __VIRTUAL_CLK__ (rise edge)
                                  0.000000   10.000000   clock network delay (ideal)
                                 -0.250000    9.750000   clock uncertainty
                                  0.000000    9.750000   clock reconvergence pessimism
                                 -2.000000    7.750000   output external delay
                                              7.750000   data required time
---------------------------------------------------------------------------------------------
                                              7.750000   data required time
                                             -5.498542   data arrival time
---------------------------------------------------------------------------------------------
                                              2.251458   slack (MET)


Startpoint: opcode[1] (input port clocked by __VIRTUAL_CLK__)
Endpoint: result[3] (output port clocked by __VIRTUAL_CLK__)
Path Group: __VIRTUAL_CLK__
Path Type: max

Fanout         Cap        Slew       Delay        Time   Description
---------------------------------------------------------------------------------------------
                      0.000000    0.000000    0.000000   clock __VIRTUAL_CLK__ (rise edge)
                                  0.000000    0.000000   clock network delay (ideal)
                                  2.000000    2.000000 v input external delay
     1    0.002964    0.009011    0.004923    2.004923 v opcode[1] (in)
                                                         opcode[1] (net)
                      0.009011    0.000000    2.004923 v input18/A (sky130_fd_sc_hd__clkdlybuf4s25_1)
     2    0.006064    0.062768    0.259173    2.264096 v input18/X (sky130_fd_sc_hd__clkdlybuf4s25_1)
                                                         net18 (net)
                      0.062768    0.000014    2.264110 v fanout31/A (sky130_fd_sc_hd__clkdlybuf4s25_1)
    10    0.029203    0.219211    0.415360    2.679470 v fanout31/X (sky130_fd_sc_hd__clkdlybuf4s25_1)
                                                         net31 (net)
                      0.219211    0.000437    2.679907 v _097_/B (sky130_fd_sc_hd__or3b_2)
     4    0.032287    0.163616    0.654189    3.334096 v _097_/X (sky130_fd_sc_hd__or3b_2)
                                                         _032_ (net)
                      0.163616    0.000058    3.334154 v max_cap30/A (sky130_fd_sc_hd__buf_6)
     5    0.041783    0.049962    0.206126    3.540280 v max_cap30/X (sky130_fd_sc_hd__buf_6)
                                                         net30 (net)
                      0.049962    0.000228    3.540508 v _116_/B (sky130_fd_sc_hd__xor2_2)
     2    0.011523    0.187974    0.189689    3.730197 ^ _116_/X (sky130_fd_sc_hd__xor2_2)
                                                         _051_ (net)
                      0.187974    0.000037    3.730234 ^ _117_/A_N (sky130_fd_sc_hd__and2b_2)
     1    0.003512    0.037333    0.252028    3.982262 v _117_/X (sky130_fd_sc_hd__and2b_2)
                                                         _052_ (net)
                      0.037333    0.000023    3.982285 v _121_/B1 (sky130_fd_sc_hd__a21o_2)
     4    0.015837    0.063770    0.229604    4.211889 v _121_/X (sky130_fd_sc_hd__a21o_2)
                                                         _056_ (net)
                      0.063770    0.000111    4.212000 v _162_/A2 (sky130_fd_sc_hd__a21oi_2)
     2    0.007293    0.128443    0.172345    4.384345 ^ _162_/Y (sky130_fd_sc_hd__a21oi_2)
                                                         _000_ (net)
                      0.128443    0.000034    4.384378 ^ _163_/A2 (sky130_fd_sc_hd__a21oi_2)
     1    0.002797    0.054579    0.070755    4.455133 v _163_/Y (sky130_fd_sc_hd__a21oi_2)
                                                         _001_ (net)
                      0.054579    0.000006    4.455139 v _166_/B1 (sky130_fd_sc_hd__o221a_2)
     1    0.002042    0.040696    0.249091    4.704230 v _166_/X (sky130_fd_sc_hd__o221a_2)
                                                         _004_ (net)
                      0.040696    0.000006    4.704236 v _167_/A1_N (sky130_fd_sc_hd__o2bb2a_2)
     2    0.006618    0.056524    0.265600    4.969835 ^ _167_/X (sky130_fd_sc_hd__o2bb2a_2)
                                                         net24 (net)
                      0.056524    0.000002    4.969837 ^ output24/A (sky130_fd_sc_hd__clkdlybuf4s25_1)
     1    0.034398    0.346979    0.487802    5.457639 ^ output24/X (sky130_fd_sc_hd__clkdlybuf4s25_1)
                                                         result[3] (net)
                      0.346979    0.000172    5.457811 ^ result[3] (out)
                                              5.457811   data arrival time

                      0.000000   10.000000   10.000000   clock __VIRTUAL_CLK__ (rise edge)
                                  0.000000   10.000000   clock network delay (ideal)
                                 -0.250000    9.750000   clock uncertainty
                                  0.000000    9.750000   clock reconvergence pessimism
                                 -2.000000    7.750000   output external delay
                                              7.750000   data required time
---------------------------------------------------------------------------------------------
                                              7.750000   data required time
                                             -5.457811   data arrival time
---------------------------------------------------------------------------------------------
                                              2.292189   slack (MET)


Startpoint: opcode[1] (input port clocked by __VIRTUAL_CLK__)
Endpoint: result[2] (output port clocked by __VIRTUAL_CLK__)
Path Group: __VIRTUAL_CLK__
Path Type: max

Fanout         Cap        Slew       Delay        Time   Description
---------------------------------------------------------------------------------------------
                      0.000000    0.000000    0.000000   clock __VIRTUAL_CLK__ (rise edge)
                                  0.000000    0.000000   clock network delay (ideal)
                                  2.000000    2.000000 v input external delay
     1    0.002964    0.009011    0.004923    2.004923 v opcode[1] (in)
                                                         opcode[1] (net)
                      0.009011    0.000000    2.004923 v input18/A (sky130_fd_sc_hd__clkdlybuf4s25_1)
     2    0.006064    0.062768    0.259173    2.264096 v input18/X (sky130_fd_sc_hd__clkdlybuf4s25_1)
                                                         net18 (net)
                      0.062768    0.000014    2.264110 v fanout31/A (sky130_fd_sc_hd__clkdlybuf4s25_1)
    10    0.029203    0.219211    0.415360    2.679470 v fanout31/X (sky130_fd_sc_hd__clkdlybuf4s25_1)
                                                         net31 (net)
                      0.219211    0.000437    2.679907 v _097_/B (sky130_fd_sc_hd__or3b_2)
     4    0.032287    0.163616    0.654189    3.334096 v _097_/X (sky130_fd_sc_hd__or3b_2)
                                                         _032_ (net)
                      0.163616    0.000058    3.334154 v max_cap30/A (sky130_fd_sc_hd__buf_6)
     5    0.041783    0.049962    0.206126    3.540280 v max_cap30/X (sky130_fd_sc_hd__buf_6)
                                                         net30 (net)
                      0.049962    0.000228    3.540508 v _116_/B (sky130_fd_sc_hd__xor2_2)
     2    0.011523    0.187974    0.189689    3.730197 ^ _116_/X (sky130_fd_sc_hd__xor2_2)
                                                         _051_ (net)
                      0.187974    0.000037    3.730234 ^ _117_/A_N (sky130_fd_sc_hd__and2b_2)
     1    0.003512    0.037333    0.252028    3.982262 v _117_/X (sky130_fd_sc_hd__and2b_2)
                                                         _052_ (net)
                      0.037333    0.000023    3.982285 v _121_/B1 (sky130_fd_sc_hd__a21o_2)
     4    0.015837    0.063770    0.229604    4.211889 v _121_/X (sky130_fd_sc_hd__a21o_2)
                                                         _056_ (net)
                      0.063770    0.000103    4.211991 v _158_/A2 (sky130_fd_sc_hd__o21a_2)
     1    0.002990    0.033683    0.203516    4.415508 v _158_/X (sky130_fd_sc_hd__o21a_2)
                                                         _089_ (net)
                      0.033683    0.000010    4.415518 v _161_/A1 (sky130_fd_sc_hd__o32a_2)
     2    0.004229    0.059071    0.396255    4.811773 v _161_/X (sky130_fd_sc_hd__o32a_2)
                                                         net23 (net)
                      0.059071    0.000007    4.811779 v output23/A (sky130_fd_sc_hd__clkdlybuf4s25_1)
     1    0.034744    0.258635    0.444419    5.256199 v output23/X (sky130_fd_sc_hd__clkdlybuf4s25_1)
                                                         result[2] (net)
                      0.258635    0.000304    5.256503 v result[2] (out)
                                              5.256503   data arrival time

                      0.000000   10.000000   10.000000   clock __VIRTUAL_CLK__ (rise edge)
                                  0.000000   10.000000   clock network delay (ideal)
                                 -0.250000    9.750000   clock uncertainty
                                  0.000000    9.750000   clock reconvergence pessimism
                                 -2.000000    7.750000   output external delay
                                              7.750000   data required time
---------------------------------------------------------------------------------------------
                                              7.750000   data required time
                                             -5.256503   data arrival time
---------------------------------------------------------------------------------------------
                                              2.493497   slack (MET)


Startpoint: opcode[1] (input port clocked by __VIRTUAL_CLK__)
Endpoint: result[1] (output port clocked by __VIRTUAL_CLK__)
Path Group: __VIRTUAL_CLK__
Path Type: max

Fanout         Cap        Slew       Delay        Time   Description
---------------------------------------------------------------------------------------------
                      0.000000    0.000000    0.000000   clock __VIRTUAL_CLK__ (rise edge)
                                  0.000000    0.000000   clock network delay (ideal)
                                  2.000000    2.000000 v input external delay
     1    0.002964    0.009011    0.004923    2.004923 v opcode[1] (in)
                                                         opcode[1] (net)
                      0.009011    0.000000    2.004923 v input18/A (sky130_fd_sc_hd__clkdlybuf4s25_1)
     2    0.006064    0.062768    0.259173    2.264096 v input18/X (sky130_fd_sc_hd__clkdlybuf4s25_1)
                                                         net18 (net)
                      0.062768    0.000014    2.264110 v fanout31/A (sky130_fd_sc_hd__clkdlybuf4s25_1)
    10    0.029203    0.219211    0.415360    2.679470 v fanout31/X (sky130_fd_sc_hd__clkdlybuf4s25_1)
                                                         net31 (net)
                      0.219211    0.000437    2.679907 v _097_/B (sky130_fd_sc_hd__or3b_2)
     4    0.032287    0.163616    0.654189    3.334096 v _097_/X (sky130_fd_sc_hd__or3b_2)
                                                         _032_ (net)
                      0.163616    0.000058    3.334154 v max_cap30/A (sky130_fd_sc_hd__buf_6)
     5    0.041783    0.049962    0.206126    3.540280 v max_cap30/X (sky130_fd_sc_hd__buf_6)
                                                         net30 (net)
                      0.049962    0.000228    3.540508 v _116_/B (sky130_fd_sc_hd__xor2_2)
     2    0.011035    0.071608    0.167808    3.708316 v _116_/X (sky130_fd_sc_hd__xor2_2)
                                                         _051_ (net)
                      0.071608    0.000021    3.708337 v _118_/B (sky130_fd_sc_hd__xnor2_2)
     4    0.012176    0.208641    0.207065    3.915402 ^ _118_/Y (sky130_fd_sc_hd__xnor2_2)
                                                         _053_ (net)
                      0.208641    0.000014    3.915416 ^ _152_/A1 (sky130_fd_sc_hd__a21oi_2)
     1    0.002676    0.053939    0.076712    3.992128 v _152_/Y (sky130_fd_sc_hd__a21oi_2)
                                                         _084_ (net)
                      0.053939    0.000004    3.992132 v _153_/B1 (sky130_fd_sc_hd__o21a_2)
     1    0.002803    0.033068    0.118455    4.110587 v _153_/X (sky130_fd_sc_hd__o21a_2)
                                                         _085_ (net)
                      0.033068    0.000015    4.110602 v _156_/A (sky130_fd_sc_hd__or3_2)
     2    0.004665    0.084746    0.498404    4.609006 v _156_/X (sky130_fd_sc_hd__or3_2)
                                                         net22 (net)
                      0.084746    0.000012    4.609019 v output22/A (sky130_fd_sc_hd__clkdlybuf4s25_1)
     1    0.034500    0.256489    0.454931    5.063950 v output22/X (sky130_fd_sc_hd__clkdlybuf4s25_1)
                                                         result[1] (net)
                      0.256489    0.000170    5.064119 v result[1] (out)
                                              5.064119   data arrival time

                      0.000000   10.000000   10.000000   clock __VIRTUAL_CLK__ (rise edge)
                                  0.000000   10.000000   clock network delay (ideal)
                                 -0.250000    9.750000   clock uncertainty
                                  0.000000    9.750000   clock reconvergence pessimism
                                 -2.000000    7.750000   output external delay
                                              7.750000   data required time
---------------------------------------------------------------------------------------------
                                              7.750000   data required time
                                             -5.064119   data arrival time
---------------------------------------------------------------------------------------------
                                              2.685880   slack (MET)


Startpoint: opcode[1] (input port clocked by __VIRTUAL_CLK__)
Endpoint: result[0] (output port clocked by __VIRTUAL_CLK__)
Path Group: __VIRTUAL_CLK__
Path Type: max

Fanout         Cap        Slew       Delay        Time   Description
---------------------------------------------------------------------------------------------
                      0.000000    0.000000    0.000000   clock __VIRTUAL_CLK__ (rise edge)
                                  0.000000    0.000000   clock network delay (ideal)
                                  2.000000    2.000000 v input external delay
     1    0.002964    0.009011    0.004923    2.004923 v opcode[1] (in)
                                                         opcode[1] (net)
                      0.009011    0.000000    2.004923 v input18/A (sky130_fd_sc_hd__clkdlybuf4s25_1)
     2    0.006064    0.062768    0.259173    2.264096 v input18/X (sky130_fd_sc_hd__clkdlybuf4s25_1)
                                                         net18 (net)
                      0.062768    0.000014    2.264110 v fanout31/A (sky130_fd_sc_hd__clkdlybuf4s25_1)
    10    0.029203    0.219211    0.415360    2.679470 v fanout31/X (sky130_fd_sc_hd__clkdlybuf4s25_1)
                                                         net31 (net)
                      0.219211    0.000443    2.679913 v _095_/B (sky130_fd_sc_hd__and2_2)
     8    0.028858    0.091825    0.348508    3.028421 v _095_/X (sky130_fd_sc_hd__and2_2)
                                                         _030_ (net)
                      0.091825    0.000058    3.028480 v _150_/B1 (sky130_fd_sc_hd__a31o_2)
     1    0.002664    0.037050    0.234670    3.263150 v _150_/X (sky130_fd_sc_hd__a31o_2)
                                                         _083_ (net)
                      0.037050    0.000007    3.263157 v _151_/A3 (sky130_fd_sc_hd__o32a_2)
     2    0.004688    0.059265    0.339044    3.602201 v _151_/X (sky130_fd_sc_hd__o32a_2)
                                                         net21 (net)
                      0.059265    0.000014    3.602215 v output21/A (sky130_fd_sc_hd__clkdlybuf4s25_1)
     1    0.034369    0.255911    0.442560    4.044775 v output21/X (sky130_fd_sc_hd__clkdlybuf4s25_1)
                                                         result[0] (net)
                      0.255911    0.000138    4.044912 v result[0] (out)
                                              4.044912   data arrival time

                      0.000000   10.000000   10.000000   clock __VIRTUAL_CLK__ (rise edge)
                                  0.000000   10.000000   clock network delay (ideal)
                                 -0.250000    9.750000   clock uncertainty
                                  0.000000    9.750000   clock reconvergence pessimism
                                 -2.000000    7.750000   output external delay
                                              7.750000   data required time
---------------------------------------------------------------------------------------------
                                              7.750000   data required time
                                             -4.044912   data arrival time
---------------------------------------------------------------------------------------------
                                              3.705087   slack (MET)



