Reading timing models for corner nom_tt_025C_1v80…
Reading timing library for the 'nom_tt_025C_1v80' corner at '/home/thaituroblox/.ciel/ciel/ciel/sky130/versions/8afc8346a57fe1ab7934ba5a6056ea8b43078e71/sky130A/libs.ref/sky130_fd_sc_hd/lib/sky130_fd_sc_hd__tt_025C_1v80.lib'…
Reading OpenROAD database at '/home/thaituroblox/Desktop/8_BIT_COUNTER/Counter-8-Bit-/alu_project/runs/RUN_2026-09-26_04-41-42/34-openroad-detailedplacement/alu_8bit.odb'…
Reading design constraints file at '/nix/store/8y4m6wgn5kqlbig1qwnwbxijqqp0jwib-python3-3.13.9-env/lib/python3.13/site-packages/librelane/scripts/base.sdc'…
[WARNING] No CLOCK_PORT found. A dummy clock will be used.
[WARNING STA-0366] port '__VIRTUAL_CLK__' not found.
[INFO] Using clock __VIRTUAL_CLK__…
[INFO] Setting output delay to: 2.0
[INFO] Setting input delay to: 2.0
[WARNING STA-0366] port '__VIRTUAL_CLK__' not found.
[INFO] Setting load to: 0.033442
[INFO] Setting clock uncertainty to: 0.25
[INFO] Setting clock transition to: 0.1499999999999999944488848768742172978818416595458984375
[WARNING STA-0419] transition time can not be specified for virtual clocks.
[INFO] Setting timing derate to: 5.0%
[WARNING STA-0450] virtual clock __VIRTUAL_CLK__ can not be propagated.
%OL_CREATE_REPORT min.rpt

===========================================================================
report_checks -path_delay min (Hold)
============================================================================
======================= nom_tt_025C_1v80 Corner ===================================

Startpoint: a[4] (input port clocked by __VIRTUAL_CLK__)
Endpoint: result[4] (output port clocked by __VIRTUAL_CLK__)
Path Group: __VIRTUAL_CLK__
Path Type: min

Fanout         Cap        Slew       Delay        Time   Description
---------------------------------------------------------------------------------------------
                      0.000000    0.000000    0.000000   clock __VIRTUAL_CLK__ (rise edge)
                                  0.000000    0.000000   clock network delay (ideal)
                                  2.000000    2.000000 v input external delay
     1    0.003246    0.009666    0.004906    2.004906 v a[4] (in)
                                                         a[4] (net)
                      0.009666    0.000000    2.004906 v input5/A (sky130_fd_sc_hd__clkdlybuf4s25_1)
     5    0.010693    0.091200    0.260353    2.265259 v input5/X (sky130_fd_sc_hd__clkdlybuf4s25_1)
                                                         net5 (net)
                      0.091200    0.000026    2.265285 v _172_/B2 (sky130_fd_sc_hd__o32a_2)
     2    0.005882    0.043522    0.188170    2.453455 v _172_/X (sky130_fd_sc_hd__o32a_2)
                                                         net25 (net)
                      0.043522    0.000016    2.453471 v output25/A (sky130_fd_sc_hd__clkdlybuf4s25_1)
     1    0.034607    0.257596    0.395081    2.848552 v output25/X (sky130_fd_sc_hd__clkdlybuf4s25_1)
                                                         result[4] (net)
                      0.257596    0.000202    2.848754 v result[4] (out)
                                              2.848754   data arrival time

                      0.000000    0.000000    0.000000   clock __VIRTUAL_CLK__ (rise edge)
                                  0.000000    0.000000   clock network delay (ideal)
                                  0.250000    0.250000   clock uncertainty
                                  0.000000    0.250000   clock reconvergence pessimism
                                 -2.000000   -1.750000   output external delay
                                             -1.750000   data required time
---------------------------------------------------------------------------------------------
                                             -1.750000   data required time
                                             -2.848754   data arrival time
---------------------------------------------------------------------------------------------
                                              4.598754   slack (MET)


Startpoint: a[2] (input port clocked by __VIRTUAL_CLK__)
Endpoint: result[2] (output port clocked by __VIRTUAL_CLK__)
Path Group: __VIRTUAL_CLK__
Path Type: min

Fanout         Cap        Slew       Delay        Time   Description
---------------------------------------------------------------------------------------------
                      0.000000    0.000000    0.000000   clock __VIRTUAL_CLK__ (rise edge)
                                  0.000000    0.000000   clock network delay (ideal)
                                  2.000000    2.000000 v input external delay
     1    0.003088    0.009300    0.004656    2.004657 v a[2] (in)
                                                         a[2] (net)
                      0.009300    0.000000    2.004657 v input3/A (sky130_fd_sc_hd__clkdlybuf4s25_1)
     4    0.011617    0.097522    0.264948    2.269605 v input3/X (sky130_fd_sc_hd__clkdlybuf4s25_1)
                                                         net3 (net)
                      0.097522    0.000054    2.269659 v _161_/B2 (sky130_fd_sc_hd__o32a_2)
     2    0.004229    0.040141    0.184935    2.454594 v _161_/X (sky130_fd_sc_hd__o32a_2)
                                                         net23 (net)
                      0.040141    0.000006    2.454600 v output23/A (sky130_fd_sc_hd__clkdlybuf4s25_1)
     1    0.034744    0.258555    0.394332    2.848932 v output23/X (sky130_fd_sc_hd__clkdlybuf4s25_1)
                                                         result[2] (net)
                      0.258555    0.000275    2.849207 v result[2] (out)
                                              2.849207   data arrival time

                      0.000000    0.000000    0.000000   clock __VIRTUAL_CLK__ (rise edge)
                                  0.000000    0.000000   clock network delay (ideal)
                                  0.250000    0.250000   clock uncertainty
                                  0.000000    0.250000   clock reconvergence pessimism
                                 -2.000000   -1.750000   output external delay
                                             -1.750000   data required time
---------------------------------------------------------------------------------------------
                                             -1.750000   data required time
                                             -2.849207   data arrival time
---------------------------------------------------------------------------------------------
                                              4.599207   slack (MET)


Startpoint: a[0] (input port clocked by __VIRTUAL_CLK__)
Endpoint: result[0] (output port clocked by __VIRTUAL_CLK__)
Path Group: __VIRTUAL_CLK__
Path Type: min

Fanout         Cap        Slew       Delay        Time   Description
---------------------------------------------------------------------------------------------
                      0.000000    0.000000    0.000000   clock __VIRTUAL_CLK__ (rise edge)
                                  0.000000    0.000000   clock network delay (ideal)
                                  2.000000    2.000000 v input external delay
     1    0.003016    0.009133    0.004539    2.004539 v a[0] (in)
                                                         a[0] (net)
                      0.009133    0.000000    2.004539 v input1/A (sky130_fd_sc_hd__clkdlybuf4s25_1)
     6    0.021139    0.163741    0.313865    2.318403 v input1/X (sky130_fd_sc_hd__clkdlybuf4s25_1)
                                                         net1 (net)
                      0.163741    0.000026    2.318429 v _151_/B2 (sky130_fd_sc_hd__o32a_2)
     2    0.004688    0.040372    0.212897    2.531326 v _151_/X (sky130_fd_sc_hd__o32a_2)
                                                         net21 (net)
                      0.040372    0.000013    2.531339 v output21/A (sky130_fd_sc_hd__clkdlybuf4s25_1)
     1    0.034369    0.255833    0.392663    2.924003 v output21/X (sky130_fd_sc_hd__clkdlybuf4s25_1)
                                                         result[0] (net)
                      0.255833    0.000125    2.924128 v result[0] (out)
                                              2.924128   data arrival time

                      0.000000    0.000000    0.000000   clock __VIRTUAL_CLK__ (rise edge)
                                  0.000000    0.000000   clock network delay (ideal)
                                  0.250000    0.250000   clock uncertainty
                                  0.000000    0.250000   clock reconvergence pessimism
                                 -2.000000   -1.750000   output external delay
                                             -1.750000   data required time
---------------------------------------------------------------------------------------------
                                             -1.750000   data required time
                                             -2.924128   data arrival time
---------------------------------------------------------------------------------------------
                                              4.674128   slack (MET)


Startpoint: a[3] (input port clocked by __VIRTUAL_CLK__)
Endpoint: result[3] (output port clocked by __VIRTUAL_CLK__)
Path Group: __VIRTUAL_CLK__
Path Type: min

Fanout         Cap        Slew       Delay        Time   Description
---------------------------------------------------------------------------------------------
                      0.000000    0.000000    0.000000   clock __VIRTUAL_CLK__ (rise edge)
                                  0.000000    0.000000   clock network delay (ideal)
                                  2.000000    2.000000 v input external delay
     1    0.003668    0.010646    0.005585    2.005585 v a[3] (in)
                                                         a[3] (net)
                      0.010646    0.000000    2.005585 v input4/A (sky130_fd_sc_hd__clkdlybuf4s25_1)
     4    0.014051    0.115977    0.278012    2.283597 v input4/X (sky130_fd_sc_hd__clkdlybuf4s25_1)
                                                         net4 (net)
                      0.115977    0.000026    2.283623 v _167_/B2 (sky130_fd_sc_hd__o2bb2a_2)
     2    0.005971    0.039293    0.267699    2.551322 v _167_/X (sky130_fd_sc_hd__o2bb2a_2)
                                                         net24 (net)
                      0.039293    0.000001    2.551323 v output24/A (sky130_fd_sc_hd__clkdlybuf4s25_1)
     1    0.034398    0.256036    0.392343    2.943666 v output24/X (sky130_fd_sc_hd__clkdlybuf4s25_1)
                                                         result[3] (net)
                      0.256036    0.000156    2.943822 v result[3] (out)
                                              2.943822   data arrival time

                      0.000000    0.000000    0.000000   clock __VIRTUAL_CLK__ (rise edge)
                                  0.000000    0.000000   clock network delay (ideal)
                                  0.250000    0.250000   clock uncertainty
                                  0.000000    0.250000   clock reconvergence pessimism
                                 -2.000000   -1.750000   output external delay
                                             -1.750000   data required time
---------------------------------------------------------------------------------------------
                                             -1.750000   data required time
                                             -2.943822   data arrival time
---------------------------------------------------------------------------------------------
                                              4.693822   slack (MET)


Startpoint: a[6] (input port clocked by __VIRTUAL_CLK__)
Endpoint: zero (output port clocked by __VIRTUAL_CLK__)
Path Group: __VIRTUAL_CLK__
Path Type: min

Fanout         Cap        Slew       Delay        Time   Description
---------------------------------------------------------------------------------------------
                      0.000000    0.000000    0.000000   clock __VIRTUAL_CLK__ (rise edge)
                                  0.000000    0.000000   clock network delay (ideal)
                                  2.000000    2.000000 ^ input external delay
     1    0.003250    0.021678    0.011280    2.011280 ^ a[6] (in)
                                                         a[6] (net)
                      0.021678    0.000000    2.011280 ^ input7/A (sky130_fd_sc_hd__clkdlybuf4s25_1)
     4    0.022456    0.234980    0.352208    2.363488 ^ input7/X (sky130_fd_sc_hd__clkdlybuf4s25_1)
                                                         net7 (net)
                      0.234980    0.000049    2.363537 ^ _092_/A (sky130_fd_sc_hd__inv_2)
     3    0.014152    0.070224    0.086776    2.450313 v _092_/Y (sky130_fd_sc_hd__inv_2)
                                                         _027_ (net)
                      0.070224    0.000067    2.450379 v _181_/A (sky130_fd_sc_hd__nand2_2)
     2    0.006540    0.049610    0.067902    2.518282 ^ _181_/Y (sky130_fd_sc_hd__nand2_2)
                                                         _016_ (net)
                      0.049610    0.000007    2.518289 ^ _193_/A1 (sky130_fd_sc_hd__a211oi_2)
     1    0.002907    0.024132    0.050368    2.568657 v _193_/Y (sky130_fd_sc_hd__a211oi_2)
                                                         net29 (net)
                      0.024132    0.000008    2.568665 v output29/A (sky130_fd_sc_hd__clkdlybuf4s25_1)
     1    0.034052    0.253357    0.384549    2.953213 v output29/X (sky130_fd_sc_hd__clkdlybuf4s25_1)
                                                         zero (net)
                      0.253357    0.000082    2.953295 v zero (out)
                                              2.953295   data arrival time

                      0.000000    0.000000    0.000000   clock __VIRTUAL_CLK__ (rise edge)
                                  0.000000    0.000000   clock network delay (ideal)
                                  0.250000    0.250000   clock uncertainty
                                  0.000000    0.250000   clock reconvergence pessimism
                                 -2.000000   -1.750000   output external delay
                                             -1.750000   data required time
---------------------------------------------------------------------------------------------
                                             -1.750000   data required time
                                             -2.953295   data arrival time
---------------------------------------------------------------------------------------------
                                              4.703296   slack (MET)


Startpoint: a[7] (input port clocked by __VIRTUAL_CLK__)
Endpoint: result[7] (output port clocked by __VIRTUAL_CLK__)
Path Group: __VIRTUAL_CLK__
Path Type: min

Fanout         Cap        Slew       Delay        Time   Description
---------------------------------------------------------------------------------------------
                      0.000000    0.000000    0.000000   clock __VIRTUAL_CLK__ (rise edge)
                                  0.000000    0.000000   clock network delay (ideal)
                                  2.000000    2.000000 v input external delay
     1    0.003093    0.009312    0.004663    2.004663 v a[7] (in)
                                                         a[7] (net)
                      0.009312    0.000000    2.004663 v input8/A (sky130_fd_sc_hd__clkdlybuf4s25_1)
     6    0.023212    0.176751    0.324440    2.329103 v input8/X (sky130_fd_sc_hd__clkdlybuf4s25_1)
                                                         net8 (net)
                      0.176751    0.000132    2.329234 v _144_/A1 (sky130_fd_sc_hd__o21a_2)
     2    0.007010    0.036149    0.253521    2.582755 v _144_/X (sky130_fd_sc_hd__o21a_2)
                                                         net28 (net)
                      0.036149    0.000005    2.582761 v output28/A (sky130_fd_sc_hd__clkdlybuf4s25_1)
     1    0.034104    0.253913    0.389713    2.972474 v output28/X (sky130_fd_sc_hd__clkdlybuf4s25_1)
                                                         result[7] (net)
                      0.253913    0.000093    2.972567 v result[7] (out)
                                              2.972567   data arrival time

                      0.000000    0.000000    0.000000   clock __VIRTUAL_CLK__ (rise edge)
                                  0.000000    0.000000   clock network delay (ideal)
                                  0.250000    0.250000   clock uncertainty
                                  0.000000    0.250000   clock reconvergence pessimism
                                 -2.000000   -1.750000   output external delay
                                             -1.750000   data required time
---------------------------------------------------------------------------------------------
                                             -1.750000   data required time
                                             -2.972567   data arrival time
---------------------------------------------------------------------------------------------
                                              4.722568   slack (MET)


Startpoint: a[5] (input port clocked by __VIRTUAL_CLK__)
Endpoint: result[5] (output port clocked by __VIRTUAL_CLK__)
Path Group: __VIRTUAL_CLK__
Path Type: min

Fanout         Cap        Slew       Delay        Time   Description
---------------------------------------------------------------------------------------------
                      0.000000    0.000000    0.000000   clock __VIRTUAL_CLK__ (rise edge)
                                  0.000000    0.000000   clock network delay (ideal)
                                  2.000000    2.000000 ^ input external delay
     1    0.003350    0.022112    0.011609    2.011609 ^ a[5] (in)
                                                         a[5] (net)
                      0.022112    0.000000    2.011609 ^ input6/A (sky130_fd_sc_hd__clkdlybuf4s25_1)
     5    0.011835    0.132057    0.283203    2.294812 ^ input6/X (sky130_fd_sc_hd__clkdlybuf4s25_1)
                                                         net6 (net)
                      0.132057    0.000051    2.294864 ^ _173_/A (sky130_fd_sc_hd__or2_2)
     2    0.004423    0.037989    0.127224    2.422087 ^ _173_/X (sky130_fd_sc_hd__or2_2)
                                                         _009_ (net)
                      0.037989    0.000001    2.422089 ^ _180_/A (sky130_fd_sc_hd__and2_2)
     1    0.003417    0.039498    0.117522    2.539611 ^ _180_/X (sky130_fd_sc_hd__and2_2)
                                                         net26 (net)
                      0.039498    0.000015    2.539626 ^ output26/A (sky130_fd_sc_hd__clkdlybuf4s25_1)
     1    0.034727    0.350511    0.437773    2.977400 ^ output26/X (sky130_fd_sc_hd__clkdlybuf4s25_1)
                                                         result[5] (net)
                      0.350511    0.000205    2.977605 ^ result[5] (out)
                                              2.977605   data arrival time

                      0.000000    0.000000    0.000000   clock __VIRTUAL_CLK__ (rise edge)
                                  0.000000    0.000000   clock network delay (ideal)
                                  0.250000    0.250000   clock uncertainty
                                  0.000000    0.250000   clock reconvergence pessimism
                                 -2.000000   -1.750000   output external delay
                                             -1.750000   data required time
---------------------------------------------------------------------------------------------
                                             -1.750000   data required time
                                             -2.977605   data arrival time
---------------------------------------------------------------------------------------------
                                              4.727605   slack (MET)


Startpoint: a[7] (input port clocked by __VIRTUAL_CLK__)
Endpoint: overflow (output port clocked by __VIRTUAL_CLK__)
Path Group: __VIRTUAL_CLK__
Path Type: min

Fanout         Cap        Slew       Delay        Time   Description
---------------------------------------------------------------------------------------------
                      0.000000    0.000000    0.000000   clock __VIRTUAL_CLK__ (rise edge)
                                  0.000000    0.000000   clock network delay (ideal)
                                  2.000000    2.000000 ^ input external delay
     1    0.003318    0.021973    0.011503    2.011503 ^ a[7] (in)
                                                         a[7] (net)
                      0.021973    0.000000    2.011503 ^ input8/A (sky130_fd_sc_hd__clkdlybuf4s25_1)
     6    0.025084    0.256885    0.369312    2.380816 ^ input8/X (sky130_fd_sc_hd__clkdlybuf4s25_1)
                                                         net8 (net)
                      0.256885    0.000150    2.380966 ^ _143_/A (sky130_fd_sc_hd__nand2_2)
     1    0.002162    0.023567    0.054911    2.435876 v _143_/Y (sky130_fd_sc_hd__nand2_2)
                                                         _078_ (net)
                      0.023567    0.000006    2.435882 v _146_/B (sky130_fd_sc_hd__and3_2)
     1    0.002986    0.034231    0.169635    2.605517 v _146_/X (sky130_fd_sc_hd__and3_2)
                                                         net20 (net)
                      0.034231    0.000013    2.605530 v output20/A (sky130_fd_sc_hd__clkdlybuf4s25_1)
     1    0.034235    0.254800    0.389490    2.995020 v output20/X (sky130_fd_sc_hd__clkdlybuf4s25_1)
                                                         overflow (net)
                      0.254800    0.000122    2.995142 v overflow (out)
                                              2.995142   data arrival time

                      0.000000    0.000000    0.000000   clock __VIRTUAL_CLK__ (rise edge)
                                  0.000000    0.000000   clock network delay (ideal)
                                  0.250000    0.250000   clock uncertainty
                                  0.000000    0.250000   clock reconvergence pessimism
                                 -2.000000   -1.750000   output external delay
                                             -1.750000   data required time
---------------------------------------------------------------------------------------------
                                             -1.750000   data required time
                                             -2.995142   data arrival time
---------------------------------------------------------------------------------------------
                                              4.745142   slack (MET)


Startpoint: b[1] (input port clocked by __VIRTUAL_CLK__)
Endpoint: result[1] (output port clocked by __VIRTUAL_CLK__)
Path Group: __VIRTUAL_CLK__
Path Type: min

Fanout         Cap        Slew       Delay        Time   Description
---------------------------------------------------------------------------------------------
                      0.000000    0.000000    0.000000   clock __VIRTUAL_CLK__ (rise edge)
                                  0.000000    0.000000   clock network delay (ideal)
                                  2.000000    2.000000 ^ input external delay
     1    0.003136    0.021183    0.010898    2.010897 ^ b[1] (in)
                                                         b[1] (net)
                      0.021183    0.000000    2.010897 ^ input10/A (sky130_fd_sc_hd__clkdlybuf4s25_1)
     2    0.012675    0.140194    0.288386    2.299284 ^ input10/X (sky130_fd_sc_hd__clkdlybuf4s25_1)
                                                         net10 (net)
                      0.140194    0.000012    2.299296 ^ _154_/A2 (sky130_fd_sc_hd__o211a_2)
     1    0.003042    0.042100    0.169915    2.469211 ^ _154_/X (sky130_fd_sc_hd__o211a_2)
                                                         _086_ (net)
                      0.042100    0.000014    2.469225 ^ _156_/B (sky130_fd_sc_hd__or3_2)
     2    0.005056    0.039061    0.101547    2.570772 ^ _156_/X (sky130_fd_sc_hd__or3_2)
                                                         net22 (net)
                      0.039061    0.000012    2.570784 ^ output22/A (sky130_fd_sc_hd__clkdlybuf4s25_1)
     1    0.034500    0.348298    0.436187    3.006971 ^ output22/X (sky130_fd_sc_hd__clkdlybuf4s25_1)
                                                         result[1] (net)
                      0.348298    0.000154    3.007125 ^ result[1] (out)
                                              3.007125   data arrival time

                      0.000000    0.000000    0.000000   clock __VIRTUAL_CLK__ (rise edge)
                                  0.000000    0.000000   clock network delay (ideal)
                                  0.250000    0.250000   clock uncertainty
                                  0.000000    0.250000   clock reconvergence pessimism
                                 -2.000000   -1.750000   output external delay
                                             -1.750000   data required time
---------------------------------------------------------------------------------------------
                                             -1.750000   data required time
                                             -3.007125   data arrival time
---------------------------------------------------------------------------------------------
                                              4.757124   slack (MET)


Startpoint: a[6] (input port clocked by __VIRTUAL_CLK__)
Endpoint: result[6] (output port clocked by __VIRTUAL_CLK__)
Path Group: __VIRTUAL_CLK__
Path Type: min

Fanout         Cap        Slew       Delay        Time   Description
---------------------------------------------------------------------------------------------
                      0.000000    0.000000    0.000000   clock __VIRTUAL_CLK__ (rise edge)
                                  0.000000    0.000000   clock network delay (ideal)
                                  2.000000    2.000000 v input external delay
     1    0.003025    0.009155    0.004556    2.004556 v a[6] (in)
                                                         a[6] (net)
                      0.009155    0.000000    2.004556 v input7/A (sky130_fd_sc_hd__clkdlybuf4s25_1)
     4    0.020754    0.161149    0.311895    2.316451 v input7/X (sky130_fd_sc_hd__clkdlybuf4s25_1)
                                                         net7 (net)
                      0.161149    0.000045    2.316496 v _092_/A (sky130_fd_sc_hd__inv_2)
     3    0.015152    0.086912    0.122921    2.439416 ^ _092_/Y (sky130_fd_sc_hd__inv_2)
                                                         _027_ (net)
                      0.086912    0.000071    2.439487 ^ _181_/A (sky130_fd_sc_hd__nand2_2)
     2    0.006207    0.043375    0.055274    2.494762 v _181_/Y (sky130_fd_sc_hd__nand2_2)
                                                         _016_ (net)
                      0.043375    0.000003    2.494765 v _190_/A (sky130_fd_sc_hd__and2_2)
     1    0.002968    0.034626    0.154138    2.648903 v _190_/X (sky130_fd_sc_hd__and2_2)
                                                         net27 (net)
                      0.034626    0.000014    2.648917 v output27/A (sky130_fd_sc_hd__clkdlybuf4s25_1)
     1    0.034476    0.256554    0.390782    3.039699 v output27/X (sky130_fd_sc_hd__clkdlybuf4s25_1)
                                                         result[6] (net)
                      0.256554    0.000218    3.039917 v result[6] (out)
                                              3.039917   data arrival time

                      0.000000    0.000000    0.000000   clock __VIRTUAL_CLK__ (rise edge)
                                  0.000000    0.000000   clock network delay (ideal)
                                  0.250000    0.250000   clock uncertainty
                                  0.000000    0.250000   clock reconvergence pessimism
                                 -2.000000   -1.750000   output external delay
                                             -1.750000   data required time
---------------------------------------------------------------------------------------------
                                             -1.750000   data required time
                                             -3.039917   data arrival time
---------------------------------------------------------------------------------------------
                                              4.789917   slack (MET)



%OL_END_REPORT
%OL_CREATE_REPORT max.rpt

===========================================================================
report_checks -path_delay max (Setup)
============================================================================
======================= nom_tt_025C_1v80 Corner ===================================

Startpoint: opcode[1] (input port clocked by __VIRTUAL_CLK__)
Endpoint: overflow (output port clocked by __VIRTUAL_CLK__)
Path Group: __VIRTUAL_CLK__
Path Type: max

Fanout         Cap        Slew       Delay        Time   Description
---------------------------------------------------------------------------------------------
                      0.000000    0.000000    0.000000   clock __VIRTUAL_CLK__ (rise edge)
                                  0.000000    0.000000   clock network delay (ideal)
                                  2.000000    2.000000 v input external delay
     1    0.002964    0.009011    0.004923    2.004923 v opcode[1] (in)
                                                         opcode[1] (net)
                      0.009011    0.000000    2.004923 v input18/A (sky130_fd_sc_hd__clkdlybuf4s25_1)
     2    0.006064    0.062768    0.259173    2.264096 v input18/X (sky130_fd_sc_hd__clkdlybuf4s25_1)
                                                         net18 (net)
                      0.062768    0.000014    2.264110 v fanout31/A (sky130_fd_sc_hd__clkdlybuf4s25_1)
    10    0.029203    0.219211    0.415360    2.679470 v fanout31/X (sky130_fd_sc_hd__clkdlybuf4s25_1)
                                                         net31 (net)
                      0.219211    0.000437    2.679907 v _097_/B (sky130_fd_sc_hd__or3b_2)
     4    0.032287    0.163616    0.654189    3.334096 v _097_/X (sky130_fd_sc_hd__or3b_2)
                                                         _032_ (net)
                      0.163616    0.000058    3.334154 v max_cap30/A (sky130_fd_sc_hd__buf_6)
     5    0.041783    0.049962    0.206126    3.540280 v max_cap30/X (sky130_fd_sc_hd__buf_6)
                                                         net30 (net)
                      0.049962    0.000228    3.540508 v _116_/B (sky130_fd_sc_hd__xor2_2)
     2    0.011523    0.187974    0.189689    3.730197 ^ _116_/X (sky130_fd_sc_hd__xor2_2)
                                                         _051_ (net)
                      0.187974    0.000037    3.730234 ^ _117_/A_N (sky130_fd_sc_hd__and2b_2)
     1    0.003512    0.037333    0.252028    3.982262 v _117_/X (sky130_fd_sc_hd__and2b_2)
                                                         _052_ (net)
                      0.037333    0.000023    3.982285 v _121_/B1 (sky130_fd_sc_hd__a21o_2)
     4    0.015837    0.063770    0.229604    4.211889 v _121_/X (sky130_fd_sc_hd__a21o_2)
                                                         _056_ (net)
                      0.063770    0.000117    4.212006 v _125_/A2 (sky130_fd_sc_hd__a31o_2)
     3    0.009616    0.053679    0.269513    4.481519 v _125_/X (sky130_fd_sc_hd__a31o_2)
                                                         _060_ (net)
                      0.053679    0.000084    4.481603 v _127_/A2 (sky130_fd_sc_hd__a2111o_2)
     2    0.005443    0.070319    0.495318    4.976921 v _127_/X (sky130_fd_sc_hd__a2111o_2)
                                                         _062_ (net)
                      0.070319    0.000029    4.976950 v _141_/B (sky130_fd_sc_hd__and3_2)
     1    0.001971    0.035356    0.203931    5.180881 v _141_/X (sky130_fd_sc_hd__and3_2)
                                                         _076_ (net)
                      0.035356    0.000005    5.180887 v _142_/C (sky130_fd_sc_hd__or4b_2)
     3    0.009645    0.131591    0.681435    5.862321 v _142_/X (sky130_fd_sc_hd__or4b_2)
                                                         _077_ (net)
                      0.131591    0.000031    5.862352 v _145_/A2 (sky130_fd_sc_hd__a21o_2)
     1    0.002137    0.031517    0.244465    6.106817 v _145_/X (sky130_fd_sc_hd__a21o_2)
                                                         _079_ (net)
                      0.031517    0.000008    6.106824 v _146_/C (sky130_fd_sc_hd__and3_2)
     1    0.002986    0.037554    0.205961    6.312786 v _146_/X (sky130_fd_sc_hd__and3_2)
                                                         net20 (net)
                      0.037554    0.000015    6.312801 v output20/A (sky130_fd_sc_hd__clkdlybuf4s25_1)
     1    0.034235    0.254843    0.431987    6.744788 v output20/X (sky130_fd_sc_hd__clkdlybuf4s25_1)
                                                         overflow (net)
                      0.254843    0.000135    6.744924 v overflow (out)
                                              6.744924   data arrival time

                      0.000000   10.000000   10.000000   clock __VIRTUAL_CLK__ (rise edge)
                                  0.000000   10.000000   clock network delay (ideal)
                                 -0.250000    9.750000   clock uncertainty
                                  0.000000    9.750000   clock reconvergence pessimism
                                 -2.000000    7.750000   output external delay
                                              7.750000   data required time
---------------------------------------------------------------------------------------------
                                              7.750000   data required time
                                             -6.744924   data arrival time
---------------------------------------------------------------------------------------------
                                              1.005077   slack (MET)


Startpoint: opcode[1] (input port clocked by __VIRTUAL_CLK__)
Endpoint: zero (output port clocked by __VIRTUAL_CLK__)
Path Group: __VIRTUAL_CLK__
Path Type: max

Fanout         Cap        Slew       Delay        Time   Description
---------------------------------------------------------------------------------------------
                      0.000000    0.000000    0.000000   clock __VIRTUAL_CLK__ (rise edge)
                                  0.000000    0.000000   clock network delay (ideal)
                                  2.000000    2.000000 v input external delay
     1    0.002964    0.009011    0.004923    2.004923 v opcode[1] (in)
                                                         opcode[1] (net)
                      0.009011    0.000000    2.004923 v input18/A (sky130_fd_sc_hd__clkdlybuf4s25_1)
     2    0.006064    0.062768    0.259173    2.264096 v input18/X (sky130_fd_sc_hd__clkdlybuf4s25_1)
                                                         net18 (net)
                      0.062768    0.000014    2.264110 v fanout31/A (sky130_fd_sc_hd__clkdlybuf4s25_1)
    10    0.029203    0.219211    0.415360    2.679470 v fanout31/X (sky130_fd_sc_hd__clkdlybuf4s25_1)
                                                         net31 (net)
                      0.219211    0.000437    2.679907 v _097_/B (sky130_fd_sc_hd__or3b_2)
     4    0.032287    0.163616    0.654189    3.334096 v _097_/X (sky130_fd_sc_hd__or3b_2)
                                                         _032_ (net)
                      0.163616    0.000058    3.334154 v max_cap30/A (sky130_fd_sc_hd__buf_6)
     5    0.041783    0.049962    0.206126    3.540280 v max_cap30/X (sky130_fd_sc_hd__buf_6)
                                                         net30 (net)
                      0.049962    0.000228    3.540508 v _116_/B (sky130_fd_sc_hd__xor2_2)
     2    0.011523    0.187974    0.189689    3.730197 ^ _116_/X (sky130_fd_sc_hd__xor2_2)
                                                         _051_ (net)
                      0.187974    0.000037    3.730234 ^ _117_/A_N (sky130_fd_sc_hd__and2b_2)
     1    0.003512    0.037333    0.252028    3.982262 v _117_/X (sky130_fd_sc_hd__and2b_2)
                                                         _052_ (net)
                      0.037333    0.000023    3.982285 v _121_/B1 (sky130_fd_sc_hd__a21o_2)
     4    0.015837    0.063770    0.229604    4.211889 v _121_/X (sky130_fd_sc_hd__a21o_2)
                                                         _056_ (net)
                      0.063770    0.000117    4.212006 v _125_/A2 (sky130_fd_sc_hd__a31o_2)
     3    0.009616    0.053679    0.269513    4.481519 v _125_/X (sky130_fd_sc_hd__a31o_2)
                                                         _060_ (net)
                      0.053679    0.000084    4.481603 v _127_/A2 (sky130_fd_sc_hd__a2111o_2)
     2    0.005443    0.070319    0.495318    4.976921 v _127_/X (sky130_fd_sc_hd__a2111o_2)
                                                         _062_ (net)
                      0.070319    0.000029    4.976950 v _141_/B (sky130_fd_sc_hd__and3_2)
     1    0.001971    0.035356    0.203931    5.180881 v _141_/X (sky130_fd_sc_hd__and3_2)
                                                         _076_ (net)
                      0.035356    0.000005    5.180887 v _142_/C (sky130_fd_sc_hd__or4b_2)
     3    0.009645    0.131591    0.681435    5.862321 v _142_/X (sky130_fd_sc_hd__or4b_2)
                                                         _077_ (net)
                      0.131591    0.000036    5.862357 v _144_/B1 (sky130_fd_sc_hd__o21a_2)
     2    0.007010    0.045187    0.170243    6.032600 v _144_/X (sky130_fd_sc_hd__o21a_2)
                                                         net28 (net)
                      0.045187    0.000010    6.032610 v _193_/C1 (sky130_fd_sc_hd__a211oi_2)
     1    0.003132    0.148941    0.142802    6.175412 ^ _193_/Y (sky130_fd_sc_hd__a211oi_2)
                                                         net29 (net)
                      0.148941    0.000010    6.175422 ^ output29/A (sky130_fd_sc_hd__clkdlybuf4s25_1)
     1    0.034052    0.348515    0.516041    6.691463 ^ output29/X (sky130_fd_sc_hd__clkdlybuf4s25_1)
                                                         zero (net)
                      0.348515    0.000091    6.691554 ^ zero (out)
                                              6.691554   data arrival time

                      0.000000   10.000000   10.000000   clock __VIRTUAL_CLK__ (rise edge)
                                  0.000000   10.000000   clock network delay (ideal)
                                 -0.250000    9.750000   clock uncertainty
                                  0.000000    9.750000   clock reconvergence pessimism
                                 -2.000000    7.750000   output external delay
                                              7.750000   data required time
---------------------------------------------------------------------------------------------
                                              7.750000   data required time
                                             -6.691554   data arrival time
---------------------------------------------------------------------------------------------
                                              1.058446   slack (MET)


Startpoint: opcode[1] (input port clocked by __VIRTUAL_CLK__)
Endpoint: result[7] (output port clocked by __VIRTUAL_CLK__)
Path Group: __VIRTUAL_CLK__
Path Type: max

Fanout         Cap        Slew       Delay        Time   Description
---------------------------------------------------------------------------------------------
                      0.000000    0.000000    0.000000   clock __VIRTUAL_CLK__ (rise edge)
                                  0.000000    0.000000   clock network delay (ideal)
                                  2.000000    2.000000 v input external delay
     1    0.002964    0.009011    0.004923    2.004923 v opcode[1] (in)
                                                         opcode[1] (net)
                      0.009011    0.000000    2.004923 v input18/A (sky130_fd_sc_hd__clkdlybuf4s25_1)
     2    0.006064    0.062768    0.259173    2.264096 v input18/X (sky130_fd_sc_hd__clkdlybuf4s25_1)
                                                         net18 (net)
                      0.062768    0.000014    2.264110 v fanout31/A (sky130_fd_sc_hd__clkdlybuf4s25_1)
    10    0.029203    0.219211    0.415360    2.679470 v fanout31/X (sky130_fd_sc_hd__clkdlybuf4s25_1)
                                                         net31 (net)
                      0.219211    0.000437    2.679907 v _097_/B (sky130_fd_sc_hd__or3b_2)
     4    0.032287    0.163616    0.654189    3.334096 v _097_/X (sky130_fd_sc_hd__or3b_2)
                                                         _032_ (net)
                      0.163616    0.000058    3.334154 v max_cap30/A (sky130_fd_sc_hd__buf_6)
     5    0.041783    0.049962    0.206126    3.540280 v max_cap30/X (sky130_fd_sc_hd__buf_6)
                                                         net30 (net)
                      0.049962    0.000228    3.540508 v _116_/B (sky130_fd_sc_hd__xor2_2)
     2    0.011523    0.187974    0.189689    3.730197 ^ _116_/X (sky130_fd_sc_hd__xor2_2)
                                                         _051_ (net)
                      0.187974    0.000037    3.730234 ^ _117_/A_N (sky130_fd_sc_hd__and2b_2)
     1    0.003512    0.037333    0.252028    3.982262 v _117_/X (sky130_fd_sc_hd__and2b_2)
                                                         _052_ (net)
                      0.037333    0.000023    3.982285 v _121_/B1 (sky130_fd_sc_hd__a21o_2)
     4    0.015837    0.063770    0.229604    4.211889 v _121_/X (sky130_fd_sc_hd__a21o_2)
                                                         _056_ (net)
                      0.063770    0.000117    4.212006 v _125_/A2 (sky130_fd_sc_hd__a31o_2)
     3    0.009616    0.053679    0.269513    4.481519 v _125_/X (sky130_fd_sc_hd__a31o_2)
                                                         _060_ (net)
                      0.053679    0.000084    4.481603 v _127_/A2 (sky130_fd_sc_hd__a2111o_2)
     2    0.005443    0.070319    0.495318    4.976921 v _127_/X (sky130_fd_sc_hd__a2111o_2)
                                                         _062_ (net)
                      0.070319    0.000029    4.976950 v _141_/B (sky130_fd_sc_hd__and3_2)
     1    0.001971    0.035356    0.203931    5.180881 v _141_/X (sky130_fd_sc_hd__and3_2)
                                                         _076_ (net)
                      0.035356    0.000005    5.180887 v _142_/C (sky130_fd_sc_hd__or4b_2)
     3    0.009645    0.131591    0.681435    5.862321 v _142_/X (sky130_fd_sc_hd__or4b_2)
                                                         _077_ (net)
                      0.131591    0.000036    5.862357 v _144_/B1 (sky130_fd_sc_hd__o21a_2)
     2    0.007010    0.045187    0.170243    6.032600 v _144_/X (sky130_fd_sc_hd__o21a_2)
                                                         net28 (net)
                      0.045187    0.000006    6.032606 v output28/A (sky130_fd_sc_hd__clkdlybuf4s25_1)
     1    0.034104    0.254055    0.434811    6.467417 v output28/X (sky130_fd_sc_hd__clkdlybuf4s25_1)
                                                         result[7] (net)
                      0.254055    0.000103    6.467521 v result[7] (out)
                                              6.467521   data arrival time

                      0.000000   10.000000   10.000000   clock __VIRTUAL_CLK__ (rise edge)
                                  0.000000   10.000000   clock network delay (ideal)
                                 -0.250000    9.750000   clock uncertainty
                                  0.000000    9.750000   clock reconvergence pessimism
                                 -2.000000    7.750000   output external delay
                                              7.750000   data required time
---------------------------------------------------------------------------------------------
                                              7.750000   data required time
                                             -6.467521   data arrival time
---------------------------------------------------------------------------------------------
                                              1.282479   slack (MET)


Startpoint: opcode[1] (input port clocked by __VIRTUAL_CLK__)
Endpoint: result[5] (output port clocked by __VIRTUAL_CLK__)
Path Group: __VIRTUAL_CLK__
Path Type: max

Fanout         Cap        Slew       Delay        Time   Description
---------------------------------------------------------------------------------------------
                      0.000000    0.000000    0.000000   clock __VIRTUAL_CLK__ (rise edge)
                                  0.000000    0.000000   clock network delay (ideal)
                                  2.000000    2.000000 v input external delay
     1    0.002964    0.009011    0.004923    2.004923 v opcode[1] (in)
                                                         opcode[1] (net)
                      0.009011    0.000000    2.004923 v input18/A (sky130_fd_sc_hd__clkdlybuf4s25_1)
     2    0.006064    0.062768    0.259173    2.264096 v input18/X (sky130_fd_sc_hd__clkdlybuf4s25_1)
                                                         net18 (net)
                      0.062768    0.000014    2.264110 v fanout31/A (sky130_fd_sc_hd__clkdlybuf4s25_1)
    10    0.029203    0.219211    0.415360    2.679470 v fanout31/X (sky130_fd_sc_hd__clkdlybuf4s25_1)
                                                         net31 (net)
                      0.219211    0.000437    2.679907 v _097_/B (sky130_fd_sc_hd__or3b_2)
     4    0.032287    0.163616    0.654189    3.334096 v _097_/X (sky130_fd_sc_hd__or3b_2)
                                                         _032_ (net)
                      0.163616    0.000058    3.334154 v max_cap30/A (sky130_fd_sc_hd__buf_6)
     5    0.041783    0.049962    0.206126    3.540280 v max_cap30/X (sky130_fd_sc_hd__buf_6)
                                                         net30 (net)
                      0.049962    0.000228    3.540508 v _116_/B (sky130_fd_sc_hd__xor2_2)
     2    0.011523    0.187974    0.189689    3.730197 ^ _116_/X (sky130_fd_sc_hd__xor2_2)
                                                         _051_ (net)
                      0.187974    0.000037    3.730234 ^ _117_/A_N (sky130_fd_sc_hd__and2b_2)
     1    0.003512    0.037333    0.252028    3.982262 v _117_/X (sky130_fd_sc_hd__and2b_2)
                                                         _052_ (net)
                      0.037333    0.000023    3.982285 v _121_/B1 (sky130_fd_sc_hd__a21o_2)
     4    0.015837    0.063770    0.229604    4.211889 v _121_/X (sky130_fd_sc_hd__a21o_2)
                                                         _056_ (net)
                      0.063770    0.000117    4.212006 v _125_/A2 (sky130_fd_sc_hd__a31o_2)
     3    0.009616    0.053679    0.269513    4.481519 v _125_/X (sky130_fd_sc_hd__a31o_2)
                                                         _060_ (net)
                      0.053679    0.000075    4.481594 v _126_/B (sky130_fd_sc_hd__and2_2)
     3    0.011725    0.056313    0.227200    4.708794 v _126_/X (sky130_fd_sc_hd__and2_2)
                                                         _061_ (net)
                      0.056313    0.000015    4.708809 v _176_/A2 (sky130_fd_sc_hd__o31a_2)
     1    0.002306    0.049146    0.330616    5.039425 v _176_/X (sky130_fd_sc_hd__o31a_2)
                                                         _012_ (net)
                      0.049146    0.000000    5.039426 v _179_/A2 (sky130_fd_sc_hd__a21o_2)
     2    0.004410    0.038337    0.222219    5.261645 v _179_/X (sky130_fd_sc_hd__a21o_2)
                                                         _015_ (net)
                      0.038337    0.000014    5.261659 v _180_/B (sky130_fd_sc_hd__and2_2)
     1    0.003192    0.037381    0.190102    5.451761 v _180_/X (sky130_fd_sc_hd__and2_2)
                                                         net26 (net)
                      0.037381    0.000016    5.451777 v output26/A (sky130_fd_sc_hd__clkdlybuf4s25_1)
     1    0.034727    0.258376    0.434563    5.886340 v output26/X (sky130_fd_sc_hd__clkdlybuf4s25_1)
                                                         result[5] (net)
                      0.258376    0.000226    5.886567 v result[5] (out)
                                              5.886567   data arrival time

                      0.000000   10.000000   10.000000   clock __VIRTUAL_CLK__ (rise edge)
                                  0.000000   10.000000   clock network delay (ideal)
                                 -0.250000    9.750000   clock uncertainty
                                  0.000000    9.750000   clock reconvergence pessimism
                                 -2.000000    7.750000   output external delay
                                              7.750000   data required time
---------------------------------------------------------------------------------------------
                                              7.750000   data required time
                                             -5.886567   data arrival time
---------------------------------------------------------------------------------------------
                                              1.863433   slack (MET)


Startpoint: opcode[1] (input port clocked by __VIRTUAL_CLK__)
Endpoint: result[6] (output port clocked by __VIRTUAL_CLK__)
Path Group: __VIRTUAL_CLK__
Path Type: max

Fanout         Cap        Slew       Delay        Time   Description
---------------------------------------------------------------------------------------------
                      0.000000    0.000000    0.000000   clock __VIRTUAL_CLK__ (rise edge)
                                  0.000000    0.000000   clock network delay (ideal)
                                  2.000000    2.000000 v input external delay
     1    0.002964    0.009011    0.004923    2.004923 v opcode[1] (in)
                                                         opcode[1] (net)
                      0.009011    0.000000    2.004923 v input18/A (sky130_fd_sc_hd__clkdlybuf4s25_1)
     2    0.006064    0.062768    0.259173    2.264096 v input18/X (sky130_fd_sc_hd__clkdlybuf4s25_1)
                                                         net18 (net)
                      0.062768    0.000014    2.264110 v fanout31/A (sky130_fd_sc_hd__clkdlybuf4s25_1)
    10    0.029203    0.219211    0.415360    2.679470 v fanout31/X (sky130_fd_sc_hd__clkdlybuf4s25_1)
                                                         net31 (net)
                      0.219211    0.000437    2.679907 v _097_/B (sky130_fd_sc_hd__or3b_2)
     4    0.032287    0.163616    0.654189    3.334096 v _097_/X (sky130_fd_sc_hd__or3b_2)
                                                         _032_ (net)
                      0.163616    0.000058    3.334154 v max_cap30/A (sky130_fd_sc_hd__buf_6)
     5    0.041783    0.049962    0.206126    3.540280 v max_cap30/X (sky130_fd_sc_hd__buf_6)
                                                         net30 (net)
                      0.049962    0.000228    3.540508 v _116_/B (sky130_fd_sc_hd__xor2_2)
     2    0.011523    0.187974    0.189689    3.730197 ^ _116_/X (sky130_fd_sc_hd__xor2_2)
                                                         _051_ (net)
                      0.187974    0.000037    3.730234 ^ _117_/A_N (sky130_fd_sc_hd__and2b_2)
     1    0.003512    0.037333    0.252028    3.982262 v _117_/X (sky130_fd_sc_hd__and2b_2)
                                                         _052_ (net)
                      0.037333    0.000023    3.982285 v _121_/B1 (sky130_fd_sc_hd__a21o_2)
     4    0.015837    0.063770    0.229604    4.211889 v _121_/X (sky130_fd_sc_hd__a21o_2)
                                                         _056_ (net)
                      0.063770    0.000117    4.212006 v _125_/A2 (sky130_fd_sc_hd__a31o_2)
     3    0.009616    0.053679    0.269513    4.481519 v _125_/X (sky130_fd_sc_hd__a31o_2)
                                                         _060_ (net)
                      0.053679    0.000075    4.481594 v _126_/B (sky130_fd_sc_hd__and2_2)
     3    0.011725    0.056313    0.227200    4.708794 v _126_/X (sky130_fd_sc_hd__and2_2)
                                                         _061_ (net)
                      0.056313    0.000011    4.708805 v _175_/A2 (sky130_fd_sc_hd__o21ai_2)
     3    0.010708    0.165950    0.171426    4.880230 ^ _175_/Y (sky130_fd_sc_hd__o21ai_2)
                                                         _011_ (net)
                      0.165950    0.000047    4.880277 ^ _185_/B (sky130_fd_sc_hd__nand3_2)
     1    0.002658    0.053582    0.088311    4.968588 v _185_/Y (sky130_fd_sc_hd__nand3_2)
                                                         _020_ (net)
                      0.053582    0.000005    4.968593 v _189_/A3 (sky130_fd_sc_hd__a31o_2)
     2    0.006106    0.046302    0.265723    5.234316 v _189_/X (sky130_fd_sc_hd__a31o_2)
                                                         _024_ (net)
                      0.046302    0.000003    5.234319 v _190_/B (sky130_fd_sc_hd__and2_2)
     1    0.002968    0.036823    0.192699    5.427018 v _190_/X (sky130_fd_sc_hd__and2_2)
                                                         net27 (net)
                      0.036823    0.000016    5.427033 v output27/A (sky130_fd_sc_hd__clkdlybuf4s25_1)
     1    0.034476    0.256582    0.432907    5.859941 v output27/X (sky130_fd_sc_hd__clkdlybuf4s25_1)
                                                         result[6] (net)
                      0.256582    0.000241    5.860182 v result[6] (out)
                                              5.860182   data arrival time

                      0.000000   10.000000   10.000000   clock __VIRTUAL_CLK__ (rise edge)
                                  0.000000   10.000000   clock network delay (ideal)
                                 -0.250000    9.750000   clock uncertainty
                                  0.000000    9.750000   clock reconvergence pessimism
                                 -2.000000    7.750000   output external delay
                                              7.750000   data required time
---------------------------------------------------------------------------------------------
                                              7.750000   data required time
                                             -5.860182   data arrival time
---------------------------------------------------------------------------------------------
                                              1.889818   slack (MET)


Startpoint: opcode[1] (input port clocked by __VIRTUAL_CLK__)
Endpoint: result[4] (output port clocked by __VIRTUAL_CLK__)
Path Group: __VIRTUAL_CLK__
Path Type: max

Fanout         Cap        Slew       Delay        Time   Description
---------------------------------------------------------------------------------------------
                      0.000000    0.000000    0.000000   clock __VIRTUAL_CLK__ (rise edge)
                                  0.000000    0.000000   clock network delay (ideal)
                                  2.000000    2.000000 v input external delay
     1    0.002964    0.009011    0.004923    2.004923 v opcode[1] (in)
                                                         opcode[1] (net)
                      0.009011    0.000000    2.004923 v input18/A (sky130_fd_sc_hd__clkdlybuf4s25_1)
     2    0.006064    0.062768    0.259173    2.264096 v input18/X (sky130_fd_sc_hd__clkdlybuf4s25_1)
                                                         net18 (net)
                      0.062768    0.000014    2.264110 v fanout31/A (sky130_fd_sc_hd__clkdlybuf4s25_1)
    10    0.029203    0.219211    0.415360    2.679470 v fanout31/X (sky130_fd_sc_hd__clkdlybuf4s25_1)
                                                         net31 (net)
                      0.219211    0.000437    2.679907 v _097_/B (sky130_fd_sc_hd__or3b_2)
     4    0.032287    0.163616    0.654189    3.334096 v _097_/X (sky130_fd_sc_hd__or3b_2)
                                                         _032_ (net)
                      0.163616    0.000058    3.334154 v max_cap30/A (sky130_fd_sc_hd__buf_6)
     5    0.041783    0.049962    0.206126    3.540280 v max_cap30/X (sky130_fd_sc_hd__buf_6)
                                                         net30 (net)
                      0.049962    0.000228    3.540508 v _116_/B (sky130_fd_sc_hd__xor2_2)
     2    0.011523    0.187974    0.189689    3.730197 ^ _116_/X (sky130_fd_sc_hd__xor2_2)
                                                         _051_ (net)
                      0.187974    0.000037    3.730234 ^ _117_/A_N (sky130_fd_sc_hd__and2b_2)
     1    0.003512    0.037333    0.252028    3.982262 v _117_/X (sky130_fd_sc_hd__and2b_2)
                                                         _052_ (net)
                      0.037333    0.000023    3.982285 v _121_/B1 (sky130_fd_sc_hd__a21o_2)
     4    0.015837    0.063770    0.229604    4.211889 v _121_/X (sky130_fd_sc_hd__a21o_2)
                                                         _056_ (net)
                      0.063770    0.000117    4.212006 v _125_/A2 (sky130_fd_sc_hd__a31o_2)
     3    0.009616    0.053679    0.269513    4.481519 v _125_/X (sky130_fd_sc_hd__a31o_2)
                                                         _060_ (net)
                      0.053679    0.000068    4.481586 v _168_/A2 (sky130_fd_sc_hd__o21ai_2)
     1    0.005272    0.110060    0.126782    4.608368 ^ _168_/Y (sky130_fd_sc_hd__o21ai_2)
                                                         _005_ (net)
                      0.110060    0.000018    4.608387 ^ _169_/B (sky130_fd_sc_hd__nor2_2)
     1    0.003077    0.028230    0.042711    4.651098 v _169_/Y (sky130_fd_sc_hd__nor2_2)
                                                         _006_ (net)
                      0.028230    0.000013    4.651111 v _172_/A1 (sky130_fd_sc_hd__o32a_2)
     2    0.005882    0.063330    0.401517    5.052628 v _172_/X (sky130_fd_sc_hd__o32a_2)
                                                         net25 (net)
                      0.063330    0.000018    5.052646 v output25/A (sky130_fd_sc_hd__clkdlybuf4s25_1)
     1    0.034607    0.257573    0.445673    5.498318 v output25/X (sky130_fd_sc_hd__clkdlybuf4s25_1)
                                                         result[4] (net)
                      0.257573    0.000223    5.498542 v result[4] (out)
                                              5.498542   data arrival time

                      0.000000   10.000000   10.000000   clock __VIRTUAL_CLK__ (rise edge)
                                  0.000000   10.000000   clock network delay (ideal)
                                 -0.250000    9.750000   clock uncertainty
                                  0.000000    9.750000   clock reconvergence pessimism
                                 -2.000000    7.750000   output external delay
                                              7.750000   data required time
---------------------------------------------------------------------------------------------
                                              7.750000   data required time
                                             -5.498542   data arrival time
---------------------------------------------------------------------------------------------
                                              2.251458   slack (MET)


Startpoint: opcode[1] (input port clocked by __VIRTUAL_CLK__)
Endpoint: result[3] (output port clocked by __VIRTUAL_CLK__)
Path Group: __VIRTUAL_CLK__
Path Type: max

Fanout         Cap        Slew       Delay        Time   Description
---------------------------------------------------------------------------------------------
                      0.000000    0.000000    0.000000   clock __VIRTUAL_CLK__ (rise edge)
                                  0.000000    0.000000   clock network delay (ideal)
                                  2.000000    2.000000 v input external delay
     1    0.002964    0.009011    0.004923    2.004923 v opcode[1] (in)
                                                         opcode[1] (net)
                      0.009011    0.000000    2.004923 v input18/A (sky130_fd_sc_hd__clkdlybuf4s25_1)
     2    0.006064    0.062768    0.259173    2.264096 v input18/X (sky130_fd_sc_hd__clkdlybuf4s25_1)
                                                         net18 (net)
                      0.062768    0.000014    2.264110 v fanout31/A (sky130_fd_sc_hd__clkdlybuf4s25_1)
    10    0.029203    0.219211    0.415360    2.679470 v fanout31/X (sky130_fd_sc_hd__clkdlybuf4s25_1)
                                                         net31 (net)
                      0.219211    0.000437    2.679907 v _097_/B (sky130_fd_sc_hd__or3b_2)
     4    0.032287    0.163616    0.654189    3.334096 v _097_/X (sky130_fd_sc_hd__or3b_2)
                                                         _032_ (net)
                      0.163616    0.000058    3.334154 v max_cap30/A (sky130_fd_sc_hd__buf_6)
     5    0.041783    0.049962    0.206126    3.540280 v max_cap30/X (sky130_fd_sc_hd__buf_6)
                                                         net30 (net)
                      0.049962    0.000228    3.540508 v _116_/B (sky130_fd_sc_hd__xor2_2)
     2    0.011523    0.187974    0.189689    3.730197 ^ _116_/X (sky130_fd_sc_hd__xor2_2)
                                                         _051_ (net)
                      0.187974    0.000037    3.730234 ^ _117_/A_N (sky130_fd_sc_hd__and2b_2)
     1    0.003512    0.037333    0.252028    3.982262 v _117_/X (sky130_fd_sc_hd__and2b_2)
                                                         _052_ (net)
                      0.037333    0.000023    3.982285 v _121_/B1 (sky130_fd_sc_hd__a21o_2)
     4    0.015837    0.063770    0.229604    4.211889 v _121_/X (sky130_fd_sc_hd__a21o_2)
                                                         _056_ (net)
                      0.063770    0.000111    4.212000 v _162_/A2 (sky130_fd_sc_hd__a21oi_2)
     2    0.007293    0.128443    0.172345    4.384345 ^ _162_/Y (sky130_fd_sc_hd__a21oi_2)
                                                         _000_ (net)
                      0.128443    0.000034    4.384378 ^ _163_/A2 (sky130_fd_sc_hd__a21oi_2)
     1    0.002797    0.054579    0.070755    4.455133 v _163_/Y (sky130_fd_sc_hd__a21oi_2)
                                                         _001_ (net)
                      0.054579    0.000006    4.455139 v _166_/B1 (sky130_fd_sc_hd__o221a_2)
     1    0.002042    0.040696    0.249091    4.704230 v _166_/X (sky130_fd_sc_hd__o221a_2)
                                                         _004_ (net)
                      0.040696    0.000006    4.704236 v _167_/A1_N (sky130_fd_sc_hd__o2bb2a_2)
     2    0.006618    0.056524    0.265600    4.969835 ^ _167_/X (sky130_fd_sc_hd__o2bb2a_2)
                                                         net24 (net)
                      0.056524    0.000002    4.969837 ^ output24/A (sky130_fd_sc_hd__clkdlybuf4s25_1)
     1    0.034398    0.346979    0.487802    5.457639 ^ output24/X (sky130_fd_sc_hd__clkdlybuf4s25_1)
                                                         result[3] (net)
                      0.346979    0.000172    5.457811 ^ result[3] (out)
                                              5.457811   data arrival time

                      0.000000   10.000000   10.000000   clock __VIRTUAL_CLK__ (rise edge)
                                  0.000000   10.000000   clock network delay (ideal)
                                 -0.250000    9.750000   clock uncertainty
                                  0.000000    9.750000   clock reconvergence pessimism
                                 -2.000000    7.750000   output external delay
                                              7.750000   data required time
---------------------------------------------------------------------------------------------
                                              7.750000   data required time
                                             -5.457811   data arrival time
---------------------------------------------------------------------------------------------
                                              2.292189   slack (MET)


Startpoint: opcode[1] (input port clocked by __VIRTUAL_CLK__)
Endpoint: result[2] (output port clocked by __VIRTUAL_CLK__)
Path Group: __VIRTUAL_CLK__
Path Type: max

Fanout         Cap        Slew       Delay        Time   Description
---------------------------------------------------------------------------------------------
                      0.000000    0.000000    0.000000   clock __VIRTUAL_CLK__ (rise edge)
                                  0.000000    0.000000   clock network delay (ideal)
                                  2.000000    2.000000 v input external delay
     1    0.002964    0.009011    0.004923    2.004923 v opcode[1] (in)
                                                         opcode[1] (net)
                      0.009011    0.000000    2.004923 v input18/A (sky130_fd_sc_hd__clkdlybuf4s25_1)
     2    0.006064    0.062768    0.259173    2.264096 v input18/X (sky130_fd_sc_hd__clkdlybuf4s25_1)
                                                         net18 (net)
                      0.062768    0.000014    2.264110 v fanout31/A (sky130_fd_sc_hd__clkdlybuf4s25_1)
    10    0.029203    0.219211    0.415360    2.679470 v fanout31/X (sky130_fd_sc_hd__clkdlybuf4s25_1)
                                                         net31 (net)
                      0.219211    0.000437    2.679907 v _097_/B (sky130_fd_sc_hd__or3b_2)
     4    0.032287    0.163616    0.654189    3.334096 v _097_/X (sky130_fd_sc_hd__or3b_2)
                                                         _032_ (net)
                      0.163616    0.000058    3.334154 v max_cap30/A (sky130_fd_sc_hd__buf_6)
     5    0.041783    0.049962    0.206126    3.540280 v max_cap30/X (sky130_fd_sc_hd__buf_6)
                                                         net30 (net)
                      0.049962    0.000228    3.540508 v _116_/B (sky130_fd_sc_hd__xor2_2)
     2    0.011523    0.187974    0.189689    3.730197 ^ _116_/X (sky130_fd_sc_hd__xor2_2)
                                                         _051_ (net)
                      0.187974    0.000037    3.730234 ^ _117_/A_N (sky130_fd_sc_hd__and2b_2)
     1    0.003512    0.037333    0.252028    3.982262 v _117_/X (sky130_fd_sc_hd__and2b_2)
                                                         _052_ (net)
                      0.037333    0.000023    3.982285 v _121_/B1 (sky130_fd_sc_hd__a21o_2)
     4    0.015837    0.063770    0.229604    4.211889 v _121_/X (sky130_fd_sc_hd__a21o_2)
                                                         _056_ (net)
                      0.063770    0.000103    4.211991 v _158_/A2 (sky130_fd_sc_hd__o21a_2)
     1    0.002990    0.033683    0.203516    4.415508 v _158_/X (sky130_fd_sc_hd__o21a_2)
                                                         _089_ (net)
                      0.033683    0.000010    4.415518 v _161_/A1 (sky130_fd_sc_hd__o32a_2)
     2    0.004229    0.059071    0.396255    4.811773 v _161_/X (sky130_fd_sc_hd__o32a_2)
                                                         net23 (net)
                      0.059071    0.000007    4.811779 v output23/A (sky130_fd_sc_hd__clkdlybuf4s25_1)
     1    0.034744    0.258635    0.444419    5.256199 v output23/X (sky130_fd_sc_hd__clkdlybuf4s25_1)
                                                         result[2] (net)
                      0.258635    0.000304    5.256503 v result[2] (out)
                                              5.256503   data arrival time

                      0.000000   10.000000   10.000000   clock __VIRTUAL_CLK__ (rise edge)
                                  0.000000   10.000000   clock network delay (ideal)
                                 -0.250000    9.750000   clock uncertainty
                                  0.000000    9.750000   clock reconvergence pessimism
                                 -2.000000    7.750000   output external delay
                                              7.750000   data required time
---------------------------------------------------------------------------------------------
                                              7.750000   data required time
                                             -5.256503   data arrival time
---------------------------------------------------------------------------------------------
                                              2.493497   slack (MET)


Startpoint: opcode[1] (input port clocked by __VIRTUAL_CLK__)
Endpoint: result[1] (output port clocked by __VIRTUAL_CLK__)
Path Group: __VIRTUAL_CLK__
Path Type: max

Fanout         Cap        Slew       Delay        Time   Description
---------------------------------------------------------------------------------------------
                      0.000000    0.000000    0.000000   clock __VIRTUAL_CLK__ (rise edge)
                                  0.000000    0.000000   clock network delay (ideal)
                                  2.000000    2.000000 v input external delay
     1    0.002964    0.009011    0.004923    2.004923 v opcode[1] (in)
                                                         opcode[1] (net)
                      0.009011    0.000000    2.004923 v input18/A (sky130_fd_sc_hd__clkdlybuf4s25_1)
     2    0.006064    0.062768    0.259173    2.264096 v input18/X (sky130_fd_sc_hd__clkdlybuf4s25_1)
                                                         net18 (net)
                      0.062768    0.000014    2.264110 v fanout31/A (sky130_fd_sc_hd__clkdlybuf4s25_1)
    10    0.029203    0.219211    0.415360    2.679470 v fanout31/X (sky130_fd_sc_hd__clkdlybuf4s25_1)
                                                         net31 (net)
                      0.219211    0.000437    2.679907 v _097_/B (sky130_fd_sc_hd__or3b_2)
     4    0.032287    0.163616    0.654189    3.334096 v _097_/X (sky130_fd_sc_hd__or3b_2)
                                                         _032_ (net)
                      0.163616    0.000058    3.334154 v max_cap30/A (sky130_fd_sc_hd__buf_6)
     5    0.041783    0.049962    0.206126    3.540280 v max_cap30/X (sky130_fd_sc_hd__buf_6)
                                                         net30 (net)
                      0.049962    0.000228    3.540508 v _116_/B (sky130_fd_sc_hd__xor2_2)
     2    0.011035    0.071608    0.167808    3.708316 v _116_/X (sky130_fd_sc_hd__xor2_2)
                                                         _051_ (net)
                      0.071608    0.000021    3.708337 v _118_/B (sky130_fd_sc_hd__xnor2_2)
     4    0.012176    0.208641    0.207065    3.915402 ^ _118_/Y (sky130_fd_sc_hd__xnor2_2)
                                                         _053_ (net)
                      0.208641    0.000014    3.915416 ^ _152_/A1 (sky130_fd_sc_hd__a21oi_2)
     1    0.002676    0.053939    0.076712    3.992128 v _152_/Y (sky130_fd_sc_hd__a21oi_2)
                                                         _084_ (net)
                      0.053939    0.000004    3.992132 v _153_/B1 (sky130_fd_sc_hd__o21a_2)
     1    0.002803    0.033068    0.118455    4.110587 v _153_/X (sky130_fd_sc_hd__o21a_2)
                                                         _085_ (net)
                      0.033068    0.000015    4.110602 v _156_/A (sky130_fd_sc_hd__or3_2)
     2    0.004665    0.084746    0.498404    4.609006 v _156_/X (sky130_fd_sc_hd__or3_2)
                                                         net22 (net)
                      0.084746    0.000012    4.609019 v output22/A (sky130_fd_sc_hd__clkdlybuf4s25_1)
     1    0.034500    0.256489    0.454931    5.063950 v output22/X (sky130_fd_sc_hd__clkdlybuf4s25_1)
                                                         result[1] (net)
                      0.256489    0.000170    5.064119 v result[1] (out)
                                              5.064119   data arrival time

                      0.000000   10.000000   10.000000   clock __VIRTUAL_CLK__ (rise edge)
                                  0.000000   10.000000   clock network delay (ideal)
                                 -0.250000    9.750000   clock uncertainty
                                  0.000000    9.750000   clock reconvergence pessimism
                                 -2.000000    7.750000   output external delay
                                              7.750000   data required time
---------------------------------------------------------------------------------------------
                                              7.750000   data required time
                                             -5.064119   data arrival time
---------------------------------------------------------------------------------------------
                                              2.685880   slack (MET)


Startpoint: opcode[1] (input port clocked by __VIRTUAL_CLK__)
Endpoint: result[0] (output port clocked by __VIRTUAL_CLK__)
Path Group: __VIRTUAL_CLK__
Path Type: max

Fanout         Cap        Slew       Delay        Time   Description
---------------------------------------------------------------------------------------------
                      0.000000    0.000000    0.000000   clock __VIRTUAL_CLK__ (rise edge)
                                  0.000000    0.000000   clock network delay (ideal)
                                  2.000000    2.000000 v input external delay
     1    0.002964    0.009011    0.004923    2.004923 v opcode[1] (in)
                                                         opcode[1] (net)
                      0.009011    0.000000    2.004923 v input18/A (sky130_fd_sc_hd__clkdlybuf4s25_1)
     2    0.006064    0.062768    0.259173    2.264096 v input18/X (sky130_fd_sc_hd__clkdlybuf4s25_1)
                                                         net18 (net)
                      0.062768    0.000014    2.264110 v fanout31/A (sky130_fd_sc_hd__clkdlybuf4s25_1)
    10    0.029203    0.219211    0.415360    2.679470 v fanout31/X (sky130_fd_sc_hd__clkdlybuf4s25_1)
                                                         net31 (net)
                      0.219211    0.000443    2.679913 v _095_/B (sky130_fd_sc_hd__and2_2)
     8    0.028858    0.091825    0.348508    3.028421 v _095_/X (sky130_fd_sc_hd__and2_2)
                                                         _030_ (net)
                      0.091825    0.000058    3.028480 v _150_/B1 (sky130_fd_sc_hd__a31o_2)
     1    0.002664    0.037050    0.234670    3.263150 v _150_/X (sky130_fd_sc_hd__a31o_2)
                                                         _083_ (net)
                      0.037050    0.000007    3.263157 v _151_/A3 (sky130_fd_sc_hd__o32a_2)
     2    0.004688    0.059265    0.339044    3.602201 v _151_/X (sky130_fd_sc_hd__o32a_2)
                                                         net21 (net)
                      0.059265    0.000014    3.602215 v output21/A (sky130_fd_sc_hd__clkdlybuf4s25_1)
     1    0.034369    0.255911    0.442560    4.044775 v output21/X (sky130_fd_sc_hd__clkdlybuf4s25_1)
                                                         result[0] (net)
                      0.255911    0.000138    4.044912 v result[0] (out)
                                              4.044912   data arrival time

                      0.000000   10.000000   10.000000   clock __VIRTUAL_CLK__ (rise edge)
                                  0.000000   10.000000   clock network delay (ideal)
                                 -0.250000    9.750000   clock uncertainty
                                  0.000000    9.750000   clock reconvergence pessimism
                                 -2.000000    7.750000   output external delay
                                              7.750000   data required time
---------------------------------------------------------------------------------------------
                                              7.750000   data required time
                                             -4.044912   data arrival time
---------------------------------------------------------------------------------------------
                                              3.705087   slack (MET)



%OL_END_REPORT
%OL_CREATE_REPORT checks.rpt

===========================================================================
report_checks -unconstrained
===========================================================================
======================= nom_tt_025C_1v80 Corner ===================================

Startpoint: opcode[1] (input port clocked by __VIRTUAL_CLK__)
Endpoint: overflow (output port clocked by __VIRTUAL_CLK__)
Path Group: __VIRTUAL_CLK__
Path Type: max

Fanout         Cap        Slew       Delay        Time   Description
---------------------------------------------------------------------------------------------
                      0.000000    0.000000    0.000000   clock __VIRTUAL_CLK__ (rise edge)
                                  0.000000    0.000000   clock network delay (ideal)
                                  2.000000    2.000000 v input external delay
     1    0.002964    0.009011    0.004923    2.004923 v opcode[1] (in)
                                                         opcode[1] (net)
                      0.009011    0.000000    2.004923 v input18/A (sky130_fd_sc_hd__clkdlybuf4s25_1)
     2    0.006064    0.062768    0.259173    2.264096 v input18/X (sky130_fd_sc_hd__clkdlybuf4s25_1)
                                                         net18 (net)
                      0.062768    0.000014    2.264110 v fanout31/A (sky130_fd_sc_hd__clkdlybuf4s25_1)
    10    0.029203    0.219211    0.415360    2.679470 v fanout31/X (sky130_fd_sc_hd__clkdlybuf4s25_1)
                                                         net31 (net)
                      0.219211    0.000437    2.679907 v _097_/B (sky130_fd_sc_hd__or3b_2)
     4    0.032287    0.163616    0.654189    3.334096 v _097_/X (sky130_fd_sc_hd__or3b_2)
                                                         _032_ (net)
                      0.163616    0.000058    3.334154 v max_cap30/A (sky130_fd_sc_hd__buf_6)
     5    0.041783    0.049962    0.206126    3.540280 v max_cap30/X (sky130_fd_sc_hd__buf_6)
                                                         net30 (net)
                      0.049962    0.000228    3.540508 v _116_/B (sky130_fd_sc_hd__xor2_2)
     2    0.011523    0.187974    0.189689    3.730197 ^ _116_/X (sky130_fd_sc_hd__xor2_2)
                                                         _051_ (net)
                      0.187974    0.000037    3.730234 ^ _117_/A_N (sky130_fd_sc_hd__and2b_2)
     1    0.003512    0.037333    0.252028    3.982262 v _117_/X (sky130_fd_sc_hd__and2b_2)
                                                         _052_ (net)
                      0.037333    0.000023    3.982285 v _121_/B1 (sky130_fd_sc_hd__a21o_2)
     4    0.015837    0.063770    0.229604    4.211889 v _121_/X (sky130_fd_sc_hd__a21o_2)
                                                         _056_ (net)
                      0.063770    0.000117    4.212006 v _125_/A2 (sky130_fd_sc_hd__a31o_2)
     3    0.009616    0.053679    0.269513    4.481519 v _125_/X (sky130_fd_sc_hd__a31o_2)
                                                         _060_ (net)
                      0.053679    0.000084    4.481603 v _127_/A2 (sky130_fd_sc_hd__a2111o_2)
     2    0.005443    0.070319    0.495318    4.976921 v _127_/X (sky130_fd_sc_hd__a2111o_2)
                                                         _062_ (net)
                      0.070319    0.000029    4.976950 v _141_/B (sky130_fd_sc_hd__and3_2)
     1    0.001971    0.035356    0.203931    5.180881 v _141_/X (sky130_fd_sc_hd__and3_2)
                                                         _076_ (net)
                      0.035356    0.000005    5.180887 v _142_/C (sky130_fd_sc_hd__or4b_2)
     3    0.009645    0.131591    0.681435    5.862321 v _142_/X (sky130_fd_sc_hd__or4b_2)
                                                         _077_ (net)
                      0.131591    0.000031    5.862352 v _145_/A2 (sky130_fd_sc_hd__a21o_2)
     1    0.002137    0.031517    0.244465    6.106817 v _145_/X (sky130_fd_sc_hd__a21o_2)
                                                         _079_ (net)
                      0.031517    0.000008    6.106824 v _146_/C (sky130_fd_sc_hd__and3_2)
     1    0.002986    0.037554    0.205961    6.312786 v _146_/X (sky130_fd_sc_hd__and3_2)
                                                         net20 (net)
                      0.037554    0.000015    6.312801 v output20/A (sky130_fd_sc_hd__clkdlybuf4s25_1)
     1    0.034235    0.254843    0.431987    6.744788 v output20/X (sky130_fd_sc_hd__clkdlybuf4s25_1)
                                                         overflow (net)
                      0.254843    0.000135    6.744924 v overflow (out)
                                              6.744924   data arrival time

                      0.000000   10.000000   10.000000   clock __VIRTUAL_CLK__ (rise edge)
                                  0.000000   10.000000   clock network delay (ideal)
                                 -0.250000    9.750000   clock uncertainty
                                  0.000000    9.750000   clock reconvergence pessimism
                                 -2.000000    7.750000   output external delay
                                              7.750000   data required time
---------------------------------------------------------------------------------------------
                                              7.750000   data required time
                                             -6.744924   data arrival time
---------------------------------------------------------------------------------------------
                                              1.005077   slack (MET)




===========================================================================
report_checks --slack_max -0.01
============================================================================
======================= nom_tt_025C_1v80 Corner ===================================

No paths found.


===========================================================================
 report_check_types -max_slew -max_cap -max_fanout -violators
============================================================================
======================= nom_tt_025C_1v80 Corner ===================================



===========================================================================
report_parasitic_annotation -report_unannotated
============================================================================
Found 0 unannotated drivers.
Found 0 partially unannotated drivers.

===========================================================================
max slew violation count 0
Writing metric design__max_slew_violation__count__corner:nom_tt_025C_1v80: 0
max fanout violation count 0
Writing metric design__max_fanout_violation__count__corner:nom_tt_025C_1v80: 0
max cap violation count 0
Writing metric design__max_cap_violation__count__corner:nom_tt_025C_1v80: 0
============================================================================

===========================================================================
check_setup -verbose -unconstrained_endpoints -multiple_clock -no_clock -no_input_delay -loops -generated_clocks
===========================================================================
%OL_END_REPORT
%OL_CREATE_REPORT power.rpt

===========================================================================
 report_power
============================================================================
======================= nom_tt_025C_1v80 Corner ===================================

Group                    Internal    Switching      Leakage        Total
                            Power        Power        Power        Power (Watts)
------------------------------------------------------------------------
Sequential           0.000000e+00 0.000000e+00 0.000000e+00 0.000000e+00   0.0%
Combinational        3.961103e-05 4.023795e-05 4.925855e-10 7.984947e-05 100.0%
Clock                0.000000e+00 0.000000e+00 1.036812e-10 1.036812e-10   0.0%
Macro                0.000000e+00 0.000000e+00 0.000000e+00 0.000000e+00   0.0%
Pad                  0.000000e+00 0.000000e+00 0.000000e+00 0.000000e+00   0.0%
------------------------------------------------------------------------
Total                3.961103e-05 4.023795e-05 5.962675e-10 7.984957e-05 100.0%
                            49.6%        50.4%         0.0%
Writing metric power__internal__total: 3.9611033571418375e-5
Writing metric power__switching__total: 4.0237948269350454e-5
Writing metric power__leakage__total: 5.962674798354328e-10
Writing metric power__total: 7.984957483131438e-5

%OL_END_REPORT
%OL_CREATE_REPORT skew.min.rpt

===========================================================================
Clock Skew (Hold)
============================================================================
Writing metric clock__skew__worst_hold__corner:nom_tt_025C_1v80: 0.0
======================= nom_tt_025C_1v80 Corner ===================================

Clock __VIRTUAL_CLK__
No launch/capture paths found.

%OL_END_REPORT
%OL_CREATE_REPORT skew.max.rpt

===========================================================================
Clock Skew (Setup)
============================================================================
Writing metric clock__skew__worst_setup__corner:nom_tt_025C_1v80: 0.0
======================= nom_tt_025C_1v80 Corner ===================================

Clock __VIRTUAL_CLK__
No launch/capture paths found.

%OL_END_REPORT
%OL_CREATE_REPORT ws.min.rpt

===========================================================================
Worst Slack (Hold)
============================================================================
Writing metric timing__hold__ws__corner:nom_tt_025C_1v80: 4.598754396344524
nom_tt_025C_1v80: 4.598754396344524
%OL_END_REPORT
%OL_CREATE_REPORT ws.max.rpt

===========================================================================
Worst Slack (Setup)
============================================================================
Writing metric timing__setup__ws__corner:nom_tt_025C_1v80: 1.0050764949236717
nom_tt_025C_1v80: 1.0050764949236717
%OL_END_REPORT
%OL_CREATE_REPORT tns.min.rpt

===========================================================================
Total Negative Slack (Hold)
============================================================================
Writing metric timing__hold__tns__corner:nom_tt_025C_1v80: 0.0
nom_tt_025C_1v80: 0.0
%OL_END_REPORT
%OL_CREATE_REPORT tns.max.rpt

===========================================================================
Total Negative Slack (Setup)
============================================================================
Writing metric timing__setup__tns__corner:nom_tt_025C_1v80: 0.0
nom_tt_025C_1v80: 0.0
%OL_END_REPORT
%OL_CREATE_REPORT wns.min.rpt

===========================================================================
Worst Negative Slack (Hold)
============================================================================
Writing metric timing__hold__wns__corner:nom_tt_025C_1v80: 0
nom_tt_025C_1v80: 0
%OL_END_REPORT
%OL_CREATE_REPORT wns.max.rpt

===========================================================================
Worst Negative Slack (Setup)
============================================================================
Writing metric timing__setup__wns__corner:nom_tt_025C_1v80: 0.0
nom_tt_025C_1v80: 0.0
%OL_END_REPORT
%OL_CREATE_REPORT violator_list.rpt

===========================================================================
Violator List
============================================================================
Writing metric timing__hold_vio__count__corner:nom_tt_025C_1v80: 0
Writing metric timing__hold_r2r__ws__corner:nom_tt_025C_1v80: 1e30
Writing metric timing__hold_r2r_vio__count__corner:nom_tt_025C_1v80: 0
Writing metric timing__setup_vio__count__corner:nom_tt_025C_1v80: 0
Writing metric timing__setup_r2r__ws__corner:nom_tt_025C_1v80: 1e30
Writing metric timing__setup_r2r_vio__count__corner:nom_tt_025C_1v80: 0
%OL_END_REPORT
%OL_CREATE_REPORT unpropagated.rpt
__VIRTUAL_CLK__
%OL_END_REPORT
%OL_CREATE_REPORT clock.rpt
Clock: __VIRTUAL_CLK__
Sources: 
Generated: no
Virtual: yes
Propagated: no
Period: 10.000000

===========================================================================
report_clock_properties
============================================================================
Clock                   Period          Waveform
----------------------------------------------------
__VIRTUAL_CLK__      10.000000    0.000000  5.000000

===========================================================================
report_clock_latency
============================================================================
Clock __VIRTUAL_CLK__


===========================================================================
report_clock_min_period
============================================================================
__VIRTUAL_CLK__ period_min = 0.00 fmax = inf
%OL_END_REPORT
