
===========================================================================
 report_power
============================================================================
======================= nom_tt_025C_1v80 Corner ===================================

Group                    Internal    Switching      Leakage        Total
                            Power        Power        Power        Power (Watts)
------------------------------------------------------------------------
Sequential           0.000000e+00 0.000000e+00 0.000000e+00 0.000000e+00   0.0%
Combinational        3.961103e-05 4.023795e-05 4.925855e-10 7.984947e-05 100.0%
Clock                0.000000e+00 0.000000e+00 1.036812e-10 1.036812e-10   0.0%
Macro                0.000000e+00 0.000000e+00 0.000000e+00 0.000000e+00   0.0%
Pad                  0.000000e+00 0.000000e+00 0.000000e+00 0.000000e+00   0.0%
------------------------------------------------------------------------
Total                3.961103e-05 4.023795e-05 5.962675e-10 7.984957e-05 100.0%
                            49.6%        50.4%         0.0%
Writing metric power__internal__total: 3.9611033571418375e-5
Writing metric power__switching__total: 4.0237948269350454e-5
Writing metric power__leakage__total: 5.962674798354328e-10
Writing metric power__total: 7.984957483131438e-5

