
===========================================================================
report_checks -path_delay max (Setup)
============================================================================
======================= nom_ff_n40C_1v95 Corner ===================================

Startpoint: opcode[1] (input port clocked by __VIRTUAL_CLK__)
Endpoint: zero (output port clocked by __VIRTUAL_CLK__)
Path Group: __VIRTUAL_CLK__
Path Type: max

Fanout         Cap        Slew       Delay        Time   Description
---------------------------------------------------------------------------------------------
                      0.000000    0.000000    0.000000   clock __VIRTUAL_CLK__ (rise edge)
                                  0.000000    0.000000   clock network delay (ideal)
                                  2.000000    2.000000 v input external delay
    17    0.044507    0.068756    0.050524    2.050524 v opcode[1] (in)
                                                         opcode[1] (net)
                      0.068756    0.000000    2.050524 v _097_/B (sky130_fd_sc_hd__or3b_2)
     8    0.058695    0.152158    0.404391    2.454914 v _097_/X (sky130_fd_sc_hd__or3b_2)
                                                         _032_ (net)
                      0.152158    0.000000    2.454914 v _116_/B (sky130_fd_sc_hd__xor2_2)
     2    0.009591    0.085476    0.151696    2.606611 v _116_/X (sky130_fd_sc_hd__xor2_2)
                                                         _051_ (net)
                      0.085476    0.000000    2.606611 v _118_/B (sky130_fd_sc_hd__xnor2_2)
     4    0.010595    0.050245    0.120628    2.727238 v _118_/Y (sky130_fd_sc_hd__xnor2_2)
                                                         _053_ (net)
                      0.050245    0.000000    2.727238 v _121_/A1 (sky130_fd_sc_hd__a21o_2)
     4    0.013754    0.045404    0.152562    2.879801 v _121_/X (sky130_fd_sc_hd__a21o_2)
                                                         _056_ (net)
                      0.045404    0.000000    2.879801 v _125_/A2 (sky130_fd_sc_hd__a31o_2)
     3    0.007909    0.038326    0.168077    3.047878 v _125_/X (sky130_fd_sc_hd__a31o_2)
                                                         _060_ (net)
                      0.038326    0.000000    3.047878 v _127_/A2 (sky130_fd_sc_hd__a2111o_2)
     2    0.003797    0.045868    0.295056    3.342934 v _127_/X (sky130_fd_sc_hd__a2111o_2)
                                                         _062_ (net)
                      0.045868    0.000000    3.342934 v _141_/B (sky130_fd_sc_hd__and3_2)
     1    0.001449    0.024764    0.123014    3.465947 v _141_/X (sky130_fd_sc_hd__and3_2)
                                                         _076_ (net)
                      0.024764    0.000000    3.465947 v _142_/C (sky130_fd_sc_hd__or4b_2)
     3    0.008803    0.083510    0.378125    3.844072 v _142_/X (sky130_fd_sc_hd__or4b_2)
                                                         _077_ (net)
                      0.083510    0.000000    3.844072 v _144_/B1 (sky130_fd_sc_hd__o21a_2)
     2    0.037502    0.078595    0.148219    3.992291 v _144_/X (sky130_fd_sc_hd__o21a_2)
                                                         result[7] (net)
                      0.078595    0.000000    3.992291 v _193_/C1 (sky130_fd_sc_hd__a211oi_2)
     1    0.033442    0.444684    0.297069    4.289360 ^ _193_/Y (sky130_fd_sc_hd__a211oi_2)
                                                         zero (net)
                      0.444684    0.000000    4.289360 ^ zero (out)
                                              4.289360   data arrival time

                      0.000000   10.000000   10.000000   clock __VIRTUAL_CLK__ (rise edge)
                                  0.000000   10.000000   clock network delay (ideal)
                                 -0.250000    9.750000   clock uncertainty
                                  0.000000    9.750000   clock reconvergence pessimism
                                 -2.000000    7.750000   output external delay
                                              7.750000   data required time
---------------------------------------------------------------------------------------------
                                              7.750000   data required time
                                             -4.289360   data arrival time
---------------------------------------------------------------------------------------------
                                              3.460640   slack (MET)


Startpoint: opcode[1] (input port clocked by __VIRTUAL_CLK__)
Endpoint: overflow (output port clocked by __VIRTUAL_CLK__)
Path Group: __VIRTUAL_CLK__
Path Type: max

Fanout         Cap        Slew       Delay        Time   Description
---------------------------------------------------------------------------------------------
                      0.000000    0.000000    0.000000   clock __VIRTUAL_CLK__ (rise edge)
                                  0.000000    0.000000   clock network delay (ideal)
                                  2.000000    2.000000 v input external delay
    17    0.044507    0.068756    0.050524    2.050524 v opcode[1] (in)
                                                         opcode[1] (net)
                      0.068756    0.000000    2.050524 v _097_/B (sky130_fd_sc_hd__or3b_2)
     8    0.058695    0.152158    0.404391    2.454914 v _097_/X (sky130_fd_sc_hd__or3b_2)
                                                         _032_ (net)
                      0.152158    0.000000    2.454914 v _116_/B (sky130_fd_sc_hd__xor2_2)
     2    0.009591    0.085476    0.151696    2.606611 v _116_/X (sky130_fd_sc_hd__xor2_2)
                                                         _051_ (net)
                      0.085476    0.000000    2.606611 v _118_/B (sky130_fd_sc_hd__xnor2_2)
     4    0.010595    0.050245    0.120628    2.727238 v _118_/Y (sky130_fd_sc_hd__xnor2_2)
                                                         _053_ (net)
                      0.050245    0.000000    2.727238 v _121_/A1 (sky130_fd_sc_hd__a21o_2)
     4    0.013754    0.045404    0.152562    2.879801 v _121_/X (sky130_fd_sc_hd__a21o_2)
                                                         _056_ (net)
                      0.045404    0.000000    2.879801 v _125_/A2 (sky130_fd_sc_hd__a31o_2)
     3    0.007909    0.038326    0.168077    3.047878 v _125_/X (sky130_fd_sc_hd__a31o_2)
                                                         _060_ (net)
                      0.038326    0.000000    3.047878 v _127_/A2 (sky130_fd_sc_hd__a2111o_2)
     2    0.003797    0.045868    0.295056    3.342934 v _127_/X (sky130_fd_sc_hd__a2111o_2)
                                                         _062_ (net)
                      0.045868    0.000000    3.342934 v _141_/B (sky130_fd_sc_hd__and3_2)
     1    0.001449    0.024764    0.123014    3.465947 v _141_/X (sky130_fd_sc_hd__and3_2)
                                                         _076_ (net)
                      0.024764    0.000000    3.465947 v _142_/C (sky130_fd_sc_hd__or4b_2)
     3    0.008803    0.083510    0.378125    3.844072 v _142_/X (sky130_fd_sc_hd__or4b_2)
                                                         _077_ (net)
                      0.083510    0.000000    3.844072 v _145_/A2 (sky130_fd_sc_hd__a21o_2)
     1    0.001548    0.022118    0.149567    3.993639 v _145_/X (sky130_fd_sc_hd__a21o_2)
                                                         _079_ (net)
                      0.022118    0.000000    3.993639 v _146_/C (sky130_fd_sc_hd__and3_2)
     1    0.033442    0.075110    0.189493    4.183132 v _146_/X (sky130_fd_sc_hd__and3_2)
                                                         overflow (net)
                      0.075110    0.000000    4.183132 v overflow (out)
                                              4.183132   data arrival time

                      0.000000   10.000000   10.000000   clock __VIRTUAL_CLK__ (rise edge)
                                  0.000000   10.000000   clock network delay (ideal)
                                 -0.250000    9.750000   clock uncertainty
                                  0.000000    9.750000   clock reconvergence pessimism
                                 -2.000000    7.750000   output external delay
                                              7.750000   data required time
---------------------------------------------------------------------------------------------
                                              7.750000   data required time
                                             -4.183132   data arrival time
---------------------------------------------------------------------------------------------
                                              3.566868   slack (MET)


Startpoint: opcode[1] (input port clocked by __VIRTUAL_CLK__)
Endpoint: result[7] (output port clocked by __VIRTUAL_CLK__)
Path Group: __VIRTUAL_CLK__
Path Type: max

Fanout         Cap        Slew       Delay        Time   Description
---------------------------------------------------------------------------------------------
                      0.000000    0.000000    0.000000   clock __VIRTUAL_CLK__ (rise edge)
                                  0.000000    0.000000   clock network delay (ideal)
                                  2.000000    2.000000 v input external delay
    17    0.044507    0.068756    0.050524    2.050524 v opcode[1] (in)
                                                         opcode[1] (net)
                      0.068756    0.000000    2.050524 v _097_/B (sky130_fd_sc_hd__or3b_2)
     8    0.058695    0.152158    0.404391    2.454914 v _097_/X (sky130_fd_sc_hd__or3b_2)
                                                         _032_ (net)
                      0.152158    0.000000    2.454914 v _116_/B (sky130_fd_sc_hd__xor2_2)
     2    0.009591    0.085476    0.151696    2.606611 v _116_/X (sky130_fd_sc_hd__xor2_2)
                                                         _051_ (net)
                      0.085476    0.000000    2.606611 v _118_/B (sky130_fd_sc_hd__xnor2_2)
     4    0.010595    0.050245    0.120628    2.727238 v _118_/Y (sky130_fd_sc_hd__xnor2_2)
                                                         _053_ (net)
                      0.050245    0.000000    2.727238 v _121_/A1 (sky130_fd_sc_hd__a21o_2)
     4    0.013754    0.045404    0.152562    2.879801 v _121_/X (sky130_fd_sc_hd__a21o_2)
                                                         _056_ (net)
                      0.045404    0.000000    2.879801 v _125_/A2 (sky130_fd_sc_hd__a31o_2)
     3    0.007909    0.038326    0.168077    3.047878 v _125_/X (sky130_fd_sc_hd__a31o_2)
                                                         _060_ (net)
                      0.038326    0.000000    3.047878 v _127_/A2 (sky130_fd_sc_hd__a2111o_2)
     2    0.003797    0.045868    0.295056    3.342934 v _127_/X (sky130_fd_sc_hd__a2111o_2)
                                                         _062_ (net)
                      0.045868    0.000000    3.342934 v _141_/B (sky130_fd_sc_hd__and3_2)
     1    0.001449    0.024764    0.123014    3.465947 v _141_/X (sky130_fd_sc_hd__and3_2)
                                                         _076_ (net)
                      0.024764    0.000000    3.465947 v _142_/C (sky130_fd_sc_hd__or4b_2)
     3    0.008803    0.083510    0.378125    3.844072 v _142_/X (sky130_fd_sc_hd__or4b_2)
                                                         _077_ (net)
                      0.083510    0.000000    3.844072 v _144_/B1 (sky130_fd_sc_hd__o21a_2)
     2    0.037502    0.078595    0.148219    3.992291 v _144_/X (sky130_fd_sc_hd__o21a_2)
                                                         result[7] (net)
                      0.078595    0.000000    3.992291 v result[7] (out)
                                              3.992291   data arrival time

                      0.000000   10.000000   10.000000   clock __VIRTUAL_CLK__ (rise edge)
                                  0.000000   10.000000   clock network delay (ideal)
                                 -0.250000    9.750000   clock uncertainty
                                  0.000000    9.750000   clock reconvergence pessimism
                                 -2.000000    7.750000   output external delay
                                              7.750000   data required time
---------------------------------------------------------------------------------------------
                                              7.750000   data required time
                                             -3.992291   data arrival time
---------------------------------------------------------------------------------------------
                                              3.757709   slack (MET)


Startpoint: opcode[1] (input port clocked by __VIRTUAL_CLK__)
Endpoint: result[5] (output port clocked by __VIRTUAL_CLK__)
Path Group: __VIRTUAL_CLK__
Path Type: max

Fanout         Cap        Slew       Delay        Time   Description
---------------------------------------------------------------------------------------------
                      0.000000    0.000000    0.000000   clock __VIRTUAL_CLK__ (rise edge)
                                  0.000000    0.000000   clock network delay (ideal)
                                  2.000000    2.000000 v input external delay
    17    0.044507    0.068756    0.050524    2.050524 v opcode[1] (in)
                                                         opcode[1] (net)
                      0.068756    0.000000    2.050524 v _097_/B (sky130_fd_sc_hd__or3b_2)
     8    0.058695    0.152158    0.404391    2.454914 v _097_/X (sky130_fd_sc_hd__or3b_2)
                                                         _032_ (net)
                      0.152158    0.000000    2.454914 v _116_/B (sky130_fd_sc_hd__xor2_2)
     2    0.009591    0.085476    0.151696    2.606611 v _116_/X (sky130_fd_sc_hd__xor2_2)
                                                         _051_ (net)
                      0.085476    0.000000    2.606611 v _118_/B (sky130_fd_sc_hd__xnor2_2)
     4    0.010595    0.050245    0.120628    2.727238 v _118_/Y (sky130_fd_sc_hd__xnor2_2)
                                                         _053_ (net)
                      0.050245    0.000000    2.727238 v _121_/A1 (sky130_fd_sc_hd__a21o_2)
     4    0.013754    0.045404    0.152562    2.879801 v _121_/X (sky130_fd_sc_hd__a21o_2)
                                                         _056_ (net)
                      0.045404    0.000000    2.879801 v _125_/A2 (sky130_fd_sc_hd__a31o_2)
     3    0.007909    0.038326    0.168077    3.047878 v _125_/X (sky130_fd_sc_hd__a31o_2)
                                                         _060_ (net)
                      0.038326    0.000000    3.047878 v _126_/B (sky130_fd_sc_hd__and2_2)
     3    0.010526    0.040464    0.140967    3.188844 v _126_/X (sky130_fd_sc_hd__and2_2)
                                                         _061_ (net)
                      0.040464    0.000000    3.188844 v _176_/A2 (sky130_fd_sc_hd__o31a_2)
     1    0.002207    0.034790    0.198513    3.387358 v _176_/X (sky130_fd_sc_hd__o31a_2)
                                                         _012_ (net)
                      0.034790    0.000000    3.387358 v _179_/A2 (sky130_fd_sc_hd__a21o_2)
     2    0.003781    0.027336    0.139196    3.526554 v _179_/X (sky130_fd_sc_hd__a21o_2)
                                                         _015_ (net)
                      0.027336    0.000000    3.526554 v _180_/B (sky130_fd_sc_hd__and2_2)
     1    0.033442    0.072625    0.174598    3.701152 v _180_/X (sky130_fd_sc_hd__and2_2)
                                                         result[5] (net)
                      0.072625    0.000000    3.701152 v result[5] (out)
                                              3.701152   data arrival time

                      0.000000   10.000000   10.000000   clock __VIRTUAL_CLK__ (rise edge)
                                  0.000000   10.000000   clock network delay (ideal)
                                 -0.250000    9.750000   clock uncertainty
                                  0.000000    9.750000   clock reconvergence pessimism
                                 -2.000000    7.750000   output external delay
                                              7.750000   data required time
---------------------------------------------------------------------------------------------
                                              7.750000   data required time
                                             -3.701152   data arrival time
---------------------------------------------------------------------------------------------
                                              4.048848   slack (MET)


Startpoint: opcode[1] (input port clocked by __VIRTUAL_CLK__)
Endpoint: result[6] (output port clocked by __VIRTUAL_CLK__)
Path Group: __VIRTUAL_CLK__
Path Type: max

Fanout         Cap        Slew       Delay        Time   Description
---------------------------------------------------------------------------------------------
                      0.000000    0.000000    0.000000   clock __VIRTUAL_CLK__ (rise edge)
                                  0.000000    0.000000   clock network delay (ideal)
                                  2.000000    2.000000 v input external delay
    17    0.044507    0.068756    0.050524    2.050524 v opcode[1] (in)
                                                         opcode[1] (net)
                      0.068756    0.000000    2.050524 v _097_/B (sky130_fd_sc_hd__or3b_2)
     8    0.058695    0.152158    0.404391    2.454914 v _097_/X (sky130_fd_sc_hd__or3b_2)
                                                         _032_ (net)
                      0.152158    0.000000    2.454914 v _116_/B (sky130_fd_sc_hd__xor2_2)
     2    0.009591    0.085476    0.151696    2.606611 v _116_/X (sky130_fd_sc_hd__xor2_2)
                                                         _051_ (net)
                      0.085476    0.000000    2.606611 v _118_/B (sky130_fd_sc_hd__xnor2_2)
     4    0.010595    0.050245    0.120628    2.727238 v _118_/Y (sky130_fd_sc_hd__xnor2_2)
                                                         _053_ (net)
                      0.050245    0.000000    2.727238 v _121_/A1 (sky130_fd_sc_hd__a21o_2)
     4    0.013754    0.045404    0.152562    2.879801 v _121_/X (sky130_fd_sc_hd__a21o_2)
                                                         _056_ (net)
                      0.045404    0.000000    2.879801 v _125_/A2 (sky130_fd_sc_hd__a31o_2)
     3    0.007909    0.038326    0.168077    3.047878 v _125_/X (sky130_fd_sc_hd__a31o_2)
                                                         _060_ (net)
                      0.038326    0.000000    3.047878 v _126_/B (sky130_fd_sc_hd__and2_2)
     3    0.010526    0.040464    0.140967    3.188844 v _126_/X (sky130_fd_sc_hd__and2_2)
                                                         _061_ (net)
                      0.040464    0.000000    3.188844 v _175_/A2 (sky130_fd_sc_hd__o21ai_2)
     3    0.009478    0.110841    0.111526    3.300370 ^ _175_/Y (sky130_fd_sc_hd__o21ai_2)
                                                         _011_ (net)
                      0.110841    0.000000    3.300370 ^ _185_/B (sky130_fd_sc_hd__nand3_2)
     1    0.002260    0.036270    0.042951    3.343322 v _185_/Y (sky130_fd_sc_hd__nand3_2)
                                                         _020_ (net)
                      0.036270    0.000000    3.343322 v _189_/A3 (sky130_fd_sc_hd__a31o_2)
     2    0.005677    0.034342    0.167019    3.510340 v _189_/X (sky130_fd_sc_hd__a31o_2)
                                                         _024_ (net)
                      0.034342    0.000000    3.510340 v _190_/B (sky130_fd_sc_hd__and2_2)
     1    0.033442    0.072665    0.177439    3.687779 v _190_/X (sky130_fd_sc_hd__and2_2)
                                                         result[6] (net)
                      0.072665    0.000000    3.687779 v result[6] (out)
                                              3.687779   data arrival time

                      0.000000   10.000000   10.000000   clock __VIRTUAL_CLK__ (rise edge)
                                  0.000000   10.000000   clock network delay (ideal)
                                 -0.250000    9.750000   clock uncertainty
                                  0.000000    9.750000   clock reconvergence pessimism
                                 -2.000000    7.750000   output external delay
                                              7.750000   data required time
---------------------------------------------------------------------------------------------
                                              7.750000   data required time
                                             -3.687779   data arrival time
---------------------------------------------------------------------------------------------
                                              4.062221   slack (MET)


Startpoint: opcode[1] (input port clocked by __VIRTUAL_CLK__)
Endpoint: result[4] (output port clocked by __VIRTUAL_CLK__)
Path Group: __VIRTUAL_CLK__
Path Type: max

Fanout         Cap        Slew       Delay        Time   Description
---------------------------------------------------------------------------------------------
                      0.000000    0.000000    0.000000   clock __VIRTUAL_CLK__ (rise edge)
                                  0.000000    0.000000   clock network delay (ideal)
                                  2.000000    2.000000 v input external delay
    17    0.044507    0.068756    0.050524    2.050524 v opcode[1] (in)
                                                         opcode[1] (net)
                      0.068756    0.000000    2.050524 v _097_/B (sky130_fd_sc_hd__or3b_2)
     8    0.058695    0.152158    0.404391    2.454914 v _097_/X (sky130_fd_sc_hd__or3b_2)
                                                         _032_ (net)
                      0.152158    0.000000    2.454914 v _116_/B (sky130_fd_sc_hd__xor2_2)
     2    0.009591    0.085476    0.151696    2.606611 v _116_/X (sky130_fd_sc_hd__xor2_2)
                                                         _051_ (net)
                      0.085476    0.000000    2.606611 v _118_/B (sky130_fd_sc_hd__xnor2_2)
     4    0.010595    0.050245    0.120628    2.727238 v _118_/Y (sky130_fd_sc_hd__xnor2_2)
                                                         _053_ (net)
                      0.050245    0.000000    2.727238 v _121_/A1 (sky130_fd_sc_hd__a21o_2)
     4    0.013754    0.045404    0.152562    2.879801 v _121_/X (sky130_fd_sc_hd__a21o_2)
                                                         _056_ (net)
                      0.045404    0.000000    2.879801 v _125_/A2 (sky130_fd_sc_hd__a31o_2)
     3    0.007909    0.038326    0.168077    3.047878 v _125_/X (sky130_fd_sc_hd__a31o_2)
                                                         _060_ (net)
                      0.038326    0.000000    3.047878 v _168_/A2 (sky130_fd_sc_hd__o21ai_2)
     1    0.004773    0.076086    0.084203    3.132081 ^ _168_/Y (sky130_fd_sc_hd__o21ai_2)
                                                         _005_ (net)
                      0.076086    0.000000    3.132081 ^ _169_/B (sky130_fd_sc_hd__nor2_2)
     1    0.002239    0.019865    0.016883    3.148964 v _169_/Y (sky130_fd_sc_hd__nor2_2)
                                                         _006_ (net)
                      0.019865    0.000000    3.148964 v _172_/A1 (sky130_fd_sc_hd__o32a_2)
     2    0.035752    0.091863    0.297163    3.446127 v _172_/X (sky130_fd_sc_hd__o32a_2)
                                                         result[4] (net)
                      0.091863    0.000000    3.446127 v result[4] (out)
                                              3.446127   data arrival time

                      0.000000   10.000000   10.000000   clock __VIRTUAL_CLK__ (rise edge)
                                  0.000000   10.000000   clock network delay (ideal)
                                 -0.250000    9.750000   clock uncertainty
                                  0.000000    9.750000   clock reconvergence pessimism
                                 -2.000000    7.750000   output external delay
                                              7.750000   data required time
---------------------------------------------------------------------------------------------
                                              7.750000   data required time
                                             -3.446127   data arrival time
---------------------------------------------------------------------------------------------
                                              4.303874   slack (MET)


Startpoint: opcode[1] (input port clocked by __VIRTUAL_CLK__)
Endpoint: result[3] (output port clocked by __VIRTUAL_CLK__)
Path Group: __VIRTUAL_CLK__
Path Type: max

Fanout         Cap        Slew       Delay        Time   Description
---------------------------------------------------------------------------------------------
                      0.000000    0.000000    0.000000   clock __VIRTUAL_CLK__ (rise edge)
                                  0.000000    0.000000   clock network delay (ideal)
                                  2.000000    2.000000 v input external delay
    17    0.044507    0.068756    0.050524    2.050524 v opcode[1] (in)
                                                         opcode[1] (net)
                      0.068756    0.000000    2.050524 v _097_/B (sky130_fd_sc_hd__or3b_2)
     8    0.058695    0.152158    0.404391    2.454914 v _097_/X (sky130_fd_sc_hd__or3b_2)
                                                         _032_ (net)
                      0.152158    0.000000    2.454914 v _116_/B (sky130_fd_sc_hd__xor2_2)
     2    0.009591    0.085476    0.151696    2.606611 v _116_/X (sky130_fd_sc_hd__xor2_2)
                                                         _051_ (net)
                      0.085476    0.000000    2.606611 v _118_/B (sky130_fd_sc_hd__xnor2_2)
     4    0.010595    0.050245    0.120628    2.727238 v _118_/Y (sky130_fd_sc_hd__xnor2_2)
                                                         _053_ (net)
                      0.050245    0.000000    2.727238 v _121_/A1 (sky130_fd_sc_hd__a21o_2)
     4    0.013754    0.045404    0.152562    2.879801 v _121_/X (sky130_fd_sc_hd__a21o_2)
                                                         _056_ (net)
                      0.045404    0.000000    2.879801 v _162_/A2 (sky130_fd_sc_hd__a21oi_2)
     2    0.006618    0.088425    0.114740    2.994540 ^ _162_/Y (sky130_fd_sc_hd__a21oi_2)
                                                         _000_ (net)
                      0.088425    0.000000    2.994540 ^ _163_/A2 (sky130_fd_sc_hd__a21oi_2)
     1    0.002265    0.034896    0.034540    3.029080 v _163_/Y (sky130_fd_sc_hd__a21oi_2)
                                                         _001_ (net)
                      0.034896    0.000000    3.029080 v _166_/B1 (sky130_fd_sc_hd__o221a_2)
     1    0.001623    0.028743    0.148116    3.177196 v _166_/X (sky130_fd_sc_hd__o221a_2)
                                                         _004_ (net)
                      0.028743    0.000000    3.177196 v _167_/A1_N (sky130_fd_sc_hd__o2bb2a_2)
     2    0.036116    0.148536    0.234975    3.412171 ^ _167_/X (sky130_fd_sc_hd__o2bb2a_2)
                                                         result[3] (net)
                      0.148536    0.000000    3.412171 ^ result[3] (out)
                                              3.412171   data arrival time

                      0.000000   10.000000   10.000000   clock __VIRTUAL_CLK__ (rise edge)
                                  0.000000   10.000000   clock network delay (ideal)
                                 -0.250000    9.750000   clock uncertainty
                                  0.000000    9.750000   clock reconvergence pessimism
                                 -2.000000    7.750000   output external delay
                                              7.750000   data required time
---------------------------------------------------------------------------------------------
                                              7.750000   data required time
                                             -3.412171   data arrival time
---------------------------------------------------------------------------------------------
                                              4.337829   slack (MET)


Startpoint: opcode[1] (input port clocked by __VIRTUAL_CLK__)
Endpoint: result[2] (output port clocked by __VIRTUAL_CLK__)
Path Group: __VIRTUAL_CLK__
Path Type: max

Fanout         Cap        Slew       Delay        Time   Description
---------------------------------------------------------------------------------------------
                      0.000000    0.000000    0.000000   clock __VIRTUAL_CLK__ (rise edge)
                                  0.000000    0.000000   clock network delay (ideal)
                                  2.000000    2.000000 v input external delay
    17    0.044507    0.068756    0.050524    2.050524 v opcode[1] (in)
                                                         opcode[1] (net)
                      0.068756    0.000000    2.050524 v _097_/B (sky130_fd_sc_hd__or3b_2)
     8    0.058695    0.152158    0.404391    2.454914 v _097_/X (sky130_fd_sc_hd__or3b_2)
                                                         _032_ (net)
                      0.152158    0.000000    2.454914 v _116_/B (sky130_fd_sc_hd__xor2_2)
     2    0.009591    0.085476    0.151696    2.606611 v _116_/X (sky130_fd_sc_hd__xor2_2)
                                                         _051_ (net)
                      0.085476    0.000000    2.606611 v _118_/B (sky130_fd_sc_hd__xnor2_2)
     4    0.010595    0.050245    0.120628    2.727238 v _118_/Y (sky130_fd_sc_hd__xnor2_2)
                                                         _053_ (net)
                      0.050245    0.000000    2.727238 v _121_/A1 (sky130_fd_sc_hd__a21o_2)
     4    0.013754    0.045404    0.152562    2.879801 v _121_/X (sky130_fd_sc_hd__a21o_2)
                                                         _056_ (net)
                      0.045404    0.000000    2.879801 v _158_/A2 (sky130_fd_sc_hd__o21a_2)
     1    0.002239    0.023668    0.123413    3.003214 v _158_/X (sky130_fd_sc_hd__o21a_2)
                                                         _089_ (net)
                      0.023668    0.000000    3.003214 v _161_/A1 (sky130_fd_sc_hd__o32a_2)
     2    0.034785    0.090468    0.296638    3.299852 v _161_/X (sky130_fd_sc_hd__o32a_2)
                                                         result[2] (net)
                      0.090468    0.000000    3.299852 v result[2] (out)
                                              3.299852   data arrival time

                      0.000000   10.000000   10.000000   clock __VIRTUAL_CLK__ (rise edge)
                                  0.000000   10.000000   clock network delay (ideal)
                                 -0.250000    9.750000   clock uncertainty
                                  0.000000    9.750000   clock reconvergence pessimism
                                 -2.000000    7.750000   output external delay
                                              7.750000   data required time
---------------------------------------------------------------------------------------------
                                              7.750000   data required time
                                             -3.299852   data arrival time
---------------------------------------------------------------------------------------------
                                              4.450148   slack (MET)


Startpoint: opcode[1] (input port clocked by __VIRTUAL_CLK__)
Endpoint: result[1] (output port clocked by __VIRTUAL_CLK__)
Path Group: __VIRTUAL_CLK__
Path Type: max

Fanout         Cap        Slew       Delay        Time   Description
---------------------------------------------------------------------------------------------
                      0.000000    0.000000    0.000000   clock __VIRTUAL_CLK__ (rise edge)
                                  0.000000    0.000000   clock network delay (ideal)
                                  2.000000    2.000000 v input external delay
    17    0.044507    0.068756    0.050524    2.050524 v opcode[1] (in)
                                                         opcode[1] (net)
                      0.068756    0.000000    2.050524 v _097_/B (sky130_fd_sc_hd__or3b_2)
     8    0.058695    0.152158    0.404391    2.454914 v _097_/X (sky130_fd_sc_hd__or3b_2)
                                                         _032_ (net)
                      0.152158    0.000000    2.454914 v _116_/B (sky130_fd_sc_hd__xor2_2)
     2    0.009591    0.085476    0.151696    2.606611 v _116_/X (sky130_fd_sc_hd__xor2_2)
                                                         _051_ (net)
                      0.085476    0.000000    2.606611 v _118_/B (sky130_fd_sc_hd__xnor2_2)
     4    0.011442    0.150449    0.155447    2.762057 ^ _118_/Y (sky130_fd_sc_hd__xnor2_2)
                                                         _053_ (net)
                      0.150449    0.000000    2.762057 ^ _152_/A1 (sky130_fd_sc_hd__a21oi_2)
     1    0.002373    0.037687    0.030130    2.792187 v _152_/Y (sky130_fd_sc_hd__a21oi_2)
                                                         _084_ (net)
                      0.037687    0.000000    2.792187 v _153_/B1 (sky130_fd_sc_hd__o21a_2)
     1    0.001547    0.022096    0.071075    2.863262 v _153_/X (sky130_fd_sc_hd__o21a_2)
                                                         _085_ (net)
                      0.022096    0.000000    2.863262 v _156_/A (sky130_fd_sc_hd__or3_2)
     2    0.035043    0.114540    0.366616    3.229878 v _156_/X (sky130_fd_sc_hd__or3_2)
                                                         result[1] (net)
                      0.114540    0.000000    3.229878 v result[1] (out)
                                              3.229878   data arrival time

                      0.000000   10.000000   10.000000   clock __VIRTUAL_CLK__ (rise edge)
                                  0.000000   10.000000   clock network delay (ideal)
                                 -0.250000    9.750000   clock uncertainty
                                  0.000000    9.750000   clock reconvergence pessimism
                                 -2.000000    7.750000   output external delay
                                              7.750000   data required time
---------------------------------------------------------------------------------------------
                                              7.750000   data required time
                                             -3.229878   data arrival time
---------------------------------------------------------------------------------------------
                                              4.520122   slack (MET)


Startpoint: opcode[2] (input port clocked by __VIRTUAL_CLK__)
Endpoint: result[0] (output port clocked by __VIRTUAL_CLK__)
Path Group: __VIRTUAL_CLK__
Path Type: max

Fanout         Cap        Slew       Delay        Time   Description
---------------------------------------------------------------------------------------------
                      0.000000    0.000000    0.000000   clock __VIRTUAL_CLK__ (rise edge)
                                  0.000000    0.000000   clock network delay (ideal)
                                  2.000000    2.000000 ^ input external delay
    10    0.029863    0.105955    0.075217    2.075217 ^ opcode[2] (in)
                                                         opcode[2] (net)
                      0.105955    0.000000    2.075217 ^ _135_/A_N (sky130_fd_sc_hd__and3b_2)
     2    0.004626    0.032718    0.142198    2.217415 v _135_/X (sky130_fd_sc_hd__and3b_2)
                                                         _070_ (net)
                      0.032718    0.000000    2.217415 v _148_/B1 (sky130_fd_sc_hd__o22a_2)
     1    0.002239    0.024743    0.119568    2.336983 v _148_/X (sky130_fd_sc_hd__o22a_2)
                                                         _081_ (net)
                      0.024743    0.000000    2.336983 v _151_/A1 (sky130_fd_sc_hd__o32a_2)
     2    0.034989    0.090790    0.297416    2.634399 v _151_/X (sky130_fd_sc_hd__o32a_2)
                                                         result[0] (net)
                      0.090790    0.000000    2.634399 v result[0] (out)
                                              2.634399   data arrival time

                      0.000000   10.000000   10.000000   clock __VIRTUAL_CLK__ (rise edge)
                                  0.000000   10.000000   clock network delay (ideal)
                                 -0.250000    9.750000   clock uncertainty
                                  0.000000    9.750000   clock reconvergence pessimism
                                 -2.000000    7.750000   output external delay
                                              7.750000   data required time
---------------------------------------------------------------------------------------------
                                              7.750000   data required time
                                             -2.634399   data arrival time
---------------------------------------------------------------------------------------------
                                              5.115601   slack (MET)



