+ define_corners nom_ff_n40C_1v95
Reading timing models for corner nom_ff_n40C_1v95…
Reading cell library for the 'nom_ff_n40C_1v95' corner at '/home/thaituroblox/.ciel/ciel/ciel/sky130/versions/8afc8346a57fe1ab7934ba5a6056ea8b43078e71/sky130A/libs.ref/sky130_fd_sc_hd/lib/sky130_fd_sc_hd__ff_n40C_1v95.lib'…
Reading top-level netlist at '/home/thaituroblox/Desktop/8_BIT_COUNTER/Counter-8-Bit-/alu_project/runs/RUN_2026-09-26_04-41-42/06-yosys-synthesis/alu_8bit.nl.v'…
Linking design 'alu_8bit' from netlist…
Reading design constraints file at '/nix/store/8y4m6wgn5kqlbig1qwnwbxijqqp0jwib-python3-3.13.9-env/lib/python3.13/site-packages/librelane/scripts/base.sdc'…
[WARNING] No CLOCK_PORT found. A dummy clock will be used.
Warning: base.sdc line 15, port '__VIRTUAL_CLK__' not found.
[INFO] Using clock __VIRTUAL_CLK__…
[INFO] Setting output delay to: 2.0
[INFO] Setting input delay to: 2.0
Warning: base.sdc line 32, port '__VIRTUAL_CLK__' not found.
[INFO] Setting load to: 0.033442
[INFO] Setting clock uncertainty to: 0.25
[INFO] Setting clock transition to: 0.1499999999999999944488848768742172978818416595458984375
Warning: base.sdc line 69, transition time can not be specified for virtual clocks.
[INFO] Setting timing derate to: 5.0%
%OL_CREATE_REPORT min.rpt

===========================================================================
report_checks -path_delay min (Hold)
============================================================================
======================= nom_ff_n40C_1v95 Corner ===================================

Startpoint: a[4] (input port clocked by __VIRTUAL_CLK__)
Endpoint: result[4] (output port clocked by __VIRTUAL_CLK__)
Path Group: __VIRTUAL_CLK__
Path Type: min

Fanout         Cap        Slew       Delay        Time   Description
---------------------------------------------------------------------------------------------
                      0.000000    0.000000    0.000000   clock __VIRTUAL_CLK__ (rise edge)
                                  0.000000    0.000000   clock network delay (ideal)
                                  2.000000    2.000000 v input external delay
     5    0.009315    0.015329    0.008618    2.008618 v a[4] (in)
                                                         a[4] (net)
                      0.015329    0.000000    2.008618 v _172_/B2 (sky130_fd_sc_hd__o32a_2)
     2    0.035752    0.071208    0.143767    2.152385 v _172_/X (sky130_fd_sc_hd__o32a_2)
                                                         result[4] (net)
                      0.071208    0.000000    2.152385 v result[4] (out)
                                              2.152385   data arrival time

                      0.000000    0.000000    0.000000   clock __VIRTUAL_CLK__ (rise edge)
                                  0.000000    0.000000   clock network delay (ideal)
                                  0.250000    0.250000   clock uncertainty
                                  0.000000    0.250000   clock reconvergence pessimism
                                 -2.000000   -1.750000   output external delay
                                             -1.750000   data required time
---------------------------------------------------------------------------------------------
                                             -1.750000   data required time
                                             -2.152385   data arrival time
---------------------------------------------------------------------------------------------
                                              3.902385   slack (MET)


Startpoint: a[2] (input port clocked by __VIRTUAL_CLK__)
Endpoint: result[2] (output port clocked by __VIRTUAL_CLK__)
Path Group: __VIRTUAL_CLK__
Path Type: min

Fanout         Cap        Slew       Delay        Time   Description
---------------------------------------------------------------------------------------------
                      0.000000    0.000000    0.000000   clock __VIRTUAL_CLK__ (rise edge)
                                  0.000000    0.000000   clock network delay (ideal)
                                  2.000000    2.000000 v input external delay
     4    0.010372    0.017055    0.009745    2.009745 v a[2] (in)
                                                         a[2] (net)
                      0.017055    0.000000    2.009745 v _161_/B2 (sky130_fd_sc_hd__o32a_2)
     2    0.034785    0.069908    0.142871    2.152616 v _161_/X (sky130_fd_sc_hd__o32a_2)
                                                         result[2] (net)
                      0.069908    0.000000    2.152616 v result[2] (out)
                                              2.152616   data arrival time

                      0.000000    0.000000    0.000000   clock __VIRTUAL_CLK__ (rise edge)
                                  0.000000    0.000000   clock network delay (ideal)
                                  0.250000    0.250000   clock uncertainty
                                  0.000000    0.250000   clock reconvergence pessimism
                                 -2.000000   -1.750000   output external delay
                                             -1.750000   data required time
---------------------------------------------------------------------------------------------
                                             -1.750000   data required time
                                             -2.152616   data arrival time
---------------------------------------------------------------------------------------------
                                              3.902616   slack (MET)


Startpoint: a[0] (input port clocked by __VIRTUAL_CLK__)
Endpoint: result[0] (output port clocked by __VIRTUAL_CLK__)
Path Group: __VIRTUAL_CLK__
Path Type: min

Fanout         Cap        Slew       Delay        Time   Description
---------------------------------------------------------------------------------------------
                      0.000000    0.000000    0.000000   clock __VIRTUAL_CLK__ (rise edge)
                                  0.000000    0.000000   clock network delay (ideal)
                                  2.000000    2.000000 v input external delay
     6    0.019619    0.031490    0.019534    2.019534 v a[0] (in)
                                                         a[0] (net)
                      0.031490    0.000000    2.019534 v _151_/B2 (sky130_fd_sc_hd__o32a_2)
     2    0.034989    0.070202    0.147592    2.167126 v _151_/X (sky130_fd_sc_hd__o32a_2)
                                                         result[0] (net)
                      0.070202    0.000000    2.167126 v result[0] (out)
                                              2.167126   data arrival time

                      0.000000    0.000000    0.000000   clock __VIRTUAL_CLK__ (rise edge)
                                  0.000000    0.000000   clock network delay (ideal)
                                  0.250000    0.250000   clock uncertainty
                                  0.000000    0.250000   clock reconvergence pessimism
                                 -2.000000   -1.750000   output external delay
                                             -1.750000   data required time
---------------------------------------------------------------------------------------------
                                             -1.750000   data required time
                                             -2.167126   data arrival time
---------------------------------------------------------------------------------------------
                                              3.917126   slack (MET)


Startpoint: a[7] (input port clocked by __VIRTUAL_CLK__)
Endpoint: result[7] (output port clocked by __VIRTUAL_CLK__)
Path Group: __VIRTUAL_CLK__
Path Type: min

Fanout         Cap        Slew       Delay        Time   Description
---------------------------------------------------------------------------------------------
                      0.000000    0.000000    0.000000   clock __VIRTUAL_CLK__ (rise edge)
                                  0.000000    0.000000   clock network delay (ideal)
                                  2.000000    2.000000 v input external delay
     6    0.020984    0.033534    0.020970    2.020970 v a[7] (in)
                                                         a[7] (net)
                      0.033534    0.000000    2.020970 v _144_/A1 (sky130_fd_sc_hd__o21a_2)
     2    0.037502    0.067715    0.179619    2.200589 v _144_/X (sky130_fd_sc_hd__o21a_2)
                                                         result[7] (net)
                      0.067715    0.000000    2.200589 v result[7] (out)
                                              2.200589   data arrival time

                      0.000000    0.000000    0.000000   clock __VIRTUAL_CLK__ (rise edge)
                                  0.000000    0.000000   clock network delay (ideal)
                                  0.250000    0.250000   clock uncertainty
                                  0.000000    0.250000   clock reconvergence pessimism
                                 -2.000000   -1.750000   output external delay
                                             -1.750000   data required time
---------------------------------------------------------------------------------------------
                                             -1.750000   data required time
                                             -2.200589   data arrival time
---------------------------------------------------------------------------------------------
                                              3.950589   slack (MET)


Startpoint: a[6] (input port clocked by __VIRTUAL_CLK__)
Endpoint: zero (output port clocked by __VIRTUAL_CLK__)
Path Group: __VIRTUAL_CLK__
Path Type: min

Fanout         Cap        Slew       Delay        Time   Description
---------------------------------------------------------------------------------------------
                      0.000000    0.000000    0.000000   clock __VIRTUAL_CLK__ (rise edge)
                                  0.000000    0.000000   clock network delay (ideal)
                                  2.000000    2.000000 ^ input external delay
     4    0.020714    0.075471    0.047864    2.047864 ^ a[6] (in)
                                                         a[6] (net)
                      0.075471    0.000000    2.047864 ^ _092_/A (sky130_fd_sc_hd__inv_2)
     3    0.012795    0.033301    0.033627    2.081491 v _092_/Y (sky130_fd_sc_hd__inv_2)
                                                         _027_ (net)
                      0.033301    0.000000    2.081491 v _181_/A (sky130_fd_sc_hd__nand2_2)
     2    0.006091    0.033524    0.040116    2.121606 ^ _181_/Y (sky130_fd_sc_hd__nand2_2)
                                                         _016_ (net)
                      0.033524    0.000000    2.121606 ^ _193_/A1 (sky130_fd_sc_hd__a211oi_2)
     1    0.033442    0.061917    0.085346    2.206952 v _193_/Y (sky130_fd_sc_hd__a211oi_2)
                                                         zero (net)
                      0.061917    0.000000    2.206952 v zero (out)
                                              2.206952   data arrival time

                      0.000000    0.000000    0.000000   clock __VIRTUAL_CLK__ (rise edge)
                                  0.000000    0.000000   clock network delay (ideal)
                                  0.250000    0.250000   clock uncertainty
                                  0.000000    0.250000   clock reconvergence pessimism
                                 -2.000000   -1.750000   output external delay
                                             -1.750000   data required time
---------------------------------------------------------------------------------------------
                                             -1.750000   data required time
                                             -2.206952   data arrival time
---------------------------------------------------------------------------------------------
                                              3.956952   slack (MET)


Startpoint: a[3] (input port clocked by __VIRTUAL_CLK__)
Endpoint: result[3] (output port clocked by __VIRTUAL_CLK__)
Path Group: __VIRTUAL_CLK__
Path Type: min

Fanout         Cap        Slew       Delay        Time   Description
---------------------------------------------------------------------------------------------
                      0.000000    0.000000    0.000000   clock __VIRTUAL_CLK__ (rise edge)
                                  0.000000    0.000000   clock network delay (ideal)
                                  2.000000    2.000000 v input external delay
     4    0.012523    0.020566    0.012039    2.012039 v a[3] (in)
                                                         a[3] (net)
                      0.020566    0.000000    2.012039 v _167_/B2 (sky130_fd_sc_hd__o2bb2a_2)
     2    0.035683    0.069701    0.195093    2.207131 v _167_/X (sky130_fd_sc_hd__o2bb2a_2)
                                                         result[3] (net)
                      0.069701    0.000000    2.207131 v result[3] (out)
                                              2.207131   data arrival time

                      0.000000    0.000000    0.000000   clock __VIRTUAL_CLK__ (rise edge)
                                  0.000000    0.000000   clock network delay (ideal)
                                  0.250000    0.250000   clock uncertainty
                                  0.000000    0.250000   clock reconvergence pessimism
                                 -2.000000   -1.750000   output external delay
                                             -1.750000   data required time
---------------------------------------------------------------------------------------------
                                             -1.750000   data required time
                                             -2.207131   data arrival time
---------------------------------------------------------------------------------------------
                                              3.957131   slack (MET)


Startpoint: a[7] (input port clocked by __VIRTUAL_CLK__)
Endpoint: overflow (output port clocked by __VIRTUAL_CLK__)
Path Group: __VIRTUAL_CLK__
Path Type: min

Fanout         Cap        Slew       Delay        Time   Description
---------------------------------------------------------------------------------------------
                      0.000000    0.000000    0.000000   clock __VIRTUAL_CLK__ (rise edge)
                                  0.000000    0.000000   clock network delay (ideal)
                                  2.000000    2.000000 v input external delay
     6    0.020984    0.033534    0.020970    2.020970 v a[7] (in)
                                                         a[7] (net)
                      0.033534    0.000000    2.020970 v _143_/A (sky130_fd_sc_hd__nand2_2)
     1    0.001620    0.018342    0.028244    2.049214 ^ _143_/Y (sky130_fd_sc_hd__nand2_2)
                                                         _078_ (net)
                      0.018342    0.000000    2.049214 ^ _146_/B (sky130_fd_sc_hd__and3_2)
     1    0.033442    0.134075    0.167255    2.216469 ^ _146_/X (sky130_fd_sc_hd__and3_2)
                                                         overflow (net)
                      0.134075    0.000000    2.216469 ^ overflow (out)
                                              2.216469   data arrival time

                      0.000000    0.000000    0.000000   clock __VIRTUAL_CLK__ (rise edge)
                                  0.000000    0.000000   clock network delay (ideal)
                                  0.250000    0.250000   clock uncertainty
                                  0.000000    0.250000   clock reconvergence pessimism
                                 -2.000000   -1.750000   output external delay
                                             -1.750000   data required time
---------------------------------------------------------------------------------------------
                                             -1.750000   data required time
                                             -2.216469   data arrival time
---------------------------------------------------------------------------------------------
                                              3.966469   slack (MET)


Startpoint: a[5] (input port clocked by __VIRTUAL_CLK__)
Endpoint: result[5] (output port clocked by __VIRTUAL_CLK__)
Path Group: __VIRTUAL_CLK__
Path Type: min

Fanout         Cap        Slew       Delay        Time   Description
---------------------------------------------------------------------------------------------
                      0.000000    0.000000    0.000000   clock __VIRTUAL_CLK__ (rise edge)
                                  0.000000    0.000000   clock network delay (ideal)
                                  2.000000    2.000000 ^ input external delay
     5    0.009337    0.037205    0.022254    2.022254 ^ a[5] (in)
                                                         a[5] (net)
                      0.037205    0.000000    2.022254 ^ _173_/A (sky130_fd_sc_hd__or2_2)
     2    0.004162    0.026242    0.065327    2.087581 ^ _173_/X (sky130_fd_sc_hd__or2_2)
                                                         _009_ (net)
                      0.026242    0.000000    2.087581 ^ _180_/A (sky130_fd_sc_hd__and2_2)
     1    0.033442    0.134727    0.148232    2.235812 ^ _180_/X (sky130_fd_sc_hd__and2_2)
                                                         result[5] (net)
                      0.134727    0.000000    2.235812 ^ result[5] (out)
                                              2.235812   data arrival time

                      0.000000    0.000000    0.000000   clock __VIRTUAL_CLK__ (rise edge)
                                  0.000000    0.000000   clock network delay (ideal)
                                  0.250000    0.250000   clock uncertainty
                                  0.000000    0.250000   clock reconvergence pessimism
                                 -2.000000   -1.750000   output external delay
                                             -1.750000   data required time
---------------------------------------------------------------------------------------------
                                             -1.750000   data required time
                                             -2.235812   data arrival time
---------------------------------------------------------------------------------------------
                                              3.985812   slack (MET)


Startpoint: a[6] (input port clocked by __VIRTUAL_CLK__)
Endpoint: result[6] (output port clocked by __VIRTUAL_CLK__)
Path Group: __VIRTUAL_CLK__
Path Type: min

Fanout         Cap        Slew       Delay        Time   Description
---------------------------------------------------------------------------------------------
                      0.000000    0.000000    0.000000   clock __VIRTUAL_CLK__ (rise edge)
                                  0.000000    0.000000   clock network delay (ideal)
                                  2.000000    2.000000 v input external delay
     4    0.019011    0.030580    0.018895    2.018895 v a[6] (in)
                                                         a[6] (net)
                      0.030580    0.000000    2.018895 v _092_/A (sky130_fd_sc_hd__inv_2)
     3    0.013831    0.052443    0.051392    2.070287 ^ _092_/Y (sky130_fd_sc_hd__inv_2)
                                                         _027_ (net)
                      0.052443    0.000000    2.070287 ^ _181_/A (sky130_fd_sc_hd__nand2_2)
     2    0.005748    0.027499    0.029323    2.099610 v _181_/Y (sky130_fd_sc_hd__nand2_2)
                                                         _016_ (net)
                      0.027499    0.000000    2.099610 v _190_/A (sky130_fd_sc_hd__and2_2)
     1    0.033442    0.070764    0.145024    2.244634 v _190_/X (sky130_fd_sc_hd__and2_2)
                                                         result[6] (net)
                      0.070764    0.000000    2.244634 v result[6] (out)
                                              2.244634   data arrival time

                      0.000000    0.000000    0.000000   clock __VIRTUAL_CLK__ (rise edge)
                                  0.000000    0.000000   clock network delay (ideal)
                                  0.250000    0.250000   clock uncertainty
                                  0.000000    0.250000   clock reconvergence pessimism
                                 -2.000000   -1.750000   output external delay
                                             -1.750000   data required time
---------------------------------------------------------------------------------------------
                                             -1.750000   data required time
                                             -2.244634   data arrival time
---------------------------------------------------------------------------------------------
                                              3.994634   slack (MET)


Startpoint: b[1] (input port clocked by __VIRTUAL_CLK__)
Endpoint: result[1] (output port clocked by __VIRTUAL_CLK__)
Path Group: __VIRTUAL_CLK__
Path Type: min

Fanout         Cap        Slew       Delay        Time   Description
---------------------------------------------------------------------------------------------
                      0.000000    0.000000    0.000000   clock __VIRTUAL_CLK__ (rise edge)
                                  0.000000    0.000000   clock network delay (ideal)
                                  2.000000    2.000000 ^ input external delay
     2    0.011850    0.045745    0.028034    2.028034 ^ b[1] (in)
                                                         b[1] (net)
                      0.045745    0.000000    2.028034 ^ _154_/A2 (sky130_fd_sc_hd__o211a_2)
     1    0.001794    0.022588    0.084753    2.112787 ^ _154_/X (sky130_fd_sc_hd__o211a_2)
                                                         _086_ (net)
                      0.022588    0.000000    2.112787 ^ _156_/B (sky130_fd_sc_hd__or3_2)
     2    0.035236    0.135547    0.139180    2.251967 ^ _156_/X (sky130_fd_sc_hd__or3_2)
                                                         result[1] (net)
                      0.135547    0.000000    2.251967 ^ result[1] (out)
                                              2.251967   data arrival time

                      0.000000    0.000000    0.000000   clock __VIRTUAL_CLK__ (rise edge)
                                  0.000000    0.000000   clock network delay (ideal)
                                  0.250000    0.250000   clock uncertainty
                                  0.000000    0.250000   clock reconvergence pessimism
                                 -2.000000   -1.750000   output external delay
                                             -1.750000   data required time
---------------------------------------------------------------------------------------------
                                             -1.750000   data required time
                                             -2.251967   data arrival time
---------------------------------------------------------------------------------------------
                                              4.001967   slack (MET)



%OL_END_REPORT
%OL_CREATE_REPORT max.rpt

===========================================================================
report_checks -path_delay max (Setup)
============================================================================
======================= nom_ff_n40C_1v95 Corner ===================================

Startpoint: opcode[1] (input port clocked by __VIRTUAL_CLK__)
Endpoint: zero (output port clocked by __VIRTUAL_CLK__)
Path Group: __VIRTUAL_CLK__
Path Type: max

Fanout         Cap        Slew       Delay        Time   Description
---------------------------------------------------------------------------------------------
                      0.000000    0.000000    0.000000   clock __VIRTUAL_CLK__ (rise edge)
                                  0.000000    0.000000   clock network delay (ideal)
                                  2.000000    2.000000 v input external delay
    17    0.044507    0.068756    0.050524    2.050524 v opcode[1] (in)
                                                         opcode[1] (net)
                      0.068756    0.000000    2.050524 v _097_/B (sky130_fd_sc_hd__or3b_2)
     8    0.058695    0.152158    0.404391    2.454914 v _097_/X (sky130_fd_sc_hd__or3b_2)
                                                         _032_ (net)
                      0.152158    0.000000    2.454914 v _116_/B (sky130_fd_sc_hd__xor2_2)
     2    0.009591    0.085476    0.151696    2.606611 v _116_/X (sky130_fd_sc_hd__xor2_2)
                                                         _051_ (net)
                      0.085476    0.000000    2.606611 v _118_/B (sky130_fd_sc_hd__xnor2_2)
     4    0.010595    0.050245    0.120628    2.727238 v _118_/Y (sky130_fd_sc_hd__xnor2_2)
                                                         _053_ (net)
                      0.050245    0.000000    2.727238 v _121_/A1 (sky130_fd_sc_hd__a21o_2)
     4    0.013754    0.045404    0.152562    2.879801 v _121_/X (sky130_fd_sc_hd__a21o_2)
                                                         _056_ (net)
                      0.045404    0.000000    2.879801 v _125_/A2 (sky130_fd_sc_hd__a31o_2)
     3    0.007909    0.038326    0.168077    3.047878 v _125_/X (sky130_fd_sc_hd__a31o_2)
                                                         _060_ (net)
                      0.038326    0.000000    3.047878 v _127_/A2 (sky130_fd_sc_hd__a2111o_2)
     2    0.003797    0.045868    0.295056    3.342934 v _127_/X (sky130_fd_sc_hd__a2111o_2)
                                                         _062_ (net)
                      0.045868    0.000000    3.342934 v _141_/B (sky130_fd_sc_hd__and3_2)
     1    0.001449    0.024764    0.123014    3.465947 v _141_/X (sky130_fd_sc_hd__and3_2)
                                                         _076_ (net)
                      0.024764    0.000000    3.465947 v _142_/C (sky130_fd_sc_hd__or4b_2)
     3    0.008803    0.083510    0.378125    3.844072 v _142_/X (sky130_fd_sc_hd__or4b_2)
                                                         _077_ (net)
                      0.083510    0.000000    3.844072 v _144_/B1 (sky130_fd_sc_hd__o21a_2)
     2    0.037502    0.078595    0.148219    3.992291 v _144_/X (sky130_fd_sc_hd__o21a_2)
                                                         result[7] (net)
                      0.078595    0.000000    3.992291 v _193_/C1 (sky130_fd_sc_hd__a211oi_2)
     1    0.033442    0.444684    0.297069    4.289360 ^ _193_/Y (sky130_fd_sc_hd__a211oi_2)
                                                         zero (net)
                      0.444684    0.000000    4.289360 ^ zero (out)
                                              4.289360   data arrival time

                      0.000000   10.000000   10.000000   clock __VIRTUAL_CLK__ (rise edge)
                                  0.000000   10.000000   clock network delay (ideal)
                                 -0.250000    9.750000   clock uncertainty
                                  0.000000    9.750000   clock reconvergence pessimism
                                 -2.000000    7.750000   output external delay
                                              7.750000   data required time
---------------------------------------------------------------------------------------------
                                              7.750000   data required time
                                             -4.289360   data arrival time
---------------------------------------------------------------------------------------------
                                              3.460640   slack (MET)


Startpoint: opcode[1] (input port clocked by __VIRTUAL_CLK__)
Endpoint: overflow (output port clocked by __VIRTUAL_CLK__)
Path Group: __VIRTUAL_CLK__
Path Type: max

Fanout         Cap        Slew       Delay        Time   Description
---------------------------------------------------------------------------------------------
                      0.000000    0.000000    0.000000   clock __VIRTUAL_CLK__ (rise edge)
                                  0.000000    0.000000   clock network delay (ideal)
                                  2.000000    2.000000 v input external delay
    17    0.044507    0.068756    0.050524    2.050524 v opcode[1] (in)
                                                         opcode[1] (net)
                      0.068756    0.000000    2.050524 v _097_/B (sky130_fd_sc_hd__or3b_2)
     8    0.058695    0.152158    0.404391    2.454914 v _097_/X (sky130_fd_sc_hd__or3b_2)
                                                         _032_ (net)
                      0.152158    0.000000    2.454914 v _116_/B (sky130_fd_sc_hd__xor2_2)
     2    0.009591    0.085476    0.151696    2.606611 v _116_/X (sky130_fd_sc_hd__xor2_2)
                                                         _051_ (net)
                      0.085476    0.000000    2.606611 v _118_/B (sky130_fd_sc_hd__xnor2_2)
     4    0.010595    0.050245    0.120628    2.727238 v _118_/Y (sky130_fd_sc_hd__xnor2_2)
                                                         _053_ (net)
                      0.050245    0.000000    2.727238 v _121_/A1 (sky130_fd_sc_hd__a21o_2)
     4    0.013754    0.045404    0.152562    2.879801 v _121_/X (sky130_fd_sc_hd__a21o_2)
                                                         _056_ (net)
                      0.045404    0.000000    2.879801 v _125_/A2 (sky130_fd_sc_hd__a31o_2)
     3    0.007909    0.038326    0.168077    3.047878 v _125_/X (sky130_fd_sc_hd__a31o_2)
                                                         _060_ (net)
                      0.038326    0.000000    3.047878 v _127_/A2 (sky130_fd_sc_hd__a2111o_2)
     2    0.003797    0.045868    0.295056    3.342934 v _127_/X (sky130_fd_sc_hd__a2111o_2)
                                                         _062_ (net)
                      0.045868    0.000000    3.342934 v _141_/B (sky130_fd_sc_hd__and3_2)
     1    0.001449    0.024764    0.123014    3.465947 v _141_/X (sky130_fd_sc_hd__and3_2)
                                                         _076_ (net)
                      0.024764    0.000000    3.465947 v _142_/C (sky130_fd_sc_hd__or4b_2)
     3    0.008803    0.083510    0.378125    3.844072 v _142_/X (sky130_fd_sc_hd__or4b_2)
                                                         _077_ (net)
                      0.083510    0.000000    3.844072 v _145_/A2 (sky130_fd_sc_hd__a21o_2)
     1    0.001548    0.022118    0.149567    3.993639 v _145_/X (sky130_fd_sc_hd__a21o_2)
                                                         _079_ (net)
                      0.022118    0.000000    3.993639 v _146_/C (sky130_fd_sc_hd__and3_2)
     1    0.033442    0.075110    0.189493    4.183132 v _146_/X (sky130_fd_sc_hd__and3_2)
                                                         overflow (net)
                      0.075110    0.000000    4.183132 v overflow (out)
                                              4.183132   data arrival time

                      0.000000   10.000000   10.000000   clock __VIRTUAL_CLK__ (rise edge)
                                  0.000000   10.000000   clock network delay (ideal)
                                 -0.250000    9.750000   clock uncertainty
                                  0.000000    9.750000   clock reconvergence pessimism
                                 -2.000000    7.750000   output external delay
                                              7.750000   data required time
---------------------------------------------------------------------------------------------
                                              7.750000   data required time
                                             -4.183132   data arrival time
---------------------------------------------------------------------------------------------
                                              3.566868   slack (MET)


Startpoint: opcode[1] (input port clocked by __VIRTUAL_CLK__)
Endpoint: result[7] (output port clocked by __VIRTUAL_CLK__)
Path Group: __VIRTUAL_CLK__
Path Type: max

Fanout         Cap        Slew       Delay        Time   Description
---------------------------------------------------------------------------------------------
                      0.000000    0.000000    0.000000   clock __VIRTUAL_CLK__ (rise edge)
                                  0.000000    0.000000   clock network delay (ideal)
                                  2.000000    2.000000 v input external delay
    17    0.044507    0.068756    0.050524    2.050524 v opcode[1] (in)
                                                         opcode[1] (net)
                      0.068756    0.000000    2.050524 v _097_/B (sky130_fd_sc_hd__or3b_2)
     8    0.058695    0.152158    0.404391    2.454914 v _097_/X (sky130_fd_sc_hd__or3b_2)
                                                         _032_ (net)
                      0.152158    0.000000    2.454914 v _116_/B (sky130_fd_sc_hd__xor2_2)
     2    0.009591    0.085476    0.151696    2.606611 v _116_/X (sky130_fd_sc_hd__xor2_2)
                                                         _051_ (net)
                      0.085476    0.000000    2.606611 v _118_/B (sky130_fd_sc_hd__xnor2_2)
     4    0.010595    0.050245    0.120628    2.727238 v _118_/Y (sky130_fd_sc_hd__xnor2_2)
                                                         _053_ (net)
                      0.050245    0.000000    2.727238 v _121_/A1 (sky130_fd_sc_hd__a21o_2)
     4    0.013754    0.045404    0.152562    2.879801 v _121_/X (sky130_fd_sc_hd__a21o_2)
                                                         _056_ (net)
                      0.045404    0.000000    2.879801 v _125_/A2 (sky130_fd_sc_hd__a31o_2)
     3    0.007909    0.038326    0.168077    3.047878 v _125_/X (sky130_fd_sc_hd__a31o_2)
                                                         _060_ (net)
                      0.038326    0.000000    3.047878 v _127_/A2 (sky130_fd_sc_hd__a2111o_2)
     2    0.003797    0.045868    0.295056    3.342934 v _127_/X (sky130_fd_sc_hd__a2111o_2)
                                                         _062_ (net)
                      0.045868    0.000000    3.342934 v _141_/B (sky130_fd_sc_hd__and3_2)
     1    0.001449    0.024764    0.123014    3.465947 v _141_/X (sky130_fd_sc_hd__and3_2)
                                                         _076_ (net)
                      0.024764    0.000000    3.465947 v _142_/C (sky130_fd_sc_hd__or4b_2)
     3    0.008803    0.083510    0.378125    3.844072 v _142_/X (sky130_fd_sc_hd__or4b_2)
                                                         _077_ (net)
                      0.083510    0.000000    3.844072 v _144_/B1 (sky130_fd_sc_hd__o21a_2)
     2    0.037502    0.078595    0.148219    3.992291 v _144_/X (sky130_fd_sc_hd__o21a_2)
                                                         result[7] (net)
                      0.078595    0.000000    3.992291 v result[7] (out)
                                              3.992291   data arrival time

                      0.000000   10.000000   10.000000   clock __VIRTUAL_CLK__ (rise edge)
                                  0.000000   10.000000   clock network delay (ideal)
                                 -0.250000    9.750000   clock uncertainty
                                  0.000000    9.750000   clock reconvergence pessimism
                                 -2.000000    7.750000   output external delay
                                              7.750000   data required time
---------------------------------------------------------------------------------------------
                                              7.750000   data required time
                                             -3.992291   data arrival time
---------------------------------------------------------------------------------------------
                                              3.757709   slack (MET)


Startpoint: opcode[1] (input port clocked by __VIRTUAL_CLK__)
Endpoint: result[5] (output port clocked by __VIRTUAL_CLK__)
Path Group: __VIRTUAL_CLK__
Path Type: max

Fanout         Cap        Slew       Delay        Time   Description
---------------------------------------------------------------------------------------------
                      0.000000    0.000000    0.000000   clock __VIRTUAL_CLK__ (rise edge)
                                  0.000000    0.000000   clock network delay (ideal)
                                  2.000000    2.000000 v input external delay
    17    0.044507    0.068756    0.050524    2.050524 v opcode[1] (in)
                                                         opcode[1] (net)
                      0.068756    0.000000    2.050524 v _097_/B (sky130_fd_sc_hd__or3b_2)
     8    0.058695    0.152158    0.404391    2.454914 v _097_/X (sky130_fd_sc_hd__or3b_2)
                                                         _032_ (net)
                      0.152158    0.000000    2.454914 v _116_/B (sky130_fd_sc_hd__xor2_2)
     2    0.009591    0.085476    0.151696    2.606611 v _116_/X (sky130_fd_sc_hd__xor2_2)
                                                         _051_ (net)
                      0.085476    0.000000    2.606611 v _118_/B (sky130_fd_sc_hd__xnor2_2)
     4    0.010595    0.050245    0.120628    2.727238 v _118_/Y (sky130_fd_sc_hd__xnor2_2)
                                                         _053_ (net)
                      0.050245    0.000000    2.727238 v _121_/A1 (sky130_fd_sc_hd__a21o_2)
     4    0.013754    0.045404    0.152562    2.879801 v _121_/X (sky130_fd_sc_hd__a21o_2)
                                                         _056_ (net)
                      0.045404    0.000000    2.879801 v _125_/A2 (sky130_fd_sc_hd__a31o_2)
     3    0.007909    0.038326    0.168077    3.047878 v _125_/X (sky130_fd_sc_hd__a31o_2)
                                                         _060_ (net)
                      0.038326    0.000000    3.047878 v _126_/B (sky130_fd_sc_hd__and2_2)
     3    0.010526    0.040464    0.140967    3.188844 v _126_/X (sky130_fd_sc_hd__and2_2)
                                                         _061_ (net)
                      0.040464    0.000000    3.188844 v _176_/A2 (sky130_fd_sc_hd__o31a_2)
     1    0.002207    0.034790    0.198513    3.387358 v _176_/X (sky130_fd_sc_hd__o31a_2)
                                                         _012_ (net)
                      0.034790    0.000000    3.387358 v _179_/A2 (sky130_fd_sc_hd__a21o_2)
     2    0.003781    0.027336    0.139196    3.526554 v _179_/X (sky130_fd_sc_hd__a21o_2)
                                                         _015_ (net)
                      0.027336    0.000000    3.526554 v _180_/B (sky130_fd_sc_hd__and2_2)
     1    0.033442    0.072625    0.174598    3.701152 v _180_/X (sky130_fd_sc_hd__and2_2)
                                                         result[5] (net)
                      0.072625    0.000000    3.701152 v result[5] (out)
                                              3.701152   data arrival time

                      0.000000   10.000000   10.000000   clock __VIRTUAL_CLK__ (rise edge)
                                  0.000000   10.000000   clock network delay (ideal)
                                 -0.250000    9.750000   clock uncertainty
                                  0.000000    9.750000   clock reconvergence pessimism
                                 -2.000000    7.750000   output external delay
                                              7.750000   data required time
---------------------------------------------------------------------------------------------
                                              7.750000   data required time
                                             -3.701152   data arrival time
---------------------------------------------------------------------------------------------
                                              4.048848   slack (MET)


Startpoint: opcode[1] (input port clocked by __VIRTUAL_CLK__)
Endpoint: result[6] (output port clocked by __VIRTUAL_CLK__)
Path Group: __VIRTUAL_CLK__
Path Type: max

Fanout         Cap        Slew       Delay        Time   Description
---------------------------------------------------------------------------------------------
                      0.000000    0.000000    0.000000   clock __VIRTUAL_CLK__ (rise edge)
                                  0.000000    0.000000   clock network delay (ideal)
                                  2.000000    2.000000 v input external delay
    17    0.044507    0.068756    0.050524    2.050524 v opcode[1] (in)
                                                         opcode[1] (net)
                      0.068756    0.000000    2.050524 v _097_/B (sky130_fd_sc_hd__or3b_2)
     8    0.058695    0.152158    0.404391    2.454914 v _097_/X (sky130_fd_sc_hd__or3b_2)
                                                         _032_ (net)
                      0.152158    0.000000    2.454914 v _116_/B (sky130_fd_sc_hd__xor2_2)
     2    0.009591    0.085476    0.151696    2.606611 v _116_/X (sky130_fd_sc_hd__xor2_2)
                                                         _051_ (net)
                      0.085476    0.000000    2.606611 v _118_/B (sky130_fd_sc_hd__xnor2_2)
     4    0.010595    0.050245    0.120628    2.727238 v _118_/Y (sky130_fd_sc_hd__xnor2_2)
                                                         _053_ (net)
                      0.050245    0.000000    2.727238 v _121_/A1 (sky130_fd_sc_hd__a21o_2)
     4    0.013754    0.045404    0.152562    2.879801 v _121_/X (sky130_fd_sc_hd__a21o_2)
                                                         _056_ (net)
                      0.045404    0.000000    2.879801 v _125_/A2 (sky130_fd_sc_hd__a31o_2)
     3    0.007909    0.038326    0.168077    3.047878 v _125_/X (sky130_fd_sc_hd__a31o_2)
                                                         _060_ (net)
                      0.038326    0.000000    3.047878 v _126_/B (sky130_fd_sc_hd__and2_2)
     3    0.010526    0.040464    0.140967    3.188844 v _126_/X (sky130_fd_sc_hd__and2_2)
                                                         _061_ (net)
                      0.040464    0.000000    3.188844 v _175_/A2 (sky130_fd_sc_hd__o21ai_2)
     3    0.009478    0.110841    0.111526    3.300370 ^ _175_/Y (sky130_fd_sc_hd__o21ai_2)
                                                         _011_ (net)
                      0.110841    0.000000    3.300370 ^ _185_/B (sky130_fd_sc_hd__nand3_2)
     1    0.002260    0.036270    0.042951    3.343322 v _185_/Y (sky130_fd_sc_hd__nand3_2)
                                                         _020_ (net)
                      0.036270    0.000000    3.343322 v _189_/A3 (sky130_fd_sc_hd__a31o_2)
     2    0.005677    0.034342    0.167019    3.510340 v _189_/X (sky130_fd_sc_hd__a31o_2)
                                                         _024_ (net)
                      0.034342    0.000000    3.510340 v _190_/B (sky130_fd_sc_hd__and2_2)
     1    0.033442    0.072665    0.177439    3.687779 v _190_/X (sky130_fd_sc_hd__and2_2)
                                                         result[6] (net)
                      0.072665    0.000000    3.687779 v result[6] (out)
                                              3.687779   data arrival time

                      0.000000   10.000000   10.000000   clock __VIRTUAL_CLK__ (rise edge)
                                  0.000000   10.000000   clock network delay (ideal)
                                 -0.250000    9.750000   clock uncertainty
                                  0.000000    9.750000   clock reconvergence pessimism
                                 -2.000000    7.750000   output external delay
                                              7.750000   data required time
---------------------------------------------------------------------------------------------
                                              7.750000   data required time
                                             -3.687779   data arrival time
---------------------------------------------------------------------------------------------
                                              4.062221   slack (MET)


Startpoint: opcode[1] (input port clocked by __VIRTUAL_CLK__)
Endpoint: result[4] (output port clocked by __VIRTUAL_CLK__)
Path Group: __VIRTUAL_CLK__
Path Type: max

Fanout         Cap        Slew       Delay        Time   Description
---------------------------------------------------------------------------------------------
                      0.000000    0.000000    0.000000   clock __VIRTUAL_CLK__ (rise edge)
                                  0.000000    0.000000   clock network delay (ideal)
                                  2.000000    2.000000 v input external delay
    17    0.044507    0.068756    0.050524    2.050524 v opcode[1] (in)
                                                         opcode[1] (net)
                      0.068756    0.000000    2.050524 v _097_/B (sky130_fd_sc_hd__or3b_2)
     8    0.058695    0.152158    0.404391    2.454914 v _097_/X (sky130_fd_sc_hd__or3b_2)
                                                         _032_ (net)
                      0.152158    0.000000    2.454914 v _116_/B (sky130_fd_sc_hd__xor2_2)
     2    0.009591    0.085476    0.151696    2.606611 v _116_/X (sky130_fd_sc_hd__xor2_2)
                                                         _051_ (net)
                      0.085476    0.000000    2.606611 v _118_/B (sky130_fd_sc_hd__xnor2_2)
     4    0.010595    0.050245    0.120628    2.727238 v _118_/Y (sky130_fd_sc_hd__xnor2_2)
                                                         _053_ (net)
                      0.050245    0.000000    2.727238 v _121_/A1 (sky130_fd_sc_hd__a21o_2)
     4    0.013754    0.045404    0.152562    2.879801 v _121_/X (sky130_fd_sc_hd__a21o_2)
                                                         _056_ (net)
                      0.045404    0.000000    2.879801 v _125_/A2 (sky130_fd_sc_hd__a31o_2)
     3    0.007909    0.038326    0.168077    3.047878 v _125_/X (sky130_fd_sc_hd__a31o_2)
                                                         _060_ (net)
                      0.038326    0.000000    3.047878 v _168_/A2 (sky130_fd_sc_hd__o21ai_2)
     1    0.004773    0.076086    0.084203    3.132081 ^ _168_/Y (sky130_fd_sc_hd__o21ai_2)
                                                         _005_ (net)
                      0.076086    0.000000    3.132081 ^ _169_/B (sky130_fd_sc_hd__nor2_2)
     1    0.002239    0.019865    0.016883    3.148964 v _169_/Y (sky130_fd_sc_hd__nor2_2)
                                                         _006_ (net)
                      0.019865    0.000000    3.148964 v _172_/A1 (sky130_fd_sc_hd__o32a_2)
     2    0.035752    0.091863    0.297163    3.446127 v _172_/X (sky130_fd_sc_hd__o32a_2)
                                                         result[4] (net)
                      0.091863    0.000000    3.446127 v result[4] (out)
                                              3.446127   data arrival time

                      0.000000   10.000000   10.000000   clock __VIRTUAL_CLK__ (rise edge)
                                  0.000000   10.000000   clock network delay (ideal)
                                 -0.250000    9.750000   clock uncertainty
                                  0.000000    9.750000   clock reconvergence pessimism
                                 -2.000000    7.750000   output external delay
                                              7.750000   data required time
---------------------------------------------------------------------------------------------
                                              7.750000   data required time
                                             -3.446127   data arrival time
---------------------------------------------------------------------------------------------
                                              4.303874   slack (MET)


Startpoint: opcode[1] (input port clocked by __VIRTUAL_CLK__)
Endpoint: result[3] (output port clocked by __VIRTUAL_CLK__)
Path Group: __VIRTUAL_CLK__
Path Type: max

Fanout         Cap        Slew       Delay        Time   Description
---------------------------------------------------------------------------------------------
                      0.000000    0.000000    0.000000   clock __VIRTUAL_CLK__ (rise edge)
                                  0.000000    0.000000   clock network delay (ideal)
                                  2.000000    2.000000 v input external delay
    17    0.044507    0.068756    0.050524    2.050524 v opcode[1] (in)
                                                         opcode[1] (net)
                      0.068756    0.000000    2.050524 v _097_/B (sky130_fd_sc_hd__or3b_2)
     8    0.058695    0.152158    0.404391    2.454914 v _097_/X (sky130_fd_sc_hd__or3b_2)
                                                         _032_ (net)
                      0.152158    0.000000    2.454914 v _116_/B (sky130_fd_sc_hd__xor2_2)
     2    0.009591    0.085476    0.151696    2.606611 v _116_/X (sky130_fd_sc_hd__xor2_2)
                                                         _051_ (net)
                      0.085476    0.000000    2.606611 v _118_/B (sky130_fd_sc_hd__xnor2_2)
     4    0.010595    0.050245    0.120628    2.727238 v _118_/Y (sky130_fd_sc_hd__xnor2_2)
                                                         _053_ (net)
                      0.050245    0.000000    2.727238 v _121_/A1 (sky130_fd_sc_hd__a21o_2)
     4    0.013754    0.045404    0.152562    2.879801 v _121_/X (sky130_fd_sc_hd__a21o_2)
                                                         _056_ (net)
                      0.045404    0.000000    2.879801 v _162_/A2 (sky130_fd_sc_hd__a21oi_2)
     2    0.006618    0.088425    0.114740    2.994540 ^ _162_/Y (sky130_fd_sc_hd__a21oi_2)
                                                         _000_ (net)
                      0.088425    0.000000    2.994540 ^ _163_/A2 (sky130_fd_sc_hd__a21oi_2)
     1    0.002265    0.034896    0.034540    3.029080 v _163_/Y (sky130_fd_sc_hd__a21oi_2)
                                                         _001_ (net)
                      0.034896    0.000000    3.029080 v _166_/B1 (sky130_fd_sc_hd__o221a_2)
     1    0.001623    0.028743    0.148116    3.177196 v _166_/X (sky130_fd_sc_hd__o221a_2)
                                                         _004_ (net)
                      0.028743    0.000000    3.177196 v _167_/A1_N (sky130_fd_sc_hd__o2bb2a_2)
     2    0.036116    0.148536    0.234975    3.412171 ^ _167_/X (sky130_fd_sc_hd__o2bb2a_2)
                                                         result[3] (net)
                      0.148536    0.000000    3.412171 ^ result[3] (out)
                                              3.412171   data arrival time

                      0.000000   10.000000   10.000000   clock __VIRTUAL_CLK__ (rise edge)
                                  0.000000   10.000000   clock network delay (ideal)
                                 -0.250000    9.750000   clock uncertainty
                                  0.000000    9.750000   clock reconvergence pessimism
                                 -2.000000    7.750000   output external delay
                                              7.750000   data required time
---------------------------------------------------------------------------------------------
                                              7.750000   data required time
                                             -3.412171   data arrival time
---------------------------------------------------------------------------------------------
                                              4.337829   slack (MET)


Startpoint: opcode[1] (input port clocked by __VIRTUAL_CLK__)
Endpoint: result[2] (output port clocked by __VIRTUAL_CLK__)
Path Group: __VIRTUAL_CLK__
Path Type: max

Fanout         Cap        Slew       Delay        Time   Description
---------------------------------------------------------------------------------------------
                      0.000000    0.000000    0.000000   clock __VIRTUAL_CLK__ (rise edge)
                                  0.000000    0.000000   clock network delay (ideal)
                                  2.000000    2.000000 v input external delay
    17    0.044507    0.068756    0.050524    2.050524 v opcode[1] (in)
                                                         opcode[1] (net)
                      0.068756    0.000000    2.050524 v _097_/B (sky130_fd_sc_hd__or3b_2)
     8    0.058695    0.152158    0.404391    2.454914 v _097_/X (sky130_fd_sc_hd__or3b_2)
                                                         _032_ (net)
                      0.152158    0.000000    2.454914 v _116_/B (sky130_fd_sc_hd__xor2_2)
     2    0.009591    0.085476    0.151696    2.606611 v _116_/X (sky130_fd_sc_hd__xor2_2)
                                                         _051_ (net)
                      0.085476    0.000000    2.606611 v _118_/B (sky130_fd_sc_hd__xnor2_2)
     4    0.010595    0.050245    0.120628    2.727238 v _118_/Y (sky130_fd_sc_hd__xnor2_2)
                                                         _053_ (net)
                      0.050245    0.000000    2.727238 v _121_/A1 (sky130_fd_sc_hd__a21o_2)
     4    0.013754    0.045404    0.152562    2.879801 v _121_/X (sky130_fd_sc_hd__a21o_2)
                                                         _056_ (net)
                      0.045404    0.000000    2.879801 v _158_/A2 (sky130_fd_sc_hd__o21a_2)
     1    0.002239    0.023668    0.123413    3.003214 v _158_/X (sky130_fd_sc_hd__o21a_2)
                                                         _089_ (net)
                      0.023668    0.000000    3.003214 v _161_/A1 (sky130_fd_sc_hd__o32a_2)
     2    0.034785    0.090468    0.296638    3.299852 v _161_/X (sky130_fd_sc_hd__o32a_2)
                                                         result[2] (net)
                      0.090468    0.000000    3.299852 v result[2] (out)
                                              3.299852   data arrival time

                      0.000000   10.000000   10.000000   clock __VIRTUAL_CLK__ (rise edge)
                                  0.000000   10.000000   clock network delay (ideal)
                                 -0.250000    9.750000   clock uncertainty
                                  0.000000    9.750000   clock reconvergence pessimism
                                 -2.000000    7.750000   output external delay
                                              7.750000   data required time
---------------------------------------------------------------------------------------------
                                              7.750000   data required time
                                             -3.299852   data arrival time
---------------------------------------------------------------------------------------------
                                              4.450148   slack (MET)


Startpoint: opcode[1] (input port clocked by __VIRTUAL_CLK__)
Endpoint: result[1] (output port clocked by __VIRTUAL_CLK__)
Path Group: __VIRTUAL_CLK__
Path Type: max

Fanout         Cap        Slew       Delay        Time   Description
---------------------------------------------------------------------------------------------
                      0.000000    0.000000    0.000000   clock __VIRTUAL_CLK__ (rise edge)
                                  0.000000    0.000000   clock network delay (ideal)
                                  2.000000    2.000000 v input external delay
    17    0.044507    0.068756    0.050524    2.050524 v opcode[1] (in)
                                                         opcode[1] (net)
                      0.068756    0.000000    2.050524 v _097_/B (sky130_fd_sc_hd__or3b_2)
     8    0.058695    0.152158    0.404391    2.454914 v _097_/X (sky130_fd_sc_hd__or3b_2)
                                                         _032_ (net)
                      0.152158    0.000000    2.454914 v _116_/B (sky130_fd_sc_hd__xor2_2)
     2    0.009591    0.085476    0.151696    2.606611 v _116_/X (sky130_fd_sc_hd__xor2_2)
                                                         _051_ (net)
                      0.085476    0.000000    2.606611 v _118_/B (sky130_fd_sc_hd__xnor2_2)
     4    0.011442    0.150449    0.155447    2.762057 ^ _118_/Y (sky130_fd_sc_hd__xnor2_2)
                                                         _053_ (net)
                      0.150449    0.000000    2.762057 ^ _152_/A1 (sky130_fd_sc_hd__a21oi_2)
     1    0.002373    0.037687    0.030130    2.792187 v _152_/Y (sky130_fd_sc_hd__a21oi_2)
                                                         _084_ (net)
                      0.037687    0.000000    2.792187 v _153_/B1 (sky130_fd_sc_hd__o21a_2)
     1    0.001547    0.022096    0.071075    2.863262 v _153_/X (sky130_fd_sc_hd__o21a_2)
                                                         _085_ (net)
                      0.022096    0.000000    2.863262 v _156_/A (sky130_fd_sc_hd__or3_2)
     2    0.035043    0.114540    0.366616    3.229878 v _156_/X (sky130_fd_sc_hd__or3_2)
                                                         result[1] (net)
                      0.114540    0.000000    3.229878 v result[1] (out)
                                              3.229878   data arrival time

                      0.000000   10.000000   10.000000   clock __VIRTUAL_CLK__ (rise edge)
                                  0.000000   10.000000   clock network delay (ideal)
                                 -0.250000    9.750000   clock uncertainty
                                  0.000000    9.750000   clock reconvergence pessimism
                                 -2.000000    7.750000   output external delay
                                              7.750000   data required time
---------------------------------------------------------------------------------------------
                                              7.750000   data required time
                                             -3.229878   data arrival time
---------------------------------------------------------------------------------------------
                                              4.520122   slack (MET)


Startpoint: opcode[2] (input port clocked by __VIRTUAL_CLK__)
Endpoint: result[0] (output port clocked by __VIRTUAL_CLK__)
Path Group: __VIRTUAL_CLK__
Path Type: max

Fanout         Cap        Slew       Delay        Time   Description
---------------------------------------------------------------------------------------------
                      0.000000    0.000000    0.000000   clock __VIRTUAL_CLK__ (rise edge)
                                  0.000000    0.000000   clock network delay (ideal)
                                  2.000000    2.000000 ^ input external delay
    10    0.029863    0.105955    0.075217    2.075217 ^ opcode[2] (in)
                                                         opcode[2] (net)
                      0.105955    0.000000    2.075217 ^ _135_/A_N (sky130_fd_sc_hd__and3b_2)
     2    0.004626    0.032718    0.142198    2.217415 v _135_/X (sky130_fd_sc_hd__and3b_2)
                                                         _070_ (net)
                      0.032718    0.000000    2.217415 v _148_/B1 (sky130_fd_sc_hd__o22a_2)
     1    0.002239    0.024743    0.119568    2.336983 v _148_/X (sky130_fd_sc_hd__o22a_2)
                                                         _081_ (net)
                      0.024743    0.000000    2.336983 v _151_/A1 (sky130_fd_sc_hd__o32a_2)
     2    0.034989    0.090790    0.297416    2.634399 v _151_/X (sky130_fd_sc_hd__o32a_2)
                                                         result[0] (net)
                      0.090790    0.000000    2.634399 v result[0] (out)
                                              2.634399   data arrival time

                      0.000000   10.000000   10.000000   clock __VIRTUAL_CLK__ (rise edge)
                                  0.000000   10.000000   clock network delay (ideal)
                                 -0.250000    9.750000   clock uncertainty
                                  0.000000    9.750000   clock reconvergence pessimism
                                 -2.000000    7.750000   output external delay
                                              7.750000   data required time
---------------------------------------------------------------------------------------------
                                              7.750000   data required time
                                             -2.634399   data arrival time
---------------------------------------------------------------------------------------------
                                              5.115601   slack (MET)



%OL_END_REPORT
%OL_CREATE_REPORT checks.rpt

===========================================================================
report_checks -unconstrained
===========================================================================
======================= nom_ff_n40C_1v95 Corner ===================================

Startpoint: opcode[1] (input port clocked by __VIRTUAL_CLK__)
Endpoint: zero (output port clocked by __VIRTUAL_CLK__)
Path Group: __VIRTUAL_CLK__
Path Type: max

Fanout         Cap        Slew       Delay        Time   Description
---------------------------------------------------------------------------------------------
                      0.000000    0.000000    0.000000   clock __VIRTUAL_CLK__ (rise edge)
                                  0.000000    0.000000   clock network delay (ideal)
                                  2.000000    2.000000 v input external delay
    17    0.044507    0.068756    0.050524    2.050524 v opcode[1] (in)
                                                         opcode[1] (net)
                      0.068756    0.000000    2.050524 v _097_/B (sky130_fd_sc_hd__or3b_2)
     8    0.058695    0.152158    0.404391    2.454914 v _097_/X (sky130_fd_sc_hd__or3b_2)
                                                         _032_ (net)
                      0.152158    0.000000    2.454914 v _116_/B (sky130_fd_sc_hd__xor2_2)
     2    0.009591    0.085476    0.151696    2.606611 v _116_/X (sky130_fd_sc_hd__xor2_2)
                                                         _051_ (net)
                      0.085476    0.000000    2.606611 v _118_/B (sky130_fd_sc_hd__xnor2_2)
     4    0.010595    0.050245    0.120628    2.727238 v _118_/Y (sky130_fd_sc_hd__xnor2_2)
                                                         _053_ (net)
                      0.050245    0.000000    2.727238 v _121_/A1 (sky130_fd_sc_hd__a21o_2)
     4    0.013754    0.045404    0.152562    2.879801 v _121_/X (sky130_fd_sc_hd__a21o_2)
                                                         _056_ (net)
                      0.045404    0.000000    2.879801 v _125_/A2 (sky130_fd_sc_hd__a31o_2)
     3    0.007909    0.038326    0.168077    3.047878 v _125_/X (sky130_fd_sc_hd__a31o_2)
                                                         _060_ (net)
                      0.038326    0.000000    3.047878 v _127_/A2 (sky130_fd_sc_hd__a2111o_2)
     2    0.003797    0.045868    0.295056    3.342934 v _127_/X (sky130_fd_sc_hd__a2111o_2)
                                                         _062_ (net)
                      0.045868    0.000000    3.342934 v _141_/B (sky130_fd_sc_hd__and3_2)
     1    0.001449    0.024764    0.123014    3.465947 v _141_/X (sky130_fd_sc_hd__and3_2)
                                                         _076_ (net)
                      0.024764    0.000000    3.465947 v _142_/C (sky130_fd_sc_hd__or4b_2)
     3    0.008803    0.083510    0.378125    3.844072 v _142_/X (sky130_fd_sc_hd__or4b_2)
                                                         _077_ (net)
                      0.083510    0.000000    3.844072 v _144_/B1 (sky130_fd_sc_hd__o21a_2)
     2    0.037502    0.078595    0.148219    3.992291 v _144_/X (sky130_fd_sc_hd__o21a_2)
                                                         result[7] (net)
                      0.078595    0.000000    3.992291 v _193_/C1 (sky130_fd_sc_hd__a211oi_2)
     1    0.033442    0.444684    0.297069    4.289360 ^ _193_/Y (sky130_fd_sc_hd__a211oi_2)
                                                         zero (net)
                      0.444684    0.000000    4.289360 ^ zero (out)
                                              4.289360   data arrival time

                      0.000000   10.000000   10.000000   clock __VIRTUAL_CLK__ (rise edge)
                                  0.000000   10.000000   clock network delay (ideal)
                                 -0.250000    9.750000   clock uncertainty
                                  0.000000    9.750000   clock reconvergence pessimism
                                 -2.000000    7.750000   output external delay
                                              7.750000   data required time
---------------------------------------------------------------------------------------------
                                              7.750000   data required time
                                             -4.289360   data arrival time
---------------------------------------------------------------------------------------------
                                              3.460640   slack (MET)




===========================================================================
report_checks --slack_max -0.01
============================================================================
======================= nom_ff_n40C_1v95 Corner ===================================

No paths found.


===========================================================================
 report_check_types -max_slew -max_cap -max_fanout -violators
============================================================================
======================= nom_ff_n40C_1v95 Corner ===================================

max fanout

Pin                                   Limit Fanout  Slack
---------------------------------------------------------
opcode[1]                                10     17     -7 (VIOLATED)



===========================================================================
report_parasitic_annotation -report_unannotated
============================================================================
Found 121 unannotated drivers.
 a[0]
 a[1]
 a[2]
 a[3]
 a[4]
 a[5]
 a[6]
 a[7]
 b[0]
 b[1]
 b[2]
 b[3]
 b[4]
 b[5]
 b[6]
 b[7]
 opcode[0]
 opcode[1]
 opcode[2]
 _092_/Y
 _093_/Y
 _094_/Y
 _095_/X
 _096_/Y
 _097_/X
 _098_/X
 _099_/Y
 _100_/X
 _101_/X
 _102_/Y
 _103_/Y
 _104_/X
 _105_/Y
 _106_/X
 _107_/X
 _108_/X
 _109_/Y
 _110_/X
 _111_/X
 _112_/Y
 _113_/X
 _114_/X
 _115_/Y
 _116_/X
 _117_/X
 _118_/Y
 _119_/Y
 _120_/Y
 _121_/X
 _122_/Y
 _123_/Y
 _124_/Y
 _125_/X
 _126_/X
 _127_/X
 _128_/Y
 _129_/Y
 _130_/Y
 _131_/Y
 _132_/Y
 _133_/X
 _134_/X
 _135_/X
 _136_/X
 _137_/X
 _138_/Y
 _139_/X
 _140_/Y
 _141_/X
 _142_/X
 _143_/Y
 _144_/X
 _145_/X
 _146_/X
 _147_/Y
 _148_/X
 _149_/Y
 _150_/X
 _151_/X
 _152_/Y
 _153_/X
 _154_/X
 _155_/X
 _156_/X
 _157_/Y
 _158_/X
 _159_/X
 _160_/X
 _161_/X
 _162_/Y
 _163_/Y
 _164_/X
 _165_/Y
 _166_/X
 _167_/X
 _168_/Y
 _169_/Y
 _170_/X
 _171_/X
 _172_/X
 _173_/X
 _174_/Y
 _175_/Y
 _176_/X
 _177_/X
 _178_/X
 _179_/X
 _180_/X
 _181_/Y
 _182_/Y
 _183_/Y
 _184_/X
 _185_/Y
 _186_/X
 _187_/Y
 _188_/X
 _189_/X
 _190_/X
 _191_/X
 _192_/X
 _193_/Y
Found 0 partially unannotated drivers.

===========================================================================
max slew violation count 0
%OL_METRIC_I design__max_slew_violation__count__corner:nom_ff_n40C_1v95 0
max fanout violation count 1
%OL_METRIC_I design__max_fanout_violation__count__corner:nom_ff_n40C_1v95 1
max cap violation count 0
%OL_METRIC_I design__max_cap_violation__count__corner:nom_ff_n40C_1v95 0
============================================================================

===========================================================================
check_setup -verbose -unconstrained_endpoints -multiple_clock -no_clock -no_input_delay -loops -generated_clocks
===========================================================================
%OL_END_REPORT
%OL_CREATE_REPORT power.rpt

===========================================================================
 report_power
============================================================================
======================= nom_ff_n40C_1v95 Corner ===================================

Group                    Internal    Switching      Leakage        Total
                            Power        Power        Power        Power (Watts)
------------------------------------------------------------------------
Sequential           0.000000e+00 0.000000e+00 0.000000e+00 0.000000e+00   0.0%
Combinational        3.042945e-05 3.522413e-05 1.033844e-09 6.565461e-05 100.0%
Clock                0.000000e+00 0.000000e+00 0.000000e+00 0.000000e+00   0.0%
Macro                0.000000e+00 0.000000e+00 0.000000e+00 0.000000e+00   0.0%
Pad                  0.000000e+00 0.000000e+00 0.000000e+00 0.000000e+00   0.0%
------------------------------------------------------------------------
Total                3.042945e-05 3.522413e-05 1.033844e-09 6.565461e-05 100.0%
                            46.3%        53.7%         0.0%
%OL_METRIC_F power__internal__total 3.0429448088398203e-5
%OL_METRIC_F power__switching__total 3.522412953316234e-5
%OL_METRIC_F power__leakage__total 1.0338438993784393e-9
%OL_METRIC_F power__total 6.565461080754176e-5

%OL_END_REPORT
%OL_CREATE_REPORT skew.min.rpt

===========================================================================
Clock Skew (Hold)
============================================================================
%OL_METRIC_F clock__skew__worst_hold__corner:nom_ff_n40C_1v95 0.0
======================= nom_ff_n40C_1v95 Corner ===================================

Clock __VIRTUAL_CLK__
No launch/capture paths found.

%OL_END_REPORT
%OL_CREATE_REPORT skew.max.rpt

===========================================================================
Clock Skew (Setup)
============================================================================
%OL_METRIC_F clock__skew__worst_setup__corner:nom_ff_n40C_1v95 0.0
======================= nom_ff_n40C_1v95 Corner ===================================

Clock __VIRTUAL_CLK__
No launch/capture paths found.

%OL_END_REPORT
%OL_CREATE_REPORT ws.min.rpt

===========================================================================
Worst Slack (Hold)
============================================================================
%OL_METRIC_F timing__hold__ws__corner:nom_ff_n40C_1v95 3.9023851921113324
nom_ff_n40C_1v95: 3.9023851921113324
%OL_END_REPORT
%OL_CREATE_REPORT ws.max.rpt

===========================================================================
Worst Slack (Setup)
============================================================================
%OL_METRIC_F timing__setup__ws__corner:nom_ff_n40C_1v95 3.46064031670667
nom_ff_n40C_1v95: 3.46064031670667
%OL_END_REPORT
%OL_CREATE_REPORT tns.min.rpt

===========================================================================
Total Negative Slack (Hold)
============================================================================
%OL_METRIC_F timing__hold__tns__corner:nom_ff_n40C_1v95 0.0
nom_ff_n40C_1v95: 0.0
%OL_END_REPORT
%OL_CREATE_REPORT tns.max.rpt

===========================================================================
Total Negative Slack (Setup)
============================================================================
%OL_METRIC_F timing__setup__tns__corner:nom_ff_n40C_1v95 0.0
nom_ff_n40C_1v95: 0.0
%OL_END_REPORT
%OL_CREATE_REPORT wns.min.rpt

===========================================================================
Worst Negative Slack (Hold)
============================================================================
%OL_METRIC_F timing__hold__wns__corner:nom_ff_n40C_1v95 0
nom_ff_n40C_1v95: 0
%OL_END_REPORT
%OL_CREATE_REPORT wns.max.rpt

===========================================================================
Worst Negative Slack (Setup)
============================================================================
%OL_METRIC_F timing__setup__wns__corner:nom_ff_n40C_1v95 0.0
nom_ff_n40C_1v95: 0.0
%OL_END_REPORT
%OL_CREATE_REPORT violator_list.rpt

===========================================================================
Violator List
============================================================================
%OL_METRIC_I timing__hold_vio__count__corner:nom_ff_n40C_1v95 0
%OL_METRIC_F timing__hold_r2r__ws__corner:nom_ff_n40C_1v95 inf
%OL_METRIC_I timing__hold_r2r_vio__count__corner:nom_ff_n40C_1v95 0
%OL_METRIC_I timing__setup_vio__count__corner:nom_ff_n40C_1v95 0
%OL_METRIC_F timing__setup_r2r__ws__corner:nom_ff_n40C_1v95 inf
%OL_METRIC_I timing__setup_r2r_vio__count__corner:nom_ff_n40C_1v95 0
%OL_END_REPORT
%OL_CREATE_REPORT unpropagated.rpt
__VIRTUAL_CLK__
%OL_END_REPORT
%OL_CREATE_REPORT clock.rpt
Clock: __VIRTUAL_CLK__
Sources: 
Generated: no
Virtual: yes
Propagated: no
Period: 10.000000

===========================================================================
report_clock_properties
============================================================================
Clock                   Period          Waveform
----------------------------------------------------
__VIRTUAL_CLK__      10.000000    0.000000  5.000000

===========================================================================
report_clock_latency
============================================================================
Clock __VIRTUAL_CLK__


===========================================================================
report_clock_min_period
============================================================================
__VIRTUAL_CLK__ period_min = 0.00 fmax = inf
%OL_END_REPORT
Writing SDF files for all corners…
