
===========================================================================
report_checks -path_delay max (Setup)
============================================================================
======================= nom_tt_025C_1v80 Corner ===================================

Startpoint: opcode[1] (input port clocked by __VIRTUAL_CLK__)
Endpoint: zero (output port clocked by __VIRTUAL_CLK__)
Path Group: __VIRTUAL_CLK__
Path Type: max

Fanout         Cap        Slew       Delay        Time   Description
---------------------------------------------------------------------------------------------
                      0.000000    0.000000    0.000000   clock __VIRTUAL_CLK__ (rise edge)
                                  0.000000    0.000000   clock network delay (ideal)
                                  2.000000    2.000000 v input external delay
    17    0.054125    0.120152    0.091336    2.091336 v opcode[1] (in)
                                                         opcode[1] (net)
                      0.120159    0.000000    2.091336 v _097_/B (sky130_fd_sc_hd__or3b_2)
     8    0.069317    0.240904    0.710569    2.801905 v _097_/X (sky130_fd_sc_hd__or3b_2)
                                                         _032_ (net)
                      0.240904    0.000179    2.802084 v _116_/B (sky130_fd_sc_hd__xor2_2)
     2    0.010160    0.173068    0.253237    3.055320 ^ _116_/X (sky130_fd_sc_hd__xor2_2)
                                                         _051_ (net)
                      0.173068    0.000004    3.055324 ^ _117_/A_N (sky130_fd_sc_hd__and2b_2)
     1    0.002378    0.034946    0.243440    3.298764 v _117_/X (sky130_fd_sc_hd__and2b_2)
                                                         _052_ (net)
                      0.034946    0.000002    3.298766 v _121_/B1 (sky130_fd_sc_hd__a21o_2)
     4    0.015609    0.063174    0.228310    3.527075 v _121_/X (sky130_fd_sc_hd__a21o_2)
                                                         _056_ (net)
                      0.063174    0.000094    3.527169 v _125_/A2 (sky130_fd_sc_hd__a31o_2)
     3    0.009788    0.054161    0.269881    3.797050 v _125_/X (sky130_fd_sc_hd__a31o_2)
                                                         _060_ (net)
                      0.054161    0.000093    3.797144 v _127_/A2 (sky130_fd_sc_hd__a2111o_2)
     2    0.005238    0.069801    0.494464    4.291607 v _127_/X (sky130_fd_sc_hd__a2111o_2)
                                                         _062_ (net)
                      0.069801    0.000032    4.291639 v _141_/B (sky130_fd_sc_hd__and3_2)
     1    0.001732    0.034608    0.202440    4.494079 v _141_/X (sky130_fd_sc_hd__and3_2)
                                                         _076_ (net)
                      0.034608    0.000003    4.494081 v _142_/C (sky130_fd_sc_hd__or4b_2)
     3    0.009525    0.131047    0.680390    5.174472 v _142_/X (sky130_fd_sc_hd__or4b_2)
                                                         _077_ (net)
                      0.131047    0.000028    5.174500 v _144_/B1 (sky130_fd_sc_hd__o21a_2)
     2    0.039041    0.111871    0.242975    5.417475 v _144_/X (sky130_fd_sc_hd__o21a_2)
                                                         result[7] (net)
                      0.111871    0.000015    5.417489 v _193_/C1 (sky130_fd_sc_hd__a211oi_2)
     1    0.035114    0.645697    0.556179    5.973669 ^ _193_/Y (sky130_fd_sc_hd__a211oi_2)
                                                         zero (net)
                      0.645697    0.000252    5.973921 ^ zero (out)
                                              5.973921   data arrival time

                      0.000000   10.000000   10.000000   clock __VIRTUAL_CLK__ (rise edge)
                                  0.000000   10.000000   clock network delay (ideal)
                                 -0.250000    9.750000   clock uncertainty
                                  0.000000    9.750000   clock reconvergence pessimism
                                 -2.000000    7.750000   output external delay
                                              7.750000   data required time
---------------------------------------------------------------------------------------------
                                              7.750000   data required time
                                             -5.973921   data arrival time
---------------------------------------------------------------------------------------------
                                              1.776079   slack (MET)


Startpoint: opcode[1] (input port clocked by __VIRTUAL_CLK__)
Endpoint: overflow (output port clocked by __VIRTUAL_CLK__)
Path Group: __VIRTUAL_CLK__
Path Type: max

Fanout         Cap        Slew       Delay        Time   Description
---------------------------------------------------------------------------------------------
                      0.000000    0.000000    0.000000   clock __VIRTUAL_CLK__ (rise edge)
                                  0.000000    0.000000   clock network delay (ideal)
                                  2.000000    2.000000 v input external delay
    17    0.054125    0.120152    0.091336    2.091336 v opcode[1] (in)
                                                         opcode[1] (net)
                      0.120159    0.000000    2.091336 v _097_/B (sky130_fd_sc_hd__or3b_2)
     8    0.069317    0.240904    0.710569    2.801905 v _097_/X (sky130_fd_sc_hd__or3b_2)
                                                         _032_ (net)
                      0.240904    0.000179    2.802084 v _116_/B (sky130_fd_sc_hd__xor2_2)
     2    0.010160    0.173068    0.253237    3.055320 ^ _116_/X (sky130_fd_sc_hd__xor2_2)
                                                         _051_ (net)
                      0.173068    0.000004    3.055324 ^ _117_/A_N (sky130_fd_sc_hd__and2b_2)
     1    0.002378    0.034946    0.243440    3.298764 v _117_/X (sky130_fd_sc_hd__and2b_2)
                                                         _052_ (net)
                      0.034946    0.000002    3.298766 v _121_/B1 (sky130_fd_sc_hd__a21o_2)
     4    0.015609    0.063174    0.228310    3.527075 v _121_/X (sky130_fd_sc_hd__a21o_2)
                                                         _056_ (net)
                      0.063174    0.000094    3.527169 v _125_/A2 (sky130_fd_sc_hd__a31o_2)
     3    0.009788    0.054161    0.269881    3.797050 v _125_/X (sky130_fd_sc_hd__a31o_2)
                                                         _060_ (net)
                      0.054161    0.000093    3.797144 v _127_/A2 (sky130_fd_sc_hd__a2111o_2)
     2    0.005238    0.069801    0.494464    4.291607 v _127_/X (sky130_fd_sc_hd__a2111o_2)
                                                         _062_ (net)
                      0.069801    0.000032    4.291639 v _141_/B (sky130_fd_sc_hd__and3_2)
     1    0.001732    0.034608    0.202440    4.494079 v _141_/X (sky130_fd_sc_hd__and3_2)
                                                         _076_ (net)
                      0.034608    0.000003    4.494081 v _142_/C (sky130_fd_sc_hd__or4b_2)
     3    0.009525    0.131047    0.680390    5.174472 v _142_/X (sky130_fd_sc_hd__or4b_2)
                                                         _077_ (net)
                      0.131047    0.000026    5.174498 v _145_/A2 (sky130_fd_sc_hd__a21o_2)
     1    0.001475    0.029923    0.240907    5.415406 v _145_/X (sky130_fd_sc_hd__a21o_2)
                                                         _079_ (net)
                      0.029923    0.000000    5.415406 v _146_/C (sky130_fd_sc_hd__and3_2)
     1    0.034359    0.107826    0.293198    5.708603 v _146_/X (sky130_fd_sc_hd__and3_2)
                                                         overflow (net)
                      0.107826    0.000137    5.708740 v overflow (out)
                                              5.708740   data arrival time

                      0.000000   10.000000   10.000000   clock __VIRTUAL_CLK__ (rise edge)
                                  0.000000   10.000000   clock network delay (ideal)
                                 -0.250000    9.750000   clock uncertainty
                                  0.000000    9.750000   clock reconvergence pessimism
                                 -2.000000    7.750000   output external delay
                                              7.750000   data required time
---------------------------------------------------------------------------------------------
                                              7.750000   data required time
                                             -5.708740   data arrival time
---------------------------------------------------------------------------------------------
                                              2.041260   slack (MET)


Startpoint: opcode[1] (input port clocked by __VIRTUAL_CLK__)
Endpoint: result[7] (output port clocked by __VIRTUAL_CLK__)
Path Group: __VIRTUAL_CLK__
Path Type: max

Fanout         Cap        Slew       Delay        Time   Description
---------------------------------------------------------------------------------------------
                      0.000000    0.000000    0.000000   clock __VIRTUAL_CLK__ (rise edge)
                                  0.000000    0.000000   clock network delay (ideal)
                                  2.000000    2.000000 v input external delay
    17    0.054125    0.120152    0.091336    2.091336 v opcode[1] (in)
                                                         opcode[1] (net)
                      0.120159    0.000000    2.091336 v _097_/B (sky130_fd_sc_hd__or3b_2)
     8    0.069317    0.240904    0.710569    2.801905 v _097_/X (sky130_fd_sc_hd__or3b_2)
                                                         _032_ (net)
                      0.240904    0.000179    2.802084 v _116_/B (sky130_fd_sc_hd__xor2_2)
     2    0.010160    0.173068    0.253237    3.055320 ^ _116_/X (sky130_fd_sc_hd__xor2_2)
                                                         _051_ (net)
                      0.173068    0.000004    3.055324 ^ _117_/A_N (sky130_fd_sc_hd__and2b_2)
     1    0.002378    0.034946    0.243440    3.298764 v _117_/X (sky130_fd_sc_hd__and2b_2)
                                                         _052_ (net)
                      0.034946    0.000002    3.298766 v _121_/B1 (sky130_fd_sc_hd__a21o_2)
     4    0.015609    0.063174    0.228310    3.527075 v _121_/X (sky130_fd_sc_hd__a21o_2)
                                                         _056_ (net)
                      0.063174    0.000094    3.527169 v _125_/A2 (sky130_fd_sc_hd__a31o_2)
     3    0.009788    0.054161    0.269881    3.797050 v _125_/X (sky130_fd_sc_hd__a31o_2)
                                                         _060_ (net)
                      0.054161    0.000093    3.797144 v _127_/A2 (sky130_fd_sc_hd__a2111o_2)
     2    0.005238    0.069801    0.494464    4.291607 v _127_/X (sky130_fd_sc_hd__a2111o_2)
                                                         _062_ (net)
                      0.069801    0.000032    4.291639 v _141_/B (sky130_fd_sc_hd__and3_2)
     1    0.001732    0.034608    0.202440    4.494079 v _141_/X (sky130_fd_sc_hd__and3_2)
                                                         _076_ (net)
                      0.034608    0.000003    4.494081 v _142_/C (sky130_fd_sc_hd__or4b_2)
     3    0.009525    0.131047    0.680390    5.174472 v _142_/X (sky130_fd_sc_hd__or4b_2)
                                                         _077_ (net)
                      0.131047    0.000028    5.174500 v _144_/B1 (sky130_fd_sc_hd__o21a_2)
     2    0.039041    0.111871    0.242975    5.417475 v _144_/X (sky130_fd_sc_hd__o21a_2)
                                                         result[7] (net)
                      0.111871    0.000129    5.417604 v result[7] (out)
                                              5.417604   data arrival time

                      0.000000   10.000000   10.000000   clock __VIRTUAL_CLK__ (rise edge)
                                  0.000000   10.000000   clock network delay (ideal)
                                 -0.250000    9.750000   clock uncertainty
                                  0.000000    9.750000   clock reconvergence pessimism
                                 -2.000000    7.750000   output external delay
                                              7.750000   data required time
---------------------------------------------------------------------------------------------
                                              7.750000   data required time
                                             -5.417604   data arrival time
---------------------------------------------------------------------------------------------
                                              2.332396   slack (MET)


Startpoint: opcode[1] (input port clocked by __VIRTUAL_CLK__)
Endpoint: result[5] (output port clocked by __VIRTUAL_CLK__)
Path Group: __VIRTUAL_CLK__
Path Type: max

Fanout         Cap        Slew       Delay        Time   Description
---------------------------------------------------------------------------------------------
                      0.000000    0.000000    0.000000   clock __VIRTUAL_CLK__ (rise edge)
                                  0.000000    0.000000   clock network delay (ideal)
                                  2.000000    2.000000 v input external delay
    17    0.054125    0.120152    0.091336    2.091336 v opcode[1] (in)
                                                         opcode[1] (net)
                      0.120159    0.000000    2.091336 v _097_/B (sky130_fd_sc_hd__or3b_2)
     8    0.069317    0.240904    0.710569    2.801905 v _097_/X (sky130_fd_sc_hd__or3b_2)
                                                         _032_ (net)
                      0.240904    0.000179    2.802084 v _116_/B (sky130_fd_sc_hd__xor2_2)
     2    0.010160    0.173068    0.253237    3.055320 ^ _116_/X (sky130_fd_sc_hd__xor2_2)
                                                         _051_ (net)
                      0.173068    0.000004    3.055324 ^ _117_/A_N (sky130_fd_sc_hd__and2b_2)
     1    0.002378    0.034946    0.243440    3.298764 v _117_/X (sky130_fd_sc_hd__and2b_2)
                                                         _052_ (net)
                      0.034946    0.000002    3.298766 v _121_/B1 (sky130_fd_sc_hd__a21o_2)
     4    0.015609    0.063174    0.228310    3.527075 v _121_/X (sky130_fd_sc_hd__a21o_2)
                                                         _056_ (net)
                      0.063174    0.000094    3.527169 v _125_/A2 (sky130_fd_sc_hd__a31o_2)
     3    0.009788    0.054161    0.269881    3.797050 v _125_/X (sky130_fd_sc_hd__a31o_2)
                                                         _060_ (net)
                      0.054161    0.000088    3.797138 v _126_/B (sky130_fd_sc_hd__and2_2)
     3    0.011091    0.056824    0.225330    4.022469 v _126_/X (sky130_fd_sc_hd__and2_2)
                                                         _061_ (net)
                      0.056824    0.000013    4.022481 v _176_/A2 (sky130_fd_sc_hd__o31a_2)
     1    0.002295    0.049105    0.330750    4.353231 v _176_/X (sky130_fd_sc_hd__o31a_2)
                                                         _012_ (net)
                      0.049105    0.000000    4.353232 v _179_/A2 (sky130_fd_sc_hd__a21o_2)
     2    0.004501    0.038521    0.222514    4.575747 v _179_/X (sky130_fd_sc_hd__a21o_2)
                                                         _015_ (net)
                      0.038521    0.000018    4.575765 v _180_/B (sky130_fd_sc_hd__and2_2)
     1    0.035069    0.104306    0.273688    4.849453 v _180_/X (sky130_fd_sc_hd__and2_2)
                                                         result[5] (net)
                      0.104306    0.000254    4.849708 v result[5] (out)
                                              4.849708   data arrival time

                      0.000000   10.000000   10.000000   clock __VIRTUAL_CLK__ (rise edge)
                                  0.000000   10.000000   clock network delay (ideal)
                                 -0.250000    9.750000   clock uncertainty
                                  0.000000    9.750000   clock reconvergence pessimism
                                 -2.000000    7.750000   output external delay
                                              7.750000   data required time
---------------------------------------------------------------------------------------------
                                              7.750000   data required time
                                             -4.849708   data arrival time
---------------------------------------------------------------------------------------------
                                              2.900293   slack (MET)


Startpoint: opcode[1] (input port clocked by __VIRTUAL_CLK__)
Endpoint: result[6] (output port clocked by __VIRTUAL_CLK__)
Path Group: __VIRTUAL_CLK__
Path Type: max

Fanout         Cap        Slew       Delay        Time   Description
---------------------------------------------------------------------------------------------
                      0.000000    0.000000    0.000000   clock __VIRTUAL_CLK__ (rise edge)
                                  0.000000    0.000000   clock network delay (ideal)
                                  2.000000    2.000000 v input external delay
    17    0.054125    0.120152    0.091336    2.091336 v opcode[1] (in)
                                                         opcode[1] (net)
                      0.120159    0.000000    2.091336 v _097_/B (sky130_fd_sc_hd__or3b_2)
     8    0.069317    0.240904    0.710569    2.801905 v _097_/X (sky130_fd_sc_hd__or3b_2)
                                                         _032_ (net)
                      0.240904    0.000179    2.802084 v _116_/B (sky130_fd_sc_hd__xor2_2)
     2    0.010160    0.173068    0.253237    3.055320 ^ _116_/X (sky130_fd_sc_hd__xor2_2)
                                                         _051_ (net)
                      0.173068    0.000004    3.055324 ^ _117_/A_N (sky130_fd_sc_hd__and2b_2)
     1    0.002378    0.034946    0.243440    3.298764 v _117_/X (sky130_fd_sc_hd__and2b_2)
                                                         _052_ (net)
                      0.034946    0.000002    3.298766 v _121_/B1 (sky130_fd_sc_hd__a21o_2)
     4    0.015609    0.063174    0.228310    3.527075 v _121_/X (sky130_fd_sc_hd__a21o_2)
                                                         _056_ (net)
                      0.063174    0.000094    3.527169 v _125_/A2 (sky130_fd_sc_hd__a31o_2)
     3    0.009788    0.054161    0.269881    3.797050 v _125_/X (sky130_fd_sc_hd__a31o_2)
                                                         _060_ (net)
                      0.054161    0.000088    3.797138 v _126_/B (sky130_fd_sc_hd__and2_2)
     3    0.011091    0.056824    0.225330    4.022469 v _126_/X (sky130_fd_sc_hd__and2_2)
                                                         _061_ (net)
                      0.056824    0.000013    4.022481 v _175_/A2 (sky130_fd_sc_hd__o21ai_2)
     3    0.010547    0.164300    0.170364    4.192846 ^ _175_/Y (sky130_fd_sc_hd__o21ai_2)
                                                         _011_ (net)
                      0.164300    0.000040    4.192886 ^ _185_/B (sky130_fd_sc_hd__nand3_2)
     1    0.002483    0.052481    0.086961    4.279847 v _185_/Y (sky130_fd_sc_hd__nand3_2)
                                                         _020_ (net)
                      0.052481    0.000003    4.279850 v _189_/A3 (sky130_fd_sc_hd__a31o_2)
     2    0.005881    0.045745    0.264394    4.544244 v _189_/X (sky130_fd_sc_hd__a31o_2)
                                                         _024_ (net)
                      0.045745    0.000003    4.544247 v _190_/B (sky130_fd_sc_hd__and2_2)
     1    0.035588    0.103432    0.278014    4.822261 v _190_/X (sky130_fd_sc_hd__and2_2)
                                                         result[6] (net)
                      0.103432    0.000517    4.822778 v result[6] (out)
                                              4.822778   data arrival time

                      0.000000   10.000000   10.000000   clock __VIRTUAL_CLK__ (rise edge)
                                  0.000000   10.000000   clock network delay (ideal)
                                 -0.250000    9.750000   clock uncertainty
                                  0.000000    9.750000   clock reconvergence pessimism
                                 -2.000000    7.750000   output external delay
                                              7.750000   data required time
---------------------------------------------------------------------------------------------
                                              7.750000   data required time
                                             -4.822778   data arrival time
---------------------------------------------------------------------------------------------
                                              2.927222   slack (MET)


Startpoint: opcode[1] (input port clocked by __VIRTUAL_CLK__)
Endpoint: result[4] (output port clocked by __VIRTUAL_CLK__)
Path Group: __VIRTUAL_CLK__
Path Type: max

Fanout         Cap        Slew       Delay        Time   Description
---------------------------------------------------------------------------------------------
                      0.000000    0.000000    0.000000   clock __VIRTUAL_CLK__ (rise edge)
                                  0.000000    0.000000   clock network delay (ideal)
                                  2.000000    2.000000 v input external delay
    17    0.054125    0.120152    0.091336    2.091336 v opcode[1] (in)
                                                         opcode[1] (net)
                      0.120159    0.000000    2.091336 v _097_/B (sky130_fd_sc_hd__or3b_2)
     8    0.069317    0.240904    0.710569    2.801905 v _097_/X (sky130_fd_sc_hd__or3b_2)
                                                         _032_ (net)
                      0.240904    0.000179    2.802084 v _116_/B (sky130_fd_sc_hd__xor2_2)
     2    0.010160    0.173068    0.253237    3.055320 ^ _116_/X (sky130_fd_sc_hd__xor2_2)
                                                         _051_ (net)
                      0.173068    0.000004    3.055324 ^ _117_/A_N (sky130_fd_sc_hd__and2b_2)
     1    0.002378    0.034946    0.243440    3.298764 v _117_/X (sky130_fd_sc_hd__and2b_2)
                                                         _052_ (net)
                      0.034946    0.000002    3.298766 v _121_/B1 (sky130_fd_sc_hd__a21o_2)
     4    0.015609    0.063174    0.228310    3.527075 v _121_/X (sky130_fd_sc_hd__a21o_2)
                                                         _056_ (net)
                      0.063174    0.000094    3.527169 v _125_/A2 (sky130_fd_sc_hd__a31o_2)
     3    0.009788    0.054161    0.269881    3.797050 v _125_/X (sky130_fd_sc_hd__a31o_2)
                                                         _060_ (net)
                      0.054161    0.000080    3.797131 v _168_/A2 (sky130_fd_sc_hd__o21ai_2)
     1    0.004956    0.106803    0.124424    3.921555 ^ _168_/Y (sky130_fd_sc_hd__o21ai_2)
                                                         _005_ (net)
                      0.106803    0.000005    3.921560 ^ _169_/B (sky130_fd_sc_hd__nor2_2)
     1    0.002579    0.026983    0.040078    3.961637 v _169_/Y (sky130_fd_sc_hd__nor2_2)
                                                         _006_ (net)
                      0.026983    0.000005    3.961642 v _172_/A1 (sky130_fd_sc_hd__o32a_2)
     2    0.037684    0.128966    0.501151    4.462793 v _172_/X (sky130_fd_sc_hd__o32a_2)
                                                         result[4] (net)
                      0.128966    0.000195    4.462988 v result[4] (out)
                                              4.462988   data arrival time

                      0.000000   10.000000   10.000000   clock __VIRTUAL_CLK__ (rise edge)
                                  0.000000   10.000000   clock network delay (ideal)
                                 -0.250000    9.750000   clock uncertainty
                                  0.000000    9.750000   clock reconvergence pessimism
                                 -2.000000    7.750000   output external delay
                                              7.750000   data required time
---------------------------------------------------------------------------------------------
                                              7.750000   data required time
                                             -4.462988   data arrival time
---------------------------------------------------------------------------------------------
                                              3.287012   slack (MET)


Startpoint: opcode[1] (input port clocked by __VIRTUAL_CLK__)
Endpoint: result[3] (output port clocked by __VIRTUAL_CLK__)
Path Group: __VIRTUAL_CLK__
Path Type: max

Fanout         Cap        Slew       Delay        Time   Description
---------------------------------------------------------------------------------------------
                      0.000000    0.000000    0.000000   clock __VIRTUAL_CLK__ (rise edge)
                                  0.000000    0.000000   clock network delay (ideal)
                                  2.000000    2.000000 v input external delay
    17    0.054125    0.120152    0.091336    2.091336 v opcode[1] (in)
                                                         opcode[1] (net)
                      0.120159    0.000000    2.091336 v _097_/B (sky130_fd_sc_hd__or3b_2)
     8    0.069317    0.240904    0.710569    2.801905 v _097_/X (sky130_fd_sc_hd__or3b_2)
                                                         _032_ (net)
                      0.240904    0.000179    2.802084 v _116_/B (sky130_fd_sc_hd__xor2_2)
     2    0.010160    0.173068    0.253237    3.055320 ^ _116_/X (sky130_fd_sc_hd__xor2_2)
                                                         _051_ (net)
                      0.173068    0.000004    3.055324 ^ _117_/A_N (sky130_fd_sc_hd__and2b_2)
     1    0.002378    0.034946    0.243440    3.298764 v _117_/X (sky130_fd_sc_hd__and2b_2)
                                                         _052_ (net)
                      0.034946    0.000002    3.298766 v _121_/B1 (sky130_fd_sc_hd__a21o_2)
     4    0.015609    0.063174    0.228310    3.527075 v _121_/X (sky130_fd_sc_hd__a21o_2)
                                                         _056_ (net)
                      0.063174    0.000091    3.527166 v _162_/A2 (sky130_fd_sc_hd__a21oi_2)
     2    0.007294    0.128452    0.172093    3.699259 ^ _162_/Y (sky130_fd_sc_hd__a21oi_2)
                                                         _000_ (net)
                      0.128452    0.000031    3.699290 ^ _163_/A2 (sky130_fd_sc_hd__a21oi_2)
     1    0.002701    0.053813    0.070361    3.769651 v _163_/Y (sky130_fd_sc_hd__a21oi_2)
                                                         _001_ (net)
                      0.053813    0.000005    3.769657 v _166_/B1 (sky130_fd_sc_hd__o221a_2)
     1    0.001830    0.040226    0.247523    4.017180 v _166_/X (sky130_fd_sc_hd__o221a_2)
                                                         _004_ (net)
                      0.040226    0.000002    4.017182 v _167_/A1_N (sky130_fd_sc_hd__o2bb2a_2)
     2    0.038479    0.207410    0.393551    4.410733 ^ _167_/X (sky130_fd_sc_hd__o2bb2a_2)
                                                         result[3] (net)
                      0.207410    0.000202    4.410935 ^ result[3] (out)
                                              4.410935   data arrival time

                      0.000000   10.000000   10.000000   clock __VIRTUAL_CLK__ (rise edge)
                                  0.000000   10.000000   clock network delay (ideal)
                                 -0.250000    9.750000   clock uncertainty
                                  0.000000    9.750000   clock reconvergence pessimism
                                 -2.000000    7.750000   output external delay
                                              7.750000   data required time
---------------------------------------------------------------------------------------------
                                              7.750000   data required time
                                             -4.410935   data arrival time
---------------------------------------------------------------------------------------------
                                              3.339065   slack (MET)


Startpoint: opcode[1] (input port clocked by __VIRTUAL_CLK__)
Endpoint: result[2] (output port clocked by __VIRTUAL_CLK__)
Path Group: __VIRTUAL_CLK__
Path Type: max

Fanout         Cap        Slew       Delay        Time   Description
---------------------------------------------------------------------------------------------
                      0.000000    0.000000    0.000000   clock __VIRTUAL_CLK__ (rise edge)
                                  0.000000    0.000000   clock network delay (ideal)
                                  2.000000    2.000000 v input external delay
    17    0.054125    0.120152    0.091336    2.091336 v opcode[1] (in)
                                                         opcode[1] (net)
                      0.120159    0.000000    2.091336 v _097_/B (sky130_fd_sc_hd__or3b_2)
     8    0.069317    0.240904    0.710569    2.801905 v _097_/X (sky130_fd_sc_hd__or3b_2)
                                                         _032_ (net)
                      0.240904    0.000179    2.802084 v _116_/B (sky130_fd_sc_hd__xor2_2)
     2    0.010160    0.173068    0.253237    3.055320 ^ _116_/X (sky130_fd_sc_hd__xor2_2)
                                                         _051_ (net)
                      0.173068    0.000004    3.055324 ^ _117_/A_N (sky130_fd_sc_hd__and2b_2)
     1    0.002378    0.034946    0.243440    3.298764 v _117_/X (sky130_fd_sc_hd__and2b_2)
                                                         _052_ (net)
                      0.034946    0.000002    3.298766 v _121_/B1 (sky130_fd_sc_hd__a21o_2)
     4    0.015609    0.063174    0.228310    3.527075 v _121_/X (sky130_fd_sc_hd__a21o_2)
                                                         _056_ (net)
                      0.063174    0.000067    3.527142 v _158_/A2 (sky130_fd_sc_hd__o21a_2)
     1    0.002524    0.033172    0.200902    3.728044 v _158_/X (sky130_fd_sc_hd__o21a_2)
                                                         _089_ (net)
                      0.033172    0.000005    3.728049 v _161_/A1 (sky130_fd_sc_hd__o32a_2)
     2    0.036838    0.127378    0.501912    4.229961 v _161_/X (sky130_fd_sc_hd__o32a_2)
                                                         result[2] (net)
                      0.127378    0.000399    4.230360 v result[2] (out)
                                              4.230360   data arrival time

                      0.000000   10.000000   10.000000   clock __VIRTUAL_CLK__ (rise edge)
                                  0.000000   10.000000   clock network delay (ideal)
                                 -0.250000    9.750000   clock uncertainty
                                  0.000000    9.750000   clock reconvergence pessimism
                                 -2.000000    7.750000   output external delay
                                              7.750000   data required time
---------------------------------------------------------------------------------------------
                                              7.750000   data required time
                                             -4.230360   data arrival time
---------------------------------------------------------------------------------------------
                                              3.519640   slack (MET)


Startpoint: opcode[1] (input port clocked by __VIRTUAL_CLK__)
Endpoint: result[1] (output port clocked by __VIRTUAL_CLK__)
Path Group: __VIRTUAL_CLK__
Path Type: max

Fanout         Cap        Slew       Delay        Time   Description
---------------------------------------------------------------------------------------------
                      0.000000    0.000000    0.000000   clock __VIRTUAL_CLK__ (rise edge)
                                  0.000000    0.000000   clock network delay (ideal)
                                  2.000000    2.000000 v input external delay
    17    0.054125    0.120152    0.091336    2.091336 v opcode[1] (in)
                                                         opcode[1] (net)
                      0.120159    0.000000    2.091336 v _097_/B (sky130_fd_sc_hd__or3b_2)
     8    0.069317    0.240904    0.710569    2.801905 v _097_/X (sky130_fd_sc_hd__or3b_2)
                                                         _032_ (net)
                      0.240904    0.000179    2.802084 v _116_/B (sky130_fd_sc_hd__xor2_2)
     2    0.009672    0.121459    0.243126    3.045210 v _116_/X (sky130_fd_sc_hd__xor2_2)
                                                         _051_ (net)
                      0.121459    0.000004    3.045213 v _118_/B (sky130_fd_sc_hd__xnor2_2)
     4    0.011928    0.205611    0.224694    3.269907 ^ _118_/Y (sky130_fd_sc_hd__xnor2_2)
                                                         _053_ (net)
                      0.205611    0.000014    3.269921 ^ _152_/A1 (sky130_fd_sc_hd__a21oi_2)
     1    0.002537    0.052954    0.075558    3.345479 v _152_/Y (sky130_fd_sc_hd__a21oi_2)
                                                         _084_ (net)
                      0.052954    0.000003    3.345482 v _153_/B1 (sky130_fd_sc_hd__o21a_2)
     1    0.001782    0.030878    0.113836    3.459318 v _153_/X (sky130_fd_sc_hd__o21a_2)
                                                         _085_ (net)
                      0.030878    0.000003    3.459321 v _156_/A (sky130_fd_sc_hd__or3_2)
     2    0.037103    0.168407    0.634108    4.093430 v _156_/X (sky130_fd_sc_hd__or3_2)
                                                         result[1] (net)
                      0.168407    0.000269    4.093699 v result[1] (out)
                                              4.093699   data arrival time

                      0.000000   10.000000   10.000000   clock __VIRTUAL_CLK__ (rise edge)
                                  0.000000   10.000000   clock network delay (ideal)
                                 -0.250000    9.750000   clock uncertainty
                                  0.000000    9.750000   clock reconvergence pessimism
                                 -2.000000    7.750000   output external delay
                                              7.750000   data required time
---------------------------------------------------------------------------------------------
                                              7.750000   data required time
                                             -4.093699   data arrival time
---------------------------------------------------------------------------------------------
                                              3.656301   slack (MET)


Startpoint: opcode[1] (input port clocked by __VIRTUAL_CLK__)
Endpoint: result[0] (output port clocked by __VIRTUAL_CLK__)
Path Group: __VIRTUAL_CLK__
Path Type: max

Fanout         Cap        Slew       Delay        Time   Description
---------------------------------------------------------------------------------------------
                      0.000000    0.000000    0.000000   clock __VIRTUAL_CLK__ (rise edge)
                                  0.000000    0.000000   clock network delay (ideal)
                                  2.000000    2.000000 v input external delay
    17    0.054125    0.120152    0.091406    2.091406 v opcode[1] (in)
                                                         opcode[1] (net)
                      0.120160    0.000000    2.091406 v _095_/B (sky130_fd_sc_hd__and2_2)
     8    0.028958    0.092088    0.299058    2.390464 v _095_/X (sky130_fd_sc_hd__and2_2)
                                                         _030_ (net)
                      0.092088    0.000081    2.390544 v _150_/B1 (sky130_fd_sc_hd__a31o_2)
     1    0.002173    0.035391    0.232144    2.622689 v _150_/X (sky130_fd_sc_hd__a31o_2)
                                                         _083_ (net)
                      0.035391    0.000000    2.622689 v _151_/A3 (sky130_fd_sc_hd__o32a_2)
     2    0.036869    0.127376    0.442785    3.065475 v _151_/X (sky130_fd_sc_hd__o32a_2)
                                                         result[0] (net)
                      0.127376    0.000177    3.065651 v result[0] (out)
                                              3.065651   data arrival time

                      0.000000   10.000000   10.000000   clock __VIRTUAL_CLK__ (rise edge)
                                  0.000000   10.000000   clock network delay (ideal)
                                 -0.250000    9.750000   clock uncertainty
                                  0.000000    9.750000   clock reconvergence pessimism
                                 -2.000000    7.750000   output external delay
                                              7.750000   data required time
---------------------------------------------------------------------------------------------
                                              7.750000   data required time
                                             -3.065651   data arrival time
---------------------------------------------------------------------------------------------
                                              4.684349   slack (MET)



