Reading timing models for corner nom_tt_025C_1v80…
Reading timing library for the 'nom_tt_025C_1v80' corner at '/home/thaituroblox/.ciel/ciel/ciel/sky130/versions/8afc8346a57fe1ab7934ba5a6056ea8b43078e71/sky130A/libs.ref/sky130_fd_sc_hd/lib/sky130_fd_sc_hd__tt_025C_1v80.lib'…
Reading OpenROAD database at '/home/thaituroblox/Desktop/8_BIT_COUNTER/Counter-8-Bit-/alu_project/runs/RUN_2026-09-26_04-41-42/28-openroad-globalplacement/alu_8bit.odb'…
Reading design constraints file at '/nix/store/8y4m6wgn5kqlbig1qwnwbxijqqp0jwib-python3-3.13.9-env/lib/python3.13/site-packages/librelane/scripts/base.sdc'…
[WARNING] No CLOCK_PORT found. A dummy clock will be used.
[WARNING STA-0366] port '__VIRTUAL_CLK__' not found.
[INFO] Using clock __VIRTUAL_CLK__…
[INFO] Setting output delay to: 2.0
[INFO] Setting input delay to: 2.0
[WARNING STA-0366] port '__VIRTUAL_CLK__' not found.
[INFO] Setting load to: 0.033442
[INFO] Setting clock uncertainty to: 0.25
[INFO] Setting clock transition to: 0.1499999999999999944488848768742172978818416595458984375
[WARNING STA-0419] transition time can not be specified for virtual clocks.
[INFO] Setting timing derate to: 5.0%
[WARNING STA-0450] virtual clock __VIRTUAL_CLK__ can not be propagated.
%OL_CREATE_REPORT min.rpt

===========================================================================
report_checks -path_delay min (Hold)
============================================================================
======================= nom_tt_025C_1v80 Corner ===================================

Startpoint: a[4] (input port clocked by __VIRTUAL_CLK__)
Endpoint: result[4] (output port clocked by __VIRTUAL_CLK__)
Path Group: __VIRTUAL_CLK__
Path Type: min

Fanout         Cap        Slew       Delay        Time   Description
---------------------------------------------------------------------------------------------
                      0.000000    0.000000    0.000000   clock __VIRTUAL_CLK__ (rise edge)
                                  0.000000    0.000000   clock network delay (ideal)
                                  2.000000    2.000000 v input external delay
     5    0.011159    0.027023    0.017149    2.017149 v a[4] (in)
                                                         a[4] (net)
                      0.027023    0.000000    2.017149 v _172_/B2 (sky130_fd_sc_hd__o32a_2)
     2    0.037684    0.122565    0.248805    2.265954 v _172_/X (sky130_fd_sc_hd__o32a_2)
                                                         result[4] (net)
                      0.122565    0.000177    2.266130 v result[4] (out)
                                              2.266130   data arrival time

                      0.000000    0.000000    0.000000   clock __VIRTUAL_CLK__ (rise edge)
                                  0.000000    0.000000   clock network delay (ideal)
                                  0.250000    0.250000   clock uncertainty
                                  0.000000    0.250000   clock reconvergence pessimism
                                 -2.000000   -1.750000   output external delay
                                             -1.750000   data required time
---------------------------------------------------------------------------------------------
                                             -1.750000   data required time
                                             -2.266130   data arrival time
---------------------------------------------------------------------------------------------
                                              4.016130   slack (MET)


Startpoint: a[2] (input port clocked by __VIRTUAL_CLK__)
Endpoint: result[2] (output port clocked by __VIRTUAL_CLK__)
Path Group: __VIRTUAL_CLK__
Path Type: min

Fanout         Cap        Slew       Delay        Time   Description
---------------------------------------------------------------------------------------------
                      0.000000    0.000000    0.000000   clock __VIRTUAL_CLK__ (rise edge)
                                  0.000000    0.000000   clock network delay (ideal)
                                  2.000000    2.000000 v input external delay
     4    0.012210    0.029297    0.018791    2.018791 v a[2] (in)
                                                         a[2] (net)
                      0.029297    0.000000    2.018791 v _161_/B2 (sky130_fd_sc_hd__o32a_2)
     2    0.036838    0.120899    0.247889    2.266680 v _161_/X (sky130_fd_sc_hd__o32a_2)
                                                         result[2] (net)
                      0.120899    0.000361    2.267041 v result[2] (out)
                                              2.267041   data arrival time

                      0.000000    0.000000    0.000000   clock __VIRTUAL_CLK__ (rise edge)
                                  0.000000    0.000000   clock network delay (ideal)
                                  0.250000    0.250000   clock uncertainty
                                  0.000000    0.250000   clock reconvergence pessimism
                                 -2.000000   -1.750000   output external delay
                                             -1.750000   data required time
---------------------------------------------------------------------------------------------
                                             -1.750000   data required time
                                             -2.267041   data arrival time
---------------------------------------------------------------------------------------------
                                              4.017042   slack (MET)


Startpoint: a[0] (input port clocked by __VIRTUAL_CLK__)
Endpoint: result[0] (output port clocked by __VIRTUAL_CLK__)
Path Group: __VIRTUAL_CLK__
Path Type: min

Fanout         Cap        Slew       Delay        Time   Description
---------------------------------------------------------------------------------------------
                      0.000000    0.000000    0.000000   clock __VIRTUAL_CLK__ (rise edge)
                                  0.000000    0.000000   clock network delay (ideal)
                                  2.000000    2.000000 v input external delay
     6    0.020972    0.048090    0.031987    2.031987 v a[0] (in)
                                                         a[0] (net)
                      0.048090    0.000000    2.031987 v _151_/B2 (sky130_fd_sc_hd__o32a_2)
     2    0.036869    0.120889    0.254422    2.286409 v _151_/X (sky130_fd_sc_hd__o32a_2)
                                                         result[0] (net)
                      0.120889    0.000160    2.286569 v result[0] (out)
                                              2.286569   data arrival time

                      0.000000    0.000000    0.000000   clock __VIRTUAL_CLK__ (rise edge)
                                  0.000000    0.000000   clock network delay (ideal)
                                  0.250000    0.250000   clock uncertainty
                                  0.000000    0.250000   clock reconvergence pessimism
                                 -2.000000   -1.750000   output external delay
                                             -1.750000   data required time
---------------------------------------------------------------------------------------------
                                             -1.750000   data required time
                                             -2.286569   data arrival time
---------------------------------------------------------------------------------------------
                                              4.036569   slack (MET)


Startpoint: a[7] (input port clocked by __VIRTUAL_CLK__)
Endpoint: result[7] (output port clocked by __VIRTUAL_CLK__)
Path Group: __VIRTUAL_CLK__
Path Type: min

Fanout         Cap        Slew       Delay        Time   Description
---------------------------------------------------------------------------------------------
                      0.000000    0.000000    0.000000   clock __VIRTUAL_CLK__ (rise edge)
                                  0.000000    0.000000   clock network delay (ideal)
                                  2.000000    2.000000 v input external delay
     6    0.023206    0.052905    0.035378    2.035378 v a[7] (in)
                                                         a[7] (net)
                      0.052905    0.000000    2.035378 v _144_/A1 (sky130_fd_sc_hd__o21a_2)
     2    0.039041    0.103719    0.281801    2.317179 v _144_/X (sky130_fd_sc_hd__o21a_2)
                                                         result[7] (net)
                      0.103719    0.000117    2.317296 v result[7] (out)
                                              2.317296   data arrival time

                      0.000000    0.000000    0.000000   clock __VIRTUAL_CLK__ (rise edge)
                                  0.000000    0.000000   clock network delay (ideal)
                                  0.250000    0.250000   clock uncertainty
                                  0.000000    0.250000   clock reconvergence pessimism
                                 -2.000000   -1.750000   output external delay
                                             -1.750000   data required time
---------------------------------------------------------------------------------------------
                                             -1.750000   data required time
                                             -2.317296   data arrival time
---------------------------------------------------------------------------------------------
                                              4.067296   slack (MET)


Startpoint: a[3] (input port clocked by __VIRTUAL_CLK__)
Endpoint: result[3] (output port clocked by __VIRTUAL_CLK__)
Path Group: __VIRTUAL_CLK__
Path Type: min

Fanout         Cap        Slew       Delay        Time   Description
---------------------------------------------------------------------------------------------
                      0.000000    0.000000    0.000000   clock __VIRTUAL_CLK__ (rise edge)
                                  0.000000    0.000000   clock network delay (ideal)
                                  2.000000    2.000000 ^ input external delay
     4    0.015324    0.074826    0.048363    2.048363 ^ a[3] (in)
                                                         a[3] (net)
                      0.074826    0.000000    2.048363 ^ _167_/B2 (sky130_fd_sc_hd__o2bb2a_2)
     2    0.038479    0.205725    0.275767    2.324130 ^ _167_/X (sky130_fd_sc_hd__o2bb2a_2)
                                                         result[3] (net)
                      0.205725    0.000183    2.324313 ^ result[3] (out)
                                              2.324313   data arrival time

                      0.000000    0.000000    0.000000   clock __VIRTUAL_CLK__ (rise edge)
                                  0.000000    0.000000   clock network delay (ideal)
                                  0.250000    0.250000   clock uncertainty
                                  0.000000    0.250000   clock reconvergence pessimism
                                 -2.000000   -1.750000   output external delay
                                             -1.750000   data required time
---------------------------------------------------------------------------------------------
                                             -1.750000   data required time
                                             -2.324313   data arrival time
---------------------------------------------------------------------------------------------
                                              4.074313   slack (MET)


Startpoint: a[6] (input port clocked by __VIRTUAL_CLK__)
Endpoint: zero (output port clocked by __VIRTUAL_CLK__)
Path Group: __VIRTUAL_CLK__
Path Type: min

Fanout         Cap        Slew       Delay        Time   Description
---------------------------------------------------------------------------------------------
                      0.000000    0.000000    0.000000   clock __VIRTUAL_CLK__ (rise edge)
                                  0.000000    0.000000   clock network delay (ideal)
                                  2.000000    2.000000 ^ input external delay
     4    0.022387    0.106298    0.069348    2.069348 ^ a[6] (in)
                                                         a[6] (net)
                      0.106299    0.000000    2.069348 ^ _092_/A (sky130_fd_sc_hd__inv_2)
     3    0.013703    0.045577    0.062408    2.131756 v _092_/Y (sky130_fd_sc_hd__inv_2)
                                                         _027_ (net)
                      0.045577    0.000031    2.131787 v _181_/A (sky130_fd_sc_hd__nand2_2)
     2    0.006309    0.045535    0.057096    2.188883 ^ _181_/Y (sky130_fd_sc_hd__nand2_2)
                                                         _016_ (net)
                      0.045535    0.000008    2.188891 ^ _193_/A1 (sky130_fd_sc_hd__a211oi_2)
     1    0.035114    0.094396    0.141312    2.330203 v _193_/Y (sky130_fd_sc_hd__a211oi_2)
                                                         zero (net)
                      0.094397    0.000228    2.330431 v zero (out)
                                              2.330431   data arrival time

                      0.000000    0.000000    0.000000   clock __VIRTUAL_CLK__ (rise edge)
                                  0.000000    0.000000   clock network delay (ideal)
                                  0.250000    0.250000   clock uncertainty
                                  0.000000    0.250000   clock reconvergence pessimism
                                 -2.000000   -1.750000   output external delay
                                             -1.750000   data required time
---------------------------------------------------------------------------------------------
                                             -1.750000   data required time
                                             -2.330431   data arrival time
---------------------------------------------------------------------------------------------
                                              4.080431   slack (MET)


Startpoint: a[7] (input port clocked by __VIRTUAL_CLK__)
Endpoint: overflow (output port clocked by __VIRTUAL_CLK__)
Path Group: __VIRTUAL_CLK__
Path Type: min

Fanout         Cap        Slew       Delay        Time   Description
---------------------------------------------------------------------------------------------
                      0.000000    0.000000    0.000000   clock __VIRTUAL_CLK__ (rise edge)
                                  0.000000    0.000000   clock network delay (ideal)
                                  2.000000    2.000000 v input external delay
     6    0.023206    0.052905    0.035373    2.035372 v a[7] (in)
                                                         a[7] (net)
                      0.052905    0.000000    2.035372 v _143_/A (sky130_fd_sc_hd__nand2_2)
     1    0.001638    0.024904    0.043933    2.079306 ^ _143_/Y (sky130_fd_sc_hd__nand2_2)
                                                         _078_ (net)
                      0.024904    0.000000    2.079306 ^ _146_/B (sky130_fd_sc_hd__and3_2)
     1    0.034359    0.183822    0.265250    2.344556 ^ _146_/X (sky130_fd_sc_hd__and3_2)
                                                         overflow (net)
                      0.183822    0.000124    2.344680 ^ overflow (out)
                                              2.344680   data arrival time

                      0.000000    0.000000    0.000000   clock __VIRTUAL_CLK__ (rise edge)
                                  0.000000    0.000000   clock network delay (ideal)
                                  0.250000    0.250000   clock uncertainty
                                  0.000000    0.250000   clock reconvergence pessimism
                                 -2.000000   -1.750000   output external delay
                                             -1.750000   data required time
---------------------------------------------------------------------------------------------
                                             -1.750000   data required time
                                             -2.344680   data arrival time
---------------------------------------------------------------------------------------------
                                              4.094680   slack (MET)


Startpoint: a[5] (input port clocked by __VIRTUAL_CLK__)
Endpoint: result[5] (output port clocked by __VIRTUAL_CLK__)
Path Group: __VIRTUAL_CLK__
Path Type: min

Fanout         Cap        Slew       Delay        Time   Description
---------------------------------------------------------------------------------------------
                      0.000000    0.000000    0.000000   clock __VIRTUAL_CLK__ (rise edge)
                                  0.000000    0.000000   clock network delay (ideal)
                                  2.000000    2.000000 ^ input external delay
     5    0.012379    0.061877    0.039571    2.039571 ^ a[5] (in)
                                                         a[5] (net)
                      0.061877    0.000000    2.039571 ^ _173_/A (sky130_fd_sc_hd__or2_2)
     2    0.004328    0.036917    0.102940    2.142511 ^ _173_/X (sky130_fd_sc_hd__or2_2)
                                                         _009_ (net)
                      0.036917    0.000000    2.142512 ^ _180_/A (sky130_fd_sc_hd__and2_2)
     1    0.035069    0.185151    0.228479    2.370991 ^ _180_/X (sky130_fd_sc_hd__and2_2)
                                                         result[5] (net)
                      0.185151    0.000230    2.371221 ^ result[5] (out)
                                              2.371221   data arrival time

                      0.000000    0.000000    0.000000   clock __VIRTUAL_CLK__ (rise edge)
                                  0.000000    0.000000   clock network delay (ideal)
                                  0.250000    0.250000   clock uncertainty
                                  0.000000    0.250000   clock reconvergence pessimism
                                 -2.000000   -1.750000   output external delay
                                             -1.750000   data required time
---------------------------------------------------------------------------------------------
                                             -1.750000   data required time
                                             -2.371221   data arrival time
---------------------------------------------------------------------------------------------
                                              4.121221   slack (MET)


Startpoint: a[6] (input port clocked by __VIRTUAL_CLK__)
Endpoint: result[6] (output port clocked by __VIRTUAL_CLK__)
Path Group: __VIRTUAL_CLK__
Path Type: min

Fanout         Cap        Slew       Delay        Time   Description
---------------------------------------------------------------------------------------------
                      0.000000    0.000000    0.000000   clock __VIRTUAL_CLK__ (rise edge)
                                  0.000000    0.000000   clock network delay (ideal)
                                  2.000000    2.000000 v input external delay
     4    0.020685    0.047498    0.031584    2.031584 v a[6] (in)
                                                         a[6] (net)
                      0.047499    0.000000    2.031584 v _092_/A (sky130_fd_sc_hd__inv_2)
     3    0.014703    0.071924    0.075394    2.106978 ^ _092_/Y (sky130_fd_sc_hd__inv_2)
                                                         _027_ (net)
                      0.071924    0.000033    2.107011 ^ _181_/A (sky130_fd_sc_hd__nand2_2)
     2    0.005976    0.039771    0.051112    2.158123 v _181_/Y (sky130_fd_sc_hd__nand2_2)
                                                         _016_ (net)
                      0.039771    0.000002    2.158125 v _190_/A (sky130_fd_sc_hd__and2_2)
     1    0.035588    0.101647    0.228656    2.386781 v _190_/X (sky130_fd_sc_hd__and2_2)
                                                         result[6] (net)
                      0.101647    0.000468    2.387249 v result[6] (out)
                                              2.387249   data arrival time

                      0.000000    0.000000    0.000000   clock __VIRTUAL_CLK__ (rise edge)
                                  0.000000    0.000000   clock network delay (ideal)
                                  0.250000    0.250000   clock uncertainty
                                  0.000000    0.250000   clock reconvergence pessimism
                                 -2.000000   -1.750000   output external delay
                                             -1.750000   data required time
---------------------------------------------------------------------------------------------
                                             -1.750000   data required time
                                             -2.387249   data arrival time
---------------------------------------------------------------------------------------------
                                              4.137249   slack (MET)


Startpoint: b[1] (input port clocked by __VIRTUAL_CLK__)
Endpoint: result[1] (output port clocked by __VIRTUAL_CLK__)
Path Group: __VIRTUAL_CLK__
Path Type: min

Fanout         Cap        Slew       Delay        Time   Description
---------------------------------------------------------------------------------------------
                      0.000000    0.000000    0.000000   clock __VIRTUAL_CLK__ (rise edge)
                                  0.000000    0.000000   clock network delay (ideal)
                                  2.000000    2.000000 ^ input external delay
     2    0.013048    0.064706    0.041609    2.041609 ^ b[1] (in)
                                                         b[1] (net)
                      0.064706    0.000000    2.041609 ^ _154_/A2 (sky130_fd_sc_hd__o211a_2)
     1    0.001906    0.036867    0.146825    2.188433 ^ _154_/X (sky130_fd_sc_hd__o211a_2)
                                                         _086_ (net)
                      0.036867    0.000002    2.188435 ^ _156_/B (sky130_fd_sc_hd__or3_2)
     2    0.037269    0.186706    0.205164    2.393599 ^ _156_/X (sky130_fd_sc_hd__or3_2)
                                                         result[1] (net)
                      0.186706    0.000243    2.393843 ^ result[1] (out)
                                              2.393843   data arrival time

                      0.000000    0.000000    0.000000   clock __VIRTUAL_CLK__ (rise edge)
                                  0.000000    0.000000   clock network delay (ideal)
                                  0.250000    0.250000   clock uncertainty
                                  0.000000    0.250000   clock reconvergence pessimism
                                 -2.000000   -1.750000   output external delay
                                             -1.750000   data required time
---------------------------------------------------------------------------------------------
                                             -1.750000   data required time
                                             -2.393843   data arrival time
---------------------------------------------------------------------------------------------
                                              4.143843   slack (MET)



%OL_END_REPORT
%OL_CREATE_REPORT max.rpt

===========================================================================
report_checks -path_delay max (Setup)
============================================================================
======================= nom_tt_025C_1v80 Corner ===================================

Startpoint: opcode[1] (input port clocked by __VIRTUAL_CLK__)
Endpoint: zero (output port clocked by __VIRTUAL_CLK__)
Path Group: __VIRTUAL_CLK__
Path Type: max

Fanout         Cap        Slew       Delay        Time   Description
---------------------------------------------------------------------------------------------
                      0.000000    0.000000    0.000000   clock __VIRTUAL_CLK__ (rise edge)
                                  0.000000    0.000000   clock network delay (ideal)
                                  2.000000    2.000000 v input external delay
    17    0.054125    0.120152    0.091336    2.091336 v opcode[1] (in)
                                                         opcode[1] (net)
                      0.120159    0.000000    2.091336 v _097_/B (sky130_fd_sc_hd__or3b_2)
     8    0.069317    0.240904    0.710569    2.801905 v _097_/X (sky130_fd_sc_hd__or3b_2)
                                                         _032_ (net)
                      0.240904    0.000179    2.802084 v _116_/B (sky130_fd_sc_hd__xor2_2)
     2    0.010160    0.173068    0.253237    3.055320 ^ _116_/X (sky130_fd_sc_hd__xor2_2)
                                                         _051_ (net)
                      0.173068    0.000004    3.055324 ^ _117_/A_N (sky130_fd_sc_hd__and2b_2)
     1    0.002378    0.034946    0.243440    3.298764 v _117_/X (sky130_fd_sc_hd__and2b_2)
                                                         _052_ (net)
                      0.034946    0.000002    3.298766 v _121_/B1 (sky130_fd_sc_hd__a21o_2)
     4    0.015609    0.063174    0.228310    3.527075 v _121_/X (sky130_fd_sc_hd__a21o_2)
                                                         _056_ (net)
                      0.063174    0.000094    3.527169 v _125_/A2 (sky130_fd_sc_hd__a31o_2)
     3    0.009788    0.054161    0.269881    3.797050 v _125_/X (sky130_fd_sc_hd__a31o_2)
                                                         _060_ (net)
                      0.054161    0.000093    3.797144 v _127_/A2 (sky130_fd_sc_hd__a2111o_2)
     2    0.005238    0.069801    0.494464    4.291607 v _127_/X (sky130_fd_sc_hd__a2111o_2)
                                                         _062_ (net)
                      0.069801    0.000032    4.291639 v _141_/B (sky130_fd_sc_hd__and3_2)
     1    0.001732    0.034608    0.202440    4.494079 v _141_/X (sky130_fd_sc_hd__and3_2)
                                                         _076_ (net)
                      0.034608    0.000003    4.494081 v _142_/C (sky130_fd_sc_hd__or4b_2)
     3    0.009525    0.131047    0.680390    5.174472 v _142_/X (sky130_fd_sc_hd__or4b_2)
                                                         _077_ (net)
                      0.131047    0.000028    5.174500 v _144_/B1 (sky130_fd_sc_hd__o21a_2)
     2    0.039041    0.111871    0.242975    5.417475 v _144_/X (sky130_fd_sc_hd__o21a_2)
                                                         result[7] (net)
                      0.111871    0.000015    5.417489 v _193_/C1 (sky130_fd_sc_hd__a211oi_2)
     1    0.035114    0.645697    0.556179    5.973669 ^ _193_/Y (sky130_fd_sc_hd__a211oi_2)
                                                         zero (net)
                      0.645697    0.000252    5.973921 ^ zero (out)
                                              5.973921   data arrival time

                      0.000000   10.000000   10.000000   clock __VIRTUAL_CLK__ (rise edge)
                                  0.000000   10.000000   clock network delay (ideal)
                                 -0.250000    9.750000   clock uncertainty
                                  0.000000    9.750000   clock reconvergence pessimism
                                 -2.000000    7.750000   output external delay
                                              7.750000   data required time
---------------------------------------------------------------------------------------------
                                              7.750000   data required time
                                             -5.973921   data arrival time
---------------------------------------------------------------------------------------------
                                              1.776079   slack (MET)


Startpoint: opcode[1] (input port clocked by __VIRTUAL_CLK__)
Endpoint: overflow (output port clocked by __VIRTUAL_CLK__)
Path Group: __VIRTUAL_CLK__
Path Type: max

Fanout         Cap        Slew       Delay        Time   Description
---------------------------------------------------------------------------------------------
                      0.000000    0.000000    0.000000   clock __VIRTUAL_CLK__ (rise edge)
                                  0.000000    0.000000   clock network delay (ideal)
                                  2.000000    2.000000 v input external delay
    17    0.054125    0.120152    0.091336    2.091336 v opcode[1] (in)
                                                         opcode[1] (net)
                      0.120159    0.000000    2.091336 v _097_/B (sky130_fd_sc_hd__or3b_2)
     8    0.069317    0.240904    0.710569    2.801905 v _097_/X (sky130_fd_sc_hd__or3b_2)
                                                         _032_ (net)
                      0.240904    0.000179    2.802084 v _116_/B (sky130_fd_sc_hd__xor2_2)
     2    0.010160    0.173068    0.253237    3.055320 ^ _116_/X (sky130_fd_sc_hd__xor2_2)
                                                         _051_ (net)
                      0.173068    0.000004    3.055324 ^ _117_/A_N (sky130_fd_sc_hd__and2b_2)
     1    0.002378    0.034946    0.243440    3.298764 v _117_/X (sky130_fd_sc_hd__and2b_2)
                                                         _052_ (net)
                      0.034946    0.000002    3.298766 v _121_/B1 (sky130_fd_sc_hd__a21o_2)
     4    0.015609    0.063174    0.228310    3.527075 v _121_/X (sky130_fd_sc_hd__a21o_2)
                                                         _056_ (net)
                      0.063174    0.000094    3.527169 v _125_/A2 (sky130_fd_sc_hd__a31o_2)
     3    0.009788    0.054161    0.269881    3.797050 v _125_/X (sky130_fd_sc_hd__a31o_2)
                                                         _060_ (net)
                      0.054161    0.000093    3.797144 v _127_/A2 (sky130_fd_sc_hd__a2111o_2)
     2    0.005238    0.069801    0.494464    4.291607 v _127_/X (sky130_fd_sc_hd__a2111o_2)
                                                         _062_ (net)
                      0.069801    0.000032    4.291639 v _141_/B (sky130_fd_sc_hd__and3_2)
     1    0.001732    0.034608    0.202440    4.494079 v _141_/X (sky130_fd_sc_hd__and3_2)
                                                         _076_ (net)
                      0.034608    0.000003    4.494081 v _142_/C (sky130_fd_sc_hd__or4b_2)
     3    0.009525    0.131047    0.680390    5.174472 v _142_/X (sky130_fd_sc_hd__or4b_2)
                                                         _077_ (net)
                      0.131047    0.000026    5.174498 v _145_/A2 (sky130_fd_sc_hd__a21o_2)
     1    0.001475    0.029923    0.240907    5.415406 v _145_/X (sky130_fd_sc_hd__a21o_2)
                                                         _079_ (net)
                      0.029923    0.000000    5.415406 v _146_/C (sky130_fd_sc_hd__and3_2)
     1    0.034359    0.107826    0.293198    5.708603 v _146_/X (sky130_fd_sc_hd__and3_2)
                                                         overflow (net)
                      0.107826    0.000137    5.708740 v overflow (out)
                                              5.708740   data arrival time

                      0.000000   10.000000   10.000000   clock __VIRTUAL_CLK__ (rise edge)
                                  0.000000   10.000000   clock network delay (ideal)
                                 -0.250000    9.750000   clock uncertainty
                                  0.000000    9.750000   clock reconvergence pessimism
                                 -2.000000    7.750000   output external delay
                                              7.750000   data required time
---------------------------------------------------------------------------------------------
                                              7.750000   data required time
                                             -5.708740   data arrival time
---------------------------------------------------------------------------------------------
                                              2.041260   slack (MET)


Startpoint: opcode[1] (input port clocked by __VIRTUAL_CLK__)
Endpoint: result[7] (output port clocked by __VIRTUAL_CLK__)
Path Group: __VIRTUAL_CLK__
Path Type: max

Fanout         Cap        Slew       Delay        Time   Description
---------------------------------------------------------------------------------------------
                      0.000000    0.000000    0.000000   clock __VIRTUAL_CLK__ (rise edge)
                                  0.000000    0.000000   clock network delay (ideal)
                                  2.000000    2.000000 v input external delay
    17    0.054125    0.120152    0.091336    2.091336 v opcode[1] (in)
                                                         opcode[1] (net)
                      0.120159    0.000000    2.091336 v _097_/B (sky130_fd_sc_hd__or3b_2)
     8    0.069317    0.240904    0.710569    2.801905 v _097_/X (sky130_fd_sc_hd__or3b_2)
                                                         _032_ (net)
                      0.240904    0.000179    2.802084 v _116_/B (sky130_fd_sc_hd__xor2_2)
     2    0.010160    0.173068    0.253237    3.055320 ^ _116_/X (sky130_fd_sc_hd__xor2_2)
                                                         _051_ (net)
                      0.173068    0.000004    3.055324 ^ _117_/A_N (sky130_fd_sc_hd__and2b_2)
     1    0.002378    0.034946    0.243440    3.298764 v _117_/X (sky130_fd_sc_hd__and2b_2)
                                                         _052_ (net)
                      0.034946    0.000002    3.298766 v _121_/B1 (sky130_fd_sc_hd__a21o_2)
     4    0.015609    0.063174    0.228310    3.527075 v _121_/X (sky130_fd_sc_hd__a21o_2)
                                                         _056_ (net)
                      0.063174    0.000094    3.527169 v _125_/A2 (sky130_fd_sc_hd__a31o_2)
     3    0.009788    0.054161    0.269881    3.797050 v _125_/X (sky130_fd_sc_hd__a31o_2)
                                                         _060_ (net)
                      0.054161    0.000093    3.797144 v _127_/A2 (sky130_fd_sc_hd__a2111o_2)
     2    0.005238    0.069801    0.494464    4.291607 v _127_/X (sky130_fd_sc_hd__a2111o_2)
                                                         _062_ (net)
                      0.069801    0.000032    4.291639 v _141_/B (sky130_fd_sc_hd__and3_2)
     1    0.001732    0.034608    0.202440    4.494079 v _141_/X (sky130_fd_sc_hd__and3_2)
                                                         _076_ (net)
                      0.034608    0.000003    4.494081 v _142_/C (sky130_fd_sc_hd__or4b_2)
     3    0.009525    0.131047    0.680390    5.174472 v _142_/X (sky130_fd_sc_hd__or4b_2)
                                                         _077_ (net)
                      0.131047    0.000028    5.174500 v _144_/B1 (sky130_fd_sc_hd__o21a_2)
     2    0.039041    0.111871    0.242975    5.417475 v _144_/X (sky130_fd_sc_hd__o21a_2)
                                                         result[7] (net)
                      0.111871    0.000129    5.417604 v result[7] (out)
                                              5.417604   data arrival time

                      0.000000   10.000000   10.000000   clock __VIRTUAL_CLK__ (rise edge)
                                  0.000000   10.000000   clock network delay (ideal)
                                 -0.250000    9.750000   clock uncertainty
                                  0.000000    9.750000   clock reconvergence pessimism
                                 -2.000000    7.750000   output external delay
                                              7.750000   data required time
---------------------------------------------------------------------------------------------
                                              7.750000   data required time
                                             -5.417604   data arrival time
---------------------------------------------------------------------------------------------
                                              2.332396   slack (MET)


Startpoint: opcode[1] (input port clocked by __VIRTUAL_CLK__)
Endpoint: result[5] (output port clocked by __VIRTUAL_CLK__)
Path Group: __VIRTUAL_CLK__
Path Type: max

Fanout         Cap        Slew       Delay        Time   Description
---------------------------------------------------------------------------------------------
                      0.000000    0.000000    0.000000   clock __VIRTUAL_CLK__ (rise edge)
                                  0.000000    0.000000   clock network delay (ideal)
                                  2.000000    2.000000 v input external delay
    17    0.054125    0.120152    0.091336    2.091336 v opcode[1] (in)
                                                         opcode[1] (net)
                      0.120159    0.000000    2.091336 v _097_/B (sky130_fd_sc_hd__or3b_2)
     8    0.069317    0.240904    0.710569    2.801905 v _097_/X (sky130_fd_sc_hd__or3b_2)
                                                         _032_ (net)
                      0.240904    0.000179    2.802084 v _116_/B (sky130_fd_sc_hd__xor2_2)
     2    0.010160    0.173068    0.253237    3.055320 ^ _116_/X (sky130_fd_sc_hd__xor2_2)
                                                         _051_ (net)
                      0.173068    0.000004    3.055324 ^ _117_/A_N (sky130_fd_sc_hd__and2b_2)
     1    0.002378    0.034946    0.243440    3.298764 v _117_/X (sky130_fd_sc_hd__and2b_2)
                                                         _052_ (net)
                      0.034946    0.000002    3.298766 v _121_/B1 (sky130_fd_sc_hd__a21o_2)
     4    0.015609    0.063174    0.228310    3.527075 v _121_/X (sky130_fd_sc_hd__a21o_2)
                                                         _056_ (net)
                      0.063174    0.000094    3.527169 v _125_/A2 (sky130_fd_sc_hd__a31o_2)
     3    0.009788    0.054161    0.269881    3.797050 v _125_/X (sky130_fd_sc_hd__a31o_2)
                                                         _060_ (net)
                      0.054161    0.000088    3.797138 v _126_/B (sky130_fd_sc_hd__and2_2)
     3    0.011091    0.056824    0.225330    4.022469 v _126_/X (sky130_fd_sc_hd__and2_2)
                                                         _061_ (net)
                      0.056824    0.000013    4.022481 v _176_/A2 (sky130_fd_sc_hd__o31a_2)
     1    0.002295    0.049105    0.330750    4.353231 v _176_/X (sky130_fd_sc_hd__o31a_2)
                                                         _012_ (net)
                      0.049105    0.000000    4.353232 v _179_/A2 (sky130_fd_sc_hd__a21o_2)
     2    0.004501    0.038521    0.222514    4.575747 v _179_/X (sky130_fd_sc_hd__a21o_2)
                                                         _015_ (net)
                      0.038521    0.000018    4.575765 v _180_/B (sky130_fd_sc_hd__and2_2)
     1    0.035069    0.104306    0.273688    4.849453 v _180_/X (sky130_fd_sc_hd__and2_2)
                                                         result[5] (net)
                      0.104306    0.000254    4.849708 v result[5] (out)
                                              4.849708   data arrival time

                      0.000000   10.000000   10.000000   clock __VIRTUAL_CLK__ (rise edge)
                                  0.000000   10.000000   clock network delay (ideal)
                                 -0.250000    9.750000   clock uncertainty
                                  0.000000    9.750000   clock reconvergence pessimism
                                 -2.000000    7.750000   output external delay
                                              7.750000   data required time
---------------------------------------------------------------------------------------------
                                              7.750000   data required time
                                             -4.849708   data arrival time
---------------------------------------------------------------------------------------------
                                              2.900293   slack (MET)


Startpoint: opcode[1] (input port clocked by __VIRTUAL_CLK__)
Endpoint: result[6] (output port clocked by __VIRTUAL_CLK__)
Path Group: __VIRTUAL_CLK__
Path Type: max

Fanout         Cap        Slew       Delay        Time   Description
---------------------------------------------------------------------------------------------
                      0.000000    0.000000    0.000000   clock __VIRTUAL_CLK__ (rise edge)
                                  0.000000    0.000000   clock network delay (ideal)
                                  2.000000    2.000000 v input external delay
    17    0.054125    0.120152    0.091336    2.091336 v opcode[1] (in)
                                                         opcode[1] (net)
                      0.120159    0.000000    2.091336 v _097_/B (sky130_fd_sc_hd__or3b_2)
     8    0.069317    0.240904    0.710569    2.801905 v _097_/X (sky130_fd_sc_hd__or3b_2)
                                                         _032_ (net)
                      0.240904    0.000179    2.802084 v _116_/B (sky130_fd_sc_hd__xor2_2)
     2    0.010160    0.173068    0.253237    3.055320 ^ _116_/X (sky130_fd_sc_hd__xor2_2)
                                                         _051_ (net)
                      0.173068    0.000004    3.055324 ^ _117_/A_N (sky130_fd_sc_hd__and2b_2)
     1    0.002378    0.034946    0.243440    3.298764 v _117_/X (sky130_fd_sc_hd__and2b_2)
                                                         _052_ (net)
                      0.034946    0.000002    3.298766 v _121_/B1 (sky130_fd_sc_hd__a21o_2)
     4    0.015609    0.063174    0.228310    3.527075 v _121_/X (sky130_fd_sc_hd__a21o_2)
                                                         _056_ (net)
                      0.063174    0.000094    3.527169 v _125_/A2 (sky130_fd_sc_hd__a31o_2)
     3    0.009788    0.054161    0.269881    3.797050 v _125_/X (sky130_fd_sc_hd__a31o_2)
                                                         _060_ (net)
                      0.054161    0.000088    3.797138 v _126_/B (sky130_fd_sc_hd__and2_2)
     3    0.011091    0.056824    0.225330    4.022469 v _126_/X (sky130_fd_sc_hd__and2_2)
                                                         _061_ (net)
                      0.056824    0.000013    4.022481 v _175_/A2 (sky130_fd_sc_hd__o21ai_2)
     3    0.010547    0.164300    0.170364    4.192846 ^ _175_/Y (sky130_fd_sc_hd__o21ai_2)
                                                         _011_ (net)
                      0.164300    0.000040    4.192886 ^ _185_/B (sky130_fd_sc_hd__nand3_2)
     1    0.002483    0.052481    0.086961    4.279847 v _185_/Y (sky130_fd_sc_hd__nand3_2)
                                                         _020_ (net)
                      0.052481    0.000003    4.279850 v _189_/A3 (sky130_fd_sc_hd__a31o_2)
     2    0.005881    0.045745    0.264394    4.544244 v _189_/X (sky130_fd_sc_hd__a31o_2)
                                                         _024_ (net)
                      0.045745    0.000003    4.544247 v _190_/B (sky130_fd_sc_hd__and2_2)
     1    0.035588    0.103432    0.278014    4.822261 v _190_/X (sky130_fd_sc_hd__and2_2)
                                                         result[6] (net)
                      0.103432    0.000517    4.822778 v result[6] (out)
                                              4.822778   data arrival time

                      0.000000   10.000000   10.000000   clock __VIRTUAL_CLK__ (rise edge)
                                  0.000000   10.000000   clock network delay (ideal)
                                 -0.250000    9.750000   clock uncertainty
                                  0.000000    9.750000   clock reconvergence pessimism
                                 -2.000000    7.750000   output external delay
                                              7.750000   data required time
---------------------------------------------------------------------------------------------
                                              7.750000   data required time
                                             -4.822778   data arrival time
---------------------------------------------------------------------------------------------
                                              2.927222   slack (MET)


Startpoint: opcode[1] (input port clocked by __VIRTUAL_CLK__)
Endpoint: result[4] (output port clocked by __VIRTUAL_CLK__)
Path Group: __VIRTUAL_CLK__
Path Type: max

Fanout         Cap        Slew       Delay        Time   Description
---------------------------------------------------------------------------------------------
                      0.000000    0.000000    0.000000   clock __VIRTUAL_CLK__ (rise edge)
                                  0.000000    0.000000   clock network delay (ideal)
                                  2.000000    2.000000 v input external delay
    17    0.054125    0.120152    0.091336    2.091336 v opcode[1] (in)
                                                         opcode[1] (net)
                      0.120159    0.000000    2.091336 v _097_/B (sky130_fd_sc_hd__or3b_2)
     8    0.069317    0.240904    0.710569    2.801905 v _097_/X (sky130_fd_sc_hd__or3b_2)
                                                         _032_ (net)
                      0.240904    0.000179    2.802084 v _116_/B (sky130_fd_sc_hd__xor2_2)
     2    0.010160    0.173068    0.253237    3.055320 ^ _116_/X (sky130_fd_sc_hd__xor2_2)
                                                         _051_ (net)
                      0.173068    0.000004    3.055324 ^ _117_/A_N (sky130_fd_sc_hd__and2b_2)
     1    0.002378    0.034946    0.243440    3.298764 v _117_/X (sky130_fd_sc_hd__and2b_2)
                                                         _052_ (net)
                      0.034946    0.000002    3.298766 v _121_/B1 (sky130_fd_sc_hd__a21o_2)
     4    0.015609    0.063174    0.228310    3.527075 v _121_/X (sky130_fd_sc_hd__a21o_2)
                                                         _056_ (net)
                      0.063174    0.000094    3.527169 v _125_/A2 (sky130_fd_sc_hd__a31o_2)
     3    0.009788    0.054161    0.269881    3.797050 v _125_/X (sky130_fd_sc_hd__a31o_2)
                                                         _060_ (net)
                      0.054161    0.000080    3.797131 v _168_/A2 (sky130_fd_sc_hd__o21ai_2)
     1    0.004956    0.106803    0.124424    3.921555 ^ _168_/Y (sky130_fd_sc_hd__o21ai_2)
                                                         _005_ (net)
                      0.106803    0.000005    3.921560 ^ _169_/B (sky130_fd_sc_hd__nor2_2)
     1    0.002579    0.026983    0.040078    3.961637 v _169_/Y (sky130_fd_sc_hd__nor2_2)
                                                         _006_ (net)
                      0.026983    0.000005    3.961642 v _172_/A1 (sky130_fd_sc_hd__o32a_2)
     2    0.037684    0.128966    0.501151    4.462793 v _172_/X (sky130_fd_sc_hd__o32a_2)
                                                         result[4] (net)
                      0.128966    0.000195    4.462988 v result[4] (out)
                                              4.462988   data arrival time

                      0.000000   10.000000   10.000000   clock __VIRTUAL_CLK__ (rise edge)
                                  0.000000   10.000000   clock network delay (ideal)
                                 -0.250000    9.750000   clock uncertainty
                                  0.000000    9.750000   clock reconvergence pessimism
                                 -2.000000    7.750000   output external delay
                                              7.750000   data required time
---------------------------------------------------------------------------------------------
                                              7.750000   data required time
                                             -4.462988   data arrival time
---------------------------------------------------------------------------------------------
                                              3.287012   slack (MET)


Startpoint: opcode[1] (input port clocked by __VIRTUAL_CLK__)
Endpoint: result[3] (output port clocked by __VIRTUAL_CLK__)
Path Group: __VIRTUAL_CLK__
Path Type: max

Fanout         Cap        Slew       Delay        Time   Description
---------------------------------------------------------------------------------------------
                      0.000000    0.000000    0.000000   clock __VIRTUAL_CLK__ (rise edge)
                                  0.000000    0.000000   clock network delay (ideal)
                                  2.000000    2.000000 v input external delay
    17    0.054125    0.120152    0.091336    2.091336 v opcode[1] (in)
                                                         opcode[1] (net)
                      0.120159    0.000000    2.091336 v _097_/B (sky130_fd_sc_hd__or3b_2)
     8    0.069317    0.240904    0.710569    2.801905 v _097_/X (sky130_fd_sc_hd__or3b_2)
                                                         _032_ (net)
                      0.240904    0.000179    2.802084 v _116_/B (sky130_fd_sc_hd__xor2_2)
     2    0.010160    0.173068    0.253237    3.055320 ^ _116_/X (sky130_fd_sc_hd__xor2_2)
                                                         _051_ (net)
                      0.173068    0.000004    3.055324 ^ _117_/A_N (sky130_fd_sc_hd__and2b_2)
     1    0.002378    0.034946    0.243440    3.298764 v _117_/X (sky130_fd_sc_hd__and2b_2)
                                                         _052_ (net)
                      0.034946    0.000002    3.298766 v _121_/B1 (sky130_fd_sc_hd__a21o_2)
     4    0.015609    0.063174    0.228310    3.527075 v _121_/X (sky130_fd_sc_hd__a21o_2)
                                                         _056_ (net)
                      0.063174    0.000091    3.527166 v _162_/A2 (sky130_fd_sc_hd__a21oi_2)
     2    0.007294    0.128452    0.172093    3.699259 ^ _162_/Y (sky130_fd_sc_hd__a21oi_2)
                                                         _000_ (net)
                      0.128452    0.000031    3.699290 ^ _163_/A2 (sky130_fd_sc_hd__a21oi_2)
     1    0.002701    0.053813    0.070361    3.769651 v _163_/Y (sky130_fd_sc_hd__a21oi_2)
                                                         _001_ (net)
                      0.053813    0.000005    3.769657 v _166_/B1 (sky130_fd_sc_hd__o221a_2)
     1    0.001830    0.040226    0.247523    4.017180 v _166_/X (sky130_fd_sc_hd__o221a_2)
                                                         _004_ (net)
                      0.040226    0.000002    4.017182 v _167_/A1_N (sky130_fd_sc_hd__o2bb2a_2)
     2    0.038479    0.207410    0.393551    4.410733 ^ _167_/X (sky130_fd_sc_hd__o2bb2a_2)
                                                         result[3] (net)
                      0.207410    0.000202    4.410935 ^ result[3] (out)
                                              4.410935   data arrival time

                      0.000000   10.000000   10.000000   clock __VIRTUAL_CLK__ (rise edge)
                                  0.000000   10.000000   clock network delay (ideal)
                                 -0.250000    9.750000   clock uncertainty
                                  0.000000    9.750000   clock reconvergence pessimism
                                 -2.000000    7.750000   output external delay
                                              7.750000   data required time
---------------------------------------------------------------------------------------------
                                              7.750000   data required time
                                             -4.410935   data arrival time
---------------------------------------------------------------------------------------------
                                              3.339065   slack (MET)


Startpoint: opcode[1] (input port clocked by __VIRTUAL_CLK__)
Endpoint: result[2] (output port clocked by __VIRTUAL_CLK__)
Path Group: __VIRTUAL_CLK__
Path Type: max

Fanout         Cap        Slew       Delay        Time   Description
---------------------------------------------------------------------------------------------
                      0.000000    0.000000    0.000000   clock __VIRTUAL_CLK__ (rise edge)
                                  0.000000    0.000000   clock network delay (ideal)
                                  2.000000    2.000000 v input external delay
    17    0.054125    0.120152    0.091336    2.091336 v opcode[1] (in)
                                                         opcode[1] (net)
                      0.120159    0.000000    2.091336 v _097_/B (sky130_fd_sc_hd__or3b_2)
     8    0.069317    0.240904    0.710569    2.801905 v _097_/X (sky130_fd_sc_hd__or3b_2)
                                                         _032_ (net)
                      0.240904    0.000179    2.802084 v _116_/B (sky130_fd_sc_hd__xor2_2)
     2    0.010160    0.173068    0.253237    3.055320 ^ _116_/X (sky130_fd_sc_hd__xor2_2)
                                                         _051_ (net)
                      0.173068    0.000004    3.055324 ^ _117_/A_N (sky130_fd_sc_hd__and2b_2)
     1    0.002378    0.034946    0.243440    3.298764 v _117_/X (sky130_fd_sc_hd__and2b_2)
                                                         _052_ (net)
                      0.034946    0.000002    3.298766 v _121_/B1 (sky130_fd_sc_hd__a21o_2)
     4    0.015609    0.063174    0.228310    3.527075 v _121_/X (sky130_fd_sc_hd__a21o_2)
                                                         _056_ (net)
                      0.063174    0.000067    3.527142 v _158_/A2 (sky130_fd_sc_hd__o21a_2)
     1    0.002524    0.033172    0.200902    3.728044 v _158_/X (sky130_fd_sc_hd__o21a_2)
                                                         _089_ (net)
                      0.033172    0.000005    3.728049 v _161_/A1 (sky130_fd_sc_hd__o32a_2)
     2    0.036838    0.127378    0.501912    4.229961 v _161_/X (sky130_fd_sc_hd__o32a_2)
                                                         result[2] (net)
                      0.127378    0.000399    4.230360 v result[2] (out)
                                              4.230360   data arrival time

                      0.000000   10.000000   10.000000   clock __VIRTUAL_CLK__ (rise edge)
                                  0.000000   10.000000   clock network delay (ideal)
                                 -0.250000    9.750000   clock uncertainty
                                  0.000000    9.750000   clock reconvergence pessimism
                                 -2.000000    7.750000   output external delay
                                              7.750000   data required time
---------------------------------------------------------------------------------------------
                                              7.750000   data required time
                                             -4.230360   data arrival time
---------------------------------------------------------------------------------------------
                                              3.519640   slack (MET)


Startpoint: opcode[1] (input port clocked by __VIRTUAL_CLK__)
Endpoint: result[1] (output port clocked by __VIRTUAL_CLK__)
Path Group: __VIRTUAL_CLK__
Path Type: max

Fanout         Cap        Slew       Delay        Time   Description
---------------------------------------------------------------------------------------------
                      0.000000    0.000000    0.000000   clock __VIRTUAL_CLK__ (rise edge)
                                  0.000000    0.000000   clock network delay (ideal)
                                  2.000000    2.000000 v input external delay
    17    0.054125    0.120152    0.091336    2.091336 v opcode[1] (in)
                                                         opcode[1] (net)
                      0.120159    0.000000    2.091336 v _097_/B (sky130_fd_sc_hd__or3b_2)
     8    0.069317    0.240904    0.710569    2.801905 v _097_/X (sky130_fd_sc_hd__or3b_2)
                                                         _032_ (net)
                      0.240904    0.000179    2.802084 v _116_/B (sky130_fd_sc_hd__xor2_2)
     2    0.009672    0.121459    0.243126    3.045210 v _116_/X (sky130_fd_sc_hd__xor2_2)
                                                         _051_ (net)
                      0.121459    0.000004    3.045213 v _118_/B (sky130_fd_sc_hd__xnor2_2)
     4    0.011928    0.205611    0.224694    3.269907 ^ _118_/Y (sky130_fd_sc_hd__xnor2_2)
                                                         _053_ (net)
                      0.205611    0.000014    3.269921 ^ _152_/A1 (sky130_fd_sc_hd__a21oi_2)
     1    0.002537    0.052954    0.075558    3.345479 v _152_/Y (sky130_fd_sc_hd__a21oi_2)
                                                         _084_ (net)
                      0.052954    0.000003    3.345482 v _153_/B1 (sky130_fd_sc_hd__o21a_2)
     1    0.001782    0.030878    0.113836    3.459318 v _153_/X (sky130_fd_sc_hd__o21a_2)
                                                         _085_ (net)
                      0.030878    0.000003    3.459321 v _156_/A (sky130_fd_sc_hd__or3_2)
     2    0.037103    0.168407    0.634108    4.093430 v _156_/X (sky130_fd_sc_hd__or3_2)
                                                         result[1] (net)
                      0.168407    0.000269    4.093699 v result[1] (out)
                                              4.093699   data arrival time

                      0.000000   10.000000   10.000000   clock __VIRTUAL_CLK__ (rise edge)
                                  0.000000   10.000000   clock network delay (ideal)
                                 -0.250000    9.750000   clock uncertainty
                                  0.000000    9.750000   clock reconvergence pessimism
                                 -2.000000    7.750000   output external delay
                                              7.750000   data required time
---------------------------------------------------------------------------------------------
                                              7.750000   data required time
                                             -4.093699   data arrival time
---------------------------------------------------------------------------------------------
                                              3.656301   slack (MET)


Startpoint: opcode[1] (input port clocked by __VIRTUAL_CLK__)
Endpoint: result[0] (output port clocked by __VIRTUAL_CLK__)
Path Group: __VIRTUAL_CLK__
Path Type: max

Fanout         Cap        Slew       Delay        Time   Description
---------------------------------------------------------------------------------------------
                      0.000000    0.000000    0.000000   clock __VIRTUAL_CLK__ (rise edge)
                                  0.000000    0.000000   clock network delay (ideal)
                                  2.000000    2.000000 v input external delay
    17    0.054125    0.120152    0.091406    2.091406 v opcode[1] (in)
                                                         opcode[1] (net)
                      0.120160    0.000000    2.091406 v _095_/B (sky130_fd_sc_hd__and2_2)
     8    0.028958    0.092088    0.299058    2.390464 v _095_/X (sky130_fd_sc_hd__and2_2)
                                                         _030_ (net)
                      0.092088    0.000081    2.390544 v _150_/B1 (sky130_fd_sc_hd__a31o_2)
     1    0.002173    0.035391    0.232144    2.622689 v _150_/X (sky130_fd_sc_hd__a31o_2)
                                                         _083_ (net)
                      0.035391    0.000000    2.622689 v _151_/A3 (sky130_fd_sc_hd__o32a_2)
     2    0.036869    0.127376    0.442785    3.065475 v _151_/X (sky130_fd_sc_hd__o32a_2)
                                                         result[0] (net)
                      0.127376    0.000177    3.065651 v result[0] (out)
                                              3.065651   data arrival time

                      0.000000   10.000000   10.000000   clock __VIRTUAL_CLK__ (rise edge)
                                  0.000000   10.000000   clock network delay (ideal)
                                 -0.250000    9.750000   clock uncertainty
                                  0.000000    9.750000   clock reconvergence pessimism
                                 -2.000000    7.750000   output external delay
                                              7.750000   data required time
---------------------------------------------------------------------------------------------
                                              7.750000   data required time
                                             -3.065651   data arrival time
---------------------------------------------------------------------------------------------
                                              4.684349   slack (MET)



%OL_END_REPORT
%OL_CREATE_REPORT checks.rpt

===========================================================================
report_checks -unconstrained
===========================================================================
======================= nom_tt_025C_1v80 Corner ===================================

Startpoint: opcode[1] (input port clocked by __VIRTUAL_CLK__)
Endpoint: zero (output port clocked by __VIRTUAL_CLK__)
Path Group: __VIRTUAL_CLK__
Path Type: max

Fanout         Cap        Slew       Delay        Time   Description
---------------------------------------------------------------------------------------------
                      0.000000    0.000000    0.000000   clock __VIRTUAL_CLK__ (rise edge)
                                  0.000000    0.000000   clock network delay (ideal)
                                  2.000000    2.000000 v input external delay
    17    0.054125    0.120152    0.091336    2.091336 v opcode[1] (in)
                                                         opcode[1] (net)
                      0.120159    0.000000    2.091336 v _097_/B (sky130_fd_sc_hd__or3b_2)
     8    0.069317    0.240904    0.710569    2.801905 v _097_/X (sky130_fd_sc_hd__or3b_2)
                                                         _032_ (net)
                      0.240904    0.000179    2.802084 v _116_/B (sky130_fd_sc_hd__xor2_2)
     2    0.010160    0.173068    0.253237    3.055320 ^ _116_/X (sky130_fd_sc_hd__xor2_2)
                                                         _051_ (net)
                      0.173068    0.000004    3.055324 ^ _117_/A_N (sky130_fd_sc_hd__and2b_2)
     1    0.002378    0.034946    0.243440    3.298764 v _117_/X (sky130_fd_sc_hd__and2b_2)
                                                         _052_ (net)
                      0.034946    0.000002    3.298766 v _121_/B1 (sky130_fd_sc_hd__a21o_2)
     4    0.015609    0.063174    0.228310    3.527075 v _121_/X (sky130_fd_sc_hd__a21o_2)
                                                         _056_ (net)
                      0.063174    0.000094    3.527169 v _125_/A2 (sky130_fd_sc_hd__a31o_2)
     3    0.009788    0.054161    0.269881    3.797050 v _125_/X (sky130_fd_sc_hd__a31o_2)
                                                         _060_ (net)
                      0.054161    0.000093    3.797144 v _127_/A2 (sky130_fd_sc_hd__a2111o_2)
     2    0.005238    0.069801    0.494464    4.291607 v _127_/X (sky130_fd_sc_hd__a2111o_2)
                                                         _062_ (net)
                      0.069801    0.000032    4.291639 v _141_/B (sky130_fd_sc_hd__and3_2)
     1    0.001732    0.034608    0.202440    4.494079 v _141_/X (sky130_fd_sc_hd__and3_2)
                                                         _076_ (net)
                      0.034608    0.000003    4.494081 v _142_/C (sky130_fd_sc_hd__or4b_2)
     3    0.009525    0.131047    0.680390    5.174472 v _142_/X (sky130_fd_sc_hd__or4b_2)
                                                         _077_ (net)
                      0.131047    0.000028    5.174500 v _144_/B1 (sky130_fd_sc_hd__o21a_2)
     2    0.039041    0.111871    0.242975    5.417475 v _144_/X (sky130_fd_sc_hd__o21a_2)
                                                         result[7] (net)
                      0.111871    0.000015    5.417489 v _193_/C1 (sky130_fd_sc_hd__a211oi_2)
     1    0.035114    0.645697    0.556179    5.973669 ^ _193_/Y (sky130_fd_sc_hd__a211oi_2)
                                                         zero (net)
                      0.645697    0.000252    5.973921 ^ zero (out)
                                              5.973921   data arrival time

                      0.000000   10.000000   10.000000   clock __VIRTUAL_CLK__ (rise edge)
                                  0.000000   10.000000   clock network delay (ideal)
                                 -0.250000    9.750000   clock uncertainty
                                  0.000000    9.750000   clock reconvergence pessimism
                                 -2.000000    7.750000   output external delay
                                              7.750000   data required time
---------------------------------------------------------------------------------------------
                                              7.750000   data required time
                                             -5.973921   data arrival time
---------------------------------------------------------------------------------------------
                                              1.776079   slack (MET)




===========================================================================
report_checks --slack_max -0.01
============================================================================
======================= nom_tt_025C_1v80 Corner ===================================

No paths found.


===========================================================================
 report_check_types -max_slew -max_cap -max_fanout -violators
============================================================================
======================= nom_tt_025C_1v80 Corner ===================================

max fanout

Pin                                   Limit Fanout  Slack
---------------------------------------------------------
opcode[1]                                10     17     -7 (VIOLATED)



===========================================================================
report_parasitic_annotation -report_unannotated
============================================================================
Found 0 unannotated drivers.
Found 0 partially unannotated drivers.

===========================================================================
max slew violation count 0
Writing metric design__max_slew_violation__count__corner:nom_tt_025C_1v80: 0
max fanout violation count 1
Writing metric design__max_fanout_violation__count__corner:nom_tt_025C_1v80: 1
max cap violation count 0
Writing metric design__max_cap_violation__count__corner:nom_tt_025C_1v80: 0
============================================================================

===========================================================================
check_setup -verbose -unconstrained_endpoints -multiple_clock -no_clock -no_input_delay -loops -generated_clocks
===========================================================================
%OL_END_REPORT
%OL_CREATE_REPORT power.rpt

===========================================================================
 report_power
============================================================================
======================= nom_tt_025C_1v80 Corner ===================================

Group                    Internal    Switching      Leakage        Total
                            Power        Power        Power        Power (Watts)
------------------------------------------------------------------------
Sequential           0.000000e+00 0.000000e+00 0.000000e+00 0.000000e+00   0.0%
Combinational        2.783396e-05 3.274284e-05 3.723370e-10 6.057716e-05 100.0%
Clock                0.000000e+00 0.000000e+00 1.036812e-10 1.036812e-10   0.0%
Macro                0.000000e+00 0.000000e+00 0.000000e+00 0.000000e+00   0.0%
Pad                  0.000000e+00 0.000000e+00 0.000000e+00 0.000000e+00   0.0%
------------------------------------------------------------------------
Total                2.783396e-05 3.274284e-05 4.760184e-10 6.057727e-05 100.0%
                            45.9%        54.1%         0.0%
Writing metric power__internal__total: 2.7833959393319674e-5
Writing metric power__switching__total: 3.2742835173849016e-5
Writing metric power__leakage__total: 4.760183913710136e-10
Writing metric power__total: 6.0577269323403016e-5

%OL_END_REPORT
%OL_CREATE_REPORT skew.min.rpt

===========================================================================
Clock Skew (Hold)
============================================================================
Writing metric clock__skew__worst_hold__corner:nom_tt_025C_1v80: 0.0
======================= nom_tt_025C_1v80 Corner ===================================

Clock __VIRTUAL_CLK__
No launch/capture paths found.

%OL_END_REPORT
%OL_CREATE_REPORT skew.max.rpt

===========================================================================
Clock Skew (Setup)
============================================================================
Writing metric clock__skew__worst_setup__corner:nom_tt_025C_1v80: 0.0
======================= nom_tt_025C_1v80 Corner ===================================

Clock __VIRTUAL_CLK__
No launch/capture paths found.

%OL_END_REPORT
%OL_CREATE_REPORT ws.min.rpt

===========================================================================
Worst Slack (Hold)
============================================================================
Writing metric timing__hold__ws__corner:nom_tt_025C_1v80: 4.01613065282559
nom_tt_025C_1v80: 4.01613065282559
%OL_END_REPORT
%OL_CREATE_REPORT ws.max.rpt

===========================================================================
Worst Slack (Setup)
============================================================================
Writing metric timing__setup__ws__corner:nom_tt_025C_1v80: 1.7760793338750482
nom_tt_025C_1v80: 1.7760793338750482
%OL_END_REPORT
%OL_CREATE_REPORT tns.min.rpt

===========================================================================
Total Negative Slack (Hold)
============================================================================
Writing metric timing__hold__tns__corner:nom_tt_025C_1v80: 0.0
nom_tt_025C_1v80: 0.0
%OL_END_REPORT
%OL_CREATE_REPORT tns.max.rpt

===========================================================================
Total Negative Slack (Setup)
============================================================================
Writing metric timing__setup__tns__corner:nom_tt_025C_1v80: 0.0
nom_tt_025C_1v80: 0.0
%OL_END_REPORT
%OL_CREATE_REPORT wns.min.rpt

===========================================================================
Worst Negative Slack (Hold)
============================================================================
Writing metric timing__hold__wns__corner:nom_tt_025C_1v80: 0
nom_tt_025C_1v80: 0
%OL_END_REPORT
%OL_CREATE_REPORT wns.max.rpt

===========================================================================
Worst Negative Slack (Setup)
============================================================================
Writing metric timing__setup__wns__corner:nom_tt_025C_1v80: 0.0
nom_tt_025C_1v80: 0.0
%OL_END_REPORT
%OL_CREATE_REPORT violator_list.rpt

===========================================================================
Violator List
============================================================================
Writing metric timing__hold_vio__count__corner:nom_tt_025C_1v80: 0
Writing metric timing__hold_r2r__ws__corner:nom_tt_025C_1v80: 1e30
Writing metric timing__hold_r2r_vio__count__corner:nom_tt_025C_1v80: 0
Writing metric timing__setup_vio__count__corner:nom_tt_025C_1v80: 0
Writing metric timing__setup_r2r__ws__corner:nom_tt_025C_1v80: 1e30
Writing metric timing__setup_r2r_vio__count__corner:nom_tt_025C_1v80: 0
%OL_END_REPORT
%OL_CREATE_REPORT unpropagated.rpt
__VIRTUAL_CLK__
%OL_END_REPORT
%OL_CREATE_REPORT clock.rpt
Clock: __VIRTUAL_CLK__
Sources: 
Generated: no
Virtual: yes
Propagated: no
Period: 10.000000

===========================================================================
report_clock_properties
============================================================================
Clock                   Period          Waveform
----------------------------------------------------
__VIRTUAL_CLK__      10.000000    0.000000  5.000000

===========================================================================
report_clock_latency
============================================================================
Clock __VIRTUAL_CLK__


===========================================================================
report_clock_min_period
============================================================================
__VIRTUAL_CLK__ period_min = 0.00 fmax = inf
%OL_END_REPORT
