
===========================================================================
 report_power
============================================================================
======================= nom_tt_025C_1v80 Corner ===================================

Group                    Internal    Switching      Leakage        Total
                            Power        Power        Power        Power (Watts)
------------------------------------------------------------------------
Sequential           0.000000e+00 0.000000e+00 0.000000e+00 0.000000e+00   0.0%
Combinational        2.783396e-05 3.274284e-05 3.723370e-10 6.057716e-05 100.0%
Clock                0.000000e+00 0.000000e+00 1.036812e-10 1.036812e-10   0.0%
Macro                0.000000e+00 0.000000e+00 0.000000e+00 0.000000e+00   0.0%
Pad                  0.000000e+00 0.000000e+00 0.000000e+00 0.000000e+00   0.0%
------------------------------------------------------------------------
Total                2.783396e-05 3.274284e-05 4.760184e-10 6.057727e-05 100.0%
                            45.9%        54.1%         0.0%
Writing metric power__internal__total: 2.7833959393319674e-5
Writing metric power__switching__total: 3.2742835173849016e-5
Writing metric power__leakage__total: 4.760183913710136e-10
Writing metric power__total: 6.0577269323403016e-5

